Archive member included to satisfy reference by file (symbol)

obj_emsk_22/gnu_arcem7d/emsk/emsk_init.o
                              obj_emsk_22/gnu_arcem7d/board.o (board_init)
obj_emsk_22/gnu_arcem7d/emsk/emsk_timer.o
                              obj_emsk_22/gnu_arcem7d/emsk/emsk_init.o (emsk_timer_init)
obj_emsk_22/gnu_arcem7d/emsk/mux.o
                              obj_emsk_22/gnu_arcem7d/emsk/emsk_init.o (mux_init)
obj_emsk_22/gnu_arcem7d/emsk/dw_iic_obj.o
                              obj_emsk_22/gnu_arcem7d/main.o (iic_get_dev)
obj_emsk_22/gnu_arcem7d/emsk/emsk_gpio.o
                              obj_emsk_22/gnu_arcem7d/emsk/emsk_init.o (emsk_gpio_init)
obj_emsk_22/gnu_arcem7d/emsk/dw_gpio_obj.o
                              obj_emsk_22/gnu_arcem7d/emsk/emsk_gpio.o (gpio_get_dev)
obj_emsk_22/gnu_arcem7d/emsk/emsk_sdcard.o
                              obj_emsk_22/gnu_arcem7d/emsk/emsk_timer.o (emsk_sdcard_1ms_update)
obj_emsk_22/gnu_arcem7d/middleware/common/console_io.o
                              obj_emsk_22/gnu_arcem7d/board.o (xprintf_setup)
obj_emsk_22/gnu_arcem7d/middleware/common/xprintf.o
                              obj_emsk_22/gnu_arcem7d/middleware/common/console_io.o (xfunc_out)
obj_emsk_22/gnu_arcem7d/arc/arc_timer.o
                              obj_emsk_22/gnu_arcem7d/emsk/emsk_timer.o (timer_present)
obj_emsk_22/gnu_arcem7d/arc/arc_exception.o
                              obj_emsk_22/gnu_arcem7d/emsk/emsk_timer.o (int_handler_install)
obj_emsk_22/gnu_arcem7d/arc/arc_startup.o
                              obj_emsk_22/gnu_arcem7d/arc/arc_exception.o (_arc_reset)
obj_emsk_22/gnu_arcem7d/arc/arc_exc_asm.o
                              obj_emsk_22/gnu_arcem7d/arc/arc_exception.o (exc_entry_cpu)
obj_emsk_22/gnu_arcem7d/library/clib/embarc_misc.o
                              obj_emsk_22/gnu_arcem7d/middleware/common/console_io.o (gnu_printf_setup)
obj_emsk_22/gnu_arcem7d/emsk/dw_iic.o
                              obj_emsk_22/gnu_arcem7d/emsk/dw_iic_obj.o (dw_iic_open)
obj_emsk_22/gnu_arcem7d/emsk/dw_gpio.o
                              obj_emsk_22/gnu_arcem7d/emsk/dw_gpio_obj.o (dw_gpio_open)
obj_emsk_22/gnu_arcem7d/emsk/dw_uart_obj.o
                              obj_emsk_22/gnu_arcem7d/middleware/common/console_io.o (uart_get_dev)
obj_emsk_22/gnu_arcem7d/arc/arc_cache.o
                              obj_emsk_22/gnu_arcem7d/arc/arc_startup.o (arc_cache_init)
obj_emsk_22/gnu_arcem7d/emsk/dw_uart.o
                              obj_emsk_22/gnu_arcem7d/emsk/dw_uart_obj.o (dw_uart_open)
c:/arc_gnu/bin/../lib/gcc/arc-elf32/7.1.1/arcem\libgcc.a(_divdi3.o)
                              obj_emsk_22/gnu_arcem7d/emsk/emsk_timer.o (__divdi3)
c:/arc_gnu/bin/../lib/gcc/arc-elf32/7.1.1/arcem\libgcc.a(_udivdi3.o)
                              obj_emsk_22/gnu_arcem7d/emsk/emsk_timer.o (__udivdi3)
c:/arc_gnu/bin/../lib/gcc/arc-elf32/7.1.1/arcem\libgcc.a(_udivsi3.o)
                              c:/arc_gnu/bin/../lib/gcc/arc-elf32/7.1.1/arcem\libgcc.a(_divdi3.o) (__udivsi3)
c:/arc_gnu/bin/../lib/gcc/arc-elf32/7.1.1/arcem\libgcc.a(_divsi3.o)
                              c:/arc_gnu/bin/../lib/gcc/arc-elf32/7.1.1/arcem\libgcc.a(_divdi3.o) (__divsi3)
c:/arc_gnu/bin/../lib/gcc/arc-elf32/7.1.1/arcem\libgcc.a(_umodsi3.o)
                              c:/arc_gnu/bin/../lib/gcc/arc-elf32/7.1.1/arcem\libgcc.a(_divdi3.o) (__umodsi3)
c:/arc_gnu/bin/../lib/gcc/arc-elf32/7.1.1/arcem\libgcc.a(_divmod_tools.o)
                              c:/arc_gnu/bin/../lib/gcc/arc-elf32/7.1.1/arcem\libgcc.a(_udivsi3.o) (__udivmodsi4)
c:/arc_gnu/bin/../lib/gcc/arc-elf32/7.1.1/arcem\libgcc.a(_clz.o)
                              c:/arc_gnu/bin/../lib/gcc/arc-elf32/7.1.1/arcem\libgcc.a(_divdi3.o) (__clz_tab)

Allocating common symbols
Common symbol       size              file

xfunc_in            0x4               obj_emsk_22/gnu_arcem7d/middleware/common/xprintf.o
dw_uart_0           0x5c              obj_emsk_22/gnu_arcem7d/emsk/dw_uart_obj.o
dw_iic_0_ctrl       0x58              obj_emsk_22/gnu_arcem7d/emsk/dw_iic_obj.o
xfunc_out           0x4               obj_emsk_22/gnu_arcem7d/middleware/common/xprintf.o
dw_iic_1            0x68              obj_emsk_22/gnu_arcem7d/emsk/dw_iic_obj.o
exc_nest_count      0x4               obj_emsk_22/gnu_arcem7d/arc/arc_exception.o
dw_uart_1           0x5c              obj_emsk_22/gnu_arcem7d/emsk/dw_uart_obj.o
dw_iic_0            0x68              obj_emsk_22/gnu_arcem7d/emsk/dw_iic_obj.o
dw_iic_1_ctrl       0x58              obj_emsk_22/gnu_arcem7d/emsk/dw_iic_obj.o

Memory Configuration

Name             Origin             Length             Attributes
iccm             0x00000000         0x00040000
dccm             0x80000000         0x00020000
ddr              0x10000000         0x08000000
*default*        0x00000000         0xffffffff

Linker script and memory map

                0x00002000                _HEAPSIZE = 0x2000
                0x00002000                _STACKSIZE = 0x2000
LOAD c:/arc_gnu/bin/../lib/gcc/arc-elf32/7.1.1/../../../../arc-elf32/lib/arcem\libm.a

.init           0x10000000      0x198
                0x10000000                _f_init = .
 *(.init_vector)
 .init_vector   0x10000000        0x4 obj_emsk_22/gnu_arcem7d/arc/arc_startup.o
 *(.init_bootstrap)
 .init_bootstrap
                0x10000004      0x194 obj_emsk_22/gnu_arcem7d/arc/arc_startup.o
                0x10000004                _arc_reset
                0x10000004                _start
                0x10000184                _exit_loop
                0x10000184                _exit_halt
                0x10000198                _e_init = .

.text           0x10000198     0x4fa8
                0x10000198                _f_text = .
 *(.text .text.* .gnu.linkonce.t.*)
 .text          0x10000198       0x68 obj_emsk_22/gnu_arcem7d/main.o
                0x10000198                my_emsk_iic_init
 .text.startup  0x10000200       0xac obj_emsk_22/gnu_arcem7d/main.o
                0x10000200                main
 .text          0x100002ac       0x38 obj_emsk_22/gnu_arcem7d/board.o
                0x100002ac                board_main
 .text          0x100002e4       0x38 obj_emsk_22/gnu_arcem7d/emsk/emsk_init.o
                0x100002e4                board_init
 .text          0x1000031c      0x26c obj_emsk_22/gnu_arcem7d/emsk/emsk_timer.o
                0x1000031c                board_timer_update
                0x100003a8                emsk_timer_init
                0x10000408                board_get_hwticks
                0x10000440                board_get_cur_us
                0x10000498                board_delay_ms
 .text          0x10000588       0x44 obj_emsk_22/gnu_arcem7d/emsk/mux.o
                0x10000588                mux_init
                0x1000059c                get_mux_regs
                0x100005a8                set_pmod_mux
                0x100005ac                get_pmod_mux
                0x100005b0                change_pmod_mux
                0x100005bc                set_spi_map
                0x100005c0                get_spi_map
                0x100005c4                set_uart_map
                0x100005c8                get_uart_map
 .text          0x100005cc      0x2f0 obj_emsk_22/gnu_arcem7d/emsk/dw_iic_obj.o
                0x1000084c                iic_get_dev
                0x100008b0                dw_iic_all_install
 .text          0x100008bc      0x1c8 obj_emsk_22/gnu_arcem7d/emsk/emsk_gpio.o
                0x100008bc                emsk_led_init
                0x10000920                emsk_button_init
                0x10000970                emsk_switch_init
                0x100009c0                emsk_gpio_init
                0x100009d0                led_write
                0x100009ec                led_read
                0x10000a1c                switch_read
                0x10000a50                button_read
 .text          0x10000a84      0x49c obj_emsk_22/gnu_arcem7d/emsk/dw_gpio_obj.o
                0x10000bd4                dw_gpio_all_install
                0x10000ed0                gpio_get_dev
 .text          0x10000f20        0x4 obj_emsk_22/gnu_arcem7d/emsk/emsk_sdcard.o
                0x10000f20                emsk_sdcard_1ms_update
 .text          0x10000f24      0x128 obj_emsk_22/gnu_arcem7d/middleware/common/console_io.o
                0x10000f24                console_putchar
                0x10000f50                console_getchar
                0x10000f8c                console_putstr
                0x10000fa0                console_getstr
                0x10000fb4                xprintf_setup
 .text          0x1000104c      0x708 obj_emsk_22/gnu_arcem7d/middleware/common/xprintf.o
                0x1000104c                xputc
                0x10001118                xputs
                0x10001138                xfputs
                0x1000116c                xvprintf
                0x100014b0                xprintf
                0x100014d8                xsprintf
                0x10001518                xfprintf
                0x10001558                put_dump
                0x1000162c                xgets
                0x10001640                xfgets
                0x10001674                xatoi
 .text          0x10001754      0x1ec obj_emsk_22/gnu_arcem7d/arc/arc_timer.o
                0x10001754                timer_present
                0x10001780                timer_start
                0x100017f8                timer_stop
                0x10001874                timer_current
                0x100018bc                timer_int_clear
                0x100018f8                timer_init
 .text          0x10001940      0x220 obj_emsk_22/gnu_arcem7d/arc/arc_exception.o
                0x100019e0                exc_entry_install
                0x10001a50                exc_entry_get
                0x10001a64                exc_handler_install
                0x10001a7c                exc_handler_get
                0x10001a90                exc_int_init
                0x10001afc                int_handler_install
                0x10001b18                int_handler_get
                0x10001b30                int_pri_set
                0x10001b4c                exc_no2string
 .text          0x10001b60        0x0 obj_emsk_22/gnu_arcem7d/arc/arc_startup.o
 .text          0x10001b60      0x358 obj_emsk_22/gnu_arcem7d/arc/arc_exc_asm.o
                0x10001b60                exc_entry_cpu
                0x10001cd4                exc_entry_int
                0x10001d7c                exc_entry_firq
 .text          0x10001eb8        0x4 obj_emsk_22/gnu_arcem7d/library/clib/embarc_misc.o
                0x10001eb8                gnu_printf_setup
 .text          0x10001ebc     0x1300 obj_emsk_22/gnu_arcem7d/emsk/dw_iic.o
                0x1000219c                dw_iic_open
                0x1000248c                dw_iic_close
                0x100025a4                dw_iic_control
                0x10002b50                dw_iic_write
                0x10002cc0                dw_iic_read
                0x10002e38                dw_iic_isr
 .text          0x100031bc      0x528 obj_emsk_22/gnu_arcem7d/emsk/dw_gpio.o
                0x10003208                dw_gpio_open
                0x10003300                dw_gpio_close
                0x100033ac                dw_gpio_read
                0x10003418                dw_gpio_write
                0x1000345c                dw_gpio_control
                0x10003640                dw_gpio_isr_handler
 .text          0x100036e4      0x1b4 obj_emsk_22/gnu_arcem7d/emsk/dw_uart_obj.o
                0x1000378c                dw_uart_all_install
                0x10003838                uart_get_dev
 .text          0x10003898      0x408 obj_emsk_22/gnu_arcem7d/arc/arc_cache.o
                0x10003898                icache_invalidate_mlines
                0x100038e8                icache_lock_mlines
                0x10003948                icache_direct_write
                0x10003974                icache_direct_read
                0x100039a0                icache_indirect_read
                0x100039d4                dcache_invalidate_mlines
                0x10003a2c                dcache_flush_mlines
                0x10003a84                dcache_lock_mlines
                0x10003ae4                dcache_direct_write
                0x10003b10                dcache_direct_read
                0x10003b3c                dcache_indirect_read
                0x10003b70                arc_cache_init
 .text          0x10003ca0      0xa3c obj_emsk_22/gnu_arcem7d/emsk/dw_uart.o
                0x10003e60                dw_uart_open
                0x1000400c                dw_uart_close
                0x10004134                dw_uart_control
                0x10004498                dw_uart_write
                0x100044f8                dw_uart_read
                0x10004558                dw_uart_isr
 .text          0x100046dc        0x0 c:/arc_gnu/bin/../lib/gcc/arc-elf32/7.1.1/arcem\libgcc.a(_divdi3.o)
 .text.__divdi3
                0x100046dc      0x4fc c:/arc_gnu/bin/../lib/gcc/arc-elf32/7.1.1/arcem\libgcc.a(_divdi3.o)
                0x100046dc                __divdi3
 .text          0x10004bd8        0x0 c:/arc_gnu/bin/../lib/gcc/arc-elf32/7.1.1/arcem\libgcc.a(_udivdi3.o)
 .text.__udivdi3
                0x10004bd8      0x4c8 c:/arc_gnu/bin/../lib/gcc/arc-elf32/7.1.1/arcem\libgcc.a(_udivdi3.o)
                0x10004bd8                __udivdi3
 .text          0x100050a0        0x4 c:/arc_gnu/bin/../lib/gcc/arc-elf32/7.1.1/arcem\libgcc.a(_udivsi3.o)
                0x100050a0                __udivsi3
 .text          0x100050a4       0x1c c:/arc_gnu/bin/../lib/gcc/arc-elf32/7.1.1/arcem\libgcc.a(_divsi3.o)
                0x100050a4                __divsi3
 .text          0x100050c0       0x10 c:/arc_gnu/bin/../lib/gcc/arc-elf32/7.1.1/arcem\libgcc.a(_umodsi3.o)
                0x100050c0                __umodsi3
 .text          0x100050d0       0x70 c:/arc_gnu/bin/../lib/gcc/arc-elf32/7.1.1/arcem\libgcc.a(_divmod_tools.o)
                0x100050d0                __udivmodsi4
 .text          0x10005140        0x0 c:/arc_gnu/bin/../lib/gcc/arc-elf32/7.1.1/arcem\libgcc.a(_clz.o)
                0x10005140                _e_text = .

.rodata         0x10005140      0x7ac
                0x10005140                _f_rodata = .
 *(.rodata .rodata.* .gnu.linkonce.r.*)
 .rodata.str1.4
                0x10005140       0x4d obj_emsk_22/gnu_arcem7d/main.o
                                 0x50 (size before relaxing)
 *fill*         0x1000518d        0x3 
 .rodata.str1.4
                0x10005190        0x5 obj_emsk_22/gnu_arcem7d/board.o
                                  0x8 (size before relaxing)
 *fill*         0x10005195        0x3 
 .rodata        0x10005198       0x20 obj_emsk_22/gnu_arcem7d/emsk/dw_iic_obj.o
 .rodata        0x100051b8       0x10 obj_emsk_22/gnu_arcem7d/emsk/dw_gpio_obj.o
 .rodata.str1.4
                0x100051c8      0x320 obj_emsk_22/gnu_arcem7d/middleware/common/console_io.o
 .rodata        0x100054e8       0x5c obj_emsk_22/gnu_arcem7d/middleware/common/xprintf.o
 .rodata.str1.4
                0x10005544       0x1f obj_emsk_22/gnu_arcem7d/middleware/common/xprintf.o
                                 0x20 (size before relaxing)
 *fill*         0x10005563        0x1 
 .rodata.str1.4
                0x10005564      0x188 obj_emsk_22/gnu_arcem7d/arc/arc_exception.o
 .rodata        0x100056ec       0x40 obj_emsk_22/gnu_arcem7d/arc/arc_exception.o
 .rodata        0x1000572c       0x2c obj_emsk_22/gnu_arcem7d/emsk/dw_gpio.o
 .rodata        0x10005758       0x94 obj_emsk_22/gnu_arcem7d/emsk/dw_uart.o
                0x100057dc                dw_uart_stopbits
                0x100057e0                dw_uart_parity
                0x100057e8                dw_uart_databits
 .rodata.__clz_tab
                0x100057ec      0x100 c:/arc_gnu/bin/../lib/gcc/arc-elf32/7.1.1/arcem\libgcc.a(_clz.o)
                0x100057ec                __clz_tab
                0x100058ec                _e_rodata = .

.vector         0x10005c00      0x400
                0x10005c00                _f_vector = .
 *(.vector)
 .vector        0x10005c00      0x400 obj_emsk_22/gnu_arcem7d/arc/arc_exception.o
                0x10005c00                exc_entry_table
                0x10006000                _e_vector = .
                0x10006000                . = ALIGN (0x4)

.data           0x10006000       0xdc
                0x10006000                _f_data = .
 *(.data .data.* .gnu.linkonce.d.*)
 .data          0x10006000        0x4 obj_emsk_22/gnu_arcem7d/main.o
 .data          0x10006004        0x8 obj_emsk_22/gnu_arcem7d/board.o
                0x10006004                s_main_args
 .data          0x1000600c        0x0 obj_emsk_22/gnu_arcem7d/emsk/emsk_init.o
 .data          0x1000600c        0x0 obj_emsk_22/gnu_arcem7d/emsk/emsk_timer.o
 .data          0x1000600c        0x0 obj_emsk_22/gnu_arcem7d/emsk/mux.o
 .data          0x1000600c        0x0 obj_emsk_22/gnu_arcem7d/emsk/dw_iic_obj.o
 .data          0x1000600c        0x0 obj_emsk_22/gnu_arcem7d/emsk/emsk_gpio.o
 .data          0x1000600c        0x8 obj_emsk_22/gnu_arcem7d/emsk/dw_gpio_obj.o
 .data          0x10006014        0x0 obj_emsk_22/gnu_arcem7d/emsk/emsk_sdcard.o
 .data          0x10006014        0x0 obj_emsk_22/gnu_arcem7d/middleware/common/console_io.o
 .data          0x10006014        0x0 obj_emsk_22/gnu_arcem7d/middleware/common/xprintf.o
 .data          0x10006014        0x0 obj_emsk_22/gnu_arcem7d/arc/arc_timer.o
 .data          0x10006014       0x90 obj_emsk_22/gnu_arcem7d/arc/arc_exception.o
                0x10006014                exc_int_handler_table
 .data          0x100060a4        0x0 obj_emsk_22/gnu_arcem7d/arc/arc_startup.o
 .data          0x100060a4        0x0 obj_emsk_22/gnu_arcem7d/arc/arc_exc_asm.o
 .data          0x100060a4        0x0 obj_emsk_22/gnu_arcem7d/library/clib/embarc_misc.o
 .data          0x100060a4        0x0 obj_emsk_22/gnu_arcem7d/emsk/dw_iic.o
 .data          0x100060a4        0x0 obj_emsk_22/gnu_arcem7d/emsk/dw_gpio.o
 .data          0x100060a4       0x38 obj_emsk_22/gnu_arcem7d/emsk/dw_uart_obj.o
                0x100060a4                dw_uart_1_ctrl
                0x100060c0                dw_uart_0_ctrl
 .data          0x100060dc        0x0 obj_emsk_22/gnu_arcem7d/arc/arc_cache.o
 .data          0x100060dc        0x0 obj_emsk_22/gnu_arcem7d/emsk/dw_uart.o
 .data          0x100060dc        0x0 c:/arc_gnu/bin/../lib/gcc/arc-elf32/7.1.1/arcem\libgcc.a(_divdi3.o)
 .data          0x100060dc        0x0 c:/arc_gnu/bin/../lib/gcc/arc-elf32/7.1.1/arcem\libgcc.a(_udivdi3.o)
 .data          0x100060dc        0x0 c:/arc_gnu/bin/../lib/gcc/arc-elf32/7.1.1/arcem\libgcc.a(_udivsi3.o)
 .data          0x100060dc        0x0 c:/arc_gnu/bin/../lib/gcc/arc-elf32/7.1.1/arcem\libgcc.a(_divsi3.o)
 .data          0x100060dc        0x0 c:/arc_gnu/bin/../lib/gcc/arc-elf32/7.1.1/arcem\libgcc.a(_umodsi3.o)
 .data          0x100060dc        0x0 c:/arc_gnu/bin/../lib/gcc/arc-elf32/7.1.1/arcem\libgcc.a(_divmod_tools.o)
 .data          0x100060dc        0x0 c:/arc_gnu/bin/../lib/gcc/arc-elf32/7.1.1/arcem\libgcc.a(_clz.o)
                0x100060dc                . = ALIGN (0x4)

.sdata          0x100060dc        0x0
                0x100060dc                _f_sdata = .
                0x100060dc                __SDATA_BEGIN__ = .
 *(.sdata .sdata.* .gnu.linkonce.s.*)
                0x100060dc                _e_sdata = .
                0x100060dc                _e_data = .

.sbss           0x100060e0        0x0
                [!provide]                PROVIDE (__sbss_start, .)
                [!provide]                PROVIDE (___sbss_start, .)
                0x100060e0                _f_bss = .
                0x100060e0                _f_sbss = .
 *(.dynsbss)
 *(.sbss .sbss.* .gnu.linkonce.sb.*)
 *(.scommon)
                0x100060e0                _e_sbss = .
                [!provide]                PROVIDE (__sbss_end, .)
                [!provide]                PROVIDE (___sbss_end, .)

.bss            0x100060e0      0x414
 *(.dynbss)
 *(.bss .bss.* .gnu.linkonce.b.*)
 .bss           0x100060e0        0x4 obj_emsk_22/gnu_arcem7d/main.o
 .bss           0x100060e4        0x0 obj_emsk_22/gnu_arcem7d/board.o
 .bss           0x100060e4        0x0 obj_emsk_22/gnu_arcem7d/emsk/emsk_init.o
 .bss           0x100060e4       0x14 obj_emsk_22/gnu_arcem7d/emsk/emsk_timer.o
                0x100060ec                gl_emsk_ms_cnt
                0x100060f0                gl_emsk_sys_hz_cnt
 .bss           0x100060f8        0x4 obj_emsk_22/gnu_arcem7d/emsk/mux.o
 .bss           0x100060fc        0x4 obj_emsk_22/gnu_arcem7d/emsk/dw_iic_obj.o
 .bss           0x10006100        0xc obj_emsk_22/gnu_arcem7d/emsk/emsk_gpio.o
 .bss           0x1000610c      0x184 obj_emsk_22/gnu_arcem7d/emsk/dw_gpio_obj.o
 .bss           0x10006290        0x0 obj_emsk_22/gnu_arcem7d/emsk/emsk_sdcard.o
 .bss           0x10006290        0x8 obj_emsk_22/gnu_arcem7d/middleware/common/console_io.o
 .bss           0x10006298        0x4 obj_emsk_22/gnu_arcem7d/middleware/common/xprintf.o
 .bss           0x1000629c        0x0 obj_emsk_22/gnu_arcem7d/arc/arc_timer.o
 .bss           0x1000629c        0x0 obj_emsk_22/gnu_arcem7d/arc/arc_exception.o
 .bss           0x1000629c        0x0 obj_emsk_22/gnu_arcem7d/arc/arc_startup.o
 .bss           0x1000629c        0x0 obj_emsk_22/gnu_arcem7d/arc/arc_exc_asm.o
 .bss           0x1000629c        0x0 obj_emsk_22/gnu_arcem7d/library/clib/embarc_misc.o
 .bss           0x1000629c        0x0 obj_emsk_22/gnu_arcem7d/emsk/dw_iic.o
 .bss           0x1000629c        0x0 obj_emsk_22/gnu_arcem7d/emsk/dw_gpio.o
 .bss           0x1000629c        0x4 obj_emsk_22/gnu_arcem7d/emsk/dw_uart_obj.o
 .bss           0x100062a0       0x10 obj_emsk_22/gnu_arcem7d/arc/arc_cache.o
 .bss           0x100062b0        0x0 obj_emsk_22/gnu_arcem7d/emsk/dw_uart.o
 .bss           0x100062b0        0x0 c:/arc_gnu/bin/../lib/gcc/arc-elf32/7.1.1/arcem\libgcc.a(_divdi3.o)
 .bss           0x100062b0        0x0 c:/arc_gnu/bin/../lib/gcc/arc-elf32/7.1.1/arcem\libgcc.a(_udivdi3.o)
 .bss           0x100062b0        0x0 c:/arc_gnu/bin/../lib/gcc/arc-elf32/7.1.1/arcem\libgcc.a(_udivsi3.o)
 .bss           0x100062b0        0x0 c:/arc_gnu/bin/../lib/gcc/arc-elf32/7.1.1/arcem\libgcc.a(_divsi3.o)
 .bss           0x100062b0        0x0 c:/arc_gnu/bin/../lib/gcc/arc-elf32/7.1.1/arcem\libgcc.a(_umodsi3.o)
 .bss           0x100062b0        0x0 c:/arc_gnu/bin/../lib/gcc/arc-elf32/7.1.1/arcem\libgcc.a(_divmod_tools.o)
 .bss           0x100062b0        0x0 c:/arc_gnu/bin/../lib/gcc/arc-elf32/7.1.1/arcem\libgcc.a(_clz.o)
 *(COMMON)
 COMMON         0x100062b0      0x180 obj_emsk_22/gnu_arcem7d/emsk/dw_iic_obj.o
                0x100062b0                dw_iic_0_ctrl
                0x10006308                dw_iic_1
                0x10006370                dw_iic_0
                0x100063d8                dw_iic_1_ctrl
 COMMON         0x10006430        0x8 obj_emsk_22/gnu_arcem7d/middleware/common/xprintf.o
                0x10006430                xfunc_in
                0x10006434                xfunc_out
 COMMON         0x10006438        0x4 obj_emsk_22/gnu_arcem7d/arc/arc_exception.o
                0x10006438                exc_nest_count
 COMMON         0x1000643c       0xb8 obj_emsk_22/gnu_arcem7d/emsk/dw_uart_obj.o
                0x1000643c                dw_uart_0
                0x10006498                dw_uart_1
                0x100064f4                _e_bss = .

.stack          0x100064f4     0x2000
                0x100064f4                . = ALIGN (0x4)
                0x100064f4                _f_stack = .
                0x100074f4                . = (. + DEFINED (_STACKSIZE)?_STACKSIZE:0x1000)
 *fill*         0x100064f4     0x2000 
                0x100084f4                _e_stack = .

.heap           0x100084f4     0x2000
                0x100084f4                . = ALIGN (0x4)
                0x100084f4                __start_heap = .
                0x100084f4                _f_heap = .
                0x100094f4                . = (. + DEFINED (_HEAPSIZE)?_HEAPSIZE:0x1000)
 *fill*         0x100084f4     0x2000 
                0x1000a4f4                _e_heap = .
                0x1000a4f4                __end_heap = .
                0x10000198                _load_addr_text = LOADADDR (.text)
                0x10005140                _load_addr_rodata = LOADADDR (.rodata)
                0x10006000                _load_addr_data = LOADADDR (.data)
LOAD obj_emsk_22/gnu_arcem7d/main.o
LOAD obj_emsk_22/gnu_arcem7d/board.o
START GROUP
LOAD obj_emsk_22/gnu_arcem7d/libembarc.a
LOAD c:/arc_gnu/bin/../lib/gcc/arc-elf32/7.1.1/../../../../arc-elf32/lib/arcem\libm.a
LOAD c:/arc_gnu/bin/../lib/gcc/arc-elf32/7.1.1/../../../../arc-elf32/lib/arcem\libc.a
LOAD c:/arc_gnu/bin/../lib/gcc/arc-elf32/7.1.1/arcem\libgcc.a
END GROUP
START GROUP
LOAD c:/arc_gnu/bin/../lib/gcc/arc-elf32/7.1.1/arcem\libgcc.a
LOAD c:/arc_gnu/bin/../lib/gcc/arc-elf32/7.1.1/../../../../arc-elf32/lib/arcem\libc.a
LOAD c:/arc_gnu/bin/../lib/gcc/arc-elf32/7.1.1/../../../../arc-elf32/lib/arcem\libnosys.a
END GROUP
OUTPUT(obj_emsk_22/gnu_arcem7d/iic_gnu_arcem7d.elf elf32-littlearc)

.debug_info     0x00000000     0xf3d9
 .debug_info    0x00000000      0xf44 obj_emsk_22/gnu_arcem7d/main.o
 .debug_info    0x00000f44      0xcb3 obj_emsk_22/gnu_arcem7d/board.o
 .debug_info    0x00001bf7      0x3d6 obj_emsk_22/gnu_arcem7d/emsk/emsk_init.o
 .debug_info    0x00001fcd      0x648 obj_emsk_22/gnu_arcem7d/emsk/emsk_timer.o
 .debug_info    0x00002615      0x227 obj_emsk_22/gnu_arcem7d/emsk/mux.o
 .debug_info    0x0000283c      0xee8 obj_emsk_22/gnu_arcem7d/emsk/dw_iic_obj.o
 .debug_info    0x00003724      0x75e obj_emsk_22/gnu_arcem7d/emsk/emsk_gpio.o
 .debug_info    0x00003e82     0x102f obj_emsk_22/gnu_arcem7d/emsk/dw_gpio_obj.o
 .debug_info    0x00004eb1       0x7d obj_emsk_22/gnu_arcem7d/emsk/emsk_sdcard.o
 .debug_info    0x00004f2e      0xf66 obj_emsk_22/gnu_arcem7d/middleware/common/console_io.o
 .debug_info    0x00005e94      0x796 obj_emsk_22/gnu_arcem7d/middleware/common/xprintf.o
 .debug_info    0x0000662a      0x367 obj_emsk_22/gnu_arcem7d/arc/arc_timer.o
 .debug_info    0x00006991      0x811 obj_emsk_22/gnu_arcem7d/arc/arc_exception.o
 .debug_info    0x000071a2       0x26 obj_emsk_22/gnu_arcem7d/arc/arc_startup.o
 .debug_info    0x000071c8       0x26 obj_emsk_22/gnu_arcem7d/arc/arc_exc_asm.o
 .debug_info    0x000071ee      0x947 obj_emsk_22/gnu_arcem7d/library/clib/embarc_misc.o
 .debug_info    0x00007b35     0x323f obj_emsk_22/gnu_arcem7d/emsk/dw_iic.o
 .debug_info    0x0000ad74     0x129b obj_emsk_22/gnu_arcem7d/emsk/dw_gpio.o
 .debug_info    0x0000c00f      0xaa5 obj_emsk_22/gnu_arcem7d/emsk/dw_uart_obj.o
 .debug_info    0x0000cab4      0x947 obj_emsk_22/gnu_arcem7d/arc/arc_cache.o
 .debug_info    0x0000d3fb     0x1fde obj_emsk_22/gnu_arcem7d/emsk/dw_uart.o

.debug_abbrev   0x00000000     0x32c3
 .debug_abbrev  0x00000000      0x2d7 obj_emsk_22/gnu_arcem7d/main.o
 .debug_abbrev  0x000002d7      0x305 obj_emsk_22/gnu_arcem7d/board.o
 .debug_abbrev  0x000005dc      0x1e2 obj_emsk_22/gnu_arcem7d/emsk/emsk_init.o
 .debug_abbrev  0x000007be      0x331 obj_emsk_22/gnu_arcem7d/emsk/emsk_timer.o
 .debug_abbrev  0x00000aef       0xeb obj_emsk_22/gnu_arcem7d/emsk/mux.o
 .debug_abbrev  0x00000bda      0x2a9 obj_emsk_22/gnu_arcem7d/emsk/dw_iic_obj.o
 .debug_abbrev  0x00000e83      0x271 obj_emsk_22/gnu_arcem7d/emsk/emsk_gpio.o
 .debug_abbrev  0x000010f4      0x2ff obj_emsk_22/gnu_arcem7d/emsk/dw_gpio_obj.o
 .debug_abbrev  0x000013f3       0x42 obj_emsk_22/gnu_arcem7d/emsk/emsk_sdcard.o
 .debug_abbrev  0x00001435      0x320 obj_emsk_22/gnu_arcem7d/middleware/common/console_io.o
 .debug_abbrev  0x00001755      0x2a0 obj_emsk_22/gnu_arcem7d/middleware/common/xprintf.o
 .debug_abbrev  0x000019f5      0x186 obj_emsk_22/gnu_arcem7d/arc/arc_timer.o
 .debug_abbrev  0x00001b7b      0x346 obj_emsk_22/gnu_arcem7d/arc/arc_exception.o
 .debug_abbrev  0x00001ec1       0x14 obj_emsk_22/gnu_arcem7d/arc/arc_startup.o
 .debug_abbrev  0x00001ed5       0x14 obj_emsk_22/gnu_arcem7d/arc/arc_exc_asm.o
 .debug_abbrev  0x00001ee9      0x1a7 obj_emsk_22/gnu_arcem7d/library/clib/embarc_misc.o
 .debug_abbrev  0x00002090      0x448 obj_emsk_22/gnu_arcem7d/emsk/dw_iic.o
 .debug_abbrev  0x000024d8      0x38b obj_emsk_22/gnu_arcem7d/emsk/dw_gpio.o
 .debug_abbrev  0x00002863      0x28d obj_emsk_22/gnu_arcem7d/emsk/dw_uart_obj.o
 .debug_abbrev  0x00002af0      0x316 obj_emsk_22/gnu_arcem7d/arc/arc_cache.o
 .debug_abbrev  0x00002e06      0x4bd obj_emsk_22/gnu_arcem7d/emsk/dw_uart.o

.debug_loc      0x00000000     0x8552
 .debug_loc     0x00000000       0xaf obj_emsk_22/gnu_arcem7d/main.o
 .debug_loc     0x000000af       0x3a obj_emsk_22/gnu_arcem7d/board.o
 .debug_loc     0x000000e9       0x13 obj_emsk_22/gnu_arcem7d/emsk/emsk_init.o
 .debug_loc     0x000000fc      0x14c obj_emsk_22/gnu_arcem7d/emsk/emsk_timer.o
 .debug_loc     0x00000248       0x84 obj_emsk_22/gnu_arcem7d/emsk/mux.o
 .debug_loc     0x000002cc      0x480 obj_emsk_22/gnu_arcem7d/emsk/dw_iic_obj.o
 .debug_loc     0x0000074c      0x182 obj_emsk_22/gnu_arcem7d/emsk/emsk_gpio.o
 .debug_loc     0x000008ce      0x5d9 obj_emsk_22/gnu_arcem7d/emsk/dw_gpio_obj.o
 .debug_loc     0x00000ea7       0xc5 obj_emsk_22/gnu_arcem7d/middleware/common/console_io.o
 .debug_loc     0x00000f6c      0xd33 obj_emsk_22/gnu_arcem7d/middleware/common/xprintf.o
 .debug_loc     0x00001c9f      0x336 obj_emsk_22/gnu_arcem7d/arc/arc_timer.o
 .debug_loc     0x00001fd5      0x2e2 obj_emsk_22/gnu_arcem7d/arc/arc_exception.o
 .debug_loc     0x000022b7     0x3063 obj_emsk_22/gnu_arcem7d/emsk/dw_iic.o
 .debug_loc     0x0000531a     0x131b obj_emsk_22/gnu_arcem7d/emsk/dw_gpio.o
 .debug_loc     0x00006635      0x3b4 obj_emsk_22/gnu_arcem7d/emsk/dw_uart_obj.o
 .debug_loc     0x000069e9      0x4bc obj_emsk_22/gnu_arcem7d/arc/arc_cache.o
 .debug_loc     0x00006ea5     0x16ad obj_emsk_22/gnu_arcem7d/emsk/dw_uart.o

.debug_aranges  0x00000000      0x2a8
 .debug_aranges
                0x00000000       0x28 obj_emsk_22/gnu_arcem7d/main.o
 .debug_aranges
                0x00000028       0x20 obj_emsk_22/gnu_arcem7d/board.o
 .debug_aranges
                0x00000048       0x20 obj_emsk_22/gnu_arcem7d/emsk/emsk_init.o
 .debug_aranges
                0x00000068       0x20 obj_emsk_22/gnu_arcem7d/emsk/emsk_timer.o
 .debug_aranges
                0x00000088       0x20 obj_emsk_22/gnu_arcem7d/emsk/mux.o
 .debug_aranges
                0x000000a8       0x20 obj_emsk_22/gnu_arcem7d/emsk/dw_iic_obj.o
 .debug_aranges
                0x000000c8       0x20 obj_emsk_22/gnu_arcem7d/emsk/emsk_gpio.o
 .debug_aranges
                0x000000e8       0x20 obj_emsk_22/gnu_arcem7d/emsk/dw_gpio_obj.o
 .debug_aranges
                0x00000108       0x20 obj_emsk_22/gnu_arcem7d/emsk/emsk_sdcard.o
 .debug_aranges
                0x00000128       0x20 obj_emsk_22/gnu_arcem7d/middleware/common/console_io.o
 .debug_aranges
                0x00000148       0x20 obj_emsk_22/gnu_arcem7d/middleware/common/xprintf.o
 .debug_aranges
                0x00000168       0x20 obj_emsk_22/gnu_arcem7d/arc/arc_timer.o
 .debug_aranges
                0x00000188       0x20 obj_emsk_22/gnu_arcem7d/arc/arc_exception.o
 .debug_aranges
                0x000001a8       0x20 obj_emsk_22/gnu_arcem7d/arc/arc_startup.o
 .debug_aranges
                0x000001c8       0x20 obj_emsk_22/gnu_arcem7d/arc/arc_exc_asm.o
 .debug_aranges
                0x000001e8       0x20 obj_emsk_22/gnu_arcem7d/library/clib/embarc_misc.o
 .debug_aranges
                0x00000208       0x20 obj_emsk_22/gnu_arcem7d/emsk/dw_iic.o
 .debug_aranges
                0x00000228       0x20 obj_emsk_22/gnu_arcem7d/emsk/dw_gpio.o
 .debug_aranges
                0x00000248       0x20 obj_emsk_22/gnu_arcem7d/emsk/dw_uart_obj.o
 .debug_aranges
                0x00000268       0x20 obj_emsk_22/gnu_arcem7d/arc/arc_cache.o
 .debug_aranges
                0x00000288       0x20 obj_emsk_22/gnu_arcem7d/emsk/dw_uart.o

.debug_ranges   0x00000000      0x848
 .debug_ranges  0x00000000       0x18 obj_emsk_22/gnu_arcem7d/main.o
 .debug_ranges  0x00000018       0x38 obj_emsk_22/gnu_arcem7d/emsk/emsk_timer.o
 .debug_ranges  0x00000050       0x20 obj_emsk_22/gnu_arcem7d/emsk/emsk_gpio.o
 .debug_ranges  0x00000070       0x70 obj_emsk_22/gnu_arcem7d/emsk/dw_gpio_obj.o
 .debug_ranges  0x000000e0       0x18 obj_emsk_22/gnu_arcem7d/middleware/common/console_io.o
 .debug_ranges  0x000000f8       0x18 obj_emsk_22/gnu_arcem7d/middleware/common/xprintf.o
 .debug_ranges  0x00000110       0x18 obj_emsk_22/gnu_arcem7d/arc/arc_timer.o
 .debug_ranges  0x00000128      0x390 obj_emsk_22/gnu_arcem7d/emsk/dw_iic.o
 .debug_ranges  0x000004b8      0x138 obj_emsk_22/gnu_arcem7d/emsk/dw_gpio.o
 .debug_ranges  0x000005f0       0xc0 obj_emsk_22/gnu_arcem7d/arc/arc_cache.o
 .debug_ranges  0x000006b0      0x198 obj_emsk_22/gnu_arcem7d/emsk/dw_uart.o

.debug_line     0x00000000     0x3152
 .debug_line    0x00000000      0x23e obj_emsk_22/gnu_arcem7d/main.o
 .debug_line    0x0000023e      0x246 obj_emsk_22/gnu_arcem7d/board.o
 .debug_line    0x00000484      0x1d5 obj_emsk_22/gnu_arcem7d/emsk/emsk_init.o
 .debug_line    0x00000659      0x200 obj_emsk_22/gnu_arcem7d/emsk/emsk_timer.o
 .debug_line    0x00000859       0xe3 obj_emsk_22/gnu_arcem7d/emsk/mux.o
 .debug_line    0x0000093c      0x251 obj_emsk_22/gnu_arcem7d/emsk/dw_iic_obj.o
 .debug_line    0x00000b8d      0x1ac obj_emsk_22/gnu_arcem7d/emsk/emsk_gpio.o
 .debug_line    0x00000d39      0x285 obj_emsk_22/gnu_arcem7d/emsk/dw_gpio_obj.o
 .debug_line    0x00000fbe       0x5f obj_emsk_22/gnu_arcem7d/emsk/emsk_sdcard.o
 .debug_line    0x0000101d      0x242 obj_emsk_22/gnu_arcem7d/middleware/common/console_io.o
 .debug_line    0x0000125f      0x277 obj_emsk_22/gnu_arcem7d/middleware/common/xprintf.o
 .debug_line    0x000014d6      0x16b obj_emsk_22/gnu_arcem7d/arc/arc_timer.o
 .debug_line    0x00001641      0x221 obj_emsk_22/gnu_arcem7d/arc/arc_exception.o
 .debug_line    0x00001862       0xa9 obj_emsk_22/gnu_arcem7d/arc/arc_startup.o
 .debug_line    0x0000190b       0x88 obj_emsk_22/gnu_arcem7d/arc/arc_exc_asm.o
 .debug_line    0x00001993      0x164 obj_emsk_22/gnu_arcem7d/library/clib/embarc_misc.o
 .debug_line    0x00001af7      0x843 obj_emsk_22/gnu_arcem7d/emsk/dw_iic.o
 .debug_line    0x0000233a      0x357 obj_emsk_22/gnu_arcem7d/emsk/dw_gpio.o
 .debug_line    0x00002691      0x21e obj_emsk_22/gnu_arcem7d/emsk/dw_uart_obj.o
 .debug_line    0x000028af      0x34a obj_emsk_22/gnu_arcem7d/arc/arc_cache.o
 .debug_line    0x00002bf9      0x559 obj_emsk_22/gnu_arcem7d/emsk/dw_uart.o

.debug_str      0x00000000     0x2bcc
 .debug_str     0x00000000      0x8d1 obj_emsk_22/gnu_arcem7d/main.o
                                0xa02 (size before relaxing)
 .debug_str     0x000008d1       0x8b obj_emsk_22/gnu_arcem7d/board.o
                                0x89d (size before relaxing)
 .debug_str     0x0000095c       0x73 obj_emsk_22/gnu_arcem7d/emsk/emsk_init.o
                                0x48c (size before relaxing)
 .debug_str     0x000009cf      0x161 obj_emsk_22/gnu_arcem7d/emsk/emsk_timer.o
                                0x578 (size before relaxing)
 .debug_str     0x00000b30       0x8c obj_emsk_22/gnu_arcem7d/emsk/mux.o
                                0x264 (size before relaxing)
 .debug_str     0x00000bbc      0x634 obj_emsk_22/gnu_arcem7d/emsk/dw_iic_obj.o
                                0xb8e (size before relaxing)
 .debug_str     0x000011f0      0x106 obj_emsk_22/gnu_arcem7d/emsk/emsk_gpio.o
                                0x572 (size before relaxing)
 .debug_str     0x000012f6      0x3e7 obj_emsk_22/gnu_arcem7d/emsk/dw_gpio_obj.o
                                0x912 (size before relaxing)
 .debug_str     0x000016dd       0x2e obj_emsk_22/gnu_arcem7d/emsk/emsk_sdcard.o
                                0x1d5 (size before relaxing)
 .debug_str     0x0000170b      0x114 obj_emsk_22/gnu_arcem7d/middleware/common/console_io.o
                                0x9ef (size before relaxing)
 .debug_str     0x0000181f       0xa7 obj_emsk_22/gnu_arcem7d/middleware/common/xprintf.o
                                0x22e (size before relaxing)
 .debug_str     0x000018c6       0x21 obj_emsk_22/gnu_arcem7d/arc/arc_timer.o
                                0x233 (size before relaxing)
 .debug_str     0x000018e7      0x20d obj_emsk_22/gnu_arcem7d/arc/arc_exception.o
                                0x47b (size before relaxing)
 .debug_str     0x00001af4       0x1d obj_emsk_22/gnu_arcem7d/arc/arc_startup.o
                                 0x55 (size before relaxing)
 .debug_str     0x00001b11        0xe obj_emsk_22/gnu_arcem7d/arc/arc_exc_asm.o
                                 0x55 (size before relaxing)
 .debug_str     0x00001b1f       0x21 obj_emsk_22/gnu_arcem7d/library/clib/embarc_misc.o
                                0x621 (size before relaxing)
 .debug_str     0x00001b40      0x643 obj_emsk_22/gnu_arcem7d/emsk/dw_iic.o
                               0x1330 (size before relaxing)
 .debug_str     0x00002183      0x330 obj_emsk_22/gnu_arcem7d/emsk/dw_gpio.o
                                0x8ca (size before relaxing)
 .debug_str     0x000024b3      0x243 obj_emsk_22/gnu_arcem7d/emsk/dw_uart_obj.o
                                0x7a9 (size before relaxing)
 .debug_str     0x000026f6      0x1d9 obj_emsk_22/gnu_arcem7d/arc/arc_cache.o
                                0x46a (size before relaxing)
 .debug_str     0x000028cf      0x2fd obj_emsk_22/gnu_arcem7d/emsk/dw_uart.o
                                0xcdd (size before relaxing)

.comment        0x00000000       0x42
 .comment       0x00000000       0x42 obj_emsk_22/gnu_arcem7d/main.o
                                 0x43 (size before relaxing)
 .comment       0x00000042       0x43 obj_emsk_22/gnu_arcem7d/board.o
 .comment       0x00000042       0x43 obj_emsk_22/gnu_arcem7d/emsk/emsk_init.o
 .comment       0x00000042       0x43 obj_emsk_22/gnu_arcem7d/emsk/emsk_timer.o
 .comment       0x00000042       0x43 obj_emsk_22/gnu_arcem7d/emsk/mux.o
 .comment       0x00000042       0x43 obj_emsk_22/gnu_arcem7d/emsk/dw_iic_obj.o
 .comment       0x00000042       0x43 obj_emsk_22/gnu_arcem7d/emsk/emsk_gpio.o
 .comment       0x00000042       0x43 obj_emsk_22/gnu_arcem7d/emsk/dw_gpio_obj.o
 .comment       0x00000042       0x43 obj_emsk_22/gnu_arcem7d/emsk/emsk_sdcard.o
 .comment       0x00000042       0x43 obj_emsk_22/gnu_arcem7d/middleware/common/console_io.o
 .comment       0x00000042       0x43 obj_emsk_22/gnu_arcem7d/middleware/common/xprintf.o
 .comment       0x00000042       0x43 obj_emsk_22/gnu_arcem7d/arc/arc_timer.o
 .comment       0x00000042       0x43 obj_emsk_22/gnu_arcem7d/arc/arc_exception.o
 .comment       0x00000042       0x43 obj_emsk_22/gnu_arcem7d/library/clib/embarc_misc.o
 .comment       0x00000042       0x43 obj_emsk_22/gnu_arcem7d/emsk/dw_iic.o
 .comment       0x00000042       0x43 obj_emsk_22/gnu_arcem7d/emsk/dw_gpio.o
 .comment       0x00000042       0x43 obj_emsk_22/gnu_arcem7d/emsk/dw_uart_obj.o
 .comment       0x00000042       0x43 obj_emsk_22/gnu_arcem7d/arc/arc_cache.o
 .comment       0x00000042       0x43 obj_emsk_22/gnu_arcem7d/emsk/dw_uart.o

.note.GNU-stack
                0x00000000        0x0
 .note.GNU-stack
                0x00000000        0x0 obj_emsk_22/gnu_arcem7d/main.o
 .note.GNU-stack
                0x00000000        0x0 obj_emsk_22/gnu_arcem7d/board.o
 .note.GNU-stack
                0x00000000        0x0 obj_emsk_22/gnu_arcem7d/emsk/emsk_init.o
 .note.GNU-stack
                0x00000000        0x0 obj_emsk_22/gnu_arcem7d/emsk/emsk_timer.o
 .note.GNU-stack
                0x00000000        0x0 obj_emsk_22/gnu_arcem7d/emsk/mux.o
 .note.GNU-stack
                0x00000000        0x0 obj_emsk_22/gnu_arcem7d/emsk/dw_iic_obj.o
 .note.GNU-stack
                0x00000000        0x0 obj_emsk_22/gnu_arcem7d/emsk/emsk_gpio.o
 .note.GNU-stack
                0x00000000        0x0 obj_emsk_22/gnu_arcem7d/emsk/dw_gpio_obj.o
 .note.GNU-stack
                0x00000000        0x0 obj_emsk_22/gnu_arcem7d/emsk/emsk_sdcard.o
 .note.GNU-stack
                0x00000000        0x0 obj_emsk_22/gnu_arcem7d/middleware/common/console_io.o
 .note.GNU-stack
                0x00000000        0x0 obj_emsk_22/gnu_arcem7d/middleware/common/xprintf.o
 .note.GNU-stack
                0x00000000        0x0 obj_emsk_22/gnu_arcem7d/arc/arc_timer.o
 .note.GNU-stack
                0x00000000        0x0 obj_emsk_22/gnu_arcem7d/arc/arc_exception.o
 .note.GNU-stack
                0x00000000        0x0 obj_emsk_22/gnu_arcem7d/library/clib/embarc_misc.o
 .note.GNU-stack
                0x00000000        0x0 obj_emsk_22/gnu_arcem7d/emsk/dw_iic.o
 .note.GNU-stack
                0x00000000        0x0 obj_emsk_22/gnu_arcem7d/emsk/dw_gpio.o
 .note.GNU-stack
                0x00000000        0x0 obj_emsk_22/gnu_arcem7d/emsk/dw_uart_obj.o
 .note.GNU-stack
                0x00000000        0x0 obj_emsk_22/gnu_arcem7d/arc/arc_cache.o
 .note.GNU-stack
                0x00000000        0x0 obj_emsk_22/gnu_arcem7d/emsk/dw_uart.o
 .note.GNU-stack
                0x00000000        0x0 c:/arc_gnu/bin/../lib/gcc/arc-elf32/7.1.1/arcem\libgcc.a(_divdi3.o)
 .note.GNU-stack
                0x00000000        0x0 c:/arc_gnu/bin/../lib/gcc/arc-elf32/7.1.1/arcem\libgcc.a(_udivdi3.o)
 .note.GNU-stack
                0x00000000        0x0 c:/arc_gnu/bin/../lib/gcc/arc-elf32/7.1.1/arcem\libgcc.a(_clz.o)

.ARC.attributes
                0x00000000       0x32
 .ARC.attributes
                0x00000000       0x26 obj_emsk_22/gnu_arcem7d/main.o
 .ARC.attributes
                0x00000026       0x23 obj_emsk_22/gnu_arcem7d/board.o
 .ARC.attributes
                0x00000049       0x23 obj_emsk_22/gnu_arcem7d/emsk/emsk_init.o
 .ARC.attributes
                0x0000006c       0x28 obj_emsk_22/gnu_arcem7d/emsk/emsk_timer.o
 .ARC.attributes
                0x00000094       0x23 obj_emsk_22/gnu_arcem7d/emsk/mux.o
 .ARC.attributes
                0x000000b7       0x23 obj_emsk_22/gnu_arcem7d/emsk/dw_iic_obj.o
 .ARC.attributes
                0x000000da       0x23 obj_emsk_22/gnu_arcem7d/emsk/emsk_gpio.o
 .ARC.attributes
                0x000000fd       0x26 obj_emsk_22/gnu_arcem7d/emsk/dw_gpio_obj.o
 .ARC.attributes
                0x00000123       0x23 obj_emsk_22/gnu_arcem7d/emsk/emsk_sdcard.o
 .ARC.attributes
                0x00000146       0x23 obj_emsk_22/gnu_arcem7d/middleware/common/console_io.o
 .ARC.attributes
                0x00000169       0x2d obj_emsk_22/gnu_arcem7d/middleware/common/xprintf.o
 .ARC.attributes
                0x00000196       0x26 obj_emsk_22/gnu_arcem7d/arc/arc_timer.o
 .ARC.attributes
                0x000001bc       0x26 obj_emsk_22/gnu_arcem7d/arc/arc_exception.o
 .ARC.attributes
                0x000001e2       0x1f obj_emsk_22/gnu_arcem7d/arc/arc_startup.o
 .ARC.attributes
                0x00000201       0x22 obj_emsk_22/gnu_arcem7d/arc/arc_exc_asm.o
 .ARC.attributes
                0x00000223       0x23 obj_emsk_22/gnu_arcem7d/library/clib/embarc_misc.o
 .ARC.attributes
                0x00000246       0x26 obj_emsk_22/gnu_arcem7d/emsk/dw_iic.o
 .ARC.attributes
                0x0000026c       0x28 obj_emsk_22/gnu_arcem7d/emsk/dw_gpio.o
 .ARC.attributes
                0x00000294       0x23 obj_emsk_22/gnu_arcem7d/emsk/dw_uart_obj.o
 .ARC.attributes
                0x000002b7       0x26 obj_emsk_22/gnu_arcem7d/arc/arc_cache.o
 .ARC.attributes
                0x000002dd       0x2e obj_emsk_22/gnu_arcem7d/emsk/dw_uart.o
 .ARC.attributes
                0x0000030b       0x2a c:/arc_gnu/bin/../lib/gcc/arc-elf32/7.1.1/arcem\libgcc.a(_divdi3.o)
 .ARC.attributes
                0x00000335       0x2a c:/arc_gnu/bin/../lib/gcc/arc-elf32/7.1.1/arcem\libgcc.a(_udivdi3.o)
 .ARC.attributes
                0x0000035f       0x1f c:/arc_gnu/bin/../lib/gcc/arc-elf32/7.1.1/arcem\libgcc.a(_udivsi3.o)
 .ARC.attributes
                0x0000037e       0x1f c:/arc_gnu/bin/../lib/gcc/arc-elf32/7.1.1/arcem\libgcc.a(_divsi3.o)
 .ARC.attributes
                0x0000039d       0x1f c:/arc_gnu/bin/../lib/gcc/arc-elf32/7.1.1/arcem\libgcc.a(_umodsi3.o)
 .ARC.attributes
                0x000003bc       0x22 c:/arc_gnu/bin/../lib/gcc/arc-elf32/7.1.1/arcem\libgcc.a(_divmod_tools.o)
 .ARC.attributes
                0x000003de       0x25 c:/arc_gnu/bin/../lib/gcc/arc-elf32/7.1.1/arcem\libgcc.a(_clz.o)

.debug_frame    0x00000000     0x1330
 .debug_frame   0x00000000       0x6c obj_emsk_22/gnu_arcem7d/main.o
 .debug_frame   0x0000006c       0x28 obj_emsk_22/gnu_arcem7d/board.o
 .debug_frame   0x00000094       0x34 obj_emsk_22/gnu_arcem7d/emsk/emsk_init.o
 .debug_frame   0x000000c8       0xf8 obj_emsk_22/gnu_arcem7d/emsk/emsk_timer.o
 .debug_frame   0x000001c0       0xa0 obj_emsk_22/gnu_arcem7d/emsk/mux.o
 .debug_frame   0x00000260      0x138 obj_emsk_22/gnu_arcem7d/emsk/dw_iic_obj.o
 .debug_frame   0x00000398      0x130 obj_emsk_22/gnu_arcem7d/emsk/emsk_gpio.o
 .debug_frame   0x000004c8      0x1c4 obj_emsk_22/gnu_arcem7d/emsk/dw_gpio_obj.o
 .debug_frame   0x0000068c       0x20 obj_emsk_22/gnu_arcem7d/emsk/emsk_sdcard.o
 .debug_frame   0x000006ac       0xa8 obj_emsk_22/gnu_arcem7d/middleware/common/console_io.o
 .debug_frame   0x00000754      0x204 obj_emsk_22/gnu_arcem7d/middleware/common/xprintf.o
 .debug_frame   0x00000958       0x7c obj_emsk_22/gnu_arcem7d/arc/arc_timer.o
 .debug_frame   0x000009d4      0x100 obj_emsk_22/gnu_arcem7d/arc/arc_exception.o
 .debug_frame   0x00000ad4       0x20 obj_emsk_22/gnu_arcem7d/library/clib/embarc_misc.o
 .debug_frame   0x00000af4      0x2bc obj_emsk_22/gnu_arcem7d/emsk/dw_iic.o
 .debug_frame   0x00000db0       0xf8 obj_emsk_22/gnu_arcem7d/emsk/dw_gpio.o
 .debug_frame   0x00000ea8      0x10c obj_emsk_22/gnu_arcem7d/emsk/dw_uart_obj.o
 .debug_frame   0x00000fb4       0xd0 obj_emsk_22/gnu_arcem7d/arc/arc_cache.o
 .debug_frame   0x00001084      0x1f0 obj_emsk_22/gnu_arcem7d/emsk/dw_uart.o
 .debug_frame   0x00001274       0x60 c:/arc_gnu/bin/../lib/gcc/arc-elf32/7.1.1/arcem\libgcc.a(_divdi3.o)
 .debug_frame   0x000012d4       0x5c c:/arc_gnu/bin/../lib/gcc/arc-elf32/7.1.1/arcem\libgcc.a(_udivdi3.o)
