Archive member included to satisfy reference by file (symbol)

obj_emsk_22/gnu_arcem7d/emsk/emsk_init.o
                              obj_emsk_22/gnu_arcem7d/board.o (board_init)
obj_emsk_22/gnu_arcem7d/emsk/emsk_timer.o
                              obj_emsk_22/gnu_arcem7d/emsk/emsk_init.o (emsk_timer_init)
obj_emsk_22/gnu_arcem7d/emsk/mux.o
                              obj_emsk_22/gnu_arcem7d/emsk/emsk_init.o (mux_init)
obj_emsk_22/gnu_arcem7d/emsk/dw_uart_obj.o
                              obj_emsk_22/gnu_arcem7d/main.o (uart_get_dev)
obj_emsk_22/gnu_arcem7d/emsk/emsk_gpio.o
                              obj_emsk_22/gnu_arcem7d/emsk/emsk_init.o (emsk_gpio_init)
obj_emsk_22/gnu_arcem7d/emsk/dw_gpio_obj.o
                              obj_emsk_22/gnu_arcem7d/emsk/emsk_gpio.o (gpio_get_dev)
obj_emsk_22/gnu_arcem7d/emsk/emsk_sdcard.o
                              obj_emsk_22/gnu_arcem7d/emsk/emsk_timer.o (emsk_sdcard_1ms_update)
obj_emsk_22/gnu_arcem7d/middleware/common/console_io.o
                              obj_emsk_22/gnu_arcem7d/board.o (xprintf_setup)
obj_emsk_22/gnu_arcem7d/middleware/common/xprintf.o
                              obj_emsk_22/gnu_arcem7d/middleware/common/console_io.o (xfunc_out)
obj_emsk_22/gnu_arcem7d/arc/arc_timer.o
                              obj_emsk_22/gnu_arcem7d/emsk/emsk_timer.o (timer_present)
obj_emsk_22/gnu_arcem7d/arc/arc_exception.o
                              obj_emsk_22/gnu_arcem7d/emsk/emsk_timer.o (int_handler_install)
obj_emsk_22/gnu_arcem7d/arc/arc_startup.o
                              obj_emsk_22/gnu_arcem7d/arc/arc_exception.o (_arc_reset)
obj_emsk_22/gnu_arcem7d/arc/arc_exc_asm.o
                              obj_emsk_22/gnu_arcem7d/arc/arc_exception.o (exc_entry_cpu)
obj_emsk_22/gnu_arcem7d/library/clib/embarc_misc.o
                              obj_emsk_22/gnu_arcem7d/middleware/common/console_io.o (gnu_printf_setup)
obj_emsk_22/gnu_arcem7d/emsk/dw_uart.o
                              obj_emsk_22/gnu_arcem7d/emsk/dw_uart_obj.o (dw_uart_open)
obj_emsk_22/gnu_arcem7d/emsk/dw_gpio.o
                              obj_emsk_22/gnu_arcem7d/emsk/dw_gpio_obj.o (dw_gpio_open)
obj_emsk_22/gnu_arcem7d/arc/arc_cache.o
                              obj_emsk_22/gnu_arcem7d/arc/arc_startup.o (arc_cache_init)
c:/arc_gnu/bin/../lib/gcc/arc-elf32/7.1.1/../../../../arc-elf32/lib/arcem\libc.a(lib_a-sprintf.o)
                              obj_emsk_22/gnu_arcem7d/main.o (sprintf)
c:/arc_gnu/bin/../lib/gcc/arc-elf32/7.1.1/../../../../arc-elf32/lib/arcem\libc.a(lib_a-strstr.o)
                              obj_emsk_22/gnu_arcem7d/main.o (strstr)
c:/arc_gnu/bin/../lib/gcc/arc-elf32/7.1.1/../../../../arc-elf32/lib/arcem\libc.a(lib_a-svfprintf.o)
                              c:/arc_gnu/bin/../lib/gcc/arc-elf32/7.1.1/../../../../arc-elf32/lib/arcem\libc.a(lib_a-sprintf.o) (_svfprintf_r)
c:/arc_gnu/bin/../lib/gcc/arc-elf32/7.1.1/../../../../arc-elf32/lib/arcem\libc.a(lib_a-dtoa.o)
                              c:/arc_gnu/bin/../lib/gcc/arc-elf32/7.1.1/../../../../arc-elf32/lib/arcem\libc.a(lib_a-svfprintf.o) (_dtoa_r)
c:/arc_gnu/bin/../lib/gcc/arc-elf32/7.1.1/../../../../arc-elf32/lib/arcem\libc.a(lib_a-impure.o)
                              c:/arc_gnu/bin/../lib/gcc/arc-elf32/7.1.1/../../../../arc-elf32/lib/arcem\libc.a(lib_a-sprintf.o) (_impure_ptr)
c:/arc_gnu/bin/../lib/gcc/arc-elf32/7.1.1/../../../../arc-elf32/lib/arcem\libc.a(lib_a-localeconv.o)
                              c:/arc_gnu/bin/../lib/gcc/arc-elf32/7.1.1/../../../../arc-elf32/lib/arcem\libc.a(lib_a-svfprintf.o) (_localeconv_r)
c:/arc_gnu/bin/../lib/gcc/arc-elf32/7.1.1/../../../../arc-elf32/lib/arcem\libc.a(lib_a-mallocr.o)
                              c:/arc_gnu/bin/../lib/gcc/arc-elf32/7.1.1/../../../../arc-elf32/lib/arcem\libc.a(lib_a-svfprintf.o) (_malloc_r)
c:/arc_gnu/bin/../lib/gcc/arc-elf32/7.1.1/../../../../arc-elf32/lib/arcem\libc.a(lib_a-memchr.o)
                              c:/arc_gnu/bin/../lib/gcc/arc-elf32/7.1.1/../../../../arc-elf32/lib/arcem\libc.a(lib_a-strstr.o) (memchr)
c:/arc_gnu/bin/../lib/gcc/arc-elf32/7.1.1/../../../../arc-elf32/lib/arcem\libc.a(lib_a-memcmp.o)
                              c:/arc_gnu/bin/../lib/gcc/arc-elf32/7.1.1/../../../../arc-elf32/lib/arcem\libc.a(lib_a-strstr.o) (memcmp)
c:/arc_gnu/bin/../lib/gcc/arc-elf32/7.1.1/../../../../arc-elf32/lib/arcem\libc.a(lib_a-memcpy-bs.o)
                              c:/arc_gnu/bin/../lib/gcc/arc-elf32/7.1.1/../../../../arc-elf32/lib/arcem\libc.a(lib_a-dtoa.o) (memcpy)
c:/arc_gnu/bin/../lib/gcc/arc-elf32/7.1.1/../../../../arc-elf32/lib/arcem\libc.a(lib_a-mlock.o)
                              c:/arc_gnu/bin/../lib/gcc/arc-elf32/7.1.1/../../../../arc-elf32/lib/arcem\libc.a(lib_a-mallocr.o) (__malloc_lock)
c:/arc_gnu/bin/../lib/gcc/arc-elf32/7.1.1/../../../../arc-elf32/lib/arcem\libc.a(lib_a-mprec.o)
                              c:/arc_gnu/bin/../lib/gcc/arc-elf32/7.1.1/../../../../arc-elf32/lib/arcem\libc.a(lib_a-dtoa.o) (_Balloc)
c:/arc_gnu/bin/../lib/gcc/arc-elf32/7.1.1/../../../../arc-elf32/lib/arcem\libc.a(lib_a-sbrkr.o)
                              c:/arc_gnu/bin/../lib/gcc/arc-elf32/7.1.1/../../../../arc-elf32/lib/arcem\libc.a(lib_a-mallocr.o) (_sbrk_r)
c:/arc_gnu/bin/../lib/gcc/arc-elf32/7.1.1/../../../../arc-elf32/lib/arcem\libc.a(lib_a-strchr-bs.o)
                              c:/arc_gnu/bin/../lib/gcc/arc-elf32/7.1.1/../../../../arc-elf32/lib/arcem\libc.a(lib_a-strstr.o) (strchr)
c:/arc_gnu/bin/../lib/gcc/arc-elf32/7.1.1/../../../../arc-elf32/lib/arcem\libc.a(lib_a-strlen-bs.o)
                              c:/arc_gnu/bin/../lib/gcc/arc-elf32/7.1.1/../../../../arc-elf32/lib/arcem\libc.a(lib_a-svfprintf.o) (strlen)
c:/arc_gnu/bin/../lib/gcc/arc-elf32/7.1.1/../../../../arc-elf32/lib/arcem\libc.a(lib_a-svfiprintf.o)
                              c:/arc_gnu/bin/../lib/gcc/arc-elf32/7.1.1/../../../../arc-elf32/lib/arcem\libc.a(lib_a-svfprintf.o) (__ssprint_r)
c:/arc_gnu/bin/../lib/gcc/arc-elf32/7.1.1/../../../../arc-elf32/lib/arcem\libc.a(lib_a-callocr.o)
                              c:/arc_gnu/bin/../lib/gcc/arc-elf32/7.1.1/../../../../arc-elf32/lib/arcem\libc.a(lib_a-mprec.o) (_calloc_r)
c:/arc_gnu/bin/../lib/gcc/arc-elf32/7.1.1/../../../../arc-elf32/lib/arcem\libc.a(lib_a-freer.o)
                              c:/arc_gnu/bin/../lib/gcc/arc-elf32/7.1.1/../../../../arc-elf32/lib/arcem\libc.a(lib_a-mallocr.o) (_free_r)
c:/arc_gnu/bin/../lib/gcc/arc-elf32/7.1.1/../../../../arc-elf32/lib/arcem\libc.a(lib_a-locale.o)
                              c:/arc_gnu/bin/../lib/gcc/arc-elf32/7.1.1/../../../../arc-elf32/lib/arcem\libc.a(lib_a-localeconv.o) (__global_locale)
c:/arc_gnu/bin/../lib/gcc/arc-elf32/7.1.1/../../../../arc-elf32/lib/arcem\libc.a(lib_a-mbtowc_r.o)
                              c:/arc_gnu/bin/../lib/gcc/arc-elf32/7.1.1/../../../../arc-elf32/lib/arcem\libc.a(lib_a-locale.o) (__ascii_mbtowc)
c:/arc_gnu/bin/../lib/gcc/arc-elf32/7.1.1/../../../../arc-elf32/lib/arcem\libc.a(lib_a-memmove.o)
                              c:/arc_gnu/bin/../lib/gcc/arc-elf32/7.1.1/../../../../arc-elf32/lib/arcem\libc.a(lib_a-svfiprintf.o) (memmove)
c:/arc_gnu/bin/../lib/gcc/arc-elf32/7.1.1/../../../../arc-elf32/lib/arcem\libc.a(lib_a-memset-bs.o)
                              c:/arc_gnu/bin/../lib/gcc/arc-elf32/7.1.1/../../../../arc-elf32/lib/arcem\libc.a(lib_a-callocr.o) (memset)
c:/arc_gnu/bin/../lib/gcc/arc-elf32/7.1.1/../../../../arc-elf32/lib/arcem\libc.a(lib_a-reallocr.o)
                              c:/arc_gnu/bin/../lib/gcc/arc-elf32/7.1.1/../../../../arc-elf32/lib/arcem\libc.a(lib_a-svfiprintf.o) (_realloc_r)
c:/arc_gnu/bin/../lib/gcc/arc-elf32/7.1.1/../../../../arc-elf32/lib/arcem\libc.a(lib_a-reent.o)
                              c:/arc_gnu/bin/../lib/gcc/arc-elf32/7.1.1/../../../../arc-elf32/lib/arcem\libc.a(lib_a-sbrkr.o) (errno)
c:/arc_gnu/bin/../lib/gcc/arc-elf32/7.1.1/../../../../arc-elf32/lib/arcem\libc.a(lib_a-strcmp.o)
                              c:/arc_gnu/bin/../lib/gcc/arc-elf32/7.1.1/../../../../arc-elf32/lib/arcem\libc.a(lib_a-locale.o) (strcmp)
c:/arc_gnu/bin/../lib/gcc/arc-elf32/7.1.1/../../../../arc-elf32/lib/arcem\libc.a(lib_a-wctomb_r.o)
                              c:/arc_gnu/bin/../lib/gcc/arc-elf32/7.1.1/../../../../arc-elf32/lib/arcem\libc.a(lib_a-locale.o) (__ascii_wctomb)
c:/arc_gnu/bin/../lib/gcc/arc-elf32/7.1.1/../../../../arc-elf32/lib/arcem\libc.a(lib_a-ctype_.o)
                              c:/arc_gnu/bin/../lib/gcc/arc-elf32/7.1.1/../../../../arc-elf32/lib/arcem\libc.a(lib_a-locale.o) (_ctype_)
c:/arc_gnu/bin/../lib/gcc/arc-elf32/7.1.1/arcem\libgcc.a(_udivsi3.o)
                              c:/arc_gnu/bin/../lib/gcc/arc-elf32/7.1.1/../../../../arc-elf32/lib/arcem\libc.a(lib_a-dtoa.o) (__udivsi3)
c:/arc_gnu/bin/../lib/gcc/arc-elf32/7.1.1/arcem\libgcc.a(_divmod_tools.o)
                              c:/arc_gnu/bin/../lib/gcc/arc-elf32/7.1.1/arcem\libgcc.a(_udivsi3.o) (__udivmodsi4)
c:/arc_gnu/bin/../lib/gcc/arc-elf32/7.1.1/arcem\libgcc.a(_divdi3.o)
                              obj_emsk_22/gnu_arcem7d/emsk/emsk_timer.o (__divdi3)
c:/arc_gnu/bin/../lib/gcc/arc-elf32/7.1.1/arcem\libgcc.a(_udivdi3.o)
                              obj_emsk_22/gnu_arcem7d/emsk/emsk_timer.o (__udivdi3)
c:/arc_gnu/bin/../lib/gcc/arc-elf32/7.1.1/arcem\libgcc.a(_umoddi3.o)
                              c:/arc_gnu/bin/../lib/gcc/arc-elf32/7.1.1/../../../../arc-elf32/lib/arcem\libc.a(lib_a-svfprintf.o) (__umoddi3)
c:/arc_gnu/bin/../lib/gcc/arc-elf32/7.1.1/arcem\libgcc.a(dp-bit.o)
                              c:/arc_gnu/bin/../lib/gcc/arc-elf32/7.1.1/../../../../arc-elf32/lib/arcem\libc.a(lib_a-dtoa.o) (__adddf3)
c:/arc_gnu/bin/../lib/gcc/arc-elf32/7.1.1/arcem\libgcc.a(_divsi3.o)
                              c:/arc_gnu/bin/../lib/gcc/arc-elf32/7.1.1/arcem\libgcc.a(_divdi3.o) (__divsi3)
c:/arc_gnu/bin/../lib/gcc/arc-elf32/7.1.1/arcem\libgcc.a(_umodsi3.o)
                              c:/arc_gnu/bin/../lib/gcc/arc-elf32/7.1.1/arcem\libgcc.a(_divdi3.o) (__umodsi3)
c:/arc_gnu/bin/../lib/gcc/arc-elf32/7.1.1/arcem\libgcc.a(_clzsi2.o)
                              c:/arc_gnu/bin/../lib/gcc/arc-elf32/7.1.1/arcem\libgcc.a(dp-bit.o) (__clzsi2)
c:/arc_gnu/bin/../lib/gcc/arc-elf32/7.1.1/arcem\libgcc.a(_clz.o)
                              c:/arc_gnu/bin/../lib/gcc/arc-elf32/7.1.1/arcem\libgcc.a(_divdi3.o) (__clz_tab)
c:/arc_gnu/bin/../lib/gcc/arc-elf32/7.1.1/arcem\libgcc.a(fp-bit.o)
                              c:/arc_gnu/bin/../lib/gcc/arc-elf32/7.1.1/arcem\libgcc.a(dp-bit.o) (__make_fp)
obj_emsk_22/gnu_arcem7d/library/clib/embarc_sbrk.o
                              c:/arc_gnu/bin/../lib/gcc/arc-elf32/7.1.1/../../../../arc-elf32/lib/arcem\libc.a(lib_a-sbrkr.o) (_sbrk)
c:/arc_gnu/bin/../lib/gcc/arc-elf32/7.1.1/../../../../arc-elf32/lib/arcem\libc.a(lib_a-errno.o)
                              obj_emsk_22/gnu_arcem7d/library/clib/embarc_sbrk.o (__errno)

Allocating common symbols
Common symbol       size              file

xfunc_in            0x4               obj_emsk_22/gnu_arcem7d/middleware/common/xprintf.o
dw_uart_0           0x5c              obj_emsk_22/gnu_arcem7d/emsk/dw_uart_obj.o
xfunc_out           0x4               obj_emsk_22/gnu_arcem7d/middleware/common/xprintf.o
exc_nest_count      0x4               obj_emsk_22/gnu_arcem7d/arc/arc_exception.o
dw_uart_1           0x5c              obj_emsk_22/gnu_arcem7d/emsk/dw_uart_obj.o

Memory Configuration

Name             Origin             Length             Attributes
iccm             0x00000000         0x00040000
dccm             0x80000000         0x00020000
ddr              0x10000000         0x08000000
*default*        0x00000000         0xffffffff

Linker script and memory map

                0x00002000                _HEAPSIZE = 0x2000
                0x00002000                _STACKSIZE = 0x2000
LOAD c:/arc_gnu/bin/../lib/gcc/arc-elf32/7.1.1/../../../../arc-elf32/lib/arcem\libm.a

.init           0x10000000      0x198
                0x10000000                _f_init = .
 *(.init_vector)
 .init_vector   0x10000000        0x4 obj_emsk_22/gnu_arcem7d/arc/arc_startup.o
 *(.init_bootstrap)
 .init_bootstrap
                0x10000004      0x194 obj_emsk_22/gnu_arcem7d/arc/arc_startup.o
                0x10000004                _arc_reset
                0x10000004                _start
                0x10000184                _exit_loop
                0x10000184                _exit_halt
                0x10000198                _e_init = .

.text           0x10000198     0xb424
                0x10000198                _f_text = .
 *(.text .text.* .gnu.linkonce.t.*)
 .text          0x10000198       0x1c obj_emsk_22/gnu_arcem7d/main.o
                0x10000198                my_emsk_ble_init
 .text.startup  0x100001b4       0x94 obj_emsk_22/gnu_arcem7d/main.o
                0x100001b4                main
 .text          0x10000248       0x38 obj_emsk_22/gnu_arcem7d/board.o
                0x10000248                board_main
 .text          0x10000280       0x38 obj_emsk_22/gnu_arcem7d/emsk/emsk_init.o
                0x10000280                board_init
 .text          0x100002b8      0x26c obj_emsk_22/gnu_arcem7d/emsk/emsk_timer.o
                0x100002b8                board_timer_update
                0x10000344                emsk_timer_init
                0x100003a4                board_get_hwticks
                0x100003dc                board_get_cur_us
                0x10000434                board_delay_ms
 .text          0x10000524       0x44 obj_emsk_22/gnu_arcem7d/emsk/mux.o
                0x10000524                mux_init
                0x10000538                get_mux_regs
                0x10000544                set_pmod_mux
                0x10000548                get_pmod_mux
                0x1000054c                change_pmod_mux
                0x10000558                set_spi_map
                0x1000055c                get_spi_map
                0x10000560                set_uart_map
                0x10000564                get_uart_map
 .text          0x10000568      0x1b4 obj_emsk_22/gnu_arcem7d/emsk/dw_uart_obj.o
                0x10000610                dw_uart_all_install
                0x100006bc                uart_get_dev
 .text          0x1000071c      0x1c8 obj_emsk_22/gnu_arcem7d/emsk/emsk_gpio.o
                0x1000071c                emsk_led_init
                0x10000780                emsk_button_init
                0x100007d0                emsk_switch_init
                0x10000820                emsk_gpio_init
                0x10000830                led_write
                0x1000084c                led_read
                0x1000087c                switch_read
                0x100008b0                button_read
 .text          0x100008e4      0x49c obj_emsk_22/gnu_arcem7d/emsk/dw_gpio_obj.o
                0x10000a34                dw_gpio_all_install
                0x10000d30                gpio_get_dev
 .text          0x10000d80        0x4 obj_emsk_22/gnu_arcem7d/emsk/emsk_sdcard.o
                0x10000d80                emsk_sdcard_1ms_update
 .text          0x10000d84      0x128 obj_emsk_22/gnu_arcem7d/middleware/common/console_io.o
                0x10000d84                console_putchar
                0x10000db0                console_getchar
                0x10000dec                console_putstr
                0x10000e00                console_getstr
                0x10000e14                xprintf_setup
 .text          0x10000eac      0x708 obj_emsk_22/gnu_arcem7d/middleware/common/xprintf.o
                0x10000eac                xputc
                0x10000f78                xputs
                0x10000f98                xfputs
                0x10000fcc                xvprintf
                0x10001310                xprintf
                0x10001338                xsprintf
                0x10001378                xfprintf
                0x100013b8                put_dump
                0x1000148c                xgets
                0x100014a0                xfgets
                0x100014d4                xatoi
 .text          0x100015b4      0x1ec obj_emsk_22/gnu_arcem7d/arc/arc_timer.o
                0x100015b4                timer_present
                0x100015e0                timer_start
                0x10001658                timer_stop
                0x100016d4                timer_current
                0x1000171c                timer_int_clear
                0x10001758                timer_init
 .text          0x100017a0      0x220 obj_emsk_22/gnu_arcem7d/arc/arc_exception.o
                0x10001840                exc_entry_install
                0x100018b0                exc_entry_get
                0x100018c4                exc_handler_install
                0x100018dc                exc_handler_get
                0x100018f0                exc_int_init
                0x1000195c                int_handler_install
                0x10001978                int_handler_get
                0x10001990                int_pri_set
                0x100019ac                exc_no2string
 .text          0x100019c0        0x0 obj_emsk_22/gnu_arcem7d/arc/arc_startup.o
 .text          0x100019c0      0x358 obj_emsk_22/gnu_arcem7d/arc/arc_exc_asm.o
                0x100019c0                exc_entry_cpu
                0x10001b34                exc_entry_int
                0x10001bdc                exc_entry_firq
 .text          0x10001d18        0x4 obj_emsk_22/gnu_arcem7d/library/clib/embarc_misc.o
                0x10001d18                gnu_printf_setup
 .text          0x10001d1c      0xa3c obj_emsk_22/gnu_arcem7d/emsk/dw_uart.o
                0x10001edc                dw_uart_open
                0x10002088                dw_uart_close
                0x100021b0                dw_uart_control
                0x10002514                dw_uart_write
                0x10002574                dw_uart_read
                0x100025d4                dw_uart_isr
 .text          0x10002758      0x528 obj_emsk_22/gnu_arcem7d/emsk/dw_gpio.o
                0x100027a4                dw_gpio_open
                0x1000289c                dw_gpio_close
                0x10002948                dw_gpio_read
                0x100029b4                dw_gpio_write
                0x100029f8                dw_gpio_control
                0x10002bdc                dw_gpio_isr_handler
 .text          0x10002c80      0x408 obj_emsk_22/gnu_arcem7d/arc/arc_cache.o
                0x10002c80                icache_invalidate_mlines
                0x10002cd0                icache_lock_mlines
                0x10002d30                icache_direct_write
                0x10002d5c                icache_direct_read
                0x10002d88                icache_indirect_read
                0x10002dbc                dcache_invalidate_mlines
                0x10002e14                dcache_flush_mlines
                0x10002e6c                dcache_lock_mlines
                0x10002ecc                dcache_direct_write
                0x10002ef8                dcache_direct_read
                0x10002f24                dcache_indirect_read
                0x10002f58                arc_cache_init
 .text          0x10003088       0x98 c:/arc_gnu/bin/../lib/gcc/arc-elf32/7.1.1/../../../../arc-elf32/lib/arcem\libc.a(lib_a-sprintf.o)
                0x10003088                _sprintf_r
                0x100030d0                sprintf
 .text          0x10003120      0x5f4 c:/arc_gnu/bin/../lib/gcc/arc-elf32/7.1.1/../../../../arc-elf32/lib/arcem\libc.a(lib_a-strstr.o)
                0x10003494                strstr
 .text          0x10003714     0x16e4 c:/arc_gnu/bin/../lib/gcc/arc-elf32/7.1.1/../../../../arc-elf32/lib/arcem\libc.a(lib_a-svfprintf.o)
                0x10003714                _svfprintf_r
 .text          0x10004df8     0x115c c:/arc_gnu/bin/../lib/gcc/arc-elf32/7.1.1/../../../../arc-elf32/lib/arcem\libc.a(lib_a-dtoa.o)
                0x10004f8c                _dtoa_r
 .text          0x10005f54        0x0 c:/arc_gnu/bin/../lib/gcc/arc-elf32/7.1.1/../../../../arc-elf32/lib/arcem\libc.a(lib_a-impure.o)
 .text          0x10005f54       0x38 c:/arc_gnu/bin/../lib/gcc/arc-elf32/7.1.1/../../../../arc-elf32/lib/arcem\libc.a(lib_a-localeconv.o)
                0x10005f54                __localeconv_l
                0x10005f5c                _localeconv_r
                0x10005f74                localeconv
 .text          0x10005f8c      0x6ac c:/arc_gnu/bin/../lib/gcc/arc-elf32/7.1.1/../../../../arc-elf32/lib/arcem\libc.a(lib_a-mallocr.o)
                0x10005f8c                _malloc_r
 .text          0x10006638       0xc8 c:/arc_gnu/bin/../lib/gcc/arc-elf32/7.1.1/../../../../arc-elf32/lib/arcem\libc.a(lib_a-memchr.o)
                0x10006638                memchr
 .text          0x10006700       0xd4 c:/arc_gnu/bin/../lib/gcc/arc-elf32/7.1.1/../../../../arc-elf32/lib/arcem\libc.a(lib_a-memcmp.o)
                0x10006700                memcmp
 .text          0x100067d4       0x80 c:/arc_gnu/bin/../lib/gcc/arc-elf32/7.1.1/../../../../arc-elf32/lib/arcem\libc.a(lib_a-memcpy-bs.o)
                0x100067d4                memcpy
 .text          0x10006854        0x8 c:/arc_gnu/bin/../lib/gcc/arc-elf32/7.1.1/../../../../arc-elf32/lib/arcem\libc.a(lib_a-mlock.o)
                0x10006854                __malloc_lock
                0x10006858                __malloc_unlock
 .text          0x1000685c      0xbdc c:/arc_gnu/bin/../lib/gcc/arc-elf32/7.1.1/../../../../arc-elf32/lib/arcem\libc.a(lib_a-mprec.o)
                0x1000685c                _Balloc
                0x100068cc                _Bfree
                0x100068e0                __multadd
                0x100069a0                __s2b
                0x10006a78                __hi0bits
                0x10006ac0                __lo0bits
                0x10006b38                __i2b
                0x10006b58                __multiply
                0x10006cfc                __pow5mult
                0x10006dd8                __lshift
                0x10006ed8                __mcmp
                0x10006f1c                __mdiff
                0x10007070                __ulp
                0x100070c8                __b2d
                0x100071b0                __d2b
                0x1000729c                __ratio
                0x10007318                _mprec_log10
                0x10007370                __copybits
                0x100073dc                __any_on
 .text          0x10007438       0x3c c:/arc_gnu/bin/../lib/gcc/arc-elf32/7.1.1/../../../../arc-elf32/lib/arcem\libc.a(lib_a-sbrkr.o)
                0x10007438                _sbrk_r
 .text          0x10007474       0xf8 c:/arc_gnu/bin/../lib/gcc/arc-elf32/7.1.1/../../../../arc-elf32/lib/arcem\libc.a(lib_a-strchr-bs.o)
                0x10007474                strchr
 .text          0x1000756c       0x90 c:/arc_gnu/bin/../lib/gcc/arc-elf32/7.1.1/../../../../arc-elf32/lib/arcem\libc.a(lib_a-strlen-bs.o)
                0x1000756c                strlen
 .text          0x100075fc      0xcf8 c:/arc_gnu/bin/../lib/gcc/arc-elf32/7.1.1/../../../../arc-elf32/lib/arcem\libc.a(lib_a-svfiprintf.o)
                0x100075fc                __ssprint_r
                0x10007744                _svfiprintf_r
 .text          0x100082f4       0x84 c:/arc_gnu/bin/../lib/gcc/arc-elf32/7.1.1/../../../../arc-elf32/lib/arcem\libc.a(lib_a-callocr.o)
                0x100082f4                _calloc_r
 .text          0x10008378      0x3d0 c:/arc_gnu/bin/../lib/gcc/arc-elf32/7.1.1/../../../../arc-elf32/lib/arcem\libc.a(lib_a-freer.o)
                0x10008378                _malloc_trim_r
                0x1000844c                _free_r
 .text          0x10008748       0x98 c:/arc_gnu/bin/../lib/gcc/arc-elf32/7.1.1/../../../../arc-elf32/lib/arcem\libc.a(lib_a-locale.o)
                0x10008748                _setlocale_r
                0x10008798                __locale_mb_cur_max
                0x100087b4                __locale_ctype_ptr_l
                0x100087bc                __locale_ctype_ptr
                0x100087d4                setlocale
 .text          0x100087e0       0x64 c:/arc_gnu/bin/../lib/gcc/arc-elf32/7.1.1/../../../../arc-elf32/lib/arcem\libc.a(lib_a-mbtowc_r.o)
                0x100087e0                _mbtowc_r
                0x100087fc                __ascii_mbtowc
 .text          0x10008844       0xf0 c:/arc_gnu/bin/../lib/gcc/arc-elf32/7.1.1/../../../../arc-elf32/lib/arcem\libc.a(lib_a-memmove.o)
                0x10008844                memmove
 .text          0x10008934       0x6c c:/arc_gnu/bin/../lib/gcc/arc-elf32/7.1.1/../../../../arc-elf32/lib/arcem\libc.a(lib_a-memset-bs.o)
                0x10008934                memset
                0x10008988                __strncpy_bzero
 .text          0x100089a0      0x488 c:/arc_gnu/bin/../lib/gcc/arc-elf32/7.1.1/../../../../arc-elf32/lib/arcem\libc.a(lib_a-reallocr.o)
                0x100089a0                _realloc_r
 .text          0x10008e28       0xd0 c:/arc_gnu/bin/../lib/gcc/arc-elf32/7.1.1/../../../../arc-elf32/lib/arcem\libc.a(lib_a-reent.o)
                0x10008e28                cleanup_glue
                0x10008e50                _reclaim_reent
 .text          0x10008ef8       0x90 c:/arc_gnu/bin/../lib/gcc/arc-elf32/7.1.1/../../../../arc-elf32/lib/arcem\libc.a(lib_a-strcmp.o)
                0x10008ef8                strcmp
 .text          0x10008f88       0x44 c:/arc_gnu/bin/../lib/gcc/arc-elf32/7.1.1/../../../../arc-elf32/lib/arcem\libc.a(lib_a-wctomb_r.o)
                0x10008f88                _wctomb_r
                0x10008fa4                __ascii_wctomb
 .text          0x10008fcc        0x0 c:/arc_gnu/bin/../lib/gcc/arc-elf32/7.1.1/../../../../arc-elf32/lib/arcem\libc.a(lib_a-ctype_.o)
 .text          0x10008fcc        0x4 c:/arc_gnu/bin/../lib/gcc/arc-elf32/7.1.1/arcem\libgcc.a(_udivsi3.o)
                0x10008fcc                __udivsi3
 .text          0x10008fd0       0x70 c:/arc_gnu/bin/../lib/gcc/arc-elf32/7.1.1/arcem\libgcc.a(_divmod_tools.o)
                0x10008fd0                __udivmodsi4
 .text          0x10009040        0x0 c:/arc_gnu/bin/../lib/gcc/arc-elf32/7.1.1/arcem\libgcc.a(_divdi3.o)
 .text.__divdi3
                0x10009040      0x4fc c:/arc_gnu/bin/../lib/gcc/arc-elf32/7.1.1/arcem\libgcc.a(_divdi3.o)
                0x10009040                __divdi3
 .text          0x1000953c        0x0 c:/arc_gnu/bin/../lib/gcc/arc-elf32/7.1.1/arcem\libgcc.a(_udivdi3.o)
 .text.__udivdi3
                0x1000953c      0x4c8 c:/arc_gnu/bin/../lib/gcc/arc-elf32/7.1.1/arcem\libgcc.a(_udivdi3.o)
                0x1000953c                __udivdi3
 .text          0x10009a04        0x0 c:/arc_gnu/bin/../lib/gcc/arc-elf32/7.1.1/arcem\libgcc.a(_umoddi3.o)
 .text.__umoddi3
                0x10009a04      0x448 c:/arc_gnu/bin/../lib/gcc/arc-elf32/7.1.1/arcem\libgcc.a(_umoddi3.o)
                0x10009a04                __umoddi3
 .text          0x10009e4c        0x0 c:/arc_gnu/bin/../lib/gcc/arc-elf32/7.1.1/arcem\libgcc.a(dp-bit.o)
 .text._fpadd_parts
                0x10009e4c      0x2f0 c:/arc_gnu/bin/../lib/gcc/arc-elf32/7.1.1/arcem\libgcc.a(dp-bit.o)
 .text.__pack_d
                0x1000a13c      0x1bc c:/arc_gnu/bin/../lib/gcc/arc-elf32/7.1.1/arcem\libgcc.a(dp-bit.o)
                0x1000a13c                __pack_d
 .text.__unpack_d
                0x1000a2f8       0xd0 c:/arc_gnu/bin/../lib/gcc/arc-elf32/7.1.1/arcem\libgcc.a(dp-bit.o)
                0x1000a2f8                __unpack_d
 .text.__adddf3
                0x1000a3c8       0x34 c:/arc_gnu/bin/../lib/gcc/arc-elf32/7.1.1/arcem\libgcc.a(dp-bit.o)
                0x1000a3c8                __adddf3
 .text.__subdf3
                0x1000a3fc       0x3c c:/arc_gnu/bin/../lib/gcc/arc-elf32/7.1.1/arcem\libgcc.a(dp-bit.o)
                0x1000a3fc                __subdf3
 .text.__muldf3
                0x1000a438      0x23c c:/arc_gnu/bin/../lib/gcc/arc-elf32/7.1.1/arcem\libgcc.a(dp-bit.o)
                0x1000a438                __muldf3
 .text.__divdf3
                0x1000a674      0x170 c:/arc_gnu/bin/../lib/gcc/arc-elf32/7.1.1/arcem\libgcc.a(dp-bit.o)
                0x1000a674                __divdf3
 .text.__fpcmp_parts_d
                0x1000a7e4       0xa8 c:/arc_gnu/bin/../lib/gcc/arc-elf32/7.1.1/arcem\libgcc.a(dp-bit.o)
                0x1000a7e4                __fpcmp_parts_d
 .text.__cmpdf2
                0x1000a88c       0x2c c:/arc_gnu/bin/../lib/gcc/arc-elf32/7.1.1/arcem\libgcc.a(dp-bit.o)
                0x1000a88c                __cmpdf2
 .text.__eqdf2  0x1000a8b8       0x44 c:/arc_gnu/bin/../lib/gcc/arc-elf32/7.1.1/arcem\libgcc.a(dp-bit.o)
                0x1000a8b8                __eqdf2
 .text.__nedf2  0x1000a8fc        0x4 c:/arc_gnu/bin/../lib/gcc/arc-elf32/7.1.1/arcem\libgcc.a(dp-bit.o)
                0x1000a8fc                __nedf2
 .text.__gtdf2  0x1000a900       0x44 c:/arc_gnu/bin/../lib/gcc/arc-elf32/7.1.1/arcem\libgcc.a(dp-bit.o)
                0x1000a900                __gtdf2
 .text.__gedf2  0x1000a944        0x4 c:/arc_gnu/bin/../lib/gcc/arc-elf32/7.1.1/arcem\libgcc.a(dp-bit.o)
                0x1000a944                __gedf2
 .text.__ltdf2  0x1000a948        0x4 c:/arc_gnu/bin/../lib/gcc/arc-elf32/7.1.1/arcem\libgcc.a(dp-bit.o)
                0x1000a948                __ltdf2
 .text.__ledf2  0x1000a94c        0x4 c:/arc_gnu/bin/../lib/gcc/arc-elf32/7.1.1/arcem\libgcc.a(dp-bit.o)
                0x1000a94c                __ledf2
 .text.__unorddf2
                0x1000a950       0x3c c:/arc_gnu/bin/../lib/gcc/arc-elf32/7.1.1/arcem\libgcc.a(dp-bit.o)
                0x1000a950                __unorddf2
 .text.__floatsidf
                0x1000a98c       0x88 c:/arc_gnu/bin/../lib/gcc/arc-elf32/7.1.1/arcem\libgcc.a(dp-bit.o)
                0x1000a98c                __floatsidf
 .text.__floatunsidf
                0x1000aa14       0x64 c:/arc_gnu/bin/../lib/gcc/arc-elf32/7.1.1/arcem\libgcc.a(dp-bit.o)
                0x1000aa14                __floatunsidf
 .text.__fixdfsi
                0x1000aa78       0x94 c:/arc_gnu/bin/../lib/gcc/arc-elf32/7.1.1/arcem\libgcc.a(dp-bit.o)
                0x1000aa78                __fixdfsi
 .text.__fixunsdfsi
                0x1000ab0c       0x68 c:/arc_gnu/bin/../lib/gcc/arc-elf32/7.1.1/arcem\libgcc.a(dp-bit.o)
                0x1000ab0c                __fixunsdfsi
 .text.__negdf2
                0x1000ab74       0x28 c:/arc_gnu/bin/../lib/gcc/arc-elf32/7.1.1/arcem\libgcc.a(dp-bit.o)
                0x1000ab74                __negdf2
 .text.__make_dp
                0x1000ab9c       0x20 c:/arc_gnu/bin/../lib/gcc/arc-elf32/7.1.1/arcem\libgcc.a(dp-bit.o)
                0x1000ab9c                __make_dp
 .text.__truncdfsf2
                0x1000abbc       0x38 c:/arc_gnu/bin/../lib/gcc/arc-elf32/7.1.1/arcem\libgcc.a(dp-bit.o)
                0x1000abbc                __truncdfsf2
 .text          0x1000abf4       0x1c c:/arc_gnu/bin/../lib/gcc/arc-elf32/7.1.1/arcem\libgcc.a(_divsi3.o)
                0x1000abf4                __divsi3
 .text          0x1000ac10       0x10 c:/arc_gnu/bin/../lib/gcc/arc-elf32/7.1.1/arcem\libgcc.a(_umodsi3.o)
                0x1000ac10                __umodsi3
 .text          0x1000ac20       0x30 c:/arc_gnu/bin/../lib/gcc/arc-elf32/7.1.1/arcem\libgcc.a(_clzsi2.o)
                0x1000ac20                __clzsi2
 .text          0x1000ac50        0x0 c:/arc_gnu/bin/../lib/gcc/arc-elf32/7.1.1/arcem\libgcc.a(_clz.o)
 .text          0x1000ac50        0x0 c:/arc_gnu/bin/../lib/gcc/arc-elf32/7.1.1/arcem\libgcc.a(fp-bit.o)
 .text._fpadd_parts
                0x1000ac50      0x174 c:/arc_gnu/bin/../lib/gcc/arc-elf32/7.1.1/arcem\libgcc.a(fp-bit.o)
 .text.__pack_f
                0x1000adc4      0x100 c:/arc_gnu/bin/../lib/gcc/arc-elf32/7.1.1/arcem\libgcc.a(fp-bit.o)
                0x1000adc4                __pack_f
 .text.__unpack_f
                0x1000aec4       0x90 c:/arc_gnu/bin/../lib/gcc/arc-elf32/7.1.1/arcem\libgcc.a(fp-bit.o)
                0x1000aec4                __unpack_f
 .text.__addsf3
                0x1000af54       0x34 c:/arc_gnu/bin/../lib/gcc/arc-elf32/7.1.1/arcem\libgcc.a(fp-bit.o)
                0x1000af54                __addsf3
 .text.__subsf3
                0x1000af88       0x3c c:/arc_gnu/bin/../lib/gcc/arc-elf32/7.1.1/arcem\libgcc.a(fp-bit.o)
                0x1000af88                __subsf3
 .text.__mulsf3
                0x1000afc4      0x14c c:/arc_gnu/bin/../lib/gcc/arc-elf32/7.1.1/arcem\libgcc.a(fp-bit.o)
                0x1000afc4                __mulsf3
 .text.__divsf3
                0x1000b110      0x104 c:/arc_gnu/bin/../lib/gcc/arc-elf32/7.1.1/arcem\libgcc.a(fp-bit.o)
                0x1000b110                __divsf3
 .text.__fpcmp_parts_f
                0x1000b214       0x90 c:/arc_gnu/bin/../lib/gcc/arc-elf32/7.1.1/arcem\libgcc.a(fp-bit.o)
                0x1000b214                __fpcmp_parts_f
 .text.__cmpsf2
                0x1000b2a4       0x2c c:/arc_gnu/bin/../lib/gcc/arc-elf32/7.1.1/arcem\libgcc.a(fp-bit.o)
                0x1000b2a4                __cmpsf2
 .text.__eqsf2  0x1000b2d0       0x44 c:/arc_gnu/bin/../lib/gcc/arc-elf32/7.1.1/arcem\libgcc.a(fp-bit.o)
                0x1000b2d0                __eqsf2
 .text.__nesf2  0x1000b314        0x4 c:/arc_gnu/bin/../lib/gcc/arc-elf32/7.1.1/arcem\libgcc.a(fp-bit.o)
                0x1000b314                __nesf2
 .text.__gtsf2  0x1000b318       0x44 c:/arc_gnu/bin/../lib/gcc/arc-elf32/7.1.1/arcem\libgcc.a(fp-bit.o)
                0x1000b318                __gtsf2
 .text.__gesf2  0x1000b35c        0x4 c:/arc_gnu/bin/../lib/gcc/arc-elf32/7.1.1/arcem\libgcc.a(fp-bit.o)
                0x1000b35c                __gesf2
 .text.__ltsf2  0x1000b360        0x4 c:/arc_gnu/bin/../lib/gcc/arc-elf32/7.1.1/arcem\libgcc.a(fp-bit.o)
                0x1000b360                __ltsf2
 .text.__lesf2  0x1000b364        0x4 c:/arc_gnu/bin/../lib/gcc/arc-elf32/7.1.1/arcem\libgcc.a(fp-bit.o)
                0x1000b364                __lesf2
 .text.__unordsf2
                0x1000b368       0x3c c:/arc_gnu/bin/../lib/gcc/arc-elf32/7.1.1/arcem\libgcc.a(fp-bit.o)
                0x1000b368                __unordsf2
 .text.__floatsisf
                0x1000b3a4       0x84 c:/arc_gnu/bin/../lib/gcc/arc-elf32/7.1.1/arcem\libgcc.a(fp-bit.o)
                0x1000b3a4                __floatsisf
 .text.__floatunsisf
                0x1000b428       0x68 c:/arc_gnu/bin/../lib/gcc/arc-elf32/7.1.1/arcem\libgcc.a(fp-bit.o)
                0x1000b428                __floatunsisf
 .text.__fixsfsi
                0x1000b490       0x74 c:/arc_gnu/bin/../lib/gcc/arc-elf32/7.1.1/arcem\libgcc.a(fp-bit.o)
                0x1000b490                __fixsfsi
 .text.__negsf2
                0x1000b504       0x28 c:/arc_gnu/bin/../lib/gcc/arc-elf32/7.1.1/arcem\libgcc.a(fp-bit.o)
                0x1000b504                __negsf2
 .text.__make_fp
                0x1000b52c       0x1c c:/arc_gnu/bin/../lib/gcc/arc-elf32/7.1.1/arcem\libgcc.a(fp-bit.o)
                0x1000b52c                __make_fp
 .text.__extendsfdf2
                0x1000b548       0x30 c:/arc_gnu/bin/../lib/gcc/arc-elf32/7.1.1/arcem\libgcc.a(fp-bit.o)
                0x1000b548                __extendsfdf2
 .text          0x1000b578       0x40 obj_emsk_22/gnu_arcem7d/library/clib/embarc_sbrk.o
                0x1000b578                _sbrk
 .text          0x1000b5b8        0x4 c:/arc_gnu/bin/../lib/gcc/arc-elf32/7.1.1/../../../../arc-elf32/lib/arcem\libc.a(lib_a-errno.o)
                0x1000b5b8                __errno
                0x1000b5bc                _e_text = .

.rodata         0x1000b5bc      0xd40
                0x1000b5bc                _f_rodata = .
 *(.rodata .rodata.* .gnu.linkonce.r.*)
 .rodata.str1.4
                0x1000b5bc       0x36 obj_emsk_22/gnu_arcem7d/main.o
                                 0x38 (size before relaxing)
 *fill*         0x1000b5f2        0x2 
 .rodata.str1.4
                0x1000b5f4        0x5 obj_emsk_22/gnu_arcem7d/board.o
                                  0x8 (size before relaxing)
 *fill*         0x1000b5f9        0x3 
 .rodata        0x1000b5fc       0x10 obj_emsk_22/gnu_arcem7d/emsk/dw_gpio_obj.o
 .rodata.str1.4
                0x1000b60c      0x320 obj_emsk_22/gnu_arcem7d/middleware/common/console_io.o
 .rodata        0x1000b92c       0x5c obj_emsk_22/gnu_arcem7d/middleware/common/xprintf.o
 .rodata.str1.4
                0x1000b988       0x1f obj_emsk_22/gnu_arcem7d/middleware/common/xprintf.o
                                 0x20 (size before relaxing)
 *fill*         0x1000b9a7        0x1 
 .rodata.str1.4
                0x1000b9a8      0x185 obj_emsk_22/gnu_arcem7d/arc/arc_exception.o
                                0x188 (size before relaxing)
 *fill*         0x1000bb2d        0x3 
 .rodata        0x1000bb30       0x40 obj_emsk_22/gnu_arcem7d/arc/arc_exception.o
 .rodata        0x1000bb70       0x94 obj_emsk_22/gnu_arcem7d/emsk/dw_uart.o
                0x1000bbf4                dw_uart_stopbits
                0x1000bbf8                dw_uart_parity
                0x1000bc00                dw_uart_databits
 .rodata        0x1000bc04       0x2c obj_emsk_22/gnu_arcem7d/emsk/dw_gpio.o
 .rodata.str1.4
                0x1000bc30       0x42 c:/arc_gnu/bin/../lib/gcc/arc-elf32/7.1.1/../../../../arc-elf32/lib/arcem\libc.a(lib_a-svfprintf.o)
                                 0x44 (size before relaxing)
 *fill*         0x1000bc72        0x2 
 .rodata        0x1000bc74      0x184 c:/arc_gnu/bin/../lib/gcc/arc-elf32/7.1.1/../../../../arc-elf32/lib/arcem\libc.a(lib_a-svfprintf.o)
 .rodata.str1.4
                0x1000bdf8       0x10 c:/arc_gnu/bin/../lib/gcc/arc-elf32/7.1.1/../../../../arc-elf32/lib/arcem\libc.a(lib_a-dtoa.o)
                                 0x14 (size before relaxing)
 .rodata        0x1000be08       0x10 c:/arc_gnu/bin/../lib/gcc/arc-elf32/7.1.1/../../../../arc-elf32/lib/arcem\libc.a(lib_a-dtoa.o)
 .rodata        0x1000be18        0x4 c:/arc_gnu/bin/../lib/gcc/arc-elf32/7.1.1/../../../../arc-elf32/lib/arcem\libc.a(lib_a-impure.o)
                0x1000be18                _global_impure_ptr
 .rodata        0x1000be1c      0x124 c:/arc_gnu/bin/../lib/gcc/arc-elf32/7.1.1/../../../../arc-elf32/lib/arcem\libc.a(lib_a-mprec.o)
                0x1000be28                __mprec_tinytens
                0x1000be50                __mprec_bigtens
                0x1000be78                __mprec_tens
 .rodata.str1.4
                0x1000bf40       0x30 c:/arc_gnu/bin/../lib/gcc/arc-elf32/7.1.1/../../../../arc-elf32/lib/arcem\libc.a(lib_a-svfiprintf.o)
 .rodata        0x1000bf40      0x184 c:/arc_gnu/bin/../lib/gcc/arc-elf32/7.1.1/../../../../arc-elf32/lib/arcem\libc.a(lib_a-svfiprintf.o)
 .rodata.str1.4
                0x1000c0c4       0x10 c:/arc_gnu/bin/../lib/gcc/arc-elf32/7.1.1/../../../../arc-elf32/lib/arcem\libc.a(lib_a-locale.o)
                                 0x14 (size before relaxing)
 .rodata        0x1000c0d4      0x104 c:/arc_gnu/bin/../lib/gcc/arc-elf32/7.1.1/../../../../arc-elf32/lib/arcem\libc.a(lib_a-ctype_.o)
                0x1000c0d4                _ctype_
 .rodata.__thenan_df
                0x1000c1d8       0x14 c:/arc_gnu/bin/../lib/gcc/arc-elf32/7.1.1/arcem\libgcc.a(dp-bit.o)
                0x1000c1d8                __thenan_df
 .rodata.__clz_tab
                0x1000c1ec      0x100 c:/arc_gnu/bin/../lib/gcc/arc-elf32/7.1.1/arcem\libgcc.a(_clz.o)
                0x1000c1ec                __clz_tab
 .rodata.__thenan_sf
                0x1000c2ec       0x10 c:/arc_gnu/bin/../lib/gcc/arc-elf32/7.1.1/arcem\libgcc.a(fp-bit.o)
                0x1000c2ec                __thenan_sf
                0x1000c2fc                _e_rodata = .

.vector         0x1000c400      0x400
                0x1000c400                _f_vector = .
 *(.vector)
 .vector        0x1000c400      0x400 obj_emsk_22/gnu_arcem7d/arc/arc_exception.o
                0x1000c400                exc_entry_table
                0x1000c800                _e_vector = .
                0x1000c800                . = ALIGN (0x4)

.data           0x1000c800      0xa70
                0x1000c800                _f_data = .
 *(.data .data.* .gnu.linkonce.d.*)
 .data          0x1000c800        0x0 obj_emsk_22/gnu_arcem7d/main.o
 .data          0x1000c800        0x8 obj_emsk_22/gnu_arcem7d/board.o
                0x1000c800                s_main_args
 .data          0x1000c808        0x0 obj_emsk_22/gnu_arcem7d/emsk/emsk_init.o
 .data          0x1000c808        0x0 obj_emsk_22/gnu_arcem7d/emsk/emsk_timer.o
 .data          0x1000c808        0x0 obj_emsk_22/gnu_arcem7d/emsk/mux.o
 .data          0x1000c808       0x38 obj_emsk_22/gnu_arcem7d/emsk/dw_uart_obj.o
                0x1000c808                dw_uart_1_ctrl
                0x1000c824                dw_uart_0_ctrl
 .data          0x1000c840        0x0 obj_emsk_22/gnu_arcem7d/emsk/emsk_gpio.o
 .data          0x1000c840        0x8 obj_emsk_22/gnu_arcem7d/emsk/dw_gpio_obj.o
 .data          0x1000c848        0x0 obj_emsk_22/gnu_arcem7d/emsk/emsk_sdcard.o
 .data          0x1000c848        0x0 obj_emsk_22/gnu_arcem7d/middleware/common/console_io.o
 .data          0x1000c848        0x0 obj_emsk_22/gnu_arcem7d/middleware/common/xprintf.o
 .data          0x1000c848        0x0 obj_emsk_22/gnu_arcem7d/arc/arc_timer.o
 .data          0x1000c848       0x90 obj_emsk_22/gnu_arcem7d/arc/arc_exception.o
                0x1000c848                exc_int_handler_table
 .data          0x1000c8d8        0x0 obj_emsk_22/gnu_arcem7d/arc/arc_startup.o
 .data          0x1000c8d8        0x0 obj_emsk_22/gnu_arcem7d/arc/arc_exc_asm.o
 .data          0x1000c8d8        0x0 obj_emsk_22/gnu_arcem7d/library/clib/embarc_misc.o
 .data          0x1000c8d8        0x0 obj_emsk_22/gnu_arcem7d/emsk/dw_uart.o
 .data          0x1000c8d8        0x0 obj_emsk_22/gnu_arcem7d/emsk/dw_gpio.o
 .data          0x1000c8d8        0x0 obj_emsk_22/gnu_arcem7d/arc/arc_cache.o
 .data          0x1000c8d8        0x0 c:/arc_gnu/bin/../lib/gcc/arc-elf32/7.1.1/../../../../arc-elf32/lib/arcem\libc.a(lib_a-sprintf.o)
 .data          0x1000c8d8        0x0 c:/arc_gnu/bin/../lib/gcc/arc-elf32/7.1.1/../../../../arc-elf32/lib/arcem\libc.a(lib_a-strstr.o)
 .data          0x1000c8d8        0x0 c:/arc_gnu/bin/../lib/gcc/arc-elf32/7.1.1/../../../../arc-elf32/lib/arcem\libc.a(lib_a-svfprintf.o)
 .data          0x1000c8d8        0x0 c:/arc_gnu/bin/../lib/gcc/arc-elf32/7.1.1/../../../../arc-elf32/lib/arcem\libc.a(lib_a-dtoa.o)
 .data          0x1000c8d8      0x424 c:/arc_gnu/bin/../lib/gcc/arc-elf32/7.1.1/../../../../arc-elf32/lib/arcem\libc.a(lib_a-impure.o)
 .data          0x1000ccfc        0x0 c:/arc_gnu/bin/../lib/gcc/arc-elf32/7.1.1/../../../../arc-elf32/lib/arcem\libc.a(lib_a-localeconv.o)
 .data          0x1000ccfc      0x408 c:/arc_gnu/bin/../lib/gcc/arc-elf32/7.1.1/../../../../arc-elf32/lib/arcem\libc.a(lib_a-mallocr.o)
                0x1000ccfc                __malloc_av_
 .data          0x1000d104        0x0 c:/arc_gnu/bin/../lib/gcc/arc-elf32/7.1.1/../../../../arc-elf32/lib/arcem\libc.a(lib_a-memchr.o)
 .data          0x1000d104        0x0 c:/arc_gnu/bin/../lib/gcc/arc-elf32/7.1.1/../../../../arc-elf32/lib/arcem\libc.a(lib_a-memcmp.o)
 .data          0x1000d104        0x0 c:/arc_gnu/bin/../lib/gcc/arc-elf32/7.1.1/../../../../arc-elf32/lib/arcem\libc.a(lib_a-memcpy-bs.o)
 .data          0x1000d104        0x0 c:/arc_gnu/bin/../lib/gcc/arc-elf32/7.1.1/../../../../arc-elf32/lib/arcem\libc.a(lib_a-mlock.o)
 .data          0x1000d104        0x0 c:/arc_gnu/bin/../lib/gcc/arc-elf32/7.1.1/../../../../arc-elf32/lib/arcem\libc.a(lib_a-mprec.o)
 .data          0x1000d104        0x0 c:/arc_gnu/bin/../lib/gcc/arc-elf32/7.1.1/../../../../arc-elf32/lib/arcem\libc.a(lib_a-sbrkr.o)
 .data          0x1000d104        0x0 c:/arc_gnu/bin/../lib/gcc/arc-elf32/7.1.1/../../../../arc-elf32/lib/arcem\libc.a(lib_a-strchr-bs.o)
 .data          0x1000d104        0x0 c:/arc_gnu/bin/../lib/gcc/arc-elf32/7.1.1/../../../../arc-elf32/lib/arcem\libc.a(lib_a-strlen-bs.o)
 .data          0x1000d104        0x0 c:/arc_gnu/bin/../lib/gcc/arc-elf32/7.1.1/../../../../arc-elf32/lib/arcem\libc.a(lib_a-svfiprintf.o)
 .data          0x1000d104        0x0 c:/arc_gnu/bin/../lib/gcc/arc-elf32/7.1.1/../../../../arc-elf32/lib/arcem\libc.a(lib_a-callocr.o)
 .data          0x1000d104        0x0 c:/arc_gnu/bin/../lib/gcc/arc-elf32/7.1.1/../../../../arc-elf32/lib/arcem\libc.a(lib_a-freer.o)
 .data          0x1000d104      0x16c c:/arc_gnu/bin/../lib/gcc/arc-elf32/7.1.1/../../../../arc-elf32/lib/arcem\libc.a(lib_a-locale.o)
                0x1000d104                __global_locale
 .data          0x1000d270        0x0 c:/arc_gnu/bin/../lib/gcc/arc-elf32/7.1.1/../../../../arc-elf32/lib/arcem\libc.a(lib_a-mbtowc_r.o)
 .data          0x1000d270        0x0 c:/arc_gnu/bin/../lib/gcc/arc-elf32/7.1.1/../../../../arc-elf32/lib/arcem\libc.a(lib_a-memmove.o)
 .data          0x1000d270        0x0 c:/arc_gnu/bin/../lib/gcc/arc-elf32/7.1.1/../../../../arc-elf32/lib/arcem\libc.a(lib_a-memset-bs.o)
 .data          0x1000d270        0x0 c:/arc_gnu/bin/../lib/gcc/arc-elf32/7.1.1/../../../../arc-elf32/lib/arcem\libc.a(lib_a-reallocr.o)
 .data          0x1000d270        0x0 c:/arc_gnu/bin/../lib/gcc/arc-elf32/7.1.1/../../../../arc-elf32/lib/arcem\libc.a(lib_a-reent.o)
 .data          0x1000d270        0x0 c:/arc_gnu/bin/../lib/gcc/arc-elf32/7.1.1/../../../../arc-elf32/lib/arcem\libc.a(lib_a-strcmp.o)
 .data          0x1000d270        0x0 c:/arc_gnu/bin/../lib/gcc/arc-elf32/7.1.1/../../../../arc-elf32/lib/arcem\libc.a(lib_a-wctomb_r.o)
 .data          0x1000d270        0x0 c:/arc_gnu/bin/../lib/gcc/arc-elf32/7.1.1/../../../../arc-elf32/lib/arcem\libc.a(lib_a-ctype_.o)
 .data          0x1000d270        0x0 c:/arc_gnu/bin/../lib/gcc/arc-elf32/7.1.1/arcem\libgcc.a(_udivsi3.o)
 .data          0x1000d270        0x0 c:/arc_gnu/bin/../lib/gcc/arc-elf32/7.1.1/arcem\libgcc.a(_divmod_tools.o)
 .data          0x1000d270        0x0 c:/arc_gnu/bin/../lib/gcc/arc-elf32/7.1.1/arcem\libgcc.a(_divdi3.o)
 .data          0x1000d270        0x0 c:/arc_gnu/bin/../lib/gcc/arc-elf32/7.1.1/arcem\libgcc.a(_udivdi3.o)
 .data          0x1000d270        0x0 c:/arc_gnu/bin/../lib/gcc/arc-elf32/7.1.1/arcem\libgcc.a(_umoddi3.o)
 .data          0x1000d270        0x0 c:/arc_gnu/bin/../lib/gcc/arc-elf32/7.1.1/arcem\libgcc.a(dp-bit.o)
 .data          0x1000d270        0x0 c:/arc_gnu/bin/../lib/gcc/arc-elf32/7.1.1/arcem\libgcc.a(_divsi3.o)
 .data          0x1000d270        0x0 c:/arc_gnu/bin/../lib/gcc/arc-elf32/7.1.1/arcem\libgcc.a(_umodsi3.o)
 .data          0x1000d270        0x0 c:/arc_gnu/bin/../lib/gcc/arc-elf32/7.1.1/arcem\libgcc.a(_clzsi2.o)
 .data          0x1000d270        0x0 c:/arc_gnu/bin/../lib/gcc/arc-elf32/7.1.1/arcem\libgcc.a(_clz.o)
 .data          0x1000d270        0x0 c:/arc_gnu/bin/../lib/gcc/arc-elf32/7.1.1/arcem\libgcc.a(fp-bit.o)
 .data          0x1000d270        0x0 obj_emsk_22/gnu_arcem7d/library/clib/embarc_sbrk.o
 .data          0x1000d270        0x0 c:/arc_gnu/bin/../lib/gcc/arc-elf32/7.1.1/../../../../arc-elf32/lib/arcem\libc.a(lib_a-errno.o)
                0x1000d270                . = ALIGN (0x4)

.sdata          0x1000d270        0xc
                0x1000d270                _f_sdata = .
                0x1000d270                __SDATA_BEGIN__ = .
 *(.sdata .sdata.* .gnu.linkonce.s.*)
 .sdata         0x1000d270        0x4 c:/arc_gnu/bin/../lib/gcc/arc-elf32/7.1.1/../../../../arc-elf32/lib/arcem\libc.a(lib_a-impure.o)
                0x1000d270                _impure_ptr
 .sdata         0x1000d274        0x8 c:/arc_gnu/bin/../lib/gcc/arc-elf32/7.1.1/../../../../arc-elf32/lib/arcem\libc.a(lib_a-mallocr.o)
                0x1000d274                __malloc_sbrk_base
                0x1000d278                __malloc_trim_threshold
                0x1000d27c                _e_sdata = .
                0x1000d27c                _e_data = .

.sbss           0x1000d280       0x14
                [!provide]                PROVIDE (__sbss_start, .)
                [!provide]                PROVIDE (___sbss_start, .)
                0x1000d280                _f_bss = .
                0x1000d280                _f_sbss = .
 *(.dynsbss)
 *(.sbss .sbss.* .gnu.linkonce.sb.*)
 .sbss          0x1000d280        0xc c:/arc_gnu/bin/../lib/gcc/arc-elf32/7.1.1/../../../../arc-elf32/lib/arcem\libc.a(lib_a-mallocr.o)
                0x1000d280                __malloc_max_total_mem
                0x1000d284                __malloc_max_sbrked_mem
                0x1000d288                __malloc_top_pad
 .sbss          0x1000d28c        0x4 c:/arc_gnu/bin/../lib/gcc/arc-elf32/7.1.1/../../../../arc-elf32/lib/arcem\libc.a(lib_a-locale.o)
                0x1000d28c                _PathLocale
 .sbss          0x1000d290        0x4 c:/arc_gnu/bin/../lib/gcc/arc-elf32/7.1.1/../../../../arc-elf32/lib/arcem\libc.a(lib_a-reent.o)
                0x1000d290                errno
 *(.scommon)
                0x1000d294                _e_sbss = .
                [!provide]                PROVIDE (__sbss_end, .)
                [!provide]                PROVIDE (___sbss_end, .)

.bss            0x1000d298      0x2bc
 *(.dynbss)
 *(.bss .bss.* .gnu.linkonce.b.*)
 .bss           0x1000d298        0x4 obj_emsk_22/gnu_arcem7d/main.o
 .bss           0x1000d29c        0x0 obj_emsk_22/gnu_arcem7d/board.o
 .bss           0x1000d29c        0x0 obj_emsk_22/gnu_arcem7d/emsk/emsk_init.o
 .bss           0x1000d29c       0x14 obj_emsk_22/gnu_arcem7d/emsk/emsk_timer.o
                0x1000d2a4                gl_emsk_ms_cnt
                0x1000d2a8                gl_emsk_sys_hz_cnt
 .bss           0x1000d2b0        0x4 obj_emsk_22/gnu_arcem7d/emsk/mux.o
 .bss           0x1000d2b4        0x4 obj_emsk_22/gnu_arcem7d/emsk/dw_uart_obj.o
 .bss           0x1000d2b8        0xc obj_emsk_22/gnu_arcem7d/emsk/emsk_gpio.o
 .bss           0x1000d2c4      0x184 obj_emsk_22/gnu_arcem7d/emsk/dw_gpio_obj.o
 .bss           0x1000d448        0x0 obj_emsk_22/gnu_arcem7d/emsk/emsk_sdcard.o
 .bss           0x1000d448        0x8 obj_emsk_22/gnu_arcem7d/middleware/common/console_io.o
 .bss           0x1000d450        0x4 obj_emsk_22/gnu_arcem7d/middleware/common/xprintf.o
 .bss           0x1000d454        0x0 obj_emsk_22/gnu_arcem7d/arc/arc_timer.o
 .bss           0x1000d454        0x0 obj_emsk_22/gnu_arcem7d/arc/arc_exception.o
 .bss           0x1000d454        0x0 obj_emsk_22/gnu_arcem7d/arc/arc_startup.o
 .bss           0x1000d454        0x0 obj_emsk_22/gnu_arcem7d/arc/arc_exc_asm.o
 .bss           0x1000d454        0x0 obj_emsk_22/gnu_arcem7d/library/clib/embarc_misc.o
 .bss           0x1000d454        0x0 obj_emsk_22/gnu_arcem7d/emsk/dw_uart.o
 .bss           0x1000d454        0x0 obj_emsk_22/gnu_arcem7d/emsk/dw_gpio.o
 .bss           0x1000d454       0x10 obj_emsk_22/gnu_arcem7d/arc/arc_cache.o
 .bss           0x1000d464        0x0 c:/arc_gnu/bin/../lib/gcc/arc-elf32/7.1.1/../../../../arc-elf32/lib/arcem\libc.a(lib_a-sprintf.o)
 .bss           0x1000d464        0x0 c:/arc_gnu/bin/../lib/gcc/arc-elf32/7.1.1/../../../../arc-elf32/lib/arcem\libc.a(lib_a-strstr.o)
 .bss           0x1000d464        0x0 c:/arc_gnu/bin/../lib/gcc/arc-elf32/7.1.1/../../../../arc-elf32/lib/arcem\libc.a(lib_a-svfprintf.o)
 .bss           0x1000d464        0x0 c:/arc_gnu/bin/../lib/gcc/arc-elf32/7.1.1/../../../../arc-elf32/lib/arcem\libc.a(lib_a-dtoa.o)
 .bss           0x1000d464        0x0 c:/arc_gnu/bin/../lib/gcc/arc-elf32/7.1.1/../../../../arc-elf32/lib/arcem\libc.a(lib_a-impure.o)
 .bss           0x1000d464        0x0 c:/arc_gnu/bin/../lib/gcc/arc-elf32/7.1.1/../../../../arc-elf32/lib/arcem\libc.a(lib_a-localeconv.o)
 .bss           0x1000d464       0x28 c:/arc_gnu/bin/../lib/gcc/arc-elf32/7.1.1/../../../../arc-elf32/lib/arcem\libc.a(lib_a-mallocr.o)
                0x1000d464                __malloc_current_mallinfo
 .bss           0x1000d48c        0x0 c:/arc_gnu/bin/../lib/gcc/arc-elf32/7.1.1/../../../../arc-elf32/lib/arcem\libc.a(lib_a-memchr.o)
 .bss           0x1000d48c        0x0 c:/arc_gnu/bin/../lib/gcc/arc-elf32/7.1.1/../../../../arc-elf32/lib/arcem\libc.a(lib_a-memcmp.o)
 .bss           0x1000d48c        0x0 c:/arc_gnu/bin/../lib/gcc/arc-elf32/7.1.1/../../../../arc-elf32/lib/arcem\libc.a(lib_a-memcpy-bs.o)
 .bss           0x1000d48c        0x0 c:/arc_gnu/bin/../lib/gcc/arc-elf32/7.1.1/../../../../arc-elf32/lib/arcem\libc.a(lib_a-mlock.o)
 .bss           0x1000d48c        0x0 c:/arc_gnu/bin/../lib/gcc/arc-elf32/7.1.1/../../../../arc-elf32/lib/arcem\libc.a(lib_a-mprec.o)
 .bss           0x1000d48c        0x0 c:/arc_gnu/bin/../lib/gcc/arc-elf32/7.1.1/../../../../arc-elf32/lib/arcem\libc.a(lib_a-sbrkr.o)
 .bss           0x1000d48c        0x0 c:/arc_gnu/bin/../lib/gcc/arc-elf32/7.1.1/../../../../arc-elf32/lib/arcem\libc.a(lib_a-strchr-bs.o)
 .bss           0x1000d48c        0x0 c:/arc_gnu/bin/../lib/gcc/arc-elf32/7.1.1/../../../../arc-elf32/lib/arcem\libc.a(lib_a-strlen-bs.o)
 .bss           0x1000d48c        0x0 c:/arc_gnu/bin/../lib/gcc/arc-elf32/7.1.1/../../../../arc-elf32/lib/arcem\libc.a(lib_a-svfiprintf.o)
 .bss           0x1000d48c        0x0 c:/arc_gnu/bin/../lib/gcc/arc-elf32/7.1.1/../../../../arc-elf32/lib/arcem\libc.a(lib_a-callocr.o)
 .bss           0x1000d48c        0x0 c:/arc_gnu/bin/../lib/gcc/arc-elf32/7.1.1/../../../../arc-elf32/lib/arcem\libc.a(lib_a-freer.o)
 .bss           0x1000d48c        0x0 c:/arc_gnu/bin/../lib/gcc/arc-elf32/7.1.1/../../../../arc-elf32/lib/arcem\libc.a(lib_a-locale.o)
 .bss           0x1000d48c        0x0 c:/arc_gnu/bin/../lib/gcc/arc-elf32/7.1.1/../../../../arc-elf32/lib/arcem\libc.a(lib_a-mbtowc_r.o)
 .bss           0x1000d48c        0x0 c:/arc_gnu/bin/../lib/gcc/arc-elf32/7.1.1/../../../../arc-elf32/lib/arcem\libc.a(lib_a-memmove.o)
 .bss           0x1000d48c        0x0 c:/arc_gnu/bin/../lib/gcc/arc-elf32/7.1.1/../../../../arc-elf32/lib/arcem\libc.a(lib_a-memset-bs.o)
 .bss           0x1000d48c        0x0 c:/arc_gnu/bin/../lib/gcc/arc-elf32/7.1.1/../../../../arc-elf32/lib/arcem\libc.a(lib_a-reallocr.o)
 .bss           0x1000d48c        0x0 c:/arc_gnu/bin/../lib/gcc/arc-elf32/7.1.1/../../../../arc-elf32/lib/arcem\libc.a(lib_a-reent.o)
 .bss           0x1000d48c        0x0 c:/arc_gnu/bin/../lib/gcc/arc-elf32/7.1.1/../../../../arc-elf32/lib/arcem\libc.a(lib_a-strcmp.o)
 .bss           0x1000d48c        0x0 c:/arc_gnu/bin/../lib/gcc/arc-elf32/7.1.1/../../../../arc-elf32/lib/arcem\libc.a(lib_a-wctomb_r.o)
 .bss           0x1000d48c        0x0 c:/arc_gnu/bin/../lib/gcc/arc-elf32/7.1.1/../../../../arc-elf32/lib/arcem\libc.a(lib_a-ctype_.o)
 .bss           0x1000d48c        0x0 c:/arc_gnu/bin/../lib/gcc/arc-elf32/7.1.1/arcem\libgcc.a(_udivsi3.o)
 .bss           0x1000d48c        0x0 c:/arc_gnu/bin/../lib/gcc/arc-elf32/7.1.1/arcem\libgcc.a(_divmod_tools.o)
 .bss           0x1000d48c        0x0 c:/arc_gnu/bin/../lib/gcc/arc-elf32/7.1.1/arcem\libgcc.a(_divdi3.o)
 .bss           0x1000d48c        0x0 c:/arc_gnu/bin/../lib/gcc/arc-elf32/7.1.1/arcem\libgcc.a(_udivdi3.o)
 .bss           0x1000d48c        0x0 c:/arc_gnu/bin/../lib/gcc/arc-elf32/7.1.1/arcem\libgcc.a(_umoddi3.o)
 .bss           0x1000d48c        0x0 c:/arc_gnu/bin/../lib/gcc/arc-elf32/7.1.1/arcem\libgcc.a(dp-bit.o)
 .bss           0x1000d48c        0x0 c:/arc_gnu/bin/../lib/gcc/arc-elf32/7.1.1/arcem\libgcc.a(_divsi3.o)
 .bss           0x1000d48c        0x0 c:/arc_gnu/bin/../lib/gcc/arc-elf32/7.1.1/arcem\libgcc.a(_umodsi3.o)
 .bss           0x1000d48c        0x0 c:/arc_gnu/bin/../lib/gcc/arc-elf32/7.1.1/arcem\libgcc.a(_clzsi2.o)
 .bss           0x1000d48c        0x0 c:/arc_gnu/bin/../lib/gcc/arc-elf32/7.1.1/arcem\libgcc.a(_clz.o)
 .bss           0x1000d48c        0x0 c:/arc_gnu/bin/../lib/gcc/arc-elf32/7.1.1/arcem\libgcc.a(fp-bit.o)
 .bss           0x1000d48c        0x4 obj_emsk_22/gnu_arcem7d/library/clib/embarc_sbrk.o
 .bss           0x1000d490        0x0 c:/arc_gnu/bin/../lib/gcc/arc-elf32/7.1.1/../../../../arc-elf32/lib/arcem\libc.a(lib_a-errno.o)
 *(COMMON)
 COMMON         0x1000d490       0xb8 obj_emsk_22/gnu_arcem7d/emsk/dw_uart_obj.o
                0x1000d490                dw_uart_0
                0x1000d4ec                dw_uart_1
 COMMON         0x1000d548        0x8 obj_emsk_22/gnu_arcem7d/middleware/common/xprintf.o
                0x1000d548                xfunc_in
                0x1000d54c                xfunc_out
 COMMON         0x1000d550        0x4 obj_emsk_22/gnu_arcem7d/arc/arc_exception.o
                0x1000d550                exc_nest_count
                0x1000d554                _e_bss = .

.stack          0x1000d554     0x2000
                0x1000d554                . = ALIGN (0x4)
                0x1000d554                _f_stack = .
                0x1000e554                . = (. + DEFINED (_STACKSIZE)?_STACKSIZE:0x1000)
 *fill*         0x1000d554     0x2000 
                0x1000f554                _e_stack = .

.heap           0x1000f554     0x2000
                0x1000f554                . = ALIGN (0x4)
                0x1000f554                __start_heap = .
                0x1000f554                _f_heap = .
                0x10010554                . = (. + DEFINED (_HEAPSIZE)?_HEAPSIZE:0x1000)
 *fill*         0x1000f554     0x2000 
                0x10011554                _e_heap = .
                0x10011554                __end_heap = .
                0x10000198                _load_addr_text = LOADADDR (.text)
                0x1000b5bc                _load_addr_rodata = LOADADDR (.rodata)
                0x1000c800                _load_addr_data = LOADADDR (.data)
LOAD obj_emsk_22/gnu_arcem7d/main.o
LOAD obj_emsk_22/gnu_arcem7d/board.o
START GROUP
LOAD obj_emsk_22/gnu_arcem7d/libembarc.a
LOAD c:/arc_gnu/bin/../lib/gcc/arc-elf32/7.1.1/../../../../arc-elf32/lib/arcem\libm.a
LOAD c:/arc_gnu/bin/../lib/gcc/arc-elf32/7.1.1/../../../../arc-elf32/lib/arcem\libc.a
LOAD c:/arc_gnu/bin/../lib/gcc/arc-elf32/7.1.1/arcem\libgcc.a
END GROUP
START GROUP
LOAD c:/arc_gnu/bin/../lib/gcc/arc-elf32/7.1.1/arcem\libgcc.a
LOAD c:/arc_gnu/bin/../lib/gcc/arc-elf32/7.1.1/../../../../arc-elf32/lib/arcem\libc.a
LOAD c:/arc_gnu/bin/../lib/gcc/arc-elf32/7.1.1/../../../../arc-elf32/lib/arcem\libnosys.a
END GROUP
OUTPUT(obj_emsk_22/gnu_arcem7d/ble_gnu_arcem7d.elf elf32-littlearc)

.debug_info     0x00000000     0xbbaa
 .debug_info    0x00000000      0xeb3 obj_emsk_22/gnu_arcem7d/main.o
 .debug_info    0x00000eb3      0xcb3 obj_emsk_22/gnu_arcem7d/board.o
 .debug_info    0x00001b66      0x3d6 obj_emsk_22/gnu_arcem7d/emsk/emsk_init.o
 .debug_info    0x00001f3c      0x648 obj_emsk_22/gnu_arcem7d/emsk/emsk_timer.o
 .debug_info    0x00002584      0x227 obj_emsk_22/gnu_arcem7d/emsk/mux.o
 .debug_info    0x000027ab      0xaa5 obj_emsk_22/gnu_arcem7d/emsk/dw_uart_obj.o
 .debug_info    0x00003250      0x75e obj_emsk_22/gnu_arcem7d/emsk/emsk_gpio.o
 .debug_info    0x000039ae     0x102f obj_emsk_22/gnu_arcem7d/emsk/dw_gpio_obj.o
 .debug_info    0x000049dd       0x7d obj_emsk_22/gnu_arcem7d/emsk/emsk_sdcard.o
 .debug_info    0x00004a5a      0xf66 obj_emsk_22/gnu_arcem7d/middleware/common/console_io.o
 .debug_info    0x000059c0      0x796 obj_emsk_22/gnu_arcem7d/middleware/common/xprintf.o
 .debug_info    0x00006156      0x367 obj_emsk_22/gnu_arcem7d/arc/arc_timer.o
 .debug_info    0x000064bd      0x811 obj_emsk_22/gnu_arcem7d/arc/arc_exception.o
 .debug_info    0x00006cce       0x26 obj_emsk_22/gnu_arcem7d/arc/arc_startup.o
 .debug_info    0x00006cf4       0x26 obj_emsk_22/gnu_arcem7d/arc/arc_exc_asm.o
 .debug_info    0x00006d1a      0x947 obj_emsk_22/gnu_arcem7d/library/clib/embarc_misc.o
 .debug_info    0x00007661     0x1fde obj_emsk_22/gnu_arcem7d/emsk/dw_uart.o
 .debug_info    0x0000963f     0x129b obj_emsk_22/gnu_arcem7d/emsk/dw_gpio.o
 .debug_info    0x0000a8da      0x947 obj_emsk_22/gnu_arcem7d/arc/arc_cache.o
 .debug_info    0x0000b221      0x989 obj_emsk_22/gnu_arcem7d/library/clib/embarc_sbrk.o

.debug_abbrev   0x00000000     0x2db5
 .debug_abbrev  0x00000000      0x2c1 obj_emsk_22/gnu_arcem7d/main.o
 .debug_abbrev  0x000002c1      0x305 obj_emsk_22/gnu_arcem7d/board.o
 .debug_abbrev  0x000005c6      0x1e2 obj_emsk_22/gnu_arcem7d/emsk/emsk_init.o
 .debug_abbrev  0x000007a8      0x331 obj_emsk_22/gnu_arcem7d/emsk/emsk_timer.o
 .debug_abbrev  0x00000ad9       0xeb obj_emsk_22/gnu_arcem7d/emsk/mux.o
 .debug_abbrev  0x00000bc4      0x28d obj_emsk_22/gnu_arcem7d/emsk/dw_uart_obj.o
 .debug_abbrev  0x00000e51      0x271 obj_emsk_22/gnu_arcem7d/emsk/emsk_gpio.o
 .debug_abbrev  0x000010c2      0x2ff obj_emsk_22/gnu_arcem7d/emsk/dw_gpio_obj.o
 .debug_abbrev  0x000013c1       0x42 obj_emsk_22/gnu_arcem7d/emsk/emsk_sdcard.o
 .debug_abbrev  0x00001403      0x320 obj_emsk_22/gnu_arcem7d/middleware/common/console_io.o
 .debug_abbrev  0x00001723      0x2a0 obj_emsk_22/gnu_arcem7d/middleware/common/xprintf.o
 .debug_abbrev  0x000019c3      0x186 obj_emsk_22/gnu_arcem7d/arc/arc_timer.o
 .debug_abbrev  0x00001b49      0x346 obj_emsk_22/gnu_arcem7d/arc/arc_exception.o
 .debug_abbrev  0x00001e8f       0x14 obj_emsk_22/gnu_arcem7d/arc/arc_startup.o
 .debug_abbrev  0x00001ea3       0x14 obj_emsk_22/gnu_arcem7d/arc/arc_exc_asm.o
 .debug_abbrev  0x00001eb7      0x1a7 obj_emsk_22/gnu_arcem7d/library/clib/embarc_misc.o
 .debug_abbrev  0x0000205e      0x4bd obj_emsk_22/gnu_arcem7d/emsk/dw_uart.o
 .debug_abbrev  0x0000251b      0x38b obj_emsk_22/gnu_arcem7d/emsk/dw_gpio.o
 .debug_abbrev  0x000028a6      0x316 obj_emsk_22/gnu_arcem7d/arc/arc_cache.o
 .debug_abbrev  0x00002bbc      0x1f9 obj_emsk_22/gnu_arcem7d/library/clib/embarc_sbrk.o

.debug_loc      0x00000000     0x5013
 .debug_loc     0x00000000       0x1f obj_emsk_22/gnu_arcem7d/main.o
 .debug_loc     0x0000001f       0x3a obj_emsk_22/gnu_arcem7d/board.o
 .debug_loc     0x00000059       0x13 obj_emsk_22/gnu_arcem7d/emsk/emsk_init.o
 .debug_loc     0x0000006c      0x14c obj_emsk_22/gnu_arcem7d/emsk/emsk_timer.o
 .debug_loc     0x000001b8       0x84 obj_emsk_22/gnu_arcem7d/emsk/mux.o
 .debug_loc     0x0000023c      0x3b4 obj_emsk_22/gnu_arcem7d/emsk/dw_uart_obj.o
 .debug_loc     0x000005f0      0x182 obj_emsk_22/gnu_arcem7d/emsk/emsk_gpio.o
 .debug_loc     0x00000772      0x5d9 obj_emsk_22/gnu_arcem7d/emsk/dw_gpio_obj.o
 .debug_loc     0x00000d4b       0xc5 obj_emsk_22/gnu_arcem7d/middleware/common/console_io.o
 .debug_loc     0x00000e10      0xd33 obj_emsk_22/gnu_arcem7d/middleware/common/xprintf.o
 .debug_loc     0x00001b43      0x336 obj_emsk_22/gnu_arcem7d/arc/arc_timer.o
 .debug_loc     0x00001e79      0x2e2 obj_emsk_22/gnu_arcem7d/arc/arc_exception.o
 .debug_loc     0x0000215b     0x16ad obj_emsk_22/gnu_arcem7d/emsk/dw_uart.o
 .debug_loc     0x00003808     0x131b obj_emsk_22/gnu_arcem7d/emsk/dw_gpio.o
 .debug_loc     0x00004b23      0x4bc obj_emsk_22/gnu_arcem7d/arc/arc_cache.o
 .debug_loc     0x00004fdf       0x34 obj_emsk_22/gnu_arcem7d/library/clib/embarc_sbrk.o

.debug_aranges  0x00000000      0x288
 .debug_aranges
                0x00000000       0x28 obj_emsk_22/gnu_arcem7d/main.o
 .debug_aranges
                0x00000028       0x20 obj_emsk_22/gnu_arcem7d/board.o
 .debug_aranges
                0x00000048       0x20 obj_emsk_22/gnu_arcem7d/emsk/emsk_init.o
 .debug_aranges
                0x00000068       0x20 obj_emsk_22/gnu_arcem7d/emsk/emsk_timer.o
 .debug_aranges
                0x00000088       0x20 obj_emsk_22/gnu_arcem7d/emsk/mux.o
 .debug_aranges
                0x000000a8       0x20 obj_emsk_22/gnu_arcem7d/emsk/dw_uart_obj.o
 .debug_aranges
                0x000000c8       0x20 obj_emsk_22/gnu_arcem7d/emsk/emsk_gpio.o
 .debug_aranges
                0x000000e8       0x20 obj_emsk_22/gnu_arcem7d/emsk/dw_gpio_obj.o
 .debug_aranges
                0x00000108       0x20 obj_emsk_22/gnu_arcem7d/emsk/emsk_sdcard.o
 .debug_aranges
                0x00000128       0x20 obj_emsk_22/gnu_arcem7d/middleware/common/console_io.o
 .debug_aranges
                0x00000148       0x20 obj_emsk_22/gnu_arcem7d/middleware/common/xprintf.o
 .debug_aranges
                0x00000168       0x20 obj_emsk_22/gnu_arcem7d/arc/arc_timer.o
 .debug_aranges
                0x00000188       0x20 obj_emsk_22/gnu_arcem7d/arc/arc_exception.o
 .debug_aranges
                0x000001a8       0x20 obj_emsk_22/gnu_arcem7d/arc/arc_startup.o
 .debug_aranges
                0x000001c8       0x20 obj_emsk_22/gnu_arcem7d/arc/arc_exc_asm.o
 .debug_aranges
                0x000001e8       0x20 obj_emsk_22/gnu_arcem7d/library/clib/embarc_misc.o
 .debug_aranges
                0x00000208       0x20 obj_emsk_22/gnu_arcem7d/emsk/dw_uart.o
 .debug_aranges
                0x00000228       0x20 obj_emsk_22/gnu_arcem7d/emsk/dw_gpio.o
 .debug_aranges
                0x00000248       0x20 obj_emsk_22/gnu_arcem7d/arc/arc_cache.o
 .debug_aranges
                0x00000268       0x20 obj_emsk_22/gnu_arcem7d/library/clib/embarc_sbrk.o

.debug_ranges   0x00000000      0x4b8
 .debug_ranges  0x00000000       0x18 obj_emsk_22/gnu_arcem7d/main.o
 .debug_ranges  0x00000018       0x38 obj_emsk_22/gnu_arcem7d/emsk/emsk_timer.o
 .debug_ranges  0x00000050       0x20 obj_emsk_22/gnu_arcem7d/emsk/emsk_gpio.o
 .debug_ranges  0x00000070       0x70 obj_emsk_22/gnu_arcem7d/emsk/dw_gpio_obj.o
 .debug_ranges  0x000000e0       0x18 obj_emsk_22/gnu_arcem7d/middleware/common/console_io.o
 .debug_ranges  0x000000f8       0x18 obj_emsk_22/gnu_arcem7d/middleware/common/xprintf.o
 .debug_ranges  0x00000110       0x18 obj_emsk_22/gnu_arcem7d/arc/arc_timer.o
 .debug_ranges  0x00000128      0x198 obj_emsk_22/gnu_arcem7d/emsk/dw_uart.o
 .debug_ranges  0x000002c0      0x138 obj_emsk_22/gnu_arcem7d/emsk/dw_gpio.o
 .debug_ranges  0x000003f8       0xc0 obj_emsk_22/gnu_arcem7d/arc/arc_cache.o

.debug_line     0x00000000     0x27ee
 .debug_line    0x00000000      0x244 obj_emsk_22/gnu_arcem7d/main.o
 .debug_line    0x00000244      0x246 obj_emsk_22/gnu_arcem7d/board.o
 .debug_line    0x0000048a      0x1d5 obj_emsk_22/gnu_arcem7d/emsk/emsk_init.o
 .debug_line    0x0000065f      0x200 obj_emsk_22/gnu_arcem7d/emsk/emsk_timer.o
 .debug_line    0x0000085f       0xe3 obj_emsk_22/gnu_arcem7d/emsk/mux.o
 .debug_line    0x00000942      0x21e obj_emsk_22/gnu_arcem7d/emsk/dw_uart_obj.o
 .debug_line    0x00000b60      0x1ac obj_emsk_22/gnu_arcem7d/emsk/emsk_gpio.o
 .debug_line    0x00000d0c      0x285 obj_emsk_22/gnu_arcem7d/emsk/dw_gpio_obj.o
 .debug_line    0x00000f91       0x5f obj_emsk_22/gnu_arcem7d/emsk/emsk_sdcard.o
 .debug_line    0x00000ff0      0x242 obj_emsk_22/gnu_arcem7d/middleware/common/console_io.o
 .debug_line    0x00001232      0x277 obj_emsk_22/gnu_arcem7d/middleware/common/xprintf.o
 .debug_line    0x000014a9      0x16b obj_emsk_22/gnu_arcem7d/arc/arc_timer.o
 .debug_line    0x00001614      0x221 obj_emsk_22/gnu_arcem7d/arc/arc_exception.o
 .debug_line    0x00001835       0xa9 obj_emsk_22/gnu_arcem7d/arc/arc_startup.o
 .debug_line    0x000018de       0x88 obj_emsk_22/gnu_arcem7d/arc/arc_exc_asm.o
 .debug_line    0x00001966      0x164 obj_emsk_22/gnu_arcem7d/library/clib/embarc_misc.o
 .debug_line    0x00001aca      0x559 obj_emsk_22/gnu_arcem7d/emsk/dw_uart.o
 .debug_line    0x00002023      0x357 obj_emsk_22/gnu_arcem7d/emsk/dw_gpio.o
 .debug_line    0x0000237a      0x34a obj_emsk_22/gnu_arcem7d/arc/arc_cache.o
 .debug_line    0x000026c4      0x12a obj_emsk_22/gnu_arcem7d/library/clib/embarc_sbrk.o

.debug_str      0x00000000     0x1fae
 .debug_str     0x00000000      0x869 obj_emsk_22/gnu_arcem7d/main.o
                                0x98c (size before relaxing)
 .debug_str     0x00000869       0x90 obj_emsk_22/gnu_arcem7d/board.o
                                0x89d (size before relaxing)
 .debug_str     0x000008f9       0x73 obj_emsk_22/gnu_arcem7d/emsk/emsk_init.o
                                0x48c (size before relaxing)
 .debug_str     0x0000096c      0x15c obj_emsk_22/gnu_arcem7d/emsk/emsk_timer.o
                                0x578 (size before relaxing)
 .debug_str     0x00000ac8       0x8c obj_emsk_22/gnu_arcem7d/emsk/mux.o
                                0x264 (size before relaxing)
 .debug_str     0x00000b54      0x283 obj_emsk_22/gnu_arcem7d/emsk/dw_uart_obj.o
                                0x7a9 (size before relaxing)
 .debug_str     0x00000dd7      0x106 obj_emsk_22/gnu_arcem7d/emsk/emsk_gpio.o
                                0x572 (size before relaxing)
 .debug_str     0x00000edd      0x3e7 obj_emsk_22/gnu_arcem7d/emsk/dw_gpio_obj.o
                                0x912 (size before relaxing)
 .debug_str     0x000012c4       0x2e obj_emsk_22/gnu_arcem7d/emsk/emsk_sdcard.o
                                0x1d5 (size before relaxing)
 .debug_str     0x000012f2       0xb6 obj_emsk_22/gnu_arcem7d/middleware/common/console_io.o
                                0x9ef (size before relaxing)
 .debug_str     0x000013a8       0xa7 obj_emsk_22/gnu_arcem7d/middleware/common/xprintf.o
                                0x22e (size before relaxing)
 .debug_str     0x0000144f       0x26 obj_emsk_22/gnu_arcem7d/arc/arc_timer.o
                                0x233 (size before relaxing)
 .debug_str     0x00001475      0x20d obj_emsk_22/gnu_arcem7d/arc/arc_exception.o
                                0x47b (size before relaxing)
 .debug_str     0x00001682       0x1d obj_emsk_22/gnu_arcem7d/arc/arc_startup.o
                                 0x55 (size before relaxing)
 .debug_str     0x0000169f        0xe obj_emsk_22/gnu_arcem7d/arc/arc_exc_asm.o
                                 0x55 (size before relaxing)
 .debug_str     0x000016ad       0x21 obj_emsk_22/gnu_arcem7d/library/clib/embarc_misc.o
                                0x621 (size before relaxing)
 .debug_str     0x000016ce      0x34d obj_emsk_22/gnu_arcem7d/emsk/dw_uart.o
                                0xcdd (size before relaxing)
 .debug_str     0x00001a1b      0x330 obj_emsk_22/gnu_arcem7d/emsk/dw_gpio.o
                                0x8ca (size before relaxing)
 .debug_str     0x00001d4b      0x1d9 obj_emsk_22/gnu_arcem7d/arc/arc_cache.o
                                0x46a (size before relaxing)
 .debug_str     0x00001f24       0x8a obj_emsk_22/gnu_arcem7d/library/clib/embarc_sbrk.o
                                0x623 (size before relaxing)

.comment        0x00000000       0x42
 .comment       0x00000000       0x42 obj_emsk_22/gnu_arcem7d/main.o
                                 0x43 (size before relaxing)
 .comment       0x00000042       0x43 obj_emsk_22/gnu_arcem7d/board.o
 .comment       0x00000042       0x43 obj_emsk_22/gnu_arcem7d/emsk/emsk_init.o
 .comment       0x00000042       0x43 obj_emsk_22/gnu_arcem7d/emsk/emsk_timer.o
 .comment       0x00000042       0x43 obj_emsk_22/gnu_arcem7d/emsk/mux.o
 .comment       0x00000042       0x43 obj_emsk_22/gnu_arcem7d/emsk/dw_uart_obj.o
 .comment       0x00000042       0x43 obj_emsk_22/gnu_arcem7d/emsk/emsk_gpio.o
 .comment       0x00000042       0x43 obj_emsk_22/gnu_arcem7d/emsk/dw_gpio_obj.o
 .comment       0x00000042       0x43 obj_emsk_22/gnu_arcem7d/emsk/emsk_sdcard.o
 .comment       0x00000042       0x43 obj_emsk_22/gnu_arcem7d/middleware/common/console_io.o
 .comment       0x00000042       0x43 obj_emsk_22/gnu_arcem7d/middleware/common/xprintf.o
 .comment       0x00000042       0x43 obj_emsk_22/gnu_arcem7d/arc/arc_timer.o
 .comment       0x00000042       0x43 obj_emsk_22/gnu_arcem7d/arc/arc_exception.o
 .comment       0x00000042       0x43 obj_emsk_22/gnu_arcem7d/library/clib/embarc_misc.o
 .comment       0x00000042       0x43 obj_emsk_22/gnu_arcem7d/emsk/dw_uart.o
 .comment       0x00000042       0x43 obj_emsk_22/gnu_arcem7d/emsk/dw_gpio.o
 .comment       0x00000042       0x43 obj_emsk_22/gnu_arcem7d/arc/arc_cache.o
 .comment       0x00000042       0x43 obj_emsk_22/gnu_arcem7d/library/clib/embarc_sbrk.o

.note.GNU-stack
                0x00000000        0x0
 .note.GNU-stack
                0x00000000        0x0 obj_emsk_22/gnu_arcem7d/main.o
 .note.GNU-stack
                0x00000000        0x0 obj_emsk_22/gnu_arcem7d/board.o
 .note.GNU-stack
                0x00000000        0x0 obj_emsk_22/gnu_arcem7d/emsk/emsk_init.o
 .note.GNU-stack
                0x00000000        0x0 obj_emsk_22/gnu_arcem7d/emsk/emsk_timer.o
 .note.GNU-stack
                0x00000000        0x0 obj_emsk_22/gnu_arcem7d/emsk/mux.o
 .note.GNU-stack
                0x00000000        0x0 obj_emsk_22/gnu_arcem7d/emsk/dw_uart_obj.o
 .note.GNU-stack
                0x00000000        0x0 obj_emsk_22/gnu_arcem7d/emsk/emsk_gpio.o
 .note.GNU-stack
                0x00000000        0x0 obj_emsk_22/gnu_arcem7d/emsk/dw_gpio_obj.o
 .note.GNU-stack
                0x00000000        0x0 obj_emsk_22/gnu_arcem7d/emsk/emsk_sdcard.o
 .note.GNU-stack
                0x00000000        0x0 obj_emsk_22/gnu_arcem7d/middleware/common/console_io.o
 .note.GNU-stack
                0x00000000        0x0 obj_emsk_22/gnu_arcem7d/middleware/common/xprintf.o
 .note.GNU-stack
                0x00000000        0x0 obj_emsk_22/gnu_arcem7d/arc/arc_timer.o
 .note.GNU-stack
                0x00000000        0x0 obj_emsk_22/gnu_arcem7d/arc/arc_exception.o
 .note.GNU-stack
                0x00000000        0x0 obj_emsk_22/gnu_arcem7d/library/clib/embarc_misc.o
 .note.GNU-stack
                0x00000000        0x0 obj_emsk_22/gnu_arcem7d/emsk/dw_uart.o
 .note.GNU-stack
                0x00000000        0x0 obj_emsk_22/gnu_arcem7d/emsk/dw_gpio.o
 .note.GNU-stack
                0x00000000        0x0 obj_emsk_22/gnu_arcem7d/arc/arc_cache.o
 .note.GNU-stack
                0x00000000        0x0 c:/arc_gnu/bin/../lib/gcc/arc-elf32/7.1.1/../../../../arc-elf32/lib/arcem\libc.a(lib_a-sprintf.o)
 .note.GNU-stack
                0x00000000        0x0 c:/arc_gnu/bin/../lib/gcc/arc-elf32/7.1.1/../../../../arc-elf32/lib/arcem\libc.a(lib_a-strstr.o)
 .note.GNU-stack
                0x00000000        0x0 c:/arc_gnu/bin/../lib/gcc/arc-elf32/7.1.1/../../../../arc-elf32/lib/arcem\libc.a(lib_a-svfprintf.o)
 .note.GNU-stack
                0x00000000        0x0 c:/arc_gnu/bin/../lib/gcc/arc-elf32/7.1.1/../../../../arc-elf32/lib/arcem\libc.a(lib_a-dtoa.o)
 .note.GNU-stack
                0x00000000        0x0 c:/arc_gnu/bin/../lib/gcc/arc-elf32/7.1.1/../../../../arc-elf32/lib/arcem\libc.a(lib_a-impure.o)
 .note.GNU-stack
                0x00000000        0x0 c:/arc_gnu/bin/../lib/gcc/arc-elf32/7.1.1/../../../../arc-elf32/lib/arcem\libc.a(lib_a-localeconv.o)
 .note.GNU-stack
                0x00000000        0x0 c:/arc_gnu/bin/../lib/gcc/arc-elf32/7.1.1/../../../../arc-elf32/lib/arcem\libc.a(lib_a-mallocr.o)
 .note.GNU-stack
                0x00000000        0x0 c:/arc_gnu/bin/../lib/gcc/arc-elf32/7.1.1/../../../../arc-elf32/lib/arcem\libc.a(lib_a-memchr.o)
 .note.GNU-stack
                0x00000000        0x0 c:/arc_gnu/bin/../lib/gcc/arc-elf32/7.1.1/../../../../arc-elf32/lib/arcem\libc.a(lib_a-mlock.o)
 .note.GNU-stack
                0x00000000        0x0 c:/arc_gnu/bin/../lib/gcc/arc-elf32/7.1.1/../../../../arc-elf32/lib/arcem\libc.a(lib_a-mprec.o)
 .note.GNU-stack
                0x00000000        0x0 c:/arc_gnu/bin/../lib/gcc/arc-elf32/7.1.1/../../../../arc-elf32/lib/arcem\libc.a(lib_a-sbrkr.o)
 .note.GNU-stack
                0x00000000        0x0 c:/arc_gnu/bin/../lib/gcc/arc-elf32/7.1.1/../../../../arc-elf32/lib/arcem\libc.a(lib_a-svfiprintf.o)
 .note.GNU-stack
                0x00000000        0x0 c:/arc_gnu/bin/../lib/gcc/arc-elf32/7.1.1/../../../../arc-elf32/lib/arcem\libc.a(lib_a-callocr.o)
 .note.GNU-stack
                0x00000000        0x0 c:/arc_gnu/bin/../lib/gcc/arc-elf32/7.1.1/../../../../arc-elf32/lib/arcem\libc.a(lib_a-freer.o)
 .note.GNU-stack
                0x00000000        0x0 c:/arc_gnu/bin/../lib/gcc/arc-elf32/7.1.1/../../../../arc-elf32/lib/arcem\libc.a(lib_a-locale.o)
 .note.GNU-stack
                0x00000000        0x0 c:/arc_gnu/bin/../lib/gcc/arc-elf32/7.1.1/../../../../arc-elf32/lib/arcem\libc.a(lib_a-mbtowc_r.o)
 .note.GNU-stack
                0x00000000        0x0 c:/arc_gnu/bin/../lib/gcc/arc-elf32/7.1.1/../../../../arc-elf32/lib/arcem\libc.a(lib_a-memmove.o)
 .note.GNU-stack
                0x00000000        0x0 c:/arc_gnu/bin/../lib/gcc/arc-elf32/7.1.1/../../../../arc-elf32/lib/arcem\libc.a(lib_a-reallocr.o)
 .note.GNU-stack
                0x00000000        0x0 c:/arc_gnu/bin/../lib/gcc/arc-elf32/7.1.1/../../../../arc-elf32/lib/arcem\libc.a(lib_a-reent.o)
 .note.GNU-stack
                0x00000000        0x0 c:/arc_gnu/bin/../lib/gcc/arc-elf32/7.1.1/../../../../arc-elf32/lib/arcem\libc.a(lib_a-wctomb_r.o)
 .note.GNU-stack
                0x00000000        0x0 c:/arc_gnu/bin/../lib/gcc/arc-elf32/7.1.1/../../../../arc-elf32/lib/arcem\libc.a(lib_a-ctype_.o)
 .note.GNU-stack
                0x00000000        0x0 c:/arc_gnu/bin/../lib/gcc/arc-elf32/7.1.1/arcem\libgcc.a(_divdi3.o)
 .note.GNU-stack
                0x00000000        0x0 c:/arc_gnu/bin/../lib/gcc/arc-elf32/7.1.1/arcem\libgcc.a(_udivdi3.o)
 .note.GNU-stack
                0x00000000        0x0 c:/arc_gnu/bin/../lib/gcc/arc-elf32/7.1.1/arcem\libgcc.a(_umoddi3.o)
 .note.GNU-stack
                0x00000000        0x0 c:/arc_gnu/bin/../lib/gcc/arc-elf32/7.1.1/arcem\libgcc.a(dp-bit.o)
 .note.GNU-stack
                0x00000000        0x0 c:/arc_gnu/bin/../lib/gcc/arc-elf32/7.1.1/arcem\libgcc.a(_clz.o)
 .note.GNU-stack
                0x00000000        0x0 c:/arc_gnu/bin/../lib/gcc/arc-elf32/7.1.1/arcem\libgcc.a(fp-bit.o)
 .note.GNU-stack
                0x00000000        0x0 obj_emsk_22/gnu_arcem7d/library/clib/embarc_sbrk.o
 .note.GNU-stack
                0x00000000        0x0 c:/arc_gnu/bin/../lib/gcc/arc-elf32/7.1.1/../../../../arc-elf32/lib/arcem\libc.a(lib_a-errno.o)

.ARC.attributes
                0x00000000       0x32
 .ARC.attributes
                0x00000000       0x23 obj_emsk_22/gnu_arcem7d/main.o
 .ARC.attributes
                0x00000023       0x23 obj_emsk_22/gnu_arcem7d/board.o
 .ARC.attributes
                0x00000046       0x23 obj_emsk_22/gnu_arcem7d/emsk/emsk_init.o
 .ARC.attributes
                0x00000069       0x28 obj_emsk_22/gnu_arcem7d/emsk/emsk_timer.o
 .ARC.attributes
                0x00000091       0x23 obj_emsk_22/gnu_arcem7d/emsk/mux.o
 .ARC.attributes
                0x000000b4       0x23 obj_emsk_22/gnu_arcem7d/emsk/dw_uart_obj.o
 .ARC.attributes
                0x000000d7       0x23 obj_emsk_22/gnu_arcem7d/emsk/emsk_gpio.o
 .ARC.attributes
                0x000000fa       0x26 obj_emsk_22/gnu_arcem7d/emsk/dw_gpio_obj.o
 .ARC.attributes
                0x00000120       0x23 obj_emsk_22/gnu_arcem7d/emsk/emsk_sdcard.o
 .ARC.attributes
                0x00000143       0x23 obj_emsk_22/gnu_arcem7d/middleware/common/console_io.o
 .ARC.attributes
                0x00000166       0x2d obj_emsk_22/gnu_arcem7d/middleware/common/xprintf.o
 .ARC.attributes
                0x00000193       0x26 obj_emsk_22/gnu_arcem7d/arc/arc_timer.o
 .ARC.attributes
                0x000001b9       0x26 obj_emsk_22/gnu_arcem7d/arc/arc_exception.o
 .ARC.attributes
                0x000001df       0x1f obj_emsk_22/gnu_arcem7d/arc/arc_startup.o
 .ARC.attributes
                0x000001fe       0x22 obj_emsk_22/gnu_arcem7d/arc/arc_exc_asm.o
 .ARC.attributes
                0x00000220       0x23 obj_emsk_22/gnu_arcem7d/library/clib/embarc_misc.o
 .ARC.attributes
                0x00000243       0x2e obj_emsk_22/gnu_arcem7d/emsk/dw_uart.o
 .ARC.attributes
                0x00000271       0x28 obj_emsk_22/gnu_arcem7d/emsk/dw_gpio.o
 .ARC.attributes
                0x00000299       0x26 obj_emsk_22/gnu_arcem7d/arc/arc_cache.o
 .ARC.attributes
                0x000002bf       0x25 c:/arc_gnu/bin/../lib/gcc/arc-elf32/7.1.1/../../../../arc-elf32/lib/arcem\libc.a(lib_a-sprintf.o)
 .ARC.attributes
                0x000002e4       0x25 c:/arc_gnu/bin/../lib/gcc/arc-elf32/7.1.1/../../../../arc-elf32/lib/arcem\libc.a(lib_a-strstr.o)
 .ARC.attributes
                0x00000309       0x2a c:/arc_gnu/bin/../lib/gcc/arc-elf32/7.1.1/../../../../arc-elf32/lib/arcem\libc.a(lib_a-svfprintf.o)
 .ARC.attributes
                0x00000333       0x2a c:/arc_gnu/bin/../lib/gcc/arc-elf32/7.1.1/../../../../arc-elf32/lib/arcem\libc.a(lib_a-dtoa.o)
 .ARC.attributes
                0x0000035d       0x25 c:/arc_gnu/bin/../lib/gcc/arc-elf32/7.1.1/../../../../arc-elf32/lib/arcem\libc.a(lib_a-impure.o)
 .ARC.attributes
                0x00000382       0x25 c:/arc_gnu/bin/../lib/gcc/arc-elf32/7.1.1/../../../../arc-elf32/lib/arcem\libc.a(lib_a-localeconv.o)
 .ARC.attributes
                0x000003a7       0x28 c:/arc_gnu/bin/../lib/gcc/arc-elf32/7.1.1/../../../../arc-elf32/lib/arcem\libc.a(lib_a-mallocr.o)
 .ARC.attributes
                0x000003cf       0x28 c:/arc_gnu/bin/../lib/gcc/arc-elf32/7.1.1/../../../../arc-elf32/lib/arcem\libc.a(lib_a-memchr.o)
 .ARC.attributes
                0x000003f7       0x1f c:/arc_gnu/bin/../lib/gcc/arc-elf32/7.1.1/../../../../arc-elf32/lib/arcem\libc.a(lib_a-memcmp.o)
 .ARC.attributes
                0x00000416       0x22 c:/arc_gnu/bin/../lib/gcc/arc-elf32/7.1.1/../../../../arc-elf32/lib/arcem\libc.a(lib_a-memcpy-bs.o)
 .ARC.attributes
                0x00000438       0x25 c:/arc_gnu/bin/../lib/gcc/arc-elf32/7.1.1/../../../../arc-elf32/lib/arcem\libc.a(lib_a-mlock.o)
 .ARC.attributes
                0x0000045d       0x2a c:/arc_gnu/bin/../lib/gcc/arc-elf32/7.1.1/../../../../arc-elf32/lib/arcem\libc.a(lib_a-mprec.o)
 .ARC.attributes
                0x00000487       0x25 c:/arc_gnu/bin/../lib/gcc/arc-elf32/7.1.1/../../../../arc-elf32/lib/arcem\libc.a(lib_a-sbrkr.o)
 .ARC.attributes
                0x000004ac       0x22 c:/arc_gnu/bin/../lib/gcc/arc-elf32/7.1.1/../../../../arc-elf32/lib/arcem\libc.a(lib_a-strchr-bs.o)
 .ARC.attributes
                0x000004ce       0x22 c:/arc_gnu/bin/../lib/gcc/arc-elf32/7.1.1/../../../../arc-elf32/lib/arcem\libc.a(lib_a-strlen-bs.o)
 .ARC.attributes
                0x000004f0       0x2a c:/arc_gnu/bin/../lib/gcc/arc-elf32/7.1.1/../../../../arc-elf32/lib/arcem\libc.a(lib_a-svfiprintf.o)
 .ARC.attributes
                0x0000051a       0x27 c:/arc_gnu/bin/../lib/gcc/arc-elf32/7.1.1/../../../../arc-elf32/lib/arcem\libc.a(lib_a-callocr.o)
 .ARC.attributes
                0x00000541       0x28 c:/arc_gnu/bin/../lib/gcc/arc-elf32/7.1.1/../../../../arc-elf32/lib/arcem\libc.a(lib_a-freer.o)
 .ARC.attributes
                0x00000569       0x25 c:/arc_gnu/bin/../lib/gcc/arc-elf32/7.1.1/../../../../arc-elf32/lib/arcem\libc.a(lib_a-locale.o)
 .ARC.attributes
                0x0000058e       0x25 c:/arc_gnu/bin/../lib/gcc/arc-elf32/7.1.1/../../../../arc-elf32/lib/arcem\libc.a(lib_a-mbtowc_r.o)
 .ARC.attributes
                0x000005b3       0x28 c:/arc_gnu/bin/../lib/gcc/arc-elf32/7.1.1/../../../../arc-elf32/lib/arcem\libc.a(lib_a-memmove.o)
 .ARC.attributes
                0x000005db       0x22 c:/arc_gnu/bin/../lib/gcc/arc-elf32/7.1.1/../../../../arc-elf32/lib/arcem\libc.a(lib_a-memset-bs.o)
 .ARC.attributes
                0x000005fd       0x25 c:/arc_gnu/bin/../lib/gcc/arc-elf32/7.1.1/../../../../arc-elf32/lib/arcem\libc.a(lib_a-reallocr.o)
 .ARC.attributes
                0x00000622       0x25 c:/arc_gnu/bin/../lib/gcc/arc-elf32/7.1.1/../../../../arc-elf32/lib/arcem\libc.a(lib_a-reent.o)
 .ARC.attributes
                0x00000647       0x1f c:/arc_gnu/bin/../lib/gcc/arc-elf32/7.1.1/../../../../arc-elf32/lib/arcem\libc.a(lib_a-strcmp.o)
 .ARC.attributes
                0x00000666       0x25 c:/arc_gnu/bin/../lib/gcc/arc-elf32/7.1.1/../../../../arc-elf32/lib/arcem\libc.a(lib_a-wctomb_r.o)
 .ARC.attributes
                0x0000068b       0x25 c:/arc_gnu/bin/../lib/gcc/arc-elf32/7.1.1/../../../../arc-elf32/lib/arcem\libc.a(lib_a-ctype_.o)
 .ARC.attributes
                0x000006b0       0x1f c:/arc_gnu/bin/../lib/gcc/arc-elf32/7.1.1/arcem\libgcc.a(_udivsi3.o)
 .ARC.attributes
                0x000006cf       0x22 c:/arc_gnu/bin/../lib/gcc/arc-elf32/7.1.1/arcem\libgcc.a(_divmod_tools.o)
 .ARC.attributes
                0x000006f1       0x2a c:/arc_gnu/bin/../lib/gcc/arc-elf32/7.1.1/arcem\libgcc.a(_divdi3.o)
 .ARC.attributes
                0x0000071b       0x2a c:/arc_gnu/bin/../lib/gcc/arc-elf32/7.1.1/arcem\libgcc.a(_udivdi3.o)
 .ARC.attributes
                0x00000745       0x2a c:/arc_gnu/bin/../lib/gcc/arc-elf32/7.1.1/arcem\libgcc.a(_umoddi3.o)
 .ARC.attributes
                0x0000076f       0x2a c:/arc_gnu/bin/../lib/gcc/arc-elf32/7.1.1/arcem\libgcc.a(dp-bit.o)
 .ARC.attributes
                0x00000799       0x1f c:/arc_gnu/bin/../lib/gcc/arc-elf32/7.1.1/arcem\libgcc.a(_divsi3.o)
 .ARC.attributes
                0x000007b8       0x1f c:/arc_gnu/bin/../lib/gcc/arc-elf32/7.1.1/arcem\libgcc.a(_umodsi3.o)
 .ARC.attributes
                0x000007d7       0x22 c:/arc_gnu/bin/../lib/gcc/arc-elf32/7.1.1/arcem\libgcc.a(_clzsi2.o)
 .ARC.attributes
                0x000007f9       0x25 c:/arc_gnu/bin/../lib/gcc/arc-elf32/7.1.1/arcem\libgcc.a(_clz.o)
 .ARC.attributes
                0x0000081e       0x2a c:/arc_gnu/bin/../lib/gcc/arc-elf32/7.1.1/arcem\libgcc.a(fp-bit.o)
 .ARC.attributes
                0x00000848       0x23 obj_emsk_22/gnu_arcem7d/library/clib/embarc_sbrk.o
 .ARC.attributes
                0x0000086b       0x25 c:/arc_gnu/bin/../lib/gcc/arc-elf32/7.1.1/../../../../arc-elf32/lib/arcem\libc.a(lib_a-errno.o)

.debug_frame    0x00000000     0x1fe8
 .debug_frame   0x00000000       0x58 obj_emsk_22/gnu_arcem7d/main.o
 .debug_frame   0x00000058       0x28 obj_emsk_22/gnu_arcem7d/board.o
 .debug_frame   0x00000080       0x34 obj_emsk_22/gnu_arcem7d/emsk/emsk_init.o
 .debug_frame   0x000000b4       0xf8 obj_emsk_22/gnu_arcem7d/emsk/emsk_timer.o
 .debug_frame   0x000001ac       0xa0 obj_emsk_22/gnu_arcem7d/emsk/mux.o
 .debug_frame   0x0000024c      0x10c obj_emsk_22/gnu_arcem7d/emsk/dw_uart_obj.o
 .debug_frame   0x00000358      0x130 obj_emsk_22/gnu_arcem7d/emsk/emsk_gpio.o
 .debug_frame   0x00000488      0x1c4 obj_emsk_22/gnu_arcem7d/emsk/dw_gpio_obj.o
 .debug_frame   0x0000064c       0x20 obj_emsk_22/gnu_arcem7d/emsk/emsk_sdcard.o
 .debug_frame   0x0000066c       0xa8 obj_emsk_22/gnu_arcem7d/middleware/common/console_io.o
 .debug_frame   0x00000714      0x204 obj_emsk_22/gnu_arcem7d/middleware/common/xprintf.o
 .debug_frame   0x00000918       0x7c obj_emsk_22/gnu_arcem7d/arc/arc_timer.o
 .debug_frame   0x00000994      0x100 obj_emsk_22/gnu_arcem7d/arc/arc_exception.o
 .debug_frame   0x00000a94       0x20 obj_emsk_22/gnu_arcem7d/library/clib/embarc_misc.o
 .debug_frame   0x00000ab4      0x1f0 obj_emsk_22/gnu_arcem7d/emsk/dw_uart.o
 .debug_frame   0x00000ca4       0xf8 obj_emsk_22/gnu_arcem7d/emsk/dw_gpio.o
 .debug_frame   0x00000d9c       0xd0 obj_emsk_22/gnu_arcem7d/arc/arc_cache.o
 .debug_frame   0x00000e6c       0x58 c:/arc_gnu/bin/../lib/gcc/arc-elf32/7.1.1/../../../../arc-elf32/lib/arcem\libc.a(lib_a-sprintf.o)
 .debug_frame   0x00000ec4       0xcc c:/arc_gnu/bin/../lib/gcc/arc-elf32/7.1.1/../../../../arc-elf32/lib/arcem\libc.a(lib_a-strstr.o)
 .debug_frame   0x00000f90       0x70 c:/arc_gnu/bin/../lib/gcc/arc-elf32/7.1.1/../../../../arc-elf32/lib/arcem\libc.a(lib_a-svfprintf.o)
 .debug_frame   0x00001000       0xb0 c:/arc_gnu/bin/../lib/gcc/arc-elf32/7.1.1/../../../../arc-elf32/lib/arcem\libc.a(lib_a-dtoa.o)
 .debug_frame   0x000010b0       0x40 c:/arc_gnu/bin/../lib/gcc/arc-elf32/7.1.1/../../../../arc-elf32/lib/arcem\libc.a(lib_a-localeconv.o)
 .debug_frame   0x000010f0       0x50 c:/arc_gnu/bin/../lib/gcc/arc-elf32/7.1.1/../../../../arc-elf32/lib/arcem\libc.a(lib_a-mallocr.o)
 .debug_frame   0x00001140       0x20 c:/arc_gnu/bin/../lib/gcc/arc-elf32/7.1.1/../../../../arc-elf32/lib/arcem\libc.a(lib_a-memchr.o)
 .debug_frame   0x00001160       0x30 c:/arc_gnu/bin/../lib/gcc/arc-elf32/7.1.1/../../../../arc-elf32/lib/arcem\libc.a(lib_a-mlock.o)
 .debug_frame   0x00001190      0x310 c:/arc_gnu/bin/../lib/gcc/arc-elf32/7.1.1/../../../../arc-elf32/lib/arcem\libc.a(lib_a-mprec.o)
 .debug_frame   0x000014a0       0x3c c:/arc_gnu/bin/../lib/gcc/arc-elf32/7.1.1/../../../../arc-elf32/lib/arcem\libc.a(lib_a-sbrkr.o)
 .debug_frame   0x000014dc       0xb4 c:/arc_gnu/bin/../lib/gcc/arc-elf32/7.1.1/../../../../arc-elf32/lib/arcem\libc.a(lib_a-svfiprintf.o)
 .debug_frame   0x00001590       0x3c c:/arc_gnu/bin/../lib/gcc/arc-elf32/7.1.1/../../../../arc-elf32/lib/arcem\libc.a(lib_a-callocr.o)
 .debug_frame   0x000015cc       0xa0 c:/arc_gnu/bin/../lib/gcc/arc-elf32/7.1.1/../../../../arc-elf32/lib/arcem\libc.a(lib_a-freer.o)
 .debug_frame   0x0000166c       0x74 c:/arc_gnu/bin/../lib/gcc/arc-elf32/7.1.1/../../../../arc-elf32/lib/arcem\libc.a(lib_a-locale.o)
 .debug_frame   0x000016e0       0x40 c:/arc_gnu/bin/../lib/gcc/arc-elf32/7.1.1/../../../../arc-elf32/lib/arcem\libc.a(lib_a-mbtowc_r.o)
 .debug_frame   0x00001720       0x20 c:/arc_gnu/bin/../lib/gcc/arc-elf32/7.1.1/../../../../arc-elf32/lib/arcem\libc.a(lib_a-memmove.o)
 .debug_frame   0x00001740       0x74 c:/arc_gnu/bin/../lib/gcc/arc-elf32/7.1.1/../../../../arc-elf32/lib/arcem\libc.a(lib_a-reallocr.o)
 .debug_frame   0x000017b4       0x74 c:/arc_gnu/bin/../lib/gcc/arc-elf32/7.1.1/../../../../arc-elf32/lib/arcem\libc.a(lib_a-reent.o)
 .debug_frame   0x00001828       0x30 c:/arc_gnu/bin/../lib/gcc/arc-elf32/7.1.1/../../../../arc-elf32/lib/arcem\libc.a(lib_a-wctomb_r.o)
 .debug_frame   0x00001858       0x60 c:/arc_gnu/bin/../lib/gcc/arc-elf32/7.1.1/arcem\libgcc.a(_divdi3.o)
 .debug_frame   0x000018b8       0x5c c:/arc_gnu/bin/../lib/gcc/arc-elf32/7.1.1/arcem\libgcc.a(_udivdi3.o)
 .debug_frame   0x00001914       0x60 c:/arc_gnu/bin/../lib/gcc/arc-elf32/7.1.1/arcem\libgcc.a(_umoddi3.o)
 .debug_frame   0x00001974      0x340 c:/arc_gnu/bin/../lib/gcc/arc-elf32/7.1.1/arcem\libgcc.a(dp-bit.o)
 .debug_frame   0x00001cb4      0x2e8 c:/arc_gnu/bin/../lib/gcc/arc-elf32/7.1.1/arcem\libgcc.a(fp-bit.o)
 .debug_frame   0x00001f9c       0x2c obj_emsk_22/gnu_arcem7d/library/clib/embarc_sbrk.o
 .debug_frame   0x00001fc8       0x20 c:/arc_gnu/bin/../lib/gcc/arc-elf32/7.1.1/../../../../arc-elf32/lib/arcem\libc.a(lib_a-errno.o)
