Archive member included to satisfy reference by file (symbol)

obj_emsk_22/gnu_arcem7d/emsk/emsk_init.o
                              obj_emsk_22/gnu_arcem7d/board.o (board_init)
obj_emsk_22/gnu_arcem7d/emsk/emsk_timer.o
                              obj_emsk_22/gnu_arcem7d/emsk/emsk_init.o (emsk_timer_init)
obj_emsk_22/gnu_arcem7d/emsk/mux.o
                              obj_emsk_22/gnu_arcem7d/emsk/emsk_init.o (mux_init)
obj_emsk_22/gnu_arcem7d/emsk/dw_uart_obj.o
                              obj_emsk_22/gnu_arcem7d/main.o (uart_get_dev)
obj_emsk_22/gnu_arcem7d/emsk/emsk_gpio.o
                              obj_emsk_22/gnu_arcem7d/emsk/emsk_init.o (emsk_gpio_init)
obj_emsk_22/gnu_arcem7d/emsk/dw_gpio_obj.o
                              obj_emsk_22/gnu_arcem7d/emsk/emsk_gpio.o (gpio_get_dev)
obj_emsk_22/gnu_arcem7d/emsk/emsk_sdcard.o
                              obj_emsk_22/gnu_arcem7d/emsk/emsk_timer.o (emsk_sdcard_1ms_update)
obj_emsk_22/gnu_arcem7d/middleware/common/console_io.o
                              obj_emsk_22/gnu_arcem7d/board.o (xprintf_setup)
obj_emsk_22/gnu_arcem7d/middleware/common/xprintf.o
                              obj_emsk_22/gnu_arcem7d/middleware/common/console_io.o (xfunc_out)
obj_emsk_22/gnu_arcem7d/arc/arc_timer.o
                              obj_emsk_22/gnu_arcem7d/emsk/emsk_timer.o (timer_present)
obj_emsk_22/gnu_arcem7d/arc/arc_exception.o
                              obj_emsk_22/gnu_arcem7d/emsk/emsk_timer.o (int_handler_install)
obj_emsk_22/gnu_arcem7d/arc/arc_startup.o
                              obj_emsk_22/gnu_arcem7d/arc/arc_exception.o (_arc_reset)
obj_emsk_22/gnu_arcem7d/arc/arc_exc_asm.o
                              obj_emsk_22/gnu_arcem7d/arc/arc_exception.o (exc_entry_cpu)
obj_emsk_22/gnu_arcem7d/library/clib/embarc_misc.o
                              obj_emsk_22/gnu_arcem7d/middleware/common/console_io.o (gnu_printf_setup)
obj_emsk_22/gnu_arcem7d/emsk/dw_uart.o
                              obj_emsk_22/gnu_arcem7d/emsk/dw_uart_obj.o (dw_uart_open)
obj_emsk_22/gnu_arcem7d/emsk/dw_gpio.o
                              obj_emsk_22/gnu_arcem7d/emsk/dw_gpio_obj.o (dw_gpio_open)
obj_emsk_22/gnu_arcem7d/arc/arc_cache.o
                              obj_emsk_22/gnu_arcem7d/arc/arc_startup.o (arc_cache_init)
c:/arc_gnu/bin/../lib/gcc/arc-elf32/7.1.1/../../../../arc-elf32/lib/arcem\libc.a(lib_a-strstr.o)
                              obj_emsk_22/gnu_arcem7d/main.o (strstr)
c:/arc_gnu/bin/../lib/gcc/arc-elf32/7.1.1/../../../../arc-elf32/lib/arcem\libc.a(lib_a-memchr.o)
                              c:/arc_gnu/bin/../lib/gcc/arc-elf32/7.1.1/../../../../arc-elf32/lib/arcem\libc.a(lib_a-strstr.o) (memchr)
c:/arc_gnu/bin/../lib/gcc/arc-elf32/7.1.1/../../../../arc-elf32/lib/arcem\libc.a(lib_a-memcmp.o)
                              c:/arc_gnu/bin/../lib/gcc/arc-elf32/7.1.1/../../../../arc-elf32/lib/arcem\libc.a(lib_a-strstr.o) (memcmp)
c:/arc_gnu/bin/../lib/gcc/arc-elf32/7.1.1/../../../../arc-elf32/lib/arcem\libc.a(lib_a-strchr-bs.o)
                              c:/arc_gnu/bin/../lib/gcc/arc-elf32/7.1.1/../../../../arc-elf32/lib/arcem\libc.a(lib_a-strstr.o) (strchr)
c:/arc_gnu/bin/../lib/gcc/arc-elf32/7.1.1/arcem\libgcc.a(_divdi3.o)
                              obj_emsk_22/gnu_arcem7d/emsk/emsk_timer.o (__divdi3)
c:/arc_gnu/bin/../lib/gcc/arc-elf32/7.1.1/arcem\libgcc.a(_udivdi3.o)
                              obj_emsk_22/gnu_arcem7d/emsk/emsk_timer.o (__udivdi3)
c:/arc_gnu/bin/../lib/gcc/arc-elf32/7.1.1/arcem\libgcc.a(_udivsi3.o)
                              c:/arc_gnu/bin/../lib/gcc/arc-elf32/7.1.1/arcem\libgcc.a(_divdi3.o) (__udivsi3)
c:/arc_gnu/bin/../lib/gcc/arc-elf32/7.1.1/arcem\libgcc.a(_divsi3.o)
                              c:/arc_gnu/bin/../lib/gcc/arc-elf32/7.1.1/arcem\libgcc.a(_divdi3.o) (__divsi3)
c:/arc_gnu/bin/../lib/gcc/arc-elf32/7.1.1/arcem\libgcc.a(_umodsi3.o)
                              c:/arc_gnu/bin/../lib/gcc/arc-elf32/7.1.1/arcem\libgcc.a(_divdi3.o) (__umodsi3)
c:/arc_gnu/bin/../lib/gcc/arc-elf32/7.1.1/arcem\libgcc.a(_divmod_tools.o)
                              c:/arc_gnu/bin/../lib/gcc/arc-elf32/7.1.1/arcem\libgcc.a(_udivsi3.o) (__udivmodsi4)
c:/arc_gnu/bin/../lib/gcc/arc-elf32/7.1.1/arcem\libgcc.a(_clz.o)
                              c:/arc_gnu/bin/../lib/gcc/arc-elf32/7.1.1/arcem\libgcc.a(_divdi3.o) (__clz_tab)

Allocating common symbols
Common symbol       size              file

xfunc_in            0x4               obj_emsk_22/gnu_arcem7d/middleware/common/xprintf.o
dw_uart_0           0x5c              obj_emsk_22/gnu_arcem7d/emsk/dw_uart_obj.o
xfunc_out           0x4               obj_emsk_22/gnu_arcem7d/middleware/common/xprintf.o
exc_nest_count      0x4               obj_emsk_22/gnu_arcem7d/arc/arc_exception.o
dw_uart_1           0x5c              obj_emsk_22/gnu_arcem7d/emsk/dw_uart_obj.o

Memory Configuration

Name             Origin             Length             Attributes
iccm             0x00000000         0x00040000
dccm             0x80000000         0x00020000
ddr              0x10000000         0x08000000
*default*        0x00000000         0xffffffff

Linker script and memory map

                0x00002000                _HEAPSIZE = 0x2000
                0x00002000                _STACKSIZE = 0x2000
LOAD c:/arc_gnu/bin/../lib/gcc/arc-elf32/7.1.1/../../../../arc-elf32/lib/arcem\libm.a

.init           0x10000000      0x198
                0x10000000                _f_init = .
 *(.init_vector)
 .init_vector   0x10000000        0x4 obj_emsk_22/gnu_arcem7d/arc/arc_startup.o
 *(.init_bootstrap)
 .init_bootstrap
                0x10000004      0x194 obj_emsk_22/gnu_arcem7d/arc/arc_startup.o
                0x10000004                _arc_reset
                0x10000004                _start
                0x10000184                _exit_loop
                0x10000184                _exit_halt
                0x10000198                _e_init = .

.text           0x10000198     0xd250
                0x10000198                _f_text = .
 *(.text .text.* .gnu.linkonce.t.*)
 .text          0x10000198       0x1c obj_emsk_22/gnu_arcem7d/main.o
                0x10000198                my_emsk_ble_init
 .text.startup  0x100001b4     0x9108 obj_emsk_22/gnu_arcem7d/main.o
                0x100001b4                main
 .text          0x100092bc       0x38 obj_emsk_22/gnu_arcem7d/board.o
                0x100092bc                board_main
 .text          0x100092f4       0x38 obj_emsk_22/gnu_arcem7d/emsk/emsk_init.o
                0x100092f4                board_init
 .text          0x1000932c      0x26c obj_emsk_22/gnu_arcem7d/emsk/emsk_timer.o
                0x1000932c                board_timer_update
                0x100093b8                emsk_timer_init
                0x10009418                board_get_hwticks
                0x10009450                board_get_cur_us
                0x100094a8                board_delay_ms
 .text          0x10009598       0x44 obj_emsk_22/gnu_arcem7d/emsk/mux.o
                0x10009598                mux_init
                0x100095ac                get_mux_regs
                0x100095b8                set_pmod_mux
                0x100095bc                get_pmod_mux
                0x100095c0                change_pmod_mux
                0x100095cc                set_spi_map
                0x100095d0                get_spi_map
                0x100095d4                set_uart_map
                0x100095d8                get_uart_map
 .text          0x100095dc      0x1b4 obj_emsk_22/gnu_arcem7d/emsk/dw_uart_obj.o
                0x10009684                dw_uart_all_install
                0x10009730                uart_get_dev
 .text          0x10009790      0x1c8 obj_emsk_22/gnu_arcem7d/emsk/emsk_gpio.o
                0x10009790                emsk_led_init
                0x100097f4                emsk_button_init
                0x10009844                emsk_switch_init
                0x10009894                emsk_gpio_init
                0x100098a4                led_write
                0x100098c0                led_read
                0x100098f0                switch_read
                0x10009924                button_read
 .text          0x10009958      0x49c obj_emsk_22/gnu_arcem7d/emsk/dw_gpio_obj.o
                0x10009aa8                dw_gpio_all_install
                0x10009da4                gpio_get_dev
 .text          0x10009df4        0x4 obj_emsk_22/gnu_arcem7d/emsk/emsk_sdcard.o
                0x10009df4                emsk_sdcard_1ms_update
 .text          0x10009df8      0x128 obj_emsk_22/gnu_arcem7d/middleware/common/console_io.o
                0x10009df8                console_putchar
                0x10009e24                console_getchar
                0x10009e60                console_putstr
                0x10009e74                console_getstr
                0x10009e88                xprintf_setup
 .text          0x10009f20      0x708 obj_emsk_22/gnu_arcem7d/middleware/common/xprintf.o
                0x10009f20                xputc
                0x10009fec                xputs
                0x1000a00c                xfputs
                0x1000a040                xvprintf
                0x1000a384                xprintf
                0x1000a3ac                xsprintf
                0x1000a3ec                xfprintf
                0x1000a42c                put_dump
                0x1000a500                xgets
                0x1000a514                xfgets
                0x1000a548                xatoi
 .text          0x1000a628      0x1ec obj_emsk_22/gnu_arcem7d/arc/arc_timer.o
                0x1000a628                timer_present
                0x1000a654                timer_start
                0x1000a6cc                timer_stop
                0x1000a748                timer_current
                0x1000a790                timer_int_clear
                0x1000a7cc                timer_init
 .text          0x1000a814      0x220 obj_emsk_22/gnu_arcem7d/arc/arc_exception.o
                0x1000a8b4                exc_entry_install
                0x1000a924                exc_entry_get
                0x1000a938                exc_handler_install
                0x1000a950                exc_handler_get
                0x1000a964                exc_int_init
                0x1000a9d0                int_handler_install
                0x1000a9ec                int_handler_get
                0x1000aa04                int_pri_set
                0x1000aa20                exc_no2string
 .text          0x1000aa34        0x0 obj_emsk_22/gnu_arcem7d/arc/arc_startup.o
 .text          0x1000aa34      0x358 obj_emsk_22/gnu_arcem7d/arc/arc_exc_asm.o
                0x1000aa34                exc_entry_cpu
                0x1000aba8                exc_entry_int
                0x1000ac50                exc_entry_firq
 .text          0x1000ad8c        0x4 obj_emsk_22/gnu_arcem7d/library/clib/embarc_misc.o
                0x1000ad8c                gnu_printf_setup
 .text          0x1000ad90      0xa3c obj_emsk_22/gnu_arcem7d/emsk/dw_uart.o
                0x1000af50                dw_uart_open
                0x1000b0fc                dw_uart_close
                0x1000b224                dw_uart_control
                0x1000b588                dw_uart_write
                0x1000b5e8                dw_uart_read
                0x1000b648                dw_uart_isr
 .text          0x1000b7cc      0x528 obj_emsk_22/gnu_arcem7d/emsk/dw_gpio.o
                0x1000b818                dw_gpio_open
                0x1000b910                dw_gpio_close
                0x1000b9bc                dw_gpio_read
                0x1000ba28                dw_gpio_write
                0x1000ba6c                dw_gpio_control
                0x1000bc50                dw_gpio_isr_handler
 .text          0x1000bcf4      0x408 obj_emsk_22/gnu_arcem7d/arc/arc_cache.o
                0x1000bcf4                icache_invalidate_mlines
                0x1000bd44                icache_lock_mlines
                0x1000bda4                icache_direct_write
                0x1000bdd0                icache_direct_read
                0x1000bdfc                icache_indirect_read
                0x1000be30                dcache_invalidate_mlines
                0x1000be88                dcache_flush_mlines
                0x1000bee0                dcache_lock_mlines
                0x1000bf40                dcache_direct_write
                0x1000bf6c                dcache_direct_read
                0x1000bf98                dcache_indirect_read
                0x1000bfcc                arc_cache_init
 .text          0x1000c0fc      0x5f4 c:/arc_gnu/bin/../lib/gcc/arc-elf32/7.1.1/../../../../arc-elf32/lib/arcem\libc.a(lib_a-strstr.o)
                0x1000c470                strstr
 .text          0x1000c6f0       0xc8 c:/arc_gnu/bin/../lib/gcc/arc-elf32/7.1.1/../../../../arc-elf32/lib/arcem\libc.a(lib_a-memchr.o)
                0x1000c6f0                memchr
 .text          0x1000c7b8       0xd4 c:/arc_gnu/bin/../lib/gcc/arc-elf32/7.1.1/../../../../arc-elf32/lib/arcem\libc.a(lib_a-memcmp.o)
                0x1000c7b8                memcmp
 .text          0x1000c88c       0xf8 c:/arc_gnu/bin/../lib/gcc/arc-elf32/7.1.1/../../../../arc-elf32/lib/arcem\libc.a(lib_a-strchr-bs.o)
                0x1000c88c                strchr
 .text          0x1000c984        0x0 c:/arc_gnu/bin/../lib/gcc/arc-elf32/7.1.1/arcem\libgcc.a(_divdi3.o)
 .text.__divdi3
                0x1000c984      0x4fc c:/arc_gnu/bin/../lib/gcc/arc-elf32/7.1.1/arcem\libgcc.a(_divdi3.o)
                0x1000c984                __divdi3
 .text          0x1000ce80        0x0 c:/arc_gnu/bin/../lib/gcc/arc-elf32/7.1.1/arcem\libgcc.a(_udivdi3.o)
 .text.__udivdi3
                0x1000ce80      0x4c8 c:/arc_gnu/bin/../lib/gcc/arc-elf32/7.1.1/arcem\libgcc.a(_udivdi3.o)
                0x1000ce80                __udivdi3
 .text          0x1000d348        0x4 c:/arc_gnu/bin/../lib/gcc/arc-elf32/7.1.1/arcem\libgcc.a(_udivsi3.o)
                0x1000d348                __udivsi3
 .text          0x1000d34c       0x1c c:/arc_gnu/bin/../lib/gcc/arc-elf32/7.1.1/arcem\libgcc.a(_divsi3.o)
                0x1000d34c                __divsi3
 .text          0x1000d368       0x10 c:/arc_gnu/bin/../lib/gcc/arc-elf32/7.1.1/arcem\libgcc.a(_umodsi3.o)
                0x1000d368                __umodsi3
 .text          0x1000d378       0x70 c:/arc_gnu/bin/../lib/gcc/arc-elf32/7.1.1/arcem\libgcc.a(_divmod_tools.o)
                0x1000d378                __udivmodsi4
 .text          0x1000d3e8        0x0 c:/arc_gnu/bin/../lib/gcc/arc-elf32/7.1.1/arcem\libgcc.a(_clz.o)
                0x1000d3e8                _e_text = .

.rodata         0x1000d3e8      0x76c
                0x1000d3e8                _f_rodata = .
 *(.rodata .rodata.* .gnu.linkonce.r.*)
 .rodata.str1.4
                0x1000d3e8       0x2d obj_emsk_22/gnu_arcem7d/main.o
                                 0x30 (size before relaxing)
 *fill*         0x1000d415        0x3 
 .rodata.str1.4
                0x1000d418        0x5 obj_emsk_22/gnu_arcem7d/board.o
                                  0x8 (size before relaxing)
 *fill*         0x1000d41d        0x3 
 .rodata        0x1000d420       0x10 obj_emsk_22/gnu_arcem7d/emsk/dw_gpio_obj.o
 .rodata.str1.4
                0x1000d430      0x320 obj_emsk_22/gnu_arcem7d/middleware/common/console_io.o
 .rodata        0x1000d750       0x5c obj_emsk_22/gnu_arcem7d/middleware/common/xprintf.o
 .rodata.str1.4
                0x1000d7ac       0x1f obj_emsk_22/gnu_arcem7d/middleware/common/xprintf.o
                                 0x20 (size before relaxing)
 *fill*         0x1000d7cb        0x1 
 .rodata.str1.4
                0x1000d7cc      0x188 obj_emsk_22/gnu_arcem7d/arc/arc_exception.o
 .rodata        0x1000d954       0x40 obj_emsk_22/gnu_arcem7d/arc/arc_exception.o
 .rodata        0x1000d994       0x94 obj_emsk_22/gnu_arcem7d/emsk/dw_uart.o
                0x1000da18                dw_uart_stopbits
                0x1000da1c                dw_uart_parity
                0x1000da24                dw_uart_databits
 .rodata        0x1000da28       0x2c obj_emsk_22/gnu_arcem7d/emsk/dw_gpio.o
 .rodata.__clz_tab
                0x1000da54      0x100 c:/arc_gnu/bin/../lib/gcc/arc-elf32/7.1.1/arcem\libgcc.a(_clz.o)
                0x1000da54                __clz_tab
                0x1000db54                _e_rodata = .

.vector         0x1000dc00      0x400
                0x1000dc00                _f_vector = .
 *(.vector)
 .vector        0x1000dc00      0x400 obj_emsk_22/gnu_arcem7d/arc/arc_exception.o
                0x1000dc00                exc_entry_table
                0x1000e000                _e_vector = .
                0x1000e000                . = ALIGN (0x4)

.data           0x1000e000       0xd8
                0x1000e000                _f_data = .
 *(.data .data.* .gnu.linkonce.d.*)
 .data          0x1000e000        0x0 obj_emsk_22/gnu_arcem7d/main.o
 .data          0x1000e000        0x8 obj_emsk_22/gnu_arcem7d/board.o
                0x1000e000                s_main_args
 .data          0x1000e008        0x0 obj_emsk_22/gnu_arcem7d/emsk/emsk_init.o
 .data          0x1000e008        0x0 obj_emsk_22/gnu_arcem7d/emsk/emsk_timer.o
 .data          0x1000e008        0x0 obj_emsk_22/gnu_arcem7d/emsk/mux.o
 .data          0x1000e008       0x38 obj_emsk_22/gnu_arcem7d/emsk/dw_uart_obj.o
                0x1000e008                dw_uart_1_ctrl
                0x1000e024                dw_uart_0_ctrl
 .data          0x1000e040        0x0 obj_emsk_22/gnu_arcem7d/emsk/emsk_gpio.o
 .data          0x1000e040        0x8 obj_emsk_22/gnu_arcem7d/emsk/dw_gpio_obj.o
 .data          0x1000e048        0x0 obj_emsk_22/gnu_arcem7d/emsk/emsk_sdcard.o
 .data          0x1000e048        0x0 obj_emsk_22/gnu_arcem7d/middleware/common/console_io.o
 .data          0x1000e048        0x0 obj_emsk_22/gnu_arcem7d/middleware/common/xprintf.o
 .data          0x1000e048        0x0 obj_emsk_22/gnu_arcem7d/arc/arc_timer.o
 .data          0x1000e048       0x90 obj_emsk_22/gnu_arcem7d/arc/arc_exception.o
                0x1000e048                exc_int_handler_table
 .data          0x1000e0d8        0x0 obj_emsk_22/gnu_arcem7d/arc/arc_startup.o
 .data          0x1000e0d8        0x0 obj_emsk_22/gnu_arcem7d/arc/arc_exc_asm.o
 .data          0x1000e0d8        0x0 obj_emsk_22/gnu_arcem7d/library/clib/embarc_misc.o
 .data          0x1000e0d8        0x0 obj_emsk_22/gnu_arcem7d/emsk/dw_uart.o
 .data          0x1000e0d8        0x0 obj_emsk_22/gnu_arcem7d/emsk/dw_gpio.o
 .data          0x1000e0d8        0x0 obj_emsk_22/gnu_arcem7d/arc/arc_cache.o
 .data          0x1000e0d8        0x0 c:/arc_gnu/bin/../lib/gcc/arc-elf32/7.1.1/../../../../arc-elf32/lib/arcem\libc.a(lib_a-strstr.o)
 .data          0x1000e0d8        0x0 c:/arc_gnu/bin/../lib/gcc/arc-elf32/7.1.1/../../../../arc-elf32/lib/arcem\libc.a(lib_a-memchr.o)
 .data          0x1000e0d8        0x0 c:/arc_gnu/bin/../lib/gcc/arc-elf32/7.1.1/../../../../arc-elf32/lib/arcem\libc.a(lib_a-memcmp.o)
 .data          0x1000e0d8        0x0 c:/arc_gnu/bin/../lib/gcc/arc-elf32/7.1.1/../../../../arc-elf32/lib/arcem\libc.a(lib_a-strchr-bs.o)
 .data          0x1000e0d8        0x0 c:/arc_gnu/bin/../lib/gcc/arc-elf32/7.1.1/arcem\libgcc.a(_divdi3.o)
 .data          0x1000e0d8        0x0 c:/arc_gnu/bin/../lib/gcc/arc-elf32/7.1.1/arcem\libgcc.a(_udivdi3.o)
 .data          0x1000e0d8        0x0 c:/arc_gnu/bin/../lib/gcc/arc-elf32/7.1.1/arcem\libgcc.a(_udivsi3.o)
 .data          0x1000e0d8        0x0 c:/arc_gnu/bin/../lib/gcc/arc-elf32/7.1.1/arcem\libgcc.a(_divsi3.o)
 .data          0x1000e0d8        0x0 c:/arc_gnu/bin/../lib/gcc/arc-elf32/7.1.1/arcem\libgcc.a(_umodsi3.o)
 .data          0x1000e0d8        0x0 c:/arc_gnu/bin/../lib/gcc/arc-elf32/7.1.1/arcem\libgcc.a(_divmod_tools.o)
 .data          0x1000e0d8        0x0 c:/arc_gnu/bin/../lib/gcc/arc-elf32/7.1.1/arcem\libgcc.a(_clz.o)
                0x1000e0d8                . = ALIGN (0x4)

.sdata          0x1000e0d8        0x0
                0x1000e0d8                _f_sdata = .
                0x1000e0d8                __SDATA_BEGIN__ = .
 *(.sdata .sdata.* .gnu.linkonce.s.*)
                0x1000e0d8                _e_sdata = .
                0x1000e0d8                _e_data = .

.sbss           0x1000e0d8        0x0
                [!provide]                PROVIDE (__sbss_start, .)
                [!provide]                PROVIDE (___sbss_start, .)
                0x1000e0d8                _f_bss = .
                0x1000e0d8                _f_sbss = .
 *(.dynsbss)
 *(.sbss .sbss.* .gnu.linkonce.sb.*)
 *(.scommon)
                0x1000e0d8                _e_sbss = .
                [!provide]                PROVIDE (__sbss_end, .)
                [!provide]                PROVIDE (___sbss_end, .)

.bss            0x1000e0d8      0x290
 *(.dynbss)
 *(.bss .bss.* .gnu.linkonce.b.*)
 .bss           0x1000e0d8        0x4 obj_emsk_22/gnu_arcem7d/main.o
 .bss           0x1000e0dc        0x0 obj_emsk_22/gnu_arcem7d/board.o
 .bss           0x1000e0dc        0x0 obj_emsk_22/gnu_arcem7d/emsk/emsk_init.o
 .bss           0x1000e0dc       0x14 obj_emsk_22/gnu_arcem7d/emsk/emsk_timer.o
                0x1000e0e4                gl_emsk_ms_cnt
                0x1000e0e8                gl_emsk_sys_hz_cnt
 .bss           0x1000e0f0        0x4 obj_emsk_22/gnu_arcem7d/emsk/mux.o
 .bss           0x1000e0f4        0x4 obj_emsk_22/gnu_arcem7d/emsk/dw_uart_obj.o
 .bss           0x1000e0f8        0xc obj_emsk_22/gnu_arcem7d/emsk/emsk_gpio.o
 .bss           0x1000e104      0x184 obj_emsk_22/gnu_arcem7d/emsk/dw_gpio_obj.o
 .bss           0x1000e288        0x0 obj_emsk_22/gnu_arcem7d/emsk/emsk_sdcard.o
 .bss           0x1000e288        0x8 obj_emsk_22/gnu_arcem7d/middleware/common/console_io.o
 .bss           0x1000e290        0x4 obj_emsk_22/gnu_arcem7d/middleware/common/xprintf.o
 .bss           0x1000e294        0x0 obj_emsk_22/gnu_arcem7d/arc/arc_timer.o
 .bss           0x1000e294        0x0 obj_emsk_22/gnu_arcem7d/arc/arc_exception.o
 .bss           0x1000e294        0x0 obj_emsk_22/gnu_arcem7d/arc/arc_startup.o
 .bss           0x1000e294        0x0 obj_emsk_22/gnu_arcem7d/arc/arc_exc_asm.o
 .bss           0x1000e294        0x0 obj_emsk_22/gnu_arcem7d/library/clib/embarc_misc.o
 .bss           0x1000e294        0x0 obj_emsk_22/gnu_arcem7d/emsk/dw_uart.o
 .bss           0x1000e294        0x0 obj_emsk_22/gnu_arcem7d/emsk/dw_gpio.o
 .bss           0x1000e294       0x10 obj_emsk_22/gnu_arcem7d/arc/arc_cache.o
 .bss           0x1000e2a4        0x0 c:/arc_gnu/bin/../lib/gcc/arc-elf32/7.1.1/../../../../arc-elf32/lib/arcem\libc.a(lib_a-strstr.o)
 .bss           0x1000e2a4        0x0 c:/arc_gnu/bin/../lib/gcc/arc-elf32/7.1.1/../../../../arc-elf32/lib/arcem\libc.a(lib_a-memchr.o)
 .bss           0x1000e2a4        0x0 c:/arc_gnu/bin/../lib/gcc/arc-elf32/7.1.1/../../../../arc-elf32/lib/arcem\libc.a(lib_a-memcmp.o)
 .bss           0x1000e2a4        0x0 c:/arc_gnu/bin/../lib/gcc/arc-elf32/7.1.1/../../../../arc-elf32/lib/arcem\libc.a(lib_a-strchr-bs.o)
 .bss           0x1000e2a4        0x0 c:/arc_gnu/bin/../lib/gcc/arc-elf32/7.1.1/arcem\libgcc.a(_divdi3.o)
 .bss           0x1000e2a4        0x0 c:/arc_gnu/bin/../lib/gcc/arc-elf32/7.1.1/arcem\libgcc.a(_udivdi3.o)
 .bss           0x1000e2a4        0x0 c:/arc_gnu/bin/../lib/gcc/arc-elf32/7.1.1/arcem\libgcc.a(_udivsi3.o)
 .bss           0x1000e2a4        0x0 c:/arc_gnu/bin/../lib/gcc/arc-elf32/7.1.1/arcem\libgcc.a(_divsi3.o)
 .bss           0x1000e2a4        0x0 c:/arc_gnu/bin/../lib/gcc/arc-elf32/7.1.1/arcem\libgcc.a(_umodsi3.o)
 .bss           0x1000e2a4        0x0 c:/arc_gnu/bin/../lib/gcc/arc-elf32/7.1.1/arcem\libgcc.a(_divmod_tools.o)
 .bss           0x1000e2a4        0x0 c:/arc_gnu/bin/../lib/gcc/arc-elf32/7.1.1/arcem\libgcc.a(_clz.o)
 *(COMMON)
 COMMON         0x1000e2a4       0xb8 obj_emsk_22/gnu_arcem7d/emsk/dw_uart_obj.o
                0x1000e2a4                dw_uart_0
                0x1000e300                dw_uart_1
 COMMON         0x1000e35c        0x8 obj_emsk_22/gnu_arcem7d/middleware/common/xprintf.o
                0x1000e35c                xfunc_in
                0x1000e360                xfunc_out
 COMMON         0x1000e364        0x4 obj_emsk_22/gnu_arcem7d/arc/arc_exception.o
                0x1000e364                exc_nest_count
                0x1000e368                _e_bss = .

.stack          0x1000e368     0x2000
                0x1000e368                . = ALIGN (0x4)
                0x1000e368                _f_stack = .
                0x1000f368                . = (. + DEFINED (_STACKSIZE)?_STACKSIZE:0x1000)
 *fill*         0x1000e368     0x2000 
                0x10010368                _e_stack = .

.heap           0x10010368     0x2000
                0x10010368                . = ALIGN (0x4)
                0x10010368                __start_heap = .
                0x10010368                _f_heap = .
                0x10011368                . = (. + DEFINED (_HEAPSIZE)?_HEAPSIZE:0x1000)
 *fill*         0x10010368     0x2000 
                0x10012368                _e_heap = .
                0x10012368                __end_heap = .
                0x10000198                _load_addr_text = LOADADDR (.text)
                0x1000d3e8                _load_addr_rodata = LOADADDR (.rodata)
                0x1000e000                _load_addr_data = LOADADDR (.data)
LOAD obj_emsk_22/gnu_arcem7d/main.o
LOAD obj_emsk_22/gnu_arcem7d/board.o
START GROUP
LOAD obj_emsk_22/gnu_arcem7d/libembarc.a
LOAD c:/arc_gnu/bin/../lib/gcc/arc-elf32/7.1.1/../../../../arc-elf32/lib/arcem\libm.a
LOAD c:/arc_gnu/bin/../lib/gcc/arc-elf32/7.1.1/../../../../arc-elf32/lib/arcem\libc.a
LOAD c:/arc_gnu/bin/../lib/gcc/arc-elf32/7.1.1/arcem\libgcc.a
END GROUP
START GROUP
LOAD c:/arc_gnu/bin/../lib/gcc/arc-elf32/7.1.1/arcem\libgcc.a
LOAD c:/arc_gnu/bin/../lib/gcc/arc-elf32/7.1.1/../../../../arc-elf32/lib/arcem\libc.a
LOAD c:/arc_gnu/bin/../lib/gcc/arc-elf32/7.1.1/../../../../arc-elf32/lib/arcem\libnosys.a
END GROUP
OUTPUT(obj_emsk_22/gnu_arcem7d/ble_gnu_arcem7d.elf elf32-littlearc)

.debug_info     0x00000000    0x14243
 .debug_info    0x00000000     0x9ed5 obj_emsk_22/gnu_arcem7d/main.o
 .debug_info    0x00009ed5      0xcb3 obj_emsk_22/gnu_arcem7d/board.o
 .debug_info    0x0000ab88      0x3d6 obj_emsk_22/gnu_arcem7d/emsk/emsk_init.o
 .debug_info    0x0000af5e      0x648 obj_emsk_22/gnu_arcem7d/emsk/emsk_timer.o
 .debug_info    0x0000b5a6      0x227 obj_emsk_22/gnu_arcem7d/emsk/mux.o
 .debug_info    0x0000b7cd      0xaa5 obj_emsk_22/gnu_arcem7d/emsk/dw_uart_obj.o
 .debug_info    0x0000c272      0x75e obj_emsk_22/gnu_arcem7d/emsk/emsk_gpio.o
 .debug_info    0x0000c9d0     0x102f obj_emsk_22/gnu_arcem7d/emsk/dw_gpio_obj.o
 .debug_info    0x0000d9ff       0x7d obj_emsk_22/gnu_arcem7d/emsk/emsk_sdcard.o
 .debug_info    0x0000da7c      0xf66 obj_emsk_22/gnu_arcem7d/middleware/common/console_io.o
 .debug_info    0x0000e9e2      0x796 obj_emsk_22/gnu_arcem7d/middleware/common/xprintf.o
 .debug_info    0x0000f178      0x367 obj_emsk_22/gnu_arcem7d/arc/arc_timer.o
 .debug_info    0x0000f4df      0x811 obj_emsk_22/gnu_arcem7d/arc/arc_exception.o
 .debug_info    0x0000fcf0       0x26 obj_emsk_22/gnu_arcem7d/arc/arc_startup.o
 .debug_info    0x0000fd16       0x26 obj_emsk_22/gnu_arcem7d/arc/arc_exc_asm.o
 .debug_info    0x0000fd3c      0x947 obj_emsk_22/gnu_arcem7d/library/clib/embarc_misc.o
 .debug_info    0x00010683     0x1fde obj_emsk_22/gnu_arcem7d/emsk/dw_uart.o
 .debug_info    0x00012661     0x129b obj_emsk_22/gnu_arcem7d/emsk/dw_gpio.o
 .debug_info    0x000138fc      0x947 obj_emsk_22/gnu_arcem7d/arc/arc_cache.o

.debug_abbrev   0x00000000     0x2bd5
 .debug_abbrev  0x00000000      0x2da obj_emsk_22/gnu_arcem7d/main.o
 .debug_abbrev  0x000002da      0x305 obj_emsk_22/gnu_arcem7d/board.o
 .debug_abbrev  0x000005df      0x1e2 obj_emsk_22/gnu_arcem7d/emsk/emsk_init.o
 .debug_abbrev  0x000007c1      0x331 obj_emsk_22/gnu_arcem7d/emsk/emsk_timer.o
 .debug_abbrev  0x00000af2       0xeb obj_emsk_22/gnu_arcem7d/emsk/mux.o
 .debug_abbrev  0x00000bdd      0x28d obj_emsk_22/gnu_arcem7d/emsk/dw_uart_obj.o
 .debug_abbrev  0x00000e6a      0x271 obj_emsk_22/gnu_arcem7d/emsk/emsk_gpio.o
 .debug_abbrev  0x000010db      0x2ff obj_emsk_22/gnu_arcem7d/emsk/dw_gpio_obj.o
 .debug_abbrev  0x000013da       0x42 obj_emsk_22/gnu_arcem7d/emsk/emsk_sdcard.o
 .debug_abbrev  0x0000141c      0x320 obj_emsk_22/gnu_arcem7d/middleware/common/console_io.o
 .debug_abbrev  0x0000173c      0x2a0 obj_emsk_22/gnu_arcem7d/middleware/common/xprintf.o
 .debug_abbrev  0x000019dc      0x186 obj_emsk_22/gnu_arcem7d/arc/arc_timer.o
 .debug_abbrev  0x00001b62      0x346 obj_emsk_22/gnu_arcem7d/arc/arc_exception.o
 .debug_abbrev  0x00001ea8       0x14 obj_emsk_22/gnu_arcem7d/arc/arc_startup.o
 .debug_abbrev  0x00001ebc       0x14 obj_emsk_22/gnu_arcem7d/arc/arc_exc_asm.o
 .debug_abbrev  0x00001ed0      0x1a7 obj_emsk_22/gnu_arcem7d/library/clib/embarc_misc.o
 .debug_abbrev  0x00002077      0x4bd obj_emsk_22/gnu_arcem7d/emsk/dw_uart.o
 .debug_abbrev  0x00002534      0x38b obj_emsk_22/gnu_arcem7d/emsk/dw_gpio.o
 .debug_abbrev  0x000028bf      0x316 obj_emsk_22/gnu_arcem7d/arc/arc_cache.o

.debug_aranges  0x00000000      0x268
 .debug_aranges
                0x00000000       0x28 obj_emsk_22/gnu_arcem7d/main.o
 .debug_aranges
                0x00000028       0x20 obj_emsk_22/gnu_arcem7d/board.o
 .debug_aranges
                0x00000048       0x20 obj_emsk_22/gnu_arcem7d/emsk/emsk_init.o
 .debug_aranges
                0x00000068       0x20 obj_emsk_22/gnu_arcem7d/emsk/emsk_timer.o
 .debug_aranges
                0x00000088       0x20 obj_emsk_22/gnu_arcem7d/emsk/mux.o
 .debug_aranges
                0x000000a8       0x20 obj_emsk_22/gnu_arcem7d/emsk/dw_uart_obj.o
 .debug_aranges
                0x000000c8       0x20 obj_emsk_22/gnu_arcem7d/emsk/emsk_gpio.o
 .debug_aranges
                0x000000e8       0x20 obj_emsk_22/gnu_arcem7d/emsk/dw_gpio_obj.o
 .debug_aranges
                0x00000108       0x20 obj_emsk_22/gnu_arcem7d/emsk/emsk_sdcard.o
 .debug_aranges
                0x00000128       0x20 obj_emsk_22/gnu_arcem7d/middleware/common/console_io.o
 .debug_aranges
                0x00000148       0x20 obj_emsk_22/gnu_arcem7d/middleware/common/xprintf.o
 .debug_aranges
                0x00000168       0x20 obj_emsk_22/gnu_arcem7d/arc/arc_timer.o
 .debug_aranges
                0x00000188       0x20 obj_emsk_22/gnu_arcem7d/arc/arc_exception.o
 .debug_aranges
                0x000001a8       0x20 obj_emsk_22/gnu_arcem7d/arc/arc_startup.o
 .debug_aranges
                0x000001c8       0x20 obj_emsk_22/gnu_arcem7d/arc/arc_exc_asm.o
 .debug_aranges
                0x000001e8       0x20 obj_emsk_22/gnu_arcem7d/library/clib/embarc_misc.o
 .debug_aranges
                0x00000208       0x20 obj_emsk_22/gnu_arcem7d/emsk/dw_uart.o
 .debug_aranges
                0x00000228       0x20 obj_emsk_22/gnu_arcem7d/emsk/dw_gpio.o
 .debug_aranges
                0x00000248       0x20 obj_emsk_22/gnu_arcem7d/arc/arc_cache.o

.debug_ranges   0x00000000      0x4b8
 .debug_ranges  0x00000000       0x18 obj_emsk_22/gnu_arcem7d/main.o
 .debug_ranges  0x00000018       0x38 obj_emsk_22/gnu_arcem7d/emsk/emsk_timer.o
 .debug_ranges  0x00000050       0x20 obj_emsk_22/gnu_arcem7d/emsk/emsk_gpio.o
 .debug_ranges  0x00000070       0x70 obj_emsk_22/gnu_arcem7d/emsk/dw_gpio_obj.o
 .debug_ranges  0x000000e0       0x18 obj_emsk_22/gnu_arcem7d/middleware/common/console_io.o
 .debug_ranges  0x000000f8       0x18 obj_emsk_22/gnu_arcem7d/middleware/common/xprintf.o
 .debug_ranges  0x00000110       0x18 obj_emsk_22/gnu_arcem7d/arc/arc_timer.o
 .debug_ranges  0x00000128      0x198 obj_emsk_22/gnu_arcem7d/emsk/dw_uart.o
 .debug_ranges  0x000002c0      0x138 obj_emsk_22/gnu_arcem7d/emsk/dw_gpio.o
 .debug_ranges  0x000003f8       0xc0 obj_emsk_22/gnu_arcem7d/arc/arc_cache.o

.debug_line     0x00000000     0x370f
 .debug_line    0x00000000     0x128f obj_emsk_22/gnu_arcem7d/main.o
 .debug_line    0x0000128f      0x246 obj_emsk_22/gnu_arcem7d/board.o
 .debug_line    0x000014d5      0x1d5 obj_emsk_22/gnu_arcem7d/emsk/emsk_init.o
 .debug_line    0x000016aa      0x200 obj_emsk_22/gnu_arcem7d/emsk/emsk_timer.o
 .debug_line    0x000018aa       0xe3 obj_emsk_22/gnu_arcem7d/emsk/mux.o
 .debug_line    0x0000198d      0x21e obj_emsk_22/gnu_arcem7d/emsk/dw_uart_obj.o
 .debug_line    0x00001bab      0x1ac obj_emsk_22/gnu_arcem7d/emsk/emsk_gpio.o
 .debug_line    0x00001d57      0x285 obj_emsk_22/gnu_arcem7d/emsk/dw_gpio_obj.o
 .debug_line    0x00001fdc       0x5f obj_emsk_22/gnu_arcem7d/emsk/emsk_sdcard.o
 .debug_line    0x0000203b      0x242 obj_emsk_22/gnu_arcem7d/middleware/common/console_io.o
 .debug_line    0x0000227d      0x277 obj_emsk_22/gnu_arcem7d/middleware/common/xprintf.o
 .debug_line    0x000024f4      0x16b obj_emsk_22/gnu_arcem7d/arc/arc_timer.o
 .debug_line    0x0000265f      0x221 obj_emsk_22/gnu_arcem7d/arc/arc_exception.o
 .debug_line    0x00002880       0xa9 obj_emsk_22/gnu_arcem7d/arc/arc_startup.o
 .debug_line    0x00002929       0x88 obj_emsk_22/gnu_arcem7d/arc/arc_exc_asm.o
 .debug_line    0x000029b1      0x164 obj_emsk_22/gnu_arcem7d/library/clib/embarc_misc.o
 .debug_line    0x00002b15      0x559 obj_emsk_22/gnu_arcem7d/emsk/dw_uart.o
 .debug_line    0x0000306e      0x357 obj_emsk_22/gnu_arcem7d/emsk/dw_gpio.o
 .debug_line    0x000033c5      0x34a obj_emsk_22/gnu_arcem7d/arc/arc_cache.o

.debug_str      0x00000000     0x3398
 .debug_str     0x00000000     0x1ca5 obj_emsk_22/gnu_arcem7d/main.o
                               0x1dc0 (size before relaxing)
 .debug_str     0x00001ca5       0xc8 obj_emsk_22/gnu_arcem7d/board.o
                                0x89d (size before relaxing)
 .debug_str     0x00001d6d       0x73 obj_emsk_22/gnu_arcem7d/emsk/emsk_init.o
                                0x48c (size before relaxing)
 .debug_str     0x00001de0      0x15c obj_emsk_22/gnu_arcem7d/emsk/emsk_timer.o
                                0x578 (size before relaxing)
 .debug_str     0x00001f3c       0x8c obj_emsk_22/gnu_arcem7d/emsk/mux.o
                                0x264 (size before relaxing)
 .debug_str     0x00001fc8      0x283 obj_emsk_22/gnu_arcem7d/emsk/dw_uart_obj.o
                                0x7a9 (size before relaxing)
 .debug_str     0x0000224b      0x106 obj_emsk_22/gnu_arcem7d/emsk/emsk_gpio.o
                                0x572 (size before relaxing)
 .debug_str     0x00002351      0x3e7 obj_emsk_22/gnu_arcem7d/emsk/dw_gpio_obj.o
                                0x912 (size before relaxing)
 .debug_str     0x00002738       0x2e obj_emsk_22/gnu_arcem7d/emsk/emsk_sdcard.o
                                0x1d5 (size before relaxing)
 .debug_str     0x00002766       0xb6 obj_emsk_22/gnu_arcem7d/middleware/common/console_io.o
                                0x9ef (size before relaxing)
 .debug_str     0x0000281c       0xa7 obj_emsk_22/gnu_arcem7d/middleware/common/xprintf.o
                                0x22e (size before relaxing)
 .debug_str     0x000028c3       0x26 obj_emsk_22/gnu_arcem7d/arc/arc_timer.o
                                0x233 (size before relaxing)
 .debug_str     0x000028e9      0x20d obj_emsk_22/gnu_arcem7d/arc/arc_exception.o
                                0x47b (size before relaxing)
 .debug_str     0x00002af6       0x1d obj_emsk_22/gnu_arcem7d/arc/arc_startup.o
                                 0x55 (size before relaxing)
 .debug_str     0x00002b13        0xe obj_emsk_22/gnu_arcem7d/arc/arc_exc_asm.o
                                 0x55 (size before relaxing)
 .debug_str     0x00002b21       0x21 obj_emsk_22/gnu_arcem7d/library/clib/embarc_misc.o
                                0x621 (size before relaxing)
 .debug_str     0x00002b42      0x34d obj_emsk_22/gnu_arcem7d/emsk/dw_uart.o
                                0xcdd (size before relaxing)
 .debug_str     0x00002e8f      0x330 obj_emsk_22/gnu_arcem7d/emsk/dw_gpio.o
                                0x8ca (size before relaxing)
 .debug_str     0x000031bf      0x1d9 obj_emsk_22/gnu_arcem7d/arc/arc_cache.o
                                0x46a (size before relaxing)

.comment        0x00000000       0x42
 .comment       0x00000000       0x42 obj_emsk_22/gnu_arcem7d/main.o
                                 0x43 (size before relaxing)
 .comment       0x00000042       0x43 obj_emsk_22/gnu_arcem7d/board.o
 .comment       0x00000042       0x43 obj_emsk_22/gnu_arcem7d/emsk/emsk_init.o
 .comment       0x00000042       0x43 obj_emsk_22/gnu_arcem7d/emsk/emsk_timer.o
 .comment       0x00000042       0x43 obj_emsk_22/gnu_arcem7d/emsk/mux.o
 .comment       0x00000042       0x43 obj_emsk_22/gnu_arcem7d/emsk/dw_uart_obj.o
 .comment       0x00000042       0x43 obj_emsk_22/gnu_arcem7d/emsk/emsk_gpio.o
 .comment       0x00000042       0x43 obj_emsk_22/gnu_arcem7d/emsk/dw_gpio_obj.o
 .comment       0x00000042       0x43 obj_emsk_22/gnu_arcem7d/emsk/emsk_sdcard.o
 .comment       0x00000042       0x43 obj_emsk_22/gnu_arcem7d/middleware/common/console_io.o
 .comment       0x00000042       0x43 obj_emsk_22/gnu_arcem7d/middleware/common/xprintf.o
 .comment       0x00000042       0x43 obj_emsk_22/gnu_arcem7d/arc/arc_timer.o
 .comment       0x00000042       0x43 obj_emsk_22/gnu_arcem7d/arc/arc_exception.o
 .comment       0x00000042       0x43 obj_emsk_22/gnu_arcem7d/library/clib/embarc_misc.o
 .comment       0x00000042       0x43 obj_emsk_22/gnu_arcem7d/emsk/dw_uart.o
 .comment       0x00000042       0x43 obj_emsk_22/gnu_arcem7d/emsk/dw_gpio.o
 .comment       0x00000042       0x43 obj_emsk_22/gnu_arcem7d/arc/arc_cache.o

.note.GNU-stack
                0x00000000        0x0
 .note.GNU-stack
                0x00000000        0x0 obj_emsk_22/gnu_arcem7d/main.o
 .note.GNU-stack
                0x00000000        0x0 obj_emsk_22/gnu_arcem7d/board.o
 .note.GNU-stack
                0x00000000        0x0 obj_emsk_22/gnu_arcem7d/emsk/emsk_init.o
 .note.GNU-stack
                0x00000000        0x0 obj_emsk_22/gnu_arcem7d/emsk/emsk_timer.o
 .note.GNU-stack
                0x00000000        0x0 obj_emsk_22/gnu_arcem7d/emsk/mux.o
 .note.GNU-stack
                0x00000000        0x0 obj_emsk_22/gnu_arcem7d/emsk/dw_uart_obj.o
 .note.GNU-stack
                0x00000000        0x0 obj_emsk_22/gnu_arcem7d/emsk/emsk_gpio.o
 .note.GNU-stack
                0x00000000        0x0 obj_emsk_22/gnu_arcem7d/emsk/dw_gpio_obj.o
 .note.GNU-stack
                0x00000000        0x0 obj_emsk_22/gnu_arcem7d/emsk/emsk_sdcard.o
 .note.GNU-stack
                0x00000000        0x0 obj_emsk_22/gnu_arcem7d/middleware/common/console_io.o
 .note.GNU-stack
                0x00000000        0x0 obj_emsk_22/gnu_arcem7d/middleware/common/xprintf.o
 .note.GNU-stack
                0x00000000        0x0 obj_emsk_22/gnu_arcem7d/arc/arc_timer.o
 .note.GNU-stack
                0x00000000        0x0 obj_emsk_22/gnu_arcem7d/arc/arc_exception.o
 .note.GNU-stack
                0x00000000        0x0 obj_emsk_22/gnu_arcem7d/library/clib/embarc_misc.o
 .note.GNU-stack
                0x00000000        0x0 obj_emsk_22/gnu_arcem7d/emsk/dw_uart.o
 .note.GNU-stack
                0x00000000        0x0 obj_emsk_22/gnu_arcem7d/emsk/dw_gpio.o
 .note.GNU-stack
                0x00000000        0x0 obj_emsk_22/gnu_arcem7d/arc/arc_cache.o
 .note.GNU-stack
                0x00000000        0x0 c:/arc_gnu/bin/../lib/gcc/arc-elf32/7.1.1/../../../../arc-elf32/lib/arcem\libc.a(lib_a-strstr.o)
 .note.GNU-stack
                0x00000000        0x0 c:/arc_gnu/bin/../lib/gcc/arc-elf32/7.1.1/../../../../arc-elf32/lib/arcem\libc.a(lib_a-memchr.o)
 .note.GNU-stack
                0x00000000        0x0 c:/arc_gnu/bin/../lib/gcc/arc-elf32/7.1.1/arcem\libgcc.a(_divdi3.o)
 .note.GNU-stack
                0x00000000        0x0 c:/arc_gnu/bin/../lib/gcc/arc-elf32/7.1.1/arcem\libgcc.a(_udivdi3.o)
 .note.GNU-stack
                0x00000000        0x0 c:/arc_gnu/bin/../lib/gcc/arc-elf32/7.1.1/arcem\libgcc.a(_clz.o)

.ARC.attributes
                0x00000000       0x32
 .ARC.attributes
                0x00000000       0x23 obj_emsk_22/gnu_arcem7d/main.o
 .ARC.attributes
                0x00000023       0x23 obj_emsk_22/gnu_arcem7d/board.o
 .ARC.attributes
                0x00000046       0x23 obj_emsk_22/gnu_arcem7d/emsk/emsk_init.o
 .ARC.attributes
                0x00000069       0x28 obj_emsk_22/gnu_arcem7d/emsk/emsk_timer.o
 .ARC.attributes
                0x00000091       0x23 obj_emsk_22/gnu_arcem7d/emsk/mux.o
 .ARC.attributes
                0x000000b4       0x23 obj_emsk_22/gnu_arcem7d/emsk/dw_uart_obj.o
 .ARC.attributes
                0x000000d7       0x23 obj_emsk_22/gnu_arcem7d/emsk/emsk_gpio.o
 .ARC.attributes
                0x000000fa       0x26 obj_emsk_22/gnu_arcem7d/emsk/dw_gpio_obj.o
 .ARC.attributes
                0x00000120       0x23 obj_emsk_22/gnu_arcem7d/emsk/emsk_sdcard.o
 .ARC.attributes
                0x00000143       0x23 obj_emsk_22/gnu_arcem7d/middleware/common/console_io.o
 .ARC.attributes
                0x00000166       0x2d obj_emsk_22/gnu_arcem7d/middleware/common/xprintf.o
 .ARC.attributes
                0x00000193       0x26 obj_emsk_22/gnu_arcem7d/arc/arc_timer.o
 .ARC.attributes
                0x000001b9       0x26 obj_emsk_22/gnu_arcem7d/arc/arc_exception.o
 .ARC.attributes
                0x000001df       0x1f obj_emsk_22/gnu_arcem7d/arc/arc_startup.o
 .ARC.attributes
                0x000001fe       0x22 obj_emsk_22/gnu_arcem7d/arc/arc_exc_asm.o
 .ARC.attributes
                0x00000220       0x23 obj_emsk_22/gnu_arcem7d/library/clib/embarc_misc.o
 .ARC.attributes
                0x00000243       0x2e obj_emsk_22/gnu_arcem7d/emsk/dw_uart.o
 .ARC.attributes
                0x00000271       0x28 obj_emsk_22/gnu_arcem7d/emsk/dw_gpio.o
 .ARC.attributes
                0x00000299       0x26 obj_emsk_22/gnu_arcem7d/arc/arc_cache.o
 .ARC.attributes
                0x000002bf       0x25 c:/arc_gnu/bin/../lib/gcc/arc-elf32/7.1.1/../../../../arc-elf32/lib/arcem\libc.a(lib_a-strstr.o)
 .ARC.attributes
                0x000002e4       0x28 c:/arc_gnu/bin/../lib/gcc/arc-elf32/7.1.1/../../../../arc-elf32/lib/arcem\libc.a(lib_a-memchr.o)
 .ARC.attributes
                0x0000030c       0x1f c:/arc_gnu/bin/../lib/gcc/arc-elf32/7.1.1/../../../../arc-elf32/lib/arcem\libc.a(lib_a-memcmp.o)
 .ARC.attributes
                0x0000032b       0x22 c:/arc_gnu/bin/../lib/gcc/arc-elf32/7.1.1/../../../../arc-elf32/lib/arcem\libc.a(lib_a-strchr-bs.o)
 .ARC.attributes
                0x0000034d       0x2a c:/arc_gnu/bin/../lib/gcc/arc-elf32/7.1.1/arcem\libgcc.a(_divdi3.o)
 .ARC.attributes
                0x00000377       0x2a c:/arc_gnu/bin/../lib/gcc/arc-elf32/7.1.1/arcem\libgcc.a(_udivdi3.o)
 .ARC.attributes
                0x000003a1       0x1f c:/arc_gnu/bin/../lib/gcc/arc-elf32/7.1.1/arcem\libgcc.a(_udivsi3.o)
 .ARC.attributes
                0x000003c0       0x1f c:/arc_gnu/bin/../lib/gcc/arc-elf32/7.1.1/arcem\libgcc.a(_divsi3.o)
 .ARC.attributes
                0x000003df       0x1f c:/arc_gnu/bin/../lib/gcc/arc-elf32/7.1.1/arcem\libgcc.a(_umodsi3.o)
 .ARC.attributes
                0x000003fe       0x22 c:/arc_gnu/bin/../lib/gcc/arc-elf32/7.1.1/arcem\libgcc.a(_divmod_tools.o)
 .ARC.attributes
                0x00000420       0x25 c:/arc_gnu/bin/../lib/gcc/arc-elf32/7.1.1/arcem\libgcc.a(_clz.o)

.debug_frame    0x00000000     0x1020
 .debug_frame   0x00000000       0x64 obj_emsk_22/gnu_arcem7d/main.o
 .debug_frame   0x00000064       0x28 obj_emsk_22/gnu_arcem7d/board.o
 .debug_frame   0x0000008c       0x34 obj_emsk_22/gnu_arcem7d/emsk/emsk_init.o
 .debug_frame   0x000000c0       0xf8 obj_emsk_22/gnu_arcem7d/emsk/emsk_timer.o
 .debug_frame   0x000001b8       0xa0 obj_emsk_22/gnu_arcem7d/emsk/mux.o
 .debug_frame   0x00000258      0x10c obj_emsk_22/gnu_arcem7d/emsk/dw_uart_obj.o
 .debug_frame   0x00000364      0x130 obj_emsk_22/gnu_arcem7d/emsk/emsk_gpio.o
 .debug_frame   0x00000494      0x1c4 obj_emsk_22/gnu_arcem7d/emsk/dw_gpio_obj.o
 .debug_frame   0x00000658       0x20 obj_emsk_22/gnu_arcem7d/emsk/emsk_sdcard.o
 .debug_frame   0x00000678       0xa8 obj_emsk_22/gnu_arcem7d/middleware/common/console_io.o
 .debug_frame   0x00000720      0x204 obj_emsk_22/gnu_arcem7d/middleware/common/xprintf.o
 .debug_frame   0x00000924       0x7c obj_emsk_22/gnu_arcem7d/arc/arc_timer.o
 .debug_frame   0x000009a0      0x100 obj_emsk_22/gnu_arcem7d/arc/arc_exception.o
 .debug_frame   0x00000aa0       0x20 obj_emsk_22/gnu_arcem7d/library/clib/embarc_misc.o
 .debug_frame   0x00000ac0      0x1f0 obj_emsk_22/gnu_arcem7d/emsk/dw_uart.o
 .debug_frame   0x00000cb0       0xf8 obj_emsk_22/gnu_arcem7d/emsk/dw_gpio.o
 .debug_frame   0x00000da8       0xd0 obj_emsk_22/gnu_arcem7d/arc/arc_cache.o
 .debug_frame   0x00000e78       0xcc c:/arc_gnu/bin/../lib/gcc/arc-elf32/7.1.1/../../../../arc-elf32/lib/arcem\libc.a(lib_a-strstr.o)
 .debug_frame   0x00000f44       0x20 c:/arc_gnu/bin/../lib/gcc/arc-elf32/7.1.1/../../../../arc-elf32/lib/arcem\libc.a(lib_a-memchr.o)
 .debug_frame   0x00000f64       0x60 c:/arc_gnu/bin/../lib/gcc/arc-elf32/7.1.1/arcem\libgcc.a(_divdi3.o)
 .debug_frame   0x00000fc4       0x5c c:/arc_gnu/bin/../lib/gcc/arc-elf32/7.1.1/arcem\libgcc.a(_udivdi3.o)

.debug_loc      0x00000000     0x4fc0
 .debug_loc     0x00000000       0x3a obj_emsk_22/gnu_arcem7d/board.o
 .debug_loc     0x0000003a       0x13 obj_emsk_22/gnu_arcem7d/emsk/emsk_init.o
 .debug_loc     0x0000004d      0x14c obj_emsk_22/gnu_arcem7d/emsk/emsk_timer.o
 .debug_loc     0x00000199       0x84 obj_emsk_22/gnu_arcem7d/emsk/mux.o
 .debug_loc     0x0000021d      0x3b4 obj_emsk_22/gnu_arcem7d/emsk/dw_uart_obj.o
 .debug_loc     0x000005d1      0x182 obj_emsk_22/gnu_arcem7d/emsk/emsk_gpio.o
 .debug_loc     0x00000753      0x5d9 obj_emsk_22/gnu_arcem7d/emsk/dw_gpio_obj.o
 .debug_loc     0x00000d2c       0xc5 obj_emsk_22/gnu_arcem7d/middleware/common/console_io.o
 .debug_loc     0x00000df1      0xd33 obj_emsk_22/gnu_arcem7d/middleware/common/xprintf.o
 .debug_loc     0x00001b24      0x336 obj_emsk_22/gnu_arcem7d/arc/arc_timer.o
 .debug_loc     0x00001e5a      0x2e2 obj_emsk_22/gnu_arcem7d/arc/arc_exception.o
 .debug_loc     0x0000213c     0x16ad obj_emsk_22/gnu_arcem7d/emsk/dw_uart.o
 .debug_loc     0x000037e9     0x131b obj_emsk_22/gnu_arcem7d/emsk/dw_gpio.o
 .debug_loc     0x00004b04      0x4bc obj_emsk_22/gnu_arcem7d/arc/arc_cache.o
