Archive member included to satisfy reference by file (symbol)

obj_emsk_22/gnu_arcem7d/emsk/emsk_init.o
                              obj_emsk_22/gnu_arcem7d/board.o (board_init)
obj_emsk_22/gnu_arcem7d/emsk/emsk_timer.o
                              obj_emsk_22/gnu_arcem7d/emsk/emsk_init.o (emsk_timer_init)
obj_emsk_22/gnu_arcem7d/emsk/mux.o
                              obj_emsk_22/gnu_arcem7d/emsk/emsk_init.o (mux_init)
obj_emsk_22/gnu_arcem7d/emsk/dw_uart_obj.o
                              obj_emsk_22/gnu_arcem7d/main.o (uart_get_dev)
obj_emsk_22/gnu_arcem7d/emsk/emsk_gpio.o
                              obj_emsk_22/gnu_arcem7d/emsk/emsk_init.o (emsk_gpio_init)
obj_emsk_22/gnu_arcem7d/emsk/dw_gpio_obj.o
                              obj_emsk_22/gnu_arcem7d/emsk/emsk_gpio.o (gpio_get_dev)
obj_emsk_22/gnu_arcem7d/emsk/emsk_sdcard.o
                              obj_emsk_22/gnu_arcem7d/emsk/emsk_timer.o (emsk_sdcard_1ms_update)
obj_emsk_22/gnu_arcem7d/middleware/common/console_io.o
                              obj_emsk_22/gnu_arcem7d/board.o (xprintf_setup)
obj_emsk_22/gnu_arcem7d/middleware/common/xprintf.o
                              obj_emsk_22/gnu_arcem7d/middleware/common/console_io.o (xfunc_out)
obj_emsk_22/gnu_arcem7d/arc/arc_timer.o
                              obj_emsk_22/gnu_arcem7d/emsk/emsk_timer.o (timer_present)
obj_emsk_22/gnu_arcem7d/arc/arc_exception.o
                              obj_emsk_22/gnu_arcem7d/emsk/emsk_timer.o (int_handler_install)
obj_emsk_22/gnu_arcem7d/arc/arc_startup.o
                              obj_emsk_22/gnu_arcem7d/arc/arc_exception.o (_arc_reset)
obj_emsk_22/gnu_arcem7d/arc/arc_exc_asm.o
                              obj_emsk_22/gnu_arcem7d/arc/arc_exception.o (exc_entry_cpu)
obj_emsk_22/gnu_arcem7d/library/clib/embarc_misc.o
                              obj_emsk_22/gnu_arcem7d/middleware/common/console_io.o (gnu_printf_setup)
obj_emsk_22/gnu_arcem7d/emsk/dw_uart.o
                              obj_emsk_22/gnu_arcem7d/emsk/dw_uart_obj.o (dw_uart_open)
obj_emsk_22/gnu_arcem7d/emsk/dw_gpio.o
                              obj_emsk_22/gnu_arcem7d/emsk/dw_gpio_obj.o (dw_gpio_open)
obj_emsk_22/gnu_arcem7d/arc/arc_cache.o
                              obj_emsk_22/gnu_arcem7d/arc/arc_startup.o (arc_cache_init)
c:/arc_gnu/bin/../lib/gcc/arc-elf32/7.1.1/../../../../arc-elf32/lib/arcem\libc.a(lib_a-sprintf.o)
                              obj_emsk_22/gnu_arcem7d/main.o (sprintf)
c:/arc_gnu/bin/../lib/gcc/arc-elf32/7.1.1/../../../../arc-elf32/lib/arcem\libc.a(lib_a-svfprintf.o)
                              c:/arc_gnu/bin/../lib/gcc/arc-elf32/7.1.1/../../../../arc-elf32/lib/arcem\libc.a(lib_a-sprintf.o) (_svfprintf_r)
c:/arc_gnu/bin/../lib/gcc/arc-elf32/7.1.1/../../../../arc-elf32/lib/arcem\libc.a(lib_a-dtoa.o)
                              c:/arc_gnu/bin/../lib/gcc/arc-elf32/7.1.1/../../../../arc-elf32/lib/arcem\libc.a(lib_a-svfprintf.o) (_dtoa_r)
c:/arc_gnu/bin/../lib/gcc/arc-elf32/7.1.1/../../../../arc-elf32/lib/arcem\libc.a(lib_a-impure.o)
                              c:/arc_gnu/bin/../lib/gcc/arc-elf32/7.1.1/../../../../arc-elf32/lib/arcem\libc.a(lib_a-sprintf.o) (_impure_ptr)
c:/arc_gnu/bin/../lib/gcc/arc-elf32/7.1.1/../../../../arc-elf32/lib/arcem\libc.a(lib_a-localeconv.o)
                              c:/arc_gnu/bin/../lib/gcc/arc-elf32/7.1.1/../../../../arc-elf32/lib/arcem\libc.a(lib_a-svfprintf.o) (_localeconv_r)
c:/arc_gnu/bin/../lib/gcc/arc-elf32/7.1.1/../../../../arc-elf32/lib/arcem\libc.a(lib_a-mallocr.o)
                              c:/arc_gnu/bin/../lib/gcc/arc-elf32/7.1.1/../../../../arc-elf32/lib/arcem\libc.a(lib_a-svfprintf.o) (_malloc_r)
c:/arc_gnu/bin/../lib/gcc/arc-elf32/7.1.1/../../../../arc-elf32/lib/arcem\libc.a(lib_a-memchr.o)
                              c:/arc_gnu/bin/../lib/gcc/arc-elf32/7.1.1/../../../../arc-elf32/lib/arcem\libc.a(lib_a-svfprintf.o) (memchr)
c:/arc_gnu/bin/../lib/gcc/arc-elf32/7.1.1/../../../../arc-elf32/lib/arcem\libc.a(lib_a-memcpy-bs.o)
                              c:/arc_gnu/bin/../lib/gcc/arc-elf32/7.1.1/../../../../arc-elf32/lib/arcem\libc.a(lib_a-dtoa.o) (memcpy)
c:/arc_gnu/bin/../lib/gcc/arc-elf32/7.1.1/../../../../arc-elf32/lib/arcem\libc.a(lib_a-mlock.o)
                              c:/arc_gnu/bin/../lib/gcc/arc-elf32/7.1.1/../../../../arc-elf32/lib/arcem\libc.a(lib_a-mallocr.o) (__malloc_lock)
c:/arc_gnu/bin/../lib/gcc/arc-elf32/7.1.1/../../../../arc-elf32/lib/arcem\libc.a(lib_a-mprec.o)
                              c:/arc_gnu/bin/../lib/gcc/arc-elf32/7.1.1/../../../../arc-elf32/lib/arcem\libc.a(lib_a-dtoa.o) (_Balloc)
c:/arc_gnu/bin/../lib/gcc/arc-elf32/7.1.1/../../../../arc-elf32/lib/arcem\libc.a(lib_a-sbrkr.o)
                              c:/arc_gnu/bin/../lib/gcc/arc-elf32/7.1.1/../../../../arc-elf32/lib/arcem\libc.a(lib_a-mallocr.o) (_sbrk_r)
c:/arc_gnu/bin/../lib/gcc/arc-elf32/7.1.1/../../../../arc-elf32/lib/arcem\libc.a(lib_a-strlen-bs.o)
                              c:/arc_gnu/bin/../lib/gcc/arc-elf32/7.1.1/../../../../arc-elf32/lib/arcem\libc.a(lib_a-svfprintf.o) (strlen)
c:/arc_gnu/bin/../lib/gcc/arc-elf32/7.1.1/../../../../arc-elf32/lib/arcem\libc.a(lib_a-svfiprintf.o)
                              c:/arc_gnu/bin/../lib/gcc/arc-elf32/7.1.1/../../../../arc-elf32/lib/arcem\libc.a(lib_a-svfprintf.o) (__ssprint_r)
c:/arc_gnu/bin/../lib/gcc/arc-elf32/7.1.1/../../../../arc-elf32/lib/arcem\libc.a(lib_a-callocr.o)
                              c:/arc_gnu/bin/../lib/gcc/arc-elf32/7.1.1/../../../../arc-elf32/lib/arcem\libc.a(lib_a-mprec.o) (_calloc_r)
c:/arc_gnu/bin/../lib/gcc/arc-elf32/7.1.1/../../../../arc-elf32/lib/arcem\libc.a(lib_a-freer.o)
                              c:/arc_gnu/bin/../lib/gcc/arc-elf32/7.1.1/../../../../arc-elf32/lib/arcem\libc.a(lib_a-mallocr.o) (_free_r)
c:/arc_gnu/bin/../lib/gcc/arc-elf32/7.1.1/../../../../arc-elf32/lib/arcem\libc.a(lib_a-locale.o)
                              c:/arc_gnu/bin/../lib/gcc/arc-elf32/7.1.1/../../../../arc-elf32/lib/arcem\libc.a(lib_a-localeconv.o) (__global_locale)
c:/arc_gnu/bin/../lib/gcc/arc-elf32/7.1.1/../../../../arc-elf32/lib/arcem\libc.a(lib_a-mbtowc_r.o)
                              c:/arc_gnu/bin/../lib/gcc/arc-elf32/7.1.1/../../../../arc-elf32/lib/arcem\libc.a(lib_a-locale.o) (__ascii_mbtowc)
c:/arc_gnu/bin/../lib/gcc/arc-elf32/7.1.1/../../../../arc-elf32/lib/arcem\libc.a(lib_a-memmove.o)
                              c:/arc_gnu/bin/../lib/gcc/arc-elf32/7.1.1/../../../../arc-elf32/lib/arcem\libc.a(lib_a-svfiprintf.o) (memmove)
c:/arc_gnu/bin/../lib/gcc/arc-elf32/7.1.1/../../../../arc-elf32/lib/arcem\libc.a(lib_a-memset-bs.o)
                              c:/arc_gnu/bin/../lib/gcc/arc-elf32/7.1.1/../../../../arc-elf32/lib/arcem\libc.a(lib_a-callocr.o) (memset)
c:/arc_gnu/bin/../lib/gcc/arc-elf32/7.1.1/../../../../arc-elf32/lib/arcem\libc.a(lib_a-reallocr.o)
                              c:/arc_gnu/bin/../lib/gcc/arc-elf32/7.1.1/../../../../arc-elf32/lib/arcem\libc.a(lib_a-svfiprintf.o) (_realloc_r)
c:/arc_gnu/bin/../lib/gcc/arc-elf32/7.1.1/../../../../arc-elf32/lib/arcem\libc.a(lib_a-reent.o)
                              c:/arc_gnu/bin/../lib/gcc/arc-elf32/7.1.1/../../../../arc-elf32/lib/arcem\libc.a(lib_a-sbrkr.o) (errno)
c:/arc_gnu/bin/../lib/gcc/arc-elf32/7.1.1/../../../../arc-elf32/lib/arcem\libc.a(lib_a-strcmp.o)
                              c:/arc_gnu/bin/../lib/gcc/arc-elf32/7.1.1/../../../../arc-elf32/lib/arcem\libc.a(lib_a-locale.o) (strcmp)
c:/arc_gnu/bin/../lib/gcc/arc-elf32/7.1.1/../../../../arc-elf32/lib/arcem\libc.a(lib_a-wctomb_r.o)
                              c:/arc_gnu/bin/../lib/gcc/arc-elf32/7.1.1/../../../../arc-elf32/lib/arcem\libc.a(lib_a-locale.o) (__ascii_wctomb)
c:/arc_gnu/bin/../lib/gcc/arc-elf32/7.1.1/../../../../arc-elf32/lib/arcem\libc.a(lib_a-ctype_.o)
                              c:/arc_gnu/bin/../lib/gcc/arc-elf32/7.1.1/../../../../arc-elf32/lib/arcem\libc.a(lib_a-locale.o) (_ctype_)
c:/arc_gnu/bin/../lib/gcc/arc-elf32/7.1.1/arcem\libgcc.a(_udivsi3.o)
                              c:/arc_gnu/bin/../lib/gcc/arc-elf32/7.1.1/../../../../arc-elf32/lib/arcem\libc.a(lib_a-dtoa.o) (__udivsi3)
c:/arc_gnu/bin/../lib/gcc/arc-elf32/7.1.1/arcem\libgcc.a(_divmod_tools.o)
                              c:/arc_gnu/bin/../lib/gcc/arc-elf32/7.1.1/arcem\libgcc.a(_udivsi3.o) (__udivmodsi4)
c:/arc_gnu/bin/../lib/gcc/arc-elf32/7.1.1/arcem\libgcc.a(_divdi3.o)
                              obj_emsk_22/gnu_arcem7d/emsk/emsk_timer.o (__divdi3)
c:/arc_gnu/bin/../lib/gcc/arc-elf32/7.1.1/arcem\libgcc.a(_udivdi3.o)
                              obj_emsk_22/gnu_arcem7d/emsk/emsk_timer.o (__udivdi3)
c:/arc_gnu/bin/../lib/gcc/arc-elf32/7.1.1/arcem\libgcc.a(_umoddi3.o)
                              c:/arc_gnu/bin/../lib/gcc/arc-elf32/7.1.1/../../../../arc-elf32/lib/arcem\libc.a(lib_a-svfprintf.o) (__umoddi3)
c:/arc_gnu/bin/../lib/gcc/arc-elf32/7.1.1/arcem\libgcc.a(dp-bit.o)
                              c:/arc_gnu/bin/../lib/gcc/arc-elf32/7.1.1/../../../../arc-elf32/lib/arcem\libc.a(lib_a-dtoa.o) (__adddf3)
c:/arc_gnu/bin/../lib/gcc/arc-elf32/7.1.1/arcem\libgcc.a(_divsi3.o)
                              c:/arc_gnu/bin/../lib/gcc/arc-elf32/7.1.1/arcem\libgcc.a(_divdi3.o) (__divsi3)
c:/arc_gnu/bin/../lib/gcc/arc-elf32/7.1.1/arcem\libgcc.a(_umodsi3.o)
                              c:/arc_gnu/bin/../lib/gcc/arc-elf32/7.1.1/arcem\libgcc.a(_divdi3.o) (__umodsi3)
c:/arc_gnu/bin/../lib/gcc/arc-elf32/7.1.1/arcem\libgcc.a(_clzsi2.o)
                              c:/arc_gnu/bin/../lib/gcc/arc-elf32/7.1.1/arcem\libgcc.a(dp-bit.o) (__clzsi2)
c:/arc_gnu/bin/../lib/gcc/arc-elf32/7.1.1/arcem\libgcc.a(_clz.o)
                              c:/arc_gnu/bin/../lib/gcc/arc-elf32/7.1.1/arcem\libgcc.a(_divdi3.o) (__clz_tab)
c:/arc_gnu/bin/../lib/gcc/arc-elf32/7.1.1/arcem\libgcc.a(fp-bit.o)
                              c:/arc_gnu/bin/../lib/gcc/arc-elf32/7.1.1/arcem\libgcc.a(dp-bit.o) (__make_fp)
obj_emsk_22/gnu_arcem7d/library/clib/embarc_sbrk.o
                              c:/arc_gnu/bin/../lib/gcc/arc-elf32/7.1.1/../../../../arc-elf32/lib/arcem\libc.a(lib_a-sbrkr.o) (_sbrk)
c:/arc_gnu/bin/../lib/gcc/arc-elf32/7.1.1/../../../../arc-elf32/lib/arcem\libc.a(lib_a-errno.o)
                              obj_emsk_22/gnu_arcem7d/library/clib/embarc_sbrk.o (__errno)

Allocating common symbols
Common symbol       size              file

xfunc_in            0x4               obj_emsk_22/gnu_arcem7d/middleware/common/xprintf.o
dw_uart_0           0x5c              obj_emsk_22/gnu_arcem7d/emsk/dw_uart_obj.o
xfunc_out           0x4               obj_emsk_22/gnu_arcem7d/middleware/common/xprintf.o
exc_nest_count      0x4               obj_emsk_22/gnu_arcem7d/arc/arc_exception.o
dw_uart_1           0x5c              obj_emsk_22/gnu_arcem7d/emsk/dw_uart_obj.o

Memory Configuration

Name             Origin             Length             Attributes
iccm             0x00000000         0x00040000
dccm             0x80000000         0x00020000
ddr              0x10000000         0x08000000
*default*        0x00000000         0xffffffff

Linker script and memory map

                0x00002000                _HEAPSIZE = 0x2000
                0x00002000                _STACKSIZE = 0x2000
LOAD c:/arc_gnu/bin/../lib/gcc/arc-elf32/7.1.1/../../../../arc-elf32/lib/arcem\libm.a

.init           0x10000000      0x198
                0x10000000                _f_init = .
 *(.init_vector)
 .init_vector   0x10000000        0x4 obj_emsk_22/gnu_arcem7d/arc/arc_startup.o
 *(.init_bootstrap)
 .init_bootstrap
                0x10000004      0x194 obj_emsk_22/gnu_arcem7d/arc/arc_startup.o
                0x10000004                _arc_reset
                0x10000004                _start
                0x10000184                _exit_loop
                0x10000184                _exit_halt
                0x10000198                _e_init = .

.text           0x10000198     0xac3c
                0x10000198                _f_text = .
 *(.text .text.* .gnu.linkonce.t.*)
 .text          0x10000198       0x1c obj_emsk_22/gnu_arcem7d/main.o
                0x10000198                my_emsk_uart_init
 .text.startup  0x100001b4       0x6c obj_emsk_22/gnu_arcem7d/main.o
                0x100001b4                main
 .text          0x10000220       0x38 obj_emsk_22/gnu_arcem7d/board.o
                0x10000220                board_main
 .text          0x10000258       0x38 obj_emsk_22/gnu_arcem7d/emsk/emsk_init.o
                0x10000258                board_init
 .text          0x10000290      0x26c obj_emsk_22/gnu_arcem7d/emsk/emsk_timer.o
                0x10000290                board_timer_update
                0x1000031c                emsk_timer_init
                0x1000037c                board_get_hwticks
                0x100003b4                board_get_cur_us
                0x1000040c                board_delay_ms
 .text          0x100004fc       0x44 obj_emsk_22/gnu_arcem7d/emsk/mux.o
                0x100004fc                mux_init
                0x10000510                get_mux_regs
                0x1000051c                set_pmod_mux
                0x10000520                get_pmod_mux
                0x10000524                change_pmod_mux
                0x10000530                set_spi_map
                0x10000534                get_spi_map
                0x10000538                set_uart_map
                0x1000053c                get_uart_map
 .text          0x10000540      0x1b4 obj_emsk_22/gnu_arcem7d/emsk/dw_uart_obj.o
                0x100005e8                dw_uart_all_install
                0x10000694                uart_get_dev
 .text          0x100006f4      0x1c8 obj_emsk_22/gnu_arcem7d/emsk/emsk_gpio.o
                0x100006f4                emsk_led_init
                0x10000758                emsk_button_init
                0x100007a8                emsk_switch_init
                0x100007f8                emsk_gpio_init
                0x10000808                led_write
                0x10000824                led_read
                0x10000854                switch_read
                0x10000888                button_read
 .text          0x100008bc      0x49c obj_emsk_22/gnu_arcem7d/emsk/dw_gpio_obj.o
                0x10000a0c                dw_gpio_all_install
                0x10000d08                gpio_get_dev
 .text          0x10000d58        0x4 obj_emsk_22/gnu_arcem7d/emsk/emsk_sdcard.o
                0x10000d58                emsk_sdcard_1ms_update
 .text          0x10000d5c      0x128 obj_emsk_22/gnu_arcem7d/middleware/common/console_io.o
                0x10000d5c                console_putchar
                0x10000d88                console_getchar
                0x10000dc4                console_putstr
                0x10000dd8                console_getstr
                0x10000dec                xprintf_setup
 .text          0x10000e84      0x708 obj_emsk_22/gnu_arcem7d/middleware/common/xprintf.o
                0x10000e84                xputc
                0x10000f50                xputs
                0x10000f70                xfputs
                0x10000fa4                xvprintf
                0x100012e8                xprintf
                0x10001310                xsprintf
                0x10001350                xfprintf
                0x10001390                put_dump
                0x10001464                xgets
                0x10001478                xfgets
                0x100014ac                xatoi
 .text          0x1000158c      0x1ec obj_emsk_22/gnu_arcem7d/arc/arc_timer.o
                0x1000158c                timer_present
                0x100015b8                timer_start
                0x10001630                timer_stop
                0x100016ac                timer_current
                0x100016f4                timer_int_clear
                0x10001730                timer_init
 .text          0x10001778      0x220 obj_emsk_22/gnu_arcem7d/arc/arc_exception.o
                0x10001818                exc_entry_install
                0x10001888                exc_entry_get
                0x1000189c                exc_handler_install
                0x100018b4                exc_handler_get
                0x100018c8                exc_int_init
                0x10001934                int_handler_install
                0x10001950                int_handler_get
                0x10001968                int_pri_set
                0x10001984                exc_no2string
 .text          0x10001998        0x0 obj_emsk_22/gnu_arcem7d/arc/arc_startup.o
 .text          0x10001998      0x358 obj_emsk_22/gnu_arcem7d/arc/arc_exc_asm.o
                0x10001998                exc_entry_cpu
                0x10001b0c                exc_entry_int
                0x10001bb4                exc_entry_firq
 .text          0x10001cf0        0x4 obj_emsk_22/gnu_arcem7d/library/clib/embarc_misc.o
                0x10001cf0                gnu_printf_setup
 .text          0x10001cf4      0xa3c obj_emsk_22/gnu_arcem7d/emsk/dw_uart.o
                0x10001eb4                dw_uart_open
                0x10002060                dw_uart_close
                0x10002188                dw_uart_control
                0x100024ec                dw_uart_write
                0x1000254c                dw_uart_read
                0x100025ac                dw_uart_isr
 .text          0x10002730      0x528 obj_emsk_22/gnu_arcem7d/emsk/dw_gpio.o
                0x1000277c                dw_gpio_open
                0x10002874                dw_gpio_close
                0x10002920                dw_gpio_read
                0x1000298c                dw_gpio_write
                0x100029d0                dw_gpio_control
                0x10002bb4                dw_gpio_isr_handler
 .text          0x10002c58      0x408 obj_emsk_22/gnu_arcem7d/arc/arc_cache.o
                0x10002c58                icache_invalidate_mlines
                0x10002ca8                icache_lock_mlines
                0x10002d08                icache_direct_write
                0x10002d34                icache_direct_read
                0x10002d60                icache_indirect_read
                0x10002d94                dcache_invalidate_mlines
                0x10002dec                dcache_flush_mlines
                0x10002e44                dcache_lock_mlines
                0x10002ea4                dcache_direct_write
                0x10002ed0                dcache_direct_read
                0x10002efc                dcache_indirect_read
                0x10002f30                arc_cache_init
 .text          0x10003060       0x98 c:/arc_gnu/bin/../lib/gcc/arc-elf32/7.1.1/../../../../arc-elf32/lib/arcem\libc.a(lib_a-sprintf.o)
                0x10003060                _sprintf_r
                0x100030a8                sprintf
 .text          0x100030f8     0x16e4 c:/arc_gnu/bin/../lib/gcc/arc-elf32/7.1.1/../../../../arc-elf32/lib/arcem\libc.a(lib_a-svfprintf.o)
                0x100030f8                _svfprintf_r
 .text          0x100047dc     0x115c c:/arc_gnu/bin/../lib/gcc/arc-elf32/7.1.1/../../../../arc-elf32/lib/arcem\libc.a(lib_a-dtoa.o)
                0x10004970                _dtoa_r
 .text          0x10005938        0x0 c:/arc_gnu/bin/../lib/gcc/arc-elf32/7.1.1/../../../../arc-elf32/lib/arcem\libc.a(lib_a-impure.o)
 .text          0x10005938       0x38 c:/arc_gnu/bin/../lib/gcc/arc-elf32/7.1.1/../../../../arc-elf32/lib/arcem\libc.a(lib_a-localeconv.o)
                0x10005938                __localeconv_l
                0x10005940                _localeconv_r
                0x10005958                localeconv
 .text          0x10005970      0x6ac c:/arc_gnu/bin/../lib/gcc/arc-elf32/7.1.1/../../../../arc-elf32/lib/arcem\libc.a(lib_a-mallocr.o)
                0x10005970                _malloc_r
 .text          0x1000601c       0xc8 c:/arc_gnu/bin/../lib/gcc/arc-elf32/7.1.1/../../../../arc-elf32/lib/arcem\libc.a(lib_a-memchr.o)
                0x1000601c                memchr
 .text          0x100060e4       0x80 c:/arc_gnu/bin/../lib/gcc/arc-elf32/7.1.1/../../../../arc-elf32/lib/arcem\libc.a(lib_a-memcpy-bs.o)
                0x100060e4                memcpy
 .text          0x10006164        0x8 c:/arc_gnu/bin/../lib/gcc/arc-elf32/7.1.1/../../../../arc-elf32/lib/arcem\libc.a(lib_a-mlock.o)
                0x10006164                __malloc_lock
                0x10006168                __malloc_unlock
 .text          0x1000616c      0xbdc c:/arc_gnu/bin/../lib/gcc/arc-elf32/7.1.1/../../../../arc-elf32/lib/arcem\libc.a(lib_a-mprec.o)
                0x1000616c                _Balloc
                0x100061dc                _Bfree
                0x100061f0                __multadd
                0x100062b0                __s2b
                0x10006388                __hi0bits
                0x100063d0                __lo0bits
                0x10006448                __i2b
                0x10006468                __multiply
                0x1000660c                __pow5mult
                0x100066e8                __lshift
                0x100067e8                __mcmp
                0x1000682c                __mdiff
                0x10006980                __ulp
                0x100069d8                __b2d
                0x10006ac0                __d2b
                0x10006bac                __ratio
                0x10006c28                _mprec_log10
                0x10006c80                __copybits
                0x10006cec                __any_on
 .text          0x10006d48       0x3c c:/arc_gnu/bin/../lib/gcc/arc-elf32/7.1.1/../../../../arc-elf32/lib/arcem\libc.a(lib_a-sbrkr.o)
                0x10006d48                _sbrk_r
 .text          0x10006d84       0x90 c:/arc_gnu/bin/../lib/gcc/arc-elf32/7.1.1/../../../../arc-elf32/lib/arcem\libc.a(lib_a-strlen-bs.o)
                0x10006d84                strlen
 .text          0x10006e14      0xcf8 c:/arc_gnu/bin/../lib/gcc/arc-elf32/7.1.1/../../../../arc-elf32/lib/arcem\libc.a(lib_a-svfiprintf.o)
                0x10006e14                __ssprint_r
                0x10006f5c                _svfiprintf_r
 .text          0x10007b0c       0x84 c:/arc_gnu/bin/../lib/gcc/arc-elf32/7.1.1/../../../../arc-elf32/lib/arcem\libc.a(lib_a-callocr.o)
                0x10007b0c                _calloc_r
 .text          0x10007b90      0x3d0 c:/arc_gnu/bin/../lib/gcc/arc-elf32/7.1.1/../../../../arc-elf32/lib/arcem\libc.a(lib_a-freer.o)
                0x10007b90                _malloc_trim_r
                0x10007c64                _free_r
 .text          0x10007f60       0x98 c:/arc_gnu/bin/../lib/gcc/arc-elf32/7.1.1/../../../../arc-elf32/lib/arcem\libc.a(lib_a-locale.o)
                0x10007f60                _setlocale_r
                0x10007fb0                __locale_mb_cur_max
                0x10007fcc                __locale_ctype_ptr_l
                0x10007fd4                __locale_ctype_ptr
                0x10007fec                setlocale
 .text          0x10007ff8       0x64 c:/arc_gnu/bin/../lib/gcc/arc-elf32/7.1.1/../../../../arc-elf32/lib/arcem\libc.a(lib_a-mbtowc_r.o)
                0x10007ff8                _mbtowc_r
                0x10008014                __ascii_mbtowc
 .text          0x1000805c       0xf0 c:/arc_gnu/bin/../lib/gcc/arc-elf32/7.1.1/../../../../arc-elf32/lib/arcem\libc.a(lib_a-memmove.o)
                0x1000805c                memmove
 .text          0x1000814c       0x6c c:/arc_gnu/bin/../lib/gcc/arc-elf32/7.1.1/../../../../arc-elf32/lib/arcem\libc.a(lib_a-memset-bs.o)
                0x1000814c                memset
                0x100081a0                __strncpy_bzero
 .text          0x100081b8      0x488 c:/arc_gnu/bin/../lib/gcc/arc-elf32/7.1.1/../../../../arc-elf32/lib/arcem\libc.a(lib_a-reallocr.o)
                0x100081b8                _realloc_r
 .text          0x10008640       0xd0 c:/arc_gnu/bin/../lib/gcc/arc-elf32/7.1.1/../../../../arc-elf32/lib/arcem\libc.a(lib_a-reent.o)
                0x10008640                cleanup_glue
                0x10008668                _reclaim_reent
 .text          0x10008710       0x90 c:/arc_gnu/bin/../lib/gcc/arc-elf32/7.1.1/../../../../arc-elf32/lib/arcem\libc.a(lib_a-strcmp.o)
                0x10008710                strcmp
 .text          0x100087a0       0x44 c:/arc_gnu/bin/../lib/gcc/arc-elf32/7.1.1/../../../../arc-elf32/lib/arcem\libc.a(lib_a-wctomb_r.o)
                0x100087a0                _wctomb_r
                0x100087bc                __ascii_wctomb
 .text          0x100087e4        0x0 c:/arc_gnu/bin/../lib/gcc/arc-elf32/7.1.1/../../../../arc-elf32/lib/arcem\libc.a(lib_a-ctype_.o)
 .text          0x100087e4        0x4 c:/arc_gnu/bin/../lib/gcc/arc-elf32/7.1.1/arcem\libgcc.a(_udivsi3.o)
                0x100087e4                __udivsi3
 .text          0x100087e8       0x70 c:/arc_gnu/bin/../lib/gcc/arc-elf32/7.1.1/arcem\libgcc.a(_divmod_tools.o)
                0x100087e8                __udivmodsi4
 .text          0x10008858        0x0 c:/arc_gnu/bin/../lib/gcc/arc-elf32/7.1.1/arcem\libgcc.a(_divdi3.o)
 .text.__divdi3
                0x10008858      0x4fc c:/arc_gnu/bin/../lib/gcc/arc-elf32/7.1.1/arcem\libgcc.a(_divdi3.o)
                0x10008858                __divdi3
 .text          0x10008d54        0x0 c:/arc_gnu/bin/../lib/gcc/arc-elf32/7.1.1/arcem\libgcc.a(_udivdi3.o)
 .text.__udivdi3
                0x10008d54      0x4c8 c:/arc_gnu/bin/../lib/gcc/arc-elf32/7.1.1/arcem\libgcc.a(_udivdi3.o)
                0x10008d54                __udivdi3
 .text          0x1000921c        0x0 c:/arc_gnu/bin/../lib/gcc/arc-elf32/7.1.1/arcem\libgcc.a(_umoddi3.o)
 .text.__umoddi3
                0x1000921c      0x448 c:/arc_gnu/bin/../lib/gcc/arc-elf32/7.1.1/arcem\libgcc.a(_umoddi3.o)
                0x1000921c                __umoddi3
 .text          0x10009664        0x0 c:/arc_gnu/bin/../lib/gcc/arc-elf32/7.1.1/arcem\libgcc.a(dp-bit.o)
 .text._fpadd_parts
                0x10009664      0x2f0 c:/arc_gnu/bin/../lib/gcc/arc-elf32/7.1.1/arcem\libgcc.a(dp-bit.o)
 .text.__pack_d
                0x10009954      0x1bc c:/arc_gnu/bin/../lib/gcc/arc-elf32/7.1.1/arcem\libgcc.a(dp-bit.o)
                0x10009954                __pack_d
 .text.__unpack_d
                0x10009b10       0xd0 c:/arc_gnu/bin/../lib/gcc/arc-elf32/7.1.1/arcem\libgcc.a(dp-bit.o)
                0x10009b10                __unpack_d
 .text.__adddf3
                0x10009be0       0x34 c:/arc_gnu/bin/../lib/gcc/arc-elf32/7.1.1/arcem\libgcc.a(dp-bit.o)
                0x10009be0                __adddf3
 .text.__subdf3
                0x10009c14       0x3c c:/arc_gnu/bin/../lib/gcc/arc-elf32/7.1.1/arcem\libgcc.a(dp-bit.o)
                0x10009c14                __subdf3
 .text.__muldf3
                0x10009c50      0x23c c:/arc_gnu/bin/../lib/gcc/arc-elf32/7.1.1/arcem\libgcc.a(dp-bit.o)
                0x10009c50                __muldf3
 .text.__divdf3
                0x10009e8c      0x170 c:/arc_gnu/bin/../lib/gcc/arc-elf32/7.1.1/arcem\libgcc.a(dp-bit.o)
                0x10009e8c                __divdf3
 .text.__fpcmp_parts_d
                0x10009ffc       0xa8 c:/arc_gnu/bin/../lib/gcc/arc-elf32/7.1.1/arcem\libgcc.a(dp-bit.o)
                0x10009ffc                __fpcmp_parts_d
 .text.__cmpdf2
                0x1000a0a4       0x2c c:/arc_gnu/bin/../lib/gcc/arc-elf32/7.1.1/arcem\libgcc.a(dp-bit.o)
                0x1000a0a4                __cmpdf2
 .text.__eqdf2  0x1000a0d0       0x44 c:/arc_gnu/bin/../lib/gcc/arc-elf32/7.1.1/arcem\libgcc.a(dp-bit.o)
                0x1000a0d0                __eqdf2
 .text.__nedf2  0x1000a114        0x4 c:/arc_gnu/bin/../lib/gcc/arc-elf32/7.1.1/arcem\libgcc.a(dp-bit.o)
                0x1000a114                __nedf2
 .text.__gtdf2  0x1000a118       0x44 c:/arc_gnu/bin/../lib/gcc/arc-elf32/7.1.1/arcem\libgcc.a(dp-bit.o)
                0x1000a118                __gtdf2
 .text.__gedf2  0x1000a15c        0x4 c:/arc_gnu/bin/../lib/gcc/arc-elf32/7.1.1/arcem\libgcc.a(dp-bit.o)
                0x1000a15c                __gedf2
 .text.__ltdf2  0x1000a160        0x4 c:/arc_gnu/bin/../lib/gcc/arc-elf32/7.1.1/arcem\libgcc.a(dp-bit.o)
                0x1000a160                __ltdf2
 .text.__ledf2  0x1000a164        0x4 c:/arc_gnu/bin/../lib/gcc/arc-elf32/7.1.1/arcem\libgcc.a(dp-bit.o)
                0x1000a164                __ledf2
 .text.__unorddf2
                0x1000a168       0x3c c:/arc_gnu/bin/../lib/gcc/arc-elf32/7.1.1/arcem\libgcc.a(dp-bit.o)
                0x1000a168                __unorddf2
 .text.__floatsidf
                0x1000a1a4       0x88 c:/arc_gnu/bin/../lib/gcc/arc-elf32/7.1.1/arcem\libgcc.a(dp-bit.o)
                0x1000a1a4                __floatsidf
 .text.__floatunsidf
                0x1000a22c       0x64 c:/arc_gnu/bin/../lib/gcc/arc-elf32/7.1.1/arcem\libgcc.a(dp-bit.o)
                0x1000a22c                __floatunsidf
 .text.__fixdfsi
                0x1000a290       0x94 c:/arc_gnu/bin/../lib/gcc/arc-elf32/7.1.1/arcem\libgcc.a(dp-bit.o)
                0x1000a290                __fixdfsi
 .text.__fixunsdfsi
                0x1000a324       0x68 c:/arc_gnu/bin/../lib/gcc/arc-elf32/7.1.1/arcem\libgcc.a(dp-bit.o)
                0x1000a324                __fixunsdfsi
 .text.__negdf2
                0x1000a38c       0x28 c:/arc_gnu/bin/../lib/gcc/arc-elf32/7.1.1/arcem\libgcc.a(dp-bit.o)
                0x1000a38c                __negdf2
 .text.__make_dp
                0x1000a3b4       0x20 c:/arc_gnu/bin/../lib/gcc/arc-elf32/7.1.1/arcem\libgcc.a(dp-bit.o)
                0x1000a3b4                __make_dp
 .text.__truncdfsf2
                0x1000a3d4       0x38 c:/arc_gnu/bin/../lib/gcc/arc-elf32/7.1.1/arcem\libgcc.a(dp-bit.o)
                0x1000a3d4                __truncdfsf2
 .text          0x1000a40c       0x1c c:/arc_gnu/bin/../lib/gcc/arc-elf32/7.1.1/arcem\libgcc.a(_divsi3.o)
                0x1000a40c                __divsi3
 .text          0x1000a428       0x10 c:/arc_gnu/bin/../lib/gcc/arc-elf32/7.1.1/arcem\libgcc.a(_umodsi3.o)
                0x1000a428                __umodsi3
 .text          0x1000a438       0x30 c:/arc_gnu/bin/../lib/gcc/arc-elf32/7.1.1/arcem\libgcc.a(_clzsi2.o)
                0x1000a438                __clzsi2
 .text          0x1000a468        0x0 c:/arc_gnu/bin/../lib/gcc/arc-elf32/7.1.1/arcem\libgcc.a(_clz.o)
 .text          0x1000a468        0x0 c:/arc_gnu/bin/../lib/gcc/arc-elf32/7.1.1/arcem\libgcc.a(fp-bit.o)
 .text._fpadd_parts
                0x1000a468      0x174 c:/arc_gnu/bin/../lib/gcc/arc-elf32/7.1.1/arcem\libgcc.a(fp-bit.o)
 .text.__pack_f
                0x1000a5dc      0x100 c:/arc_gnu/bin/../lib/gcc/arc-elf32/7.1.1/arcem\libgcc.a(fp-bit.o)
                0x1000a5dc                __pack_f
 .text.__unpack_f
                0x1000a6dc       0x90 c:/arc_gnu/bin/../lib/gcc/arc-elf32/7.1.1/arcem\libgcc.a(fp-bit.o)
                0x1000a6dc                __unpack_f
 .text.__addsf3
                0x1000a76c       0x34 c:/arc_gnu/bin/../lib/gcc/arc-elf32/7.1.1/arcem\libgcc.a(fp-bit.o)
                0x1000a76c                __addsf3
 .text.__subsf3
                0x1000a7a0       0x3c c:/arc_gnu/bin/../lib/gcc/arc-elf32/7.1.1/arcem\libgcc.a(fp-bit.o)
                0x1000a7a0                __subsf3
 .text.__mulsf3
                0x1000a7dc      0x14c c:/arc_gnu/bin/../lib/gcc/arc-elf32/7.1.1/arcem\libgcc.a(fp-bit.o)
                0x1000a7dc                __mulsf3
 .text.__divsf3
                0x1000a928      0x104 c:/arc_gnu/bin/../lib/gcc/arc-elf32/7.1.1/arcem\libgcc.a(fp-bit.o)
                0x1000a928                __divsf3
 .text.__fpcmp_parts_f
                0x1000aa2c       0x90 c:/arc_gnu/bin/../lib/gcc/arc-elf32/7.1.1/arcem\libgcc.a(fp-bit.o)
                0x1000aa2c                __fpcmp_parts_f
 .text.__cmpsf2
                0x1000aabc       0x2c c:/arc_gnu/bin/../lib/gcc/arc-elf32/7.1.1/arcem\libgcc.a(fp-bit.o)
                0x1000aabc                __cmpsf2
 .text.__eqsf2  0x1000aae8       0x44 c:/arc_gnu/bin/../lib/gcc/arc-elf32/7.1.1/arcem\libgcc.a(fp-bit.o)
                0x1000aae8                __eqsf2
 .text.__nesf2  0x1000ab2c        0x4 c:/arc_gnu/bin/../lib/gcc/arc-elf32/7.1.1/arcem\libgcc.a(fp-bit.o)
                0x1000ab2c                __nesf2
 .text.__gtsf2  0x1000ab30       0x44 c:/arc_gnu/bin/../lib/gcc/arc-elf32/7.1.1/arcem\libgcc.a(fp-bit.o)
                0x1000ab30                __gtsf2
 .text.__gesf2  0x1000ab74        0x4 c:/arc_gnu/bin/../lib/gcc/arc-elf32/7.1.1/arcem\libgcc.a(fp-bit.o)
                0x1000ab74                __gesf2
 .text.__ltsf2  0x1000ab78        0x4 c:/arc_gnu/bin/../lib/gcc/arc-elf32/7.1.1/arcem\libgcc.a(fp-bit.o)
                0x1000ab78                __ltsf2
 .text.__lesf2  0x1000ab7c        0x4 c:/arc_gnu/bin/../lib/gcc/arc-elf32/7.1.1/arcem\libgcc.a(fp-bit.o)
                0x1000ab7c                __lesf2
 .text.__unordsf2
                0x1000ab80       0x3c c:/arc_gnu/bin/../lib/gcc/arc-elf32/7.1.1/arcem\libgcc.a(fp-bit.o)
                0x1000ab80                __unordsf2
 .text.__floatsisf
                0x1000abbc       0x84 c:/arc_gnu/bin/../lib/gcc/arc-elf32/7.1.1/arcem\libgcc.a(fp-bit.o)
                0x1000abbc                __floatsisf
 .text.__floatunsisf
                0x1000ac40       0x68 c:/arc_gnu/bin/../lib/gcc/arc-elf32/7.1.1/arcem\libgcc.a(fp-bit.o)
                0x1000ac40                __floatunsisf
 .text.__fixsfsi
                0x1000aca8       0x74 c:/arc_gnu/bin/../lib/gcc/arc-elf32/7.1.1/arcem\libgcc.a(fp-bit.o)
                0x1000aca8                __fixsfsi
 .text.__negsf2
                0x1000ad1c       0x28 c:/arc_gnu/bin/../lib/gcc/arc-elf32/7.1.1/arcem\libgcc.a(fp-bit.o)
                0x1000ad1c                __negsf2
 .text.__make_fp
                0x1000ad44       0x1c c:/arc_gnu/bin/../lib/gcc/arc-elf32/7.1.1/arcem\libgcc.a(fp-bit.o)
                0x1000ad44                __make_fp
 .text.__extendsfdf2
                0x1000ad60       0x30 c:/arc_gnu/bin/../lib/gcc/arc-elf32/7.1.1/arcem\libgcc.a(fp-bit.o)
                0x1000ad60                __extendsfdf2
 .text          0x1000ad90       0x40 obj_emsk_22/gnu_arcem7d/library/clib/embarc_sbrk.o
                0x1000ad90                _sbrk
 .text          0x1000add0        0x4 c:/arc_gnu/bin/../lib/gcc/arc-elf32/7.1.1/../../../../arc-elf32/lib/arcem\libc.a(lib_a-errno.o)
                0x1000add0                __errno
                0x1000add4                _e_text = .

.rodata         0x1000add4      0xd18
                0x1000add4                _f_rodata = .
 *(.rodata .rodata.* .gnu.linkonce.r.*)
 .rodata.str1.4
                0x1000add4       0x10 obj_emsk_22/gnu_arcem7d/main.o
 .rodata.str1.4
                0x1000ade4        0x5 obj_emsk_22/gnu_arcem7d/board.o
                                  0x8 (size before relaxing)
 *fill*         0x1000ade9        0x3 
 .rodata        0x1000adec       0x10 obj_emsk_22/gnu_arcem7d/emsk/dw_gpio_obj.o
 .rodata.str1.4
                0x1000adfc      0x320 obj_emsk_22/gnu_arcem7d/middleware/common/console_io.o
 .rodata        0x1000b11c       0x5c obj_emsk_22/gnu_arcem7d/middleware/common/xprintf.o
 .rodata.str1.4
                0x1000b178       0x1f obj_emsk_22/gnu_arcem7d/middleware/common/xprintf.o
                                 0x20 (size before relaxing)
 *fill*         0x1000b197        0x1 
 .rodata.str1.4
                0x1000b198      0x185 obj_emsk_22/gnu_arcem7d/arc/arc_exception.o
                                0x188 (size before relaxing)
 *fill*         0x1000b31d        0x3 
 .rodata        0x1000b320       0x40 obj_emsk_22/gnu_arcem7d/arc/arc_exception.o
 .rodata        0x1000b360       0x94 obj_emsk_22/gnu_arcem7d/emsk/dw_uart.o
                0x1000b3e4                dw_uart_stopbits
                0x1000b3e8                dw_uart_parity
                0x1000b3f0                dw_uart_databits
 .rodata        0x1000b3f4       0x2c obj_emsk_22/gnu_arcem7d/emsk/dw_gpio.o
 .rodata.str1.4
                0x1000b420       0x42 c:/arc_gnu/bin/../lib/gcc/arc-elf32/7.1.1/../../../../arc-elf32/lib/arcem\libc.a(lib_a-svfprintf.o)
                                 0x44 (size before relaxing)
 *fill*         0x1000b462        0x2 
 .rodata        0x1000b464      0x184 c:/arc_gnu/bin/../lib/gcc/arc-elf32/7.1.1/../../../../arc-elf32/lib/arcem\libc.a(lib_a-svfprintf.o)
 .rodata.str1.4
                0x1000b5e8       0x10 c:/arc_gnu/bin/../lib/gcc/arc-elf32/7.1.1/../../../../arc-elf32/lib/arcem\libc.a(lib_a-dtoa.o)
                                 0x14 (size before relaxing)
 .rodata        0x1000b5f8       0x10 c:/arc_gnu/bin/../lib/gcc/arc-elf32/7.1.1/../../../../arc-elf32/lib/arcem\libc.a(lib_a-dtoa.o)
 .rodata        0x1000b608        0x4 c:/arc_gnu/bin/../lib/gcc/arc-elf32/7.1.1/../../../../arc-elf32/lib/arcem\libc.a(lib_a-impure.o)
                0x1000b608                _global_impure_ptr
 .rodata        0x1000b60c      0x124 c:/arc_gnu/bin/../lib/gcc/arc-elf32/7.1.1/../../../../arc-elf32/lib/arcem\libc.a(lib_a-mprec.o)
                0x1000b618                __mprec_tinytens
                0x1000b640                __mprec_bigtens
                0x1000b668                __mprec_tens
 .rodata.str1.4
                0x1000b730       0x30 c:/arc_gnu/bin/../lib/gcc/arc-elf32/7.1.1/../../../../arc-elf32/lib/arcem\libc.a(lib_a-svfiprintf.o)
 .rodata        0x1000b730      0x184 c:/arc_gnu/bin/../lib/gcc/arc-elf32/7.1.1/../../../../arc-elf32/lib/arcem\libc.a(lib_a-svfiprintf.o)
 .rodata.str1.4
                0x1000b8b4       0x10 c:/arc_gnu/bin/../lib/gcc/arc-elf32/7.1.1/../../../../arc-elf32/lib/arcem\libc.a(lib_a-locale.o)
                                 0x14 (size before relaxing)
 .rodata        0x1000b8c4      0x104 c:/arc_gnu/bin/../lib/gcc/arc-elf32/7.1.1/../../../../arc-elf32/lib/arcem\libc.a(lib_a-ctype_.o)
                0x1000b8c4                _ctype_
 .rodata.__thenan_df
                0x1000b9c8       0x14 c:/arc_gnu/bin/../lib/gcc/arc-elf32/7.1.1/arcem\libgcc.a(dp-bit.o)
                0x1000b9c8                __thenan_df
 .rodata.__clz_tab
                0x1000b9dc      0x100 c:/arc_gnu/bin/../lib/gcc/arc-elf32/7.1.1/arcem\libgcc.a(_clz.o)
                0x1000b9dc                __clz_tab
 .rodata.__thenan_sf
                0x1000badc       0x10 c:/arc_gnu/bin/../lib/gcc/arc-elf32/7.1.1/arcem\libgcc.a(fp-bit.o)
                0x1000badc                __thenan_sf
                0x1000baec                _e_rodata = .

.vector         0x1000bc00      0x400
                0x1000bc00                _f_vector = .
 *(.vector)
 .vector        0x1000bc00      0x400 obj_emsk_22/gnu_arcem7d/arc/arc_exception.o
                0x1000bc00                exc_entry_table
                0x1000c000                _e_vector = .
                0x1000c000                . = ALIGN (0x4)

.data           0x1000c000      0xa70
                0x1000c000                _f_data = .
 *(.data .data.* .gnu.linkonce.d.*)
 .data          0x1000c000        0x0 obj_emsk_22/gnu_arcem7d/main.o
 .data          0x1000c000        0x8 obj_emsk_22/gnu_arcem7d/board.o
                0x1000c000                s_main_args
 .data          0x1000c008        0x0 obj_emsk_22/gnu_arcem7d/emsk/emsk_init.o
 .data          0x1000c008        0x0 obj_emsk_22/gnu_arcem7d/emsk/emsk_timer.o
 .data          0x1000c008        0x0 obj_emsk_22/gnu_arcem7d/emsk/mux.o
 .data          0x1000c008       0x38 obj_emsk_22/gnu_arcem7d/emsk/dw_uart_obj.o
                0x1000c008                dw_uart_1_ctrl
                0x1000c024                dw_uart_0_ctrl
 .data          0x1000c040        0x0 obj_emsk_22/gnu_arcem7d/emsk/emsk_gpio.o
 .data          0x1000c040        0x8 obj_emsk_22/gnu_arcem7d/emsk/dw_gpio_obj.o
 .data          0x1000c048        0x0 obj_emsk_22/gnu_arcem7d/emsk/emsk_sdcard.o
 .data          0x1000c048        0x0 obj_emsk_22/gnu_arcem7d/middleware/common/console_io.o
 .data          0x1000c048        0x0 obj_emsk_22/gnu_arcem7d/middleware/common/xprintf.o
 .data          0x1000c048        0x0 obj_emsk_22/gnu_arcem7d/arc/arc_timer.o
 .data          0x1000c048       0x90 obj_emsk_22/gnu_arcem7d/arc/arc_exception.o
                0x1000c048                exc_int_handler_table
 .data          0x1000c0d8        0x0 obj_emsk_22/gnu_arcem7d/arc/arc_startup.o
 .data          0x1000c0d8        0x0 obj_emsk_22/gnu_arcem7d/arc/arc_exc_asm.o
 .data          0x1000c0d8        0x0 obj_emsk_22/gnu_arcem7d/library/clib/embarc_misc.o
 .data          0x1000c0d8        0x0 obj_emsk_22/gnu_arcem7d/emsk/dw_uart.o
 .data          0x1000c0d8        0x0 obj_emsk_22/gnu_arcem7d/emsk/dw_gpio.o
 .data          0x1000c0d8        0x0 obj_emsk_22/gnu_arcem7d/arc/arc_cache.o
 .data          0x1000c0d8        0x0 c:/arc_gnu/bin/../lib/gcc/arc-elf32/7.1.1/../../../../arc-elf32/lib/arcem\libc.a(lib_a-sprintf.o)
 .data          0x1000c0d8        0x0 c:/arc_gnu/bin/../lib/gcc/arc-elf32/7.1.1/../../../../arc-elf32/lib/arcem\libc.a(lib_a-svfprintf.o)
 .data          0x1000c0d8        0x0 c:/arc_gnu/bin/../lib/gcc/arc-elf32/7.1.1/../../../../arc-elf32/lib/arcem\libc.a(lib_a-dtoa.o)
 .data          0x1000c0d8      0x424 c:/arc_gnu/bin/../lib/gcc/arc-elf32/7.1.1/../../../../arc-elf32/lib/arcem\libc.a(lib_a-impure.o)
 .data          0x1000c4fc        0x0 c:/arc_gnu/bin/../lib/gcc/arc-elf32/7.1.1/../../../../arc-elf32/lib/arcem\libc.a(lib_a-localeconv.o)
 .data          0x1000c4fc      0x408 c:/arc_gnu/bin/../lib/gcc/arc-elf32/7.1.1/../../../../arc-elf32/lib/arcem\libc.a(lib_a-mallocr.o)
                0x1000c4fc                __malloc_av_
 .data          0x1000c904        0x0 c:/arc_gnu/bin/../lib/gcc/arc-elf32/7.1.1/../../../../arc-elf32/lib/arcem\libc.a(lib_a-memchr.o)
 .data          0x1000c904        0x0 c:/arc_gnu/bin/../lib/gcc/arc-elf32/7.1.1/../../../../arc-elf32/lib/arcem\libc.a(lib_a-memcpy-bs.o)
 .data          0x1000c904        0x0 c:/arc_gnu/bin/../lib/gcc/arc-elf32/7.1.1/../../../../arc-elf32/lib/arcem\libc.a(lib_a-mlock.o)
 .data          0x1000c904        0x0 c:/arc_gnu/bin/../lib/gcc/arc-elf32/7.1.1/../../../../arc-elf32/lib/arcem\libc.a(lib_a-mprec.o)
 .data          0x1000c904        0x0 c:/arc_gnu/bin/../lib/gcc/arc-elf32/7.1.1/../../../../arc-elf32/lib/arcem\libc.a(lib_a-sbrkr.o)
 .data          0x1000c904        0x0 c:/arc_gnu/bin/../lib/gcc/arc-elf32/7.1.1/../../../../arc-elf32/lib/arcem\libc.a(lib_a-strlen-bs.o)
 .data          0x1000c904        0x0 c:/arc_gnu/bin/../lib/gcc/arc-elf32/7.1.1/../../../../arc-elf32/lib/arcem\libc.a(lib_a-svfiprintf.o)
 .data          0x1000c904        0x0 c:/arc_gnu/bin/../lib/gcc/arc-elf32/7.1.1/../../../../arc-elf32/lib/arcem\libc.a(lib_a-callocr.o)
 .data          0x1000c904        0x0 c:/arc_gnu/bin/../lib/gcc/arc-elf32/7.1.1/../../../../arc-elf32/lib/arcem\libc.a(lib_a-freer.o)
 .data          0x1000c904      0x16c c:/arc_gnu/bin/../lib/gcc/arc-elf32/7.1.1/../../../../arc-elf32/lib/arcem\libc.a(lib_a-locale.o)
                0x1000c904                __global_locale
 .data          0x1000ca70        0x0 c:/arc_gnu/bin/../lib/gcc/arc-elf32/7.1.1/../../../../arc-elf32/lib/arcem\libc.a(lib_a-mbtowc_r.o)
 .data          0x1000ca70        0x0 c:/arc_gnu/bin/../lib/gcc/arc-elf32/7.1.1/../../../../arc-elf32/lib/arcem\libc.a(lib_a-memmove.o)
 .data          0x1000ca70        0x0 c:/arc_gnu/bin/../lib/gcc/arc-elf32/7.1.1/../../../../arc-elf32/lib/arcem\libc.a(lib_a-memset-bs.o)
 .data          0x1000ca70        0x0 c:/arc_gnu/bin/../lib/gcc/arc-elf32/7.1.1/../../../../arc-elf32/lib/arcem\libc.a(lib_a-reallocr.o)
 .data          0x1000ca70        0x0 c:/arc_gnu/bin/../lib/gcc/arc-elf32/7.1.1/../../../../arc-elf32/lib/arcem\libc.a(lib_a-reent.o)
 .data          0x1000ca70        0x0 c:/arc_gnu/bin/../lib/gcc/arc-elf32/7.1.1/../../../../arc-elf32/lib/arcem\libc.a(lib_a-strcmp.o)
 .data          0x1000ca70        0x0 c:/arc_gnu/bin/../lib/gcc/arc-elf32/7.1.1/../../../../arc-elf32/lib/arcem\libc.a(lib_a-wctomb_r.o)
 .data          0x1000ca70        0x0 c:/arc_gnu/bin/../lib/gcc/arc-elf32/7.1.1/../../../../arc-elf32/lib/arcem\libc.a(lib_a-ctype_.o)
 .data          0x1000ca70        0x0 c:/arc_gnu/bin/../lib/gcc/arc-elf32/7.1.1/arcem\libgcc.a(_udivsi3.o)
 .data          0x1000ca70        0x0 c:/arc_gnu/bin/../lib/gcc/arc-elf32/7.1.1/arcem\libgcc.a(_divmod_tools.o)
 .data          0x1000ca70        0x0 c:/arc_gnu/bin/../lib/gcc/arc-elf32/7.1.1/arcem\libgcc.a(_divdi3.o)
 .data          0x1000ca70        0x0 c:/arc_gnu/bin/../lib/gcc/arc-elf32/7.1.1/arcem\libgcc.a(_udivdi3.o)
 .data          0x1000ca70        0x0 c:/arc_gnu/bin/../lib/gcc/arc-elf32/7.1.1/arcem\libgcc.a(_umoddi3.o)
 .data          0x1000ca70        0x0 c:/arc_gnu/bin/../lib/gcc/arc-elf32/7.1.1/arcem\libgcc.a(dp-bit.o)
 .data          0x1000ca70        0x0 c:/arc_gnu/bin/../lib/gcc/arc-elf32/7.1.1/arcem\libgcc.a(_divsi3.o)
 .data          0x1000ca70        0x0 c:/arc_gnu/bin/../lib/gcc/arc-elf32/7.1.1/arcem\libgcc.a(_umodsi3.o)
 .data          0x1000ca70        0x0 c:/arc_gnu/bin/../lib/gcc/arc-elf32/7.1.1/arcem\libgcc.a(_clzsi2.o)
 .data          0x1000ca70        0x0 c:/arc_gnu/bin/../lib/gcc/arc-elf32/7.1.1/arcem\libgcc.a(_clz.o)
 .data          0x1000ca70        0x0 c:/arc_gnu/bin/../lib/gcc/arc-elf32/7.1.1/arcem\libgcc.a(fp-bit.o)
 .data          0x1000ca70        0x0 obj_emsk_22/gnu_arcem7d/library/clib/embarc_sbrk.o
 .data          0x1000ca70        0x0 c:/arc_gnu/bin/../lib/gcc/arc-elf32/7.1.1/../../../../arc-elf32/lib/arcem\libc.a(lib_a-errno.o)
                0x1000ca70                . = ALIGN (0x4)

.sdata          0x1000ca70        0xc
                0x1000ca70                _f_sdata = .
                0x1000ca70                __SDATA_BEGIN__ = .
 *(.sdata .sdata.* .gnu.linkonce.s.*)
 .sdata         0x1000ca70        0x4 c:/arc_gnu/bin/../lib/gcc/arc-elf32/7.1.1/../../../../arc-elf32/lib/arcem\libc.a(lib_a-impure.o)
                0x1000ca70                _impure_ptr
 .sdata         0x1000ca74        0x8 c:/arc_gnu/bin/../lib/gcc/arc-elf32/7.1.1/../../../../arc-elf32/lib/arcem\libc.a(lib_a-mallocr.o)
                0x1000ca74                __malloc_sbrk_base
                0x1000ca78                __malloc_trim_threshold
                0x1000ca7c                _e_sdata = .
                0x1000ca7c                _e_data = .

.sbss           0x1000ca80       0x14
                [!provide]                PROVIDE (__sbss_start, .)
                [!provide]                PROVIDE (___sbss_start, .)
                0x1000ca80                _f_bss = .
                0x1000ca80                _f_sbss = .
 *(.dynsbss)
 *(.sbss .sbss.* .gnu.linkonce.sb.*)
 .sbss          0x1000ca80        0xc c:/arc_gnu/bin/../lib/gcc/arc-elf32/7.1.1/../../../../arc-elf32/lib/arcem\libc.a(lib_a-mallocr.o)
                0x1000ca80                __malloc_max_total_mem
                0x1000ca84                __malloc_max_sbrked_mem
                0x1000ca88                __malloc_top_pad
 .sbss          0x1000ca8c        0x4 c:/arc_gnu/bin/../lib/gcc/arc-elf32/7.1.1/../../../../arc-elf32/lib/arcem\libc.a(lib_a-locale.o)
                0x1000ca8c                _PathLocale
 .sbss          0x1000ca90        0x4 c:/arc_gnu/bin/../lib/gcc/arc-elf32/7.1.1/../../../../arc-elf32/lib/arcem\libc.a(lib_a-reent.o)
                0x1000ca90                errno
 *(.scommon)
                0x1000ca94                _e_sbss = .
                [!provide]                PROVIDE (__sbss_end, .)
                [!provide]                PROVIDE (___sbss_end, .)

.bss            0x1000ca98      0x2bc
 *(.dynbss)
 *(.bss .bss.* .gnu.linkonce.b.*)
 .bss           0x1000ca98        0x4 obj_emsk_22/gnu_arcem7d/main.o
 .bss           0x1000ca9c        0x0 obj_emsk_22/gnu_arcem7d/board.o
 .bss           0x1000ca9c        0x0 obj_emsk_22/gnu_arcem7d/emsk/emsk_init.o
 .bss           0x1000ca9c       0x14 obj_emsk_22/gnu_arcem7d/emsk/emsk_timer.o
                0x1000caa4                gl_emsk_ms_cnt
                0x1000caa8                gl_emsk_sys_hz_cnt
 .bss           0x1000cab0        0x4 obj_emsk_22/gnu_arcem7d/emsk/mux.o
 .bss           0x1000cab4        0x4 obj_emsk_22/gnu_arcem7d/emsk/dw_uart_obj.o
 .bss           0x1000cab8        0xc obj_emsk_22/gnu_arcem7d/emsk/emsk_gpio.o
 .bss           0x1000cac4      0x184 obj_emsk_22/gnu_arcem7d/emsk/dw_gpio_obj.o
 .bss           0x1000cc48        0x0 obj_emsk_22/gnu_arcem7d/emsk/emsk_sdcard.o
 .bss           0x1000cc48        0x8 obj_emsk_22/gnu_arcem7d/middleware/common/console_io.o
 .bss           0x1000cc50        0x4 obj_emsk_22/gnu_arcem7d/middleware/common/xprintf.o
 .bss           0x1000cc54        0x0 obj_emsk_22/gnu_arcem7d/arc/arc_timer.o
 .bss           0x1000cc54        0x0 obj_emsk_22/gnu_arcem7d/arc/arc_exception.o
 .bss           0x1000cc54        0x0 obj_emsk_22/gnu_arcem7d/arc/arc_startup.o
 .bss           0x1000cc54        0x0 obj_emsk_22/gnu_arcem7d/arc/arc_exc_asm.o
 .bss           0x1000cc54        0x0 obj_emsk_22/gnu_arcem7d/library/clib/embarc_misc.o
 .bss           0x1000cc54        0x0 obj_emsk_22/gnu_arcem7d/emsk/dw_uart.o
 .bss           0x1000cc54        0x0 obj_emsk_22/gnu_arcem7d/emsk/dw_gpio.o
 .bss           0x1000cc54       0x10 obj_emsk_22/gnu_arcem7d/arc/arc_cache.o
 .bss           0x1000cc64        0x0 c:/arc_gnu/bin/../lib/gcc/arc-elf32/7.1.1/../../../../arc-elf32/lib/arcem\libc.a(lib_a-sprintf.o)
 .bss           0x1000cc64        0x0 c:/arc_gnu/bin/../lib/gcc/arc-elf32/7.1.1/../../../../arc-elf32/lib/arcem\libc.a(lib_a-svfprintf.o)
 .bss           0x1000cc64        0x0 c:/arc_gnu/bin/../lib/gcc/arc-elf32/7.1.1/../../../../arc-elf32/lib/arcem\libc.a(lib_a-dtoa.o)
 .bss           0x1000cc64        0x0 c:/arc_gnu/bin/../lib/gcc/arc-elf32/7.1.1/../../../../arc-elf32/lib/arcem\libc.a(lib_a-impure.o)
 .bss           0x1000cc64        0x0 c:/arc_gnu/bin/../lib/gcc/arc-elf32/7.1.1/../../../../arc-elf32/lib/arcem\libc.a(lib_a-localeconv.o)
 .bss           0x1000cc64       0x28 c:/arc_gnu/bin/../lib/gcc/arc-elf32/7.1.1/../../../../arc-elf32/lib/arcem\libc.a(lib_a-mallocr.o)
                0x1000cc64                __malloc_current_mallinfo
 .bss           0x1000cc8c        0x0 c:/arc_gnu/bin/../lib/gcc/arc-elf32/7.1.1/../../../../arc-elf32/lib/arcem\libc.a(lib_a-memchr.o)
 .bss           0x1000cc8c        0x0 c:/arc_gnu/bin/../lib/gcc/arc-elf32/7.1.1/../../../../arc-elf32/lib/arcem\libc.a(lib_a-memcpy-bs.o)
 .bss           0x1000cc8c        0x0 c:/arc_gnu/bin/../lib/gcc/arc-elf32/7.1.1/../../../../arc-elf32/lib/arcem\libc.a(lib_a-mlock.o)
 .bss           0x1000cc8c        0x0 c:/arc_gnu/bin/../lib/gcc/arc-elf32/7.1.1/../../../../arc-elf32/lib/arcem\libc.a(lib_a-mprec.o)
 .bss           0x1000cc8c        0x0 c:/arc_gnu/bin/../lib/gcc/arc-elf32/7.1.1/../../../../arc-elf32/lib/arcem\libc.a(lib_a-sbrkr.o)
 .bss           0x1000cc8c        0x0 c:/arc_gnu/bin/../lib/gcc/arc-elf32/7.1.1/../../../../arc-elf32/lib/arcem\libc.a(lib_a-strlen-bs.o)
 .bss           0x1000cc8c        0x0 c:/arc_gnu/bin/../lib/gcc/arc-elf32/7.1.1/../../../../arc-elf32/lib/arcem\libc.a(lib_a-svfiprintf.o)
 .bss           0x1000cc8c        0x0 c:/arc_gnu/bin/../lib/gcc/arc-elf32/7.1.1/../../../../arc-elf32/lib/arcem\libc.a(lib_a-callocr.o)
 .bss           0x1000cc8c        0x0 c:/arc_gnu/bin/../lib/gcc/arc-elf32/7.1.1/../../../../arc-elf32/lib/arcem\libc.a(lib_a-freer.o)
 .bss           0x1000cc8c        0x0 c:/arc_gnu/bin/../lib/gcc/arc-elf32/7.1.1/../../../../arc-elf32/lib/arcem\libc.a(lib_a-locale.o)
 .bss           0x1000cc8c        0x0 c:/arc_gnu/bin/../lib/gcc/arc-elf32/7.1.1/../../../../arc-elf32/lib/arcem\libc.a(lib_a-mbtowc_r.o)
 .bss           0x1000cc8c        0x0 c:/arc_gnu/bin/../lib/gcc/arc-elf32/7.1.1/../../../../arc-elf32/lib/arcem\libc.a(lib_a-memmove.o)
 .bss           0x1000cc8c        0x0 c:/arc_gnu/bin/../lib/gcc/arc-elf32/7.1.1/../../../../arc-elf32/lib/arcem\libc.a(lib_a-memset-bs.o)
 .bss           0x1000cc8c        0x0 c:/arc_gnu/bin/../lib/gcc/arc-elf32/7.1.1/../../../../arc-elf32/lib/arcem\libc.a(lib_a-reallocr.o)
 .bss           0x1000cc8c        0x0 c:/arc_gnu/bin/../lib/gcc/arc-elf32/7.1.1/../../../../arc-elf32/lib/arcem\libc.a(lib_a-reent.o)
 .bss           0x1000cc8c        0x0 c:/arc_gnu/bin/../lib/gcc/arc-elf32/7.1.1/../../../../arc-elf32/lib/arcem\libc.a(lib_a-strcmp.o)
 .bss           0x1000cc8c        0x0 c:/arc_gnu/bin/../lib/gcc/arc-elf32/7.1.1/../../../../arc-elf32/lib/arcem\libc.a(lib_a-wctomb_r.o)
 .bss           0x1000cc8c        0x0 c:/arc_gnu/bin/../lib/gcc/arc-elf32/7.1.1/../../../../arc-elf32/lib/arcem\libc.a(lib_a-ctype_.o)
 .bss           0x1000cc8c        0x0 c:/arc_gnu/bin/../lib/gcc/arc-elf32/7.1.1/arcem\libgcc.a(_udivsi3.o)
 .bss           0x1000cc8c        0x0 c:/arc_gnu/bin/../lib/gcc/arc-elf32/7.1.1/arcem\libgcc.a(_divmod_tools.o)
 .bss           0x1000cc8c        0x0 c:/arc_gnu/bin/../lib/gcc/arc-elf32/7.1.1/arcem\libgcc.a(_divdi3.o)
 .bss           0x1000cc8c        0x0 c:/arc_gnu/bin/../lib/gcc/arc-elf32/7.1.1/arcem\libgcc.a(_udivdi3.o)
 .bss           0x1000cc8c        0x0 c:/arc_gnu/bin/../lib/gcc/arc-elf32/7.1.1/arcem\libgcc.a(_umoddi3.o)
 .bss           0x1000cc8c        0x0 c:/arc_gnu/bin/../lib/gcc/arc-elf32/7.1.1/arcem\libgcc.a(dp-bit.o)
 .bss           0x1000cc8c        0x0 c:/arc_gnu/bin/../lib/gcc/arc-elf32/7.1.1/arcem\libgcc.a(_divsi3.o)
 .bss           0x1000cc8c        0x0 c:/arc_gnu/bin/../lib/gcc/arc-elf32/7.1.1/arcem\libgcc.a(_umodsi3.o)
 .bss           0x1000cc8c        0x0 c:/arc_gnu/bin/../lib/gcc/arc-elf32/7.1.1/arcem\libgcc.a(_clzsi2.o)
 .bss           0x1000cc8c        0x0 c:/arc_gnu/bin/../lib/gcc/arc-elf32/7.1.1/arcem\libgcc.a(_clz.o)
 .bss           0x1000cc8c        0x0 c:/arc_gnu/bin/../lib/gcc/arc-elf32/7.1.1/arcem\libgcc.a(fp-bit.o)
 .bss           0x1000cc8c        0x4 obj_emsk_22/gnu_arcem7d/library/clib/embarc_sbrk.o
 .bss           0x1000cc90        0x0 c:/arc_gnu/bin/../lib/gcc/arc-elf32/7.1.1/../../../../arc-elf32/lib/arcem\libc.a(lib_a-errno.o)
 *(COMMON)
 COMMON         0x1000cc90       0xb8 obj_emsk_22/gnu_arcem7d/emsk/dw_uart_obj.o
                0x1000cc90                dw_uart_0
                0x1000ccec                dw_uart_1
 COMMON         0x1000cd48        0x8 obj_emsk_22/gnu_arcem7d/middleware/common/xprintf.o
                0x1000cd48                xfunc_in
                0x1000cd4c                xfunc_out
 COMMON         0x1000cd50        0x4 obj_emsk_22/gnu_arcem7d/arc/arc_exception.o
                0x1000cd50                exc_nest_count
                0x1000cd54                _e_bss = .

.stack          0x1000cd54     0x2000
                0x1000cd54                . = ALIGN (0x4)
                0x1000cd54                _f_stack = .
                0x1000dd54                . = (. + DEFINED (_STACKSIZE)?_STACKSIZE:0x1000)
 *fill*         0x1000cd54     0x2000 
                0x1000ed54                _e_stack = .

.heap           0x1000ed54     0x2000
                0x1000ed54                . = ALIGN (0x4)
                0x1000ed54                __start_heap = .
                0x1000ed54                _f_heap = .
                0x1000fd54                . = (. + DEFINED (_HEAPSIZE)?_HEAPSIZE:0x1000)
 *fill*         0x1000ed54     0x2000 
                0x10010d54                _e_heap = .
                0x10010d54                __end_heap = .
                0x10000198                _load_addr_text = LOADADDR (.text)
                0x1000add4                _load_addr_rodata = LOADADDR (.rodata)
                0x1000c000                _load_addr_data = LOADADDR (.data)
LOAD obj_emsk_22/gnu_arcem7d/main.o
LOAD obj_emsk_22/gnu_arcem7d/board.o
START GROUP
LOAD obj_emsk_22/gnu_arcem7d/libembarc.a
LOAD c:/arc_gnu/bin/../lib/gcc/arc-elf32/7.1.1/../../../../arc-elf32/lib/arcem\libm.a
LOAD c:/arc_gnu/bin/../lib/gcc/arc-elf32/7.1.1/../../../../arc-elf32/lib/arcem\libc.a
LOAD c:/arc_gnu/bin/../lib/gcc/arc-elf32/7.1.1/arcem\libgcc.a
END GROUP
START GROUP
LOAD c:/arc_gnu/bin/../lib/gcc/arc-elf32/7.1.1/arcem\libgcc.a
LOAD c:/arc_gnu/bin/../lib/gcc/arc-elf32/7.1.1/../../../../arc-elf32/lib/arcem\libc.a
LOAD c:/arc_gnu/bin/../lib/gcc/arc-elf32/7.1.1/../../../../arc-elf32/lib/arcem\libnosys.a
END GROUP
OUTPUT(obj_emsk_22/gnu_arcem7d/uart_gnu_arcem7d.elf elf32-littlearc)

.debug_info     0x00000000     0xbb5c
 .debug_info    0x00000000      0xe65 obj_emsk_22/gnu_arcem7d/main.o
 .debug_info    0x00000e65      0xcb3 obj_emsk_22/gnu_arcem7d/board.o
 .debug_info    0x00001b18      0x3d6 obj_emsk_22/gnu_arcem7d/emsk/emsk_init.o
 .debug_info    0x00001eee      0x648 obj_emsk_22/gnu_arcem7d/emsk/emsk_timer.o
 .debug_info    0x00002536      0x227 obj_emsk_22/gnu_arcem7d/emsk/mux.o
 .debug_info    0x0000275d      0xaa5 obj_emsk_22/gnu_arcem7d/emsk/dw_uart_obj.o
 .debug_info    0x00003202      0x75e obj_emsk_22/gnu_arcem7d/emsk/emsk_gpio.o
 .debug_info    0x00003960     0x102f obj_emsk_22/gnu_arcem7d/emsk/dw_gpio_obj.o
 .debug_info    0x0000498f       0x7d obj_emsk_22/gnu_arcem7d/emsk/emsk_sdcard.o
 .debug_info    0x00004a0c      0xf66 obj_emsk_22/gnu_arcem7d/middleware/common/console_io.o
 .debug_info    0x00005972      0x796 obj_emsk_22/gnu_arcem7d/middleware/common/xprintf.o
 .debug_info    0x00006108      0x367 obj_emsk_22/gnu_arcem7d/arc/arc_timer.o
 .debug_info    0x0000646f      0x811 obj_emsk_22/gnu_arcem7d/arc/arc_exception.o
 .debug_info    0x00006c80       0x26 obj_emsk_22/gnu_arcem7d/arc/arc_startup.o
 .debug_info    0x00006ca6       0x26 obj_emsk_22/gnu_arcem7d/arc/arc_exc_asm.o
 .debug_info    0x00006ccc      0x947 obj_emsk_22/gnu_arcem7d/library/clib/embarc_misc.o
 .debug_info    0x00007613     0x1fde obj_emsk_22/gnu_arcem7d/emsk/dw_uart.o
 .debug_info    0x000095f1     0x129b obj_emsk_22/gnu_arcem7d/emsk/dw_gpio.o
 .debug_info    0x0000a88c      0x947 obj_emsk_22/gnu_arcem7d/arc/arc_cache.o
 .debug_info    0x0000b1d3      0x989 obj_emsk_22/gnu_arcem7d/library/clib/embarc_sbrk.o

.debug_abbrev   0x00000000     0x2da6
 .debug_abbrev  0x00000000      0x2b2 obj_emsk_22/gnu_arcem7d/main.o
 .debug_abbrev  0x000002b2      0x305 obj_emsk_22/gnu_arcem7d/board.o
 .debug_abbrev  0x000005b7      0x1e2 obj_emsk_22/gnu_arcem7d/emsk/emsk_init.o
 .debug_abbrev  0x00000799      0x331 obj_emsk_22/gnu_arcem7d/emsk/emsk_timer.o
 .debug_abbrev  0x00000aca       0xeb obj_emsk_22/gnu_arcem7d/emsk/mux.o
 .debug_abbrev  0x00000bb5      0x28d obj_emsk_22/gnu_arcem7d/emsk/dw_uart_obj.o
 .debug_abbrev  0x00000e42      0x271 obj_emsk_22/gnu_arcem7d/emsk/emsk_gpio.o
 .debug_abbrev  0x000010b3      0x2ff obj_emsk_22/gnu_arcem7d/emsk/dw_gpio_obj.o
 .debug_abbrev  0x000013b2       0x42 obj_emsk_22/gnu_arcem7d/emsk/emsk_sdcard.o
 .debug_abbrev  0x000013f4      0x320 obj_emsk_22/gnu_arcem7d/middleware/common/console_io.o
 .debug_abbrev  0x00001714      0x2a0 obj_emsk_22/gnu_arcem7d/middleware/common/xprintf.o
 .debug_abbrev  0x000019b4      0x186 obj_emsk_22/gnu_arcem7d/arc/arc_timer.o
 .debug_abbrev  0x00001b3a      0x346 obj_emsk_22/gnu_arcem7d/arc/arc_exception.o
 .debug_abbrev  0x00001e80       0x14 obj_emsk_22/gnu_arcem7d/arc/arc_startup.o
 .debug_abbrev  0x00001e94       0x14 obj_emsk_22/gnu_arcem7d/arc/arc_exc_asm.o
 .debug_abbrev  0x00001ea8      0x1a7 obj_emsk_22/gnu_arcem7d/library/clib/embarc_misc.o
 .debug_abbrev  0x0000204f      0x4bd obj_emsk_22/gnu_arcem7d/emsk/dw_uart.o
 .debug_abbrev  0x0000250c      0x38b obj_emsk_22/gnu_arcem7d/emsk/dw_gpio.o
 .debug_abbrev  0x00002897      0x316 obj_emsk_22/gnu_arcem7d/arc/arc_cache.o
 .debug_abbrev  0x00002bad      0x1f9 obj_emsk_22/gnu_arcem7d/library/clib/embarc_sbrk.o

.debug_loc      0x00000000     0x5013
 .debug_loc     0x00000000       0x1f obj_emsk_22/gnu_arcem7d/main.o
 .debug_loc     0x0000001f       0x3a obj_emsk_22/gnu_arcem7d/board.o
 .debug_loc     0x00000059       0x13 obj_emsk_22/gnu_arcem7d/emsk/emsk_init.o
 .debug_loc     0x0000006c      0x14c obj_emsk_22/gnu_arcem7d/emsk/emsk_timer.o
 .debug_loc     0x000001b8       0x84 obj_emsk_22/gnu_arcem7d/emsk/mux.o
 .debug_loc     0x0000023c      0x3b4 obj_emsk_22/gnu_arcem7d/emsk/dw_uart_obj.o
 .debug_loc     0x000005f0      0x182 obj_emsk_22/gnu_arcem7d/emsk/emsk_gpio.o
 .debug_loc     0x00000772      0x5d9 obj_emsk_22/gnu_arcem7d/emsk/dw_gpio_obj.o
 .debug_loc     0x00000d4b       0xc5 obj_emsk_22/gnu_arcem7d/middleware/common/console_io.o
 .debug_loc     0x00000e10      0xd33 obj_emsk_22/gnu_arcem7d/middleware/common/xprintf.o
 .debug_loc     0x00001b43      0x336 obj_emsk_22/gnu_arcem7d/arc/arc_timer.o
 .debug_loc     0x00001e79      0x2e2 obj_emsk_22/gnu_arcem7d/arc/arc_exception.o
 .debug_loc     0x0000215b     0x16ad obj_emsk_22/gnu_arcem7d/emsk/dw_uart.o
 .debug_loc     0x00003808     0x131b obj_emsk_22/gnu_arcem7d/emsk/dw_gpio.o
 .debug_loc     0x00004b23      0x4bc obj_emsk_22/gnu_arcem7d/arc/arc_cache.o
 .debug_loc     0x00004fdf       0x34 obj_emsk_22/gnu_arcem7d/library/clib/embarc_sbrk.o

.debug_aranges  0x00000000      0x288
 .debug_aranges
                0x00000000       0x28 obj_emsk_22/gnu_arcem7d/main.o
 .debug_aranges
                0x00000028       0x20 obj_emsk_22/gnu_arcem7d/board.o
 .debug_aranges
                0x00000048       0x20 obj_emsk_22/gnu_arcem7d/emsk/emsk_init.o
 .debug_aranges
                0x00000068       0x20 obj_emsk_22/gnu_arcem7d/emsk/emsk_timer.o
 .debug_aranges
                0x00000088       0x20 obj_emsk_22/gnu_arcem7d/emsk/mux.o
 .debug_aranges
                0x000000a8       0x20 obj_emsk_22/gnu_arcem7d/emsk/dw_uart_obj.o
 .debug_aranges
                0x000000c8       0x20 obj_emsk_22/gnu_arcem7d/emsk/emsk_gpio.o
 .debug_aranges
                0x000000e8       0x20 obj_emsk_22/gnu_arcem7d/emsk/dw_gpio_obj.o
 .debug_aranges
                0x00000108       0x20 obj_emsk_22/gnu_arcem7d/emsk/emsk_sdcard.o
 .debug_aranges
                0x00000128       0x20 obj_emsk_22/gnu_arcem7d/middleware/common/console_io.o
 .debug_aranges
                0x00000148       0x20 obj_emsk_22/gnu_arcem7d/middleware/common/xprintf.o
 .debug_aranges
                0x00000168       0x20 obj_emsk_22/gnu_arcem7d/arc/arc_timer.o
 .debug_aranges
                0x00000188       0x20 obj_emsk_22/gnu_arcem7d/arc/arc_exception.o
 .debug_aranges
                0x000001a8       0x20 obj_emsk_22/gnu_arcem7d/arc/arc_startup.o
 .debug_aranges
                0x000001c8       0x20 obj_emsk_22/gnu_arcem7d/arc/arc_exc_asm.o
 .debug_aranges
                0x000001e8       0x20 obj_emsk_22/gnu_arcem7d/library/clib/embarc_misc.o
 .debug_aranges
                0x00000208       0x20 obj_emsk_22/gnu_arcem7d/emsk/dw_uart.o
 .debug_aranges
                0x00000228       0x20 obj_emsk_22/gnu_arcem7d/emsk/dw_gpio.o
 .debug_aranges
                0x00000248       0x20 obj_emsk_22/gnu_arcem7d/arc/arc_cache.o
 .debug_aranges
                0x00000268       0x20 obj_emsk_22/gnu_arcem7d/library/clib/embarc_sbrk.o

.debug_ranges   0x00000000      0x4b8
 .debug_ranges  0x00000000       0x18 obj_emsk_22/gnu_arcem7d/main.o
 .debug_ranges  0x00000018       0x38 obj_emsk_22/gnu_arcem7d/emsk/emsk_timer.o
 .debug_ranges  0x00000050       0x20 obj_emsk_22/gnu_arcem7d/emsk/emsk_gpio.o
 .debug_ranges  0x00000070       0x70 obj_emsk_22/gnu_arcem7d/emsk/dw_gpio_obj.o
 .debug_ranges  0x000000e0       0x18 obj_emsk_22/gnu_arcem7d/middleware/common/console_io.o
 .debug_ranges  0x000000f8       0x18 obj_emsk_22/gnu_arcem7d/middleware/common/xprintf.o
 .debug_ranges  0x00000110       0x18 obj_emsk_22/gnu_arcem7d/arc/arc_timer.o
 .debug_ranges  0x00000128      0x198 obj_emsk_22/gnu_arcem7d/emsk/dw_uart.o
 .debug_ranges  0x000002c0      0x138 obj_emsk_22/gnu_arcem7d/emsk/dw_gpio.o
 .debug_ranges  0x000003f8       0xc0 obj_emsk_22/gnu_arcem7d/arc/arc_cache.o

.debug_line     0x00000000     0x27f5
 .debug_line    0x00000000      0x24b obj_emsk_22/gnu_arcem7d/main.o
 .debug_line    0x0000024b      0x246 obj_emsk_22/gnu_arcem7d/board.o
 .debug_line    0x00000491      0x1d5 obj_emsk_22/gnu_arcem7d/emsk/emsk_init.o
 .debug_line    0x00000666      0x200 obj_emsk_22/gnu_arcem7d/emsk/emsk_timer.o
 .debug_line    0x00000866       0xe3 obj_emsk_22/gnu_arcem7d/emsk/mux.o
 .debug_line    0x00000949      0x21e obj_emsk_22/gnu_arcem7d/emsk/dw_uart_obj.o
 .debug_line    0x00000b67      0x1ac obj_emsk_22/gnu_arcem7d/emsk/emsk_gpio.o
 .debug_line    0x00000d13      0x285 obj_emsk_22/gnu_arcem7d/emsk/dw_gpio_obj.o
 .debug_line    0x00000f98       0x5f obj_emsk_22/gnu_arcem7d/emsk/emsk_sdcard.o
 .debug_line    0x00000ff7      0x242 obj_emsk_22/gnu_arcem7d/middleware/common/console_io.o
 .debug_line    0x00001239      0x277 obj_emsk_22/gnu_arcem7d/middleware/common/xprintf.o
 .debug_line    0x000014b0      0x16b obj_emsk_22/gnu_arcem7d/arc/arc_timer.o
 .debug_line    0x0000161b      0x221 obj_emsk_22/gnu_arcem7d/arc/arc_exception.o
 .debug_line    0x0000183c       0xa9 obj_emsk_22/gnu_arcem7d/arc/arc_startup.o
 .debug_line    0x000018e5       0x88 obj_emsk_22/gnu_arcem7d/arc/arc_exc_asm.o
 .debug_line    0x0000196d      0x164 obj_emsk_22/gnu_arcem7d/library/clib/embarc_misc.o
 .debug_line    0x00001ad1      0x559 obj_emsk_22/gnu_arcem7d/emsk/dw_uart.o
 .debug_line    0x0000202a      0x357 obj_emsk_22/gnu_arcem7d/emsk/dw_gpio.o
 .debug_line    0x00002381      0x34a obj_emsk_22/gnu_arcem7d/arc/arc_cache.o
 .debug_line    0x000026cb      0x12a obj_emsk_22/gnu_arcem7d/library/clib/embarc_sbrk.o

.debug_str      0x00000000     0x1f94
 .debug_str     0x00000000      0x847 obj_emsk_22/gnu_arcem7d/main.o
                                0x96f (size before relaxing)
 .debug_str     0x00000847       0x90 obj_emsk_22/gnu_arcem7d/board.o
                                0x89b (size before relaxing)
 .debug_str     0x000008d7       0x73 obj_emsk_22/gnu_arcem7d/emsk/emsk_init.o
                                0x48a (size before relaxing)
 .debug_str     0x0000094a      0x15c obj_emsk_22/gnu_arcem7d/emsk/emsk_timer.o
                                0x576 (size before relaxing)
 .debug_str     0x00000aa6       0x8c obj_emsk_22/gnu_arcem7d/emsk/mux.o
                                0x262 (size before relaxing)
 .debug_str     0x00000b32      0x283 obj_emsk_22/gnu_arcem7d/emsk/dw_uart_obj.o
                                0x7a7 (size before relaxing)
 .debug_str     0x00000db5      0x106 obj_emsk_22/gnu_arcem7d/emsk/emsk_gpio.o
                                0x570 (size before relaxing)
 .debug_str     0x00000ebb      0x3e7 obj_emsk_22/gnu_arcem7d/emsk/dw_gpio_obj.o
                                0x910 (size before relaxing)
 .debug_str     0x000012a2       0x2e obj_emsk_22/gnu_arcem7d/emsk/emsk_sdcard.o
                                0x1d3 (size before relaxing)
 .debug_str     0x000012d0       0xbe obj_emsk_22/gnu_arcem7d/middleware/common/console_io.o
                                0x9ed (size before relaxing)
 .debug_str     0x0000138e       0xa7 obj_emsk_22/gnu_arcem7d/middleware/common/xprintf.o
                                0x22c (size before relaxing)
 .debug_str     0x00001435       0x26 obj_emsk_22/gnu_arcem7d/arc/arc_timer.o
                                0x231 (size before relaxing)
 .debug_str     0x0000145b      0x20d obj_emsk_22/gnu_arcem7d/arc/arc_exception.o
                                0x479 (size before relaxing)
 .debug_str     0x00001668       0x1d obj_emsk_22/gnu_arcem7d/arc/arc_startup.o
                                 0x53 (size before relaxing)
 .debug_str     0x00001685        0xe obj_emsk_22/gnu_arcem7d/arc/arc_exc_asm.o
                                 0x53 (size before relaxing)
 .debug_str     0x00001693       0x21 obj_emsk_22/gnu_arcem7d/library/clib/embarc_misc.o
                                0x61f (size before relaxing)
 .debug_str     0x000016b4      0x34d obj_emsk_22/gnu_arcem7d/emsk/dw_uart.o
                                0xcdb (size before relaxing)
 .debug_str     0x00001a01      0x330 obj_emsk_22/gnu_arcem7d/emsk/dw_gpio.o
                                0x8c8 (size before relaxing)
 .debug_str     0x00001d31      0x1d9 obj_emsk_22/gnu_arcem7d/arc/arc_cache.o
                                0x468 (size before relaxing)
 .debug_str     0x00001f0a       0x8a obj_emsk_22/gnu_arcem7d/library/clib/embarc_sbrk.o
                                0x621 (size before relaxing)

.comment        0x00000000       0x42
 .comment       0x00000000       0x42 obj_emsk_22/gnu_arcem7d/main.o
                                 0x43 (size before relaxing)
 .comment       0x00000042       0x43 obj_emsk_22/gnu_arcem7d/board.o
 .comment       0x00000042       0x43 obj_emsk_22/gnu_arcem7d/emsk/emsk_init.o
 .comment       0x00000042       0x43 obj_emsk_22/gnu_arcem7d/emsk/emsk_timer.o
 .comment       0x00000042       0x43 obj_emsk_22/gnu_arcem7d/emsk/mux.o
 .comment       0x00000042       0x43 obj_emsk_22/gnu_arcem7d/emsk/dw_uart_obj.o
 .comment       0x00000042       0x43 obj_emsk_22/gnu_arcem7d/emsk/emsk_gpio.o
 .comment       0x00000042       0x43 obj_emsk_22/gnu_arcem7d/emsk/dw_gpio_obj.o
 .comment       0x00000042       0x43 obj_emsk_22/gnu_arcem7d/emsk/emsk_sdcard.o
 .comment       0x00000042       0x43 obj_emsk_22/gnu_arcem7d/middleware/common/console_io.o
 .comment       0x00000042       0x43 obj_emsk_22/gnu_arcem7d/middleware/common/xprintf.o
 .comment       0x00000042       0x43 obj_emsk_22/gnu_arcem7d/arc/arc_timer.o
 .comment       0x00000042       0x43 obj_emsk_22/gnu_arcem7d/arc/arc_exception.o
 .comment       0x00000042       0x43 obj_emsk_22/gnu_arcem7d/library/clib/embarc_misc.o
 .comment       0x00000042       0x43 obj_emsk_22/gnu_arcem7d/emsk/dw_uart.o
 .comment       0x00000042       0x43 obj_emsk_22/gnu_arcem7d/emsk/dw_gpio.o
 .comment       0x00000042       0x43 obj_emsk_22/gnu_arcem7d/arc/arc_cache.o
 .comment       0x00000042       0x43 obj_emsk_22/gnu_arcem7d/library/clib/embarc_sbrk.o

.note.GNU-stack
                0x00000000        0x0
 .note.GNU-stack
                0x00000000        0x0 obj_emsk_22/gnu_arcem7d/main.o
 .note.GNU-stack
                0x00000000        0x0 obj_emsk_22/gnu_arcem7d/board.o
 .note.GNU-stack
                0x00000000        0x0 obj_emsk_22/gnu_arcem7d/emsk/emsk_init.o
 .note.GNU-stack
                0x00000000        0x0 obj_emsk_22/gnu_arcem7d/emsk/emsk_timer.o
 .note.GNU-stack
                0x00000000        0x0 obj_emsk_22/gnu_arcem7d/emsk/mux.o
 .note.GNU-stack
                0x00000000        0x0 obj_emsk_22/gnu_arcem7d/emsk/dw_uart_obj.o
 .note.GNU-stack
                0x00000000        0x0 obj_emsk_22/gnu_arcem7d/emsk/emsk_gpio.o
 .note.GNU-stack
                0x00000000        0x0 obj_emsk_22/gnu_arcem7d/emsk/dw_gpio_obj.o
 .note.GNU-stack
                0x00000000        0x0 obj_emsk_22/gnu_arcem7d/emsk/emsk_sdcard.o
 .note.GNU-stack
                0x00000000        0x0 obj_emsk_22/gnu_arcem7d/middleware/common/console_io.o
 .note.GNU-stack
                0x00000000        0x0 obj_emsk_22/gnu_arcem7d/middleware/common/xprintf.o
 .note.GNU-stack
                0x00000000        0x0 obj_emsk_22/gnu_arcem7d/arc/arc_timer.o
 .note.GNU-stack
                0x00000000        0x0 obj_emsk_22/gnu_arcem7d/arc/arc_exception.o
 .note.GNU-stack
                0x00000000        0x0 obj_emsk_22/gnu_arcem7d/library/clib/embarc_misc.o
 .note.GNU-stack
                0x00000000        0x0 obj_emsk_22/gnu_arcem7d/emsk/dw_uart.o
 .note.GNU-stack
                0x00000000        0x0 obj_emsk_22/gnu_arcem7d/emsk/dw_gpio.o
 .note.GNU-stack
                0x00000000        0x0 obj_emsk_22/gnu_arcem7d/arc/arc_cache.o
 .note.GNU-stack
                0x00000000        0x0 c:/arc_gnu/bin/../lib/gcc/arc-elf32/7.1.1/../../../../arc-elf32/lib/arcem\libc.a(lib_a-sprintf.o)
 .note.GNU-stack
                0x00000000        0x0 c:/arc_gnu/bin/../lib/gcc/arc-elf32/7.1.1/../../../../arc-elf32/lib/arcem\libc.a(lib_a-svfprintf.o)
 .note.GNU-stack
                0x00000000        0x0 c:/arc_gnu/bin/../lib/gcc/arc-elf32/7.1.1/../../../../arc-elf32/lib/arcem\libc.a(lib_a-dtoa.o)
 .note.GNU-stack
                0x00000000        0x0 c:/arc_gnu/bin/../lib/gcc/arc-elf32/7.1.1/../../../../arc-elf32/lib/arcem\libc.a(lib_a-impure.o)
 .note.GNU-stack
                0x00000000        0x0 c:/arc_gnu/bin/../lib/gcc/arc-elf32/7.1.1/../../../../arc-elf32/lib/arcem\libc.a(lib_a-localeconv.o)
 .note.GNU-stack
                0x00000000        0x0 c:/arc_gnu/bin/../lib/gcc/arc-elf32/7.1.1/../../../../arc-elf32/lib/arcem\libc.a(lib_a-mallocr.o)
 .note.GNU-stack
                0x00000000        0x0 c:/arc_gnu/bin/../lib/gcc/arc-elf32/7.1.1/../../../../arc-elf32/lib/arcem\libc.a(lib_a-memchr.o)
 .note.GNU-stack
                0x00000000        0x0 c:/arc_gnu/bin/../lib/gcc/arc-elf32/7.1.1/../../../../arc-elf32/lib/arcem\libc.a(lib_a-mlock.o)
 .note.GNU-stack
                0x00000000        0x0 c:/arc_gnu/bin/../lib/gcc/arc-elf32/7.1.1/../../../../arc-elf32/lib/arcem\libc.a(lib_a-mprec.o)
 .note.GNU-stack
                0x00000000        0x0 c:/arc_gnu/bin/../lib/gcc/arc-elf32/7.1.1/../../../../arc-elf32/lib/arcem\libc.a(lib_a-sbrkr.o)
 .note.GNU-stack
                0x00000000        0x0 c:/arc_gnu/bin/../lib/gcc/arc-elf32/7.1.1/../../../../arc-elf32/lib/arcem\libc.a(lib_a-svfiprintf.o)
 .note.GNU-stack
                0x00000000        0x0 c:/arc_gnu/bin/../lib/gcc/arc-elf32/7.1.1/../../../../arc-elf32/lib/arcem\libc.a(lib_a-callocr.o)
 .note.GNU-stack
                0x00000000        0x0 c:/arc_gnu/bin/../lib/gcc/arc-elf32/7.1.1/../../../../arc-elf32/lib/arcem\libc.a(lib_a-freer.o)
 .note.GNU-stack
                0x00000000        0x0 c:/arc_gnu/bin/../lib/gcc/arc-elf32/7.1.1/../../../../arc-elf32/lib/arcem\libc.a(lib_a-locale.o)
 .note.GNU-stack
                0x00000000        0x0 c:/arc_gnu/bin/../lib/gcc/arc-elf32/7.1.1/../../../../arc-elf32/lib/arcem\libc.a(lib_a-mbtowc_r.o)
 .note.GNU-stack
                0x00000000        0x0 c:/arc_gnu/bin/../lib/gcc/arc-elf32/7.1.1/../../../../arc-elf32/lib/arcem\libc.a(lib_a-memmove.o)
 .note.GNU-stack
                0x00000000        0x0 c:/arc_gnu/bin/../lib/gcc/arc-elf32/7.1.1/../../../../arc-elf32/lib/arcem\libc.a(lib_a-reallocr.o)
 .note.GNU-stack
                0x00000000        0x0 c:/arc_gnu/bin/../lib/gcc/arc-elf32/7.1.1/../../../../arc-elf32/lib/arcem\libc.a(lib_a-reent.o)
 .note.GNU-stack
                0x00000000        0x0 c:/arc_gnu/bin/../lib/gcc/arc-elf32/7.1.1/../../../../arc-elf32/lib/arcem\libc.a(lib_a-wctomb_r.o)
 .note.GNU-stack
                0x00000000        0x0 c:/arc_gnu/bin/../lib/gcc/arc-elf32/7.1.1/../../../../arc-elf32/lib/arcem\libc.a(lib_a-ctype_.o)
 .note.GNU-stack
                0x00000000        0x0 c:/arc_gnu/bin/../lib/gcc/arc-elf32/7.1.1/arcem\libgcc.a(_divdi3.o)
 .note.GNU-stack
                0x00000000        0x0 c:/arc_gnu/bin/../lib/gcc/arc-elf32/7.1.1/arcem\libgcc.a(_udivdi3.o)
 .note.GNU-stack
                0x00000000        0x0 c:/arc_gnu/bin/../lib/gcc/arc-elf32/7.1.1/arcem\libgcc.a(_umoddi3.o)
 .note.GNU-stack
                0x00000000        0x0 c:/arc_gnu/bin/../lib/gcc/arc-elf32/7.1.1/arcem\libgcc.a(dp-bit.o)
 .note.GNU-stack
                0x00000000        0x0 c:/arc_gnu/bin/../lib/gcc/arc-elf32/7.1.1/arcem\libgcc.a(_clz.o)
 .note.GNU-stack
                0x00000000        0x0 c:/arc_gnu/bin/../lib/gcc/arc-elf32/7.1.1/arcem\libgcc.a(fp-bit.o)
 .note.GNU-stack
                0x00000000        0x0 obj_emsk_22/gnu_arcem7d/library/clib/embarc_sbrk.o
 .note.GNU-stack
                0x00000000        0x0 c:/arc_gnu/bin/../lib/gcc/arc-elf32/7.1.1/../../../../arc-elf32/lib/arcem\libc.a(lib_a-errno.o)

.ARC.attributes
                0x00000000       0x32
 .ARC.attributes
                0x00000000       0x23 obj_emsk_22/gnu_arcem7d/main.o
 .ARC.attributes
                0x00000023       0x23 obj_emsk_22/gnu_arcem7d/board.o
 .ARC.attributes
                0x00000046       0x23 obj_emsk_22/gnu_arcem7d/emsk/emsk_init.o
 .ARC.attributes
                0x00000069       0x28 obj_emsk_22/gnu_arcem7d/emsk/emsk_timer.o
 .ARC.attributes
                0x00000091       0x23 obj_emsk_22/gnu_arcem7d/emsk/mux.o
 .ARC.attributes
                0x000000b4       0x23 obj_emsk_22/gnu_arcem7d/emsk/dw_uart_obj.o
 .ARC.attributes
                0x000000d7       0x23 obj_emsk_22/gnu_arcem7d/emsk/emsk_gpio.o
 .ARC.attributes
                0x000000fa       0x26 obj_emsk_22/gnu_arcem7d/emsk/dw_gpio_obj.o
 .ARC.attributes
                0x00000120       0x23 obj_emsk_22/gnu_arcem7d/emsk/emsk_sdcard.o
 .ARC.attributes
                0x00000143       0x23 obj_emsk_22/gnu_arcem7d/middleware/common/console_io.o
 .ARC.attributes
                0x00000166       0x2d obj_emsk_22/gnu_arcem7d/middleware/common/xprintf.o
 .ARC.attributes
                0x00000193       0x26 obj_emsk_22/gnu_arcem7d/arc/arc_timer.o
 .ARC.attributes
                0x000001b9       0x26 obj_emsk_22/gnu_arcem7d/arc/arc_exception.o
 .ARC.attributes
                0x000001df       0x1f obj_emsk_22/gnu_arcem7d/arc/arc_startup.o
 .ARC.attributes
                0x000001fe       0x22 obj_emsk_22/gnu_arcem7d/arc/arc_exc_asm.o
 .ARC.attributes
                0x00000220       0x23 obj_emsk_22/gnu_arcem7d/library/clib/embarc_misc.o
 .ARC.attributes
                0x00000243       0x2e obj_emsk_22/gnu_arcem7d/emsk/dw_uart.o
 .ARC.attributes
                0x00000271       0x28 obj_emsk_22/gnu_arcem7d/emsk/dw_gpio.o
 .ARC.attributes
                0x00000299       0x26 obj_emsk_22/gnu_arcem7d/arc/arc_cache.o
 .ARC.attributes
                0x000002bf       0x25 c:/arc_gnu/bin/../lib/gcc/arc-elf32/7.1.1/../../../../arc-elf32/lib/arcem\libc.a(lib_a-sprintf.o)
 .ARC.attributes
                0x000002e4       0x2a c:/arc_gnu/bin/../lib/gcc/arc-elf32/7.1.1/../../../../arc-elf32/lib/arcem\libc.a(lib_a-svfprintf.o)
 .ARC.attributes
                0x0000030e       0x2a c:/arc_gnu/bin/../lib/gcc/arc-elf32/7.1.1/../../../../arc-elf32/lib/arcem\libc.a(lib_a-dtoa.o)
 .ARC.attributes
                0x00000338       0x25 c:/arc_gnu/bin/../lib/gcc/arc-elf32/7.1.1/../../../../arc-elf32/lib/arcem\libc.a(lib_a-impure.o)
 .ARC.attributes
                0x0000035d       0x25 c:/arc_gnu/bin/../lib/gcc/arc-elf32/7.1.1/../../../../arc-elf32/lib/arcem\libc.a(lib_a-localeconv.o)
 .ARC.attributes
                0x00000382       0x28 c:/arc_gnu/bin/../lib/gcc/arc-elf32/7.1.1/../../../../arc-elf32/lib/arcem\libc.a(lib_a-mallocr.o)
 .ARC.attributes
                0x000003aa       0x28 c:/arc_gnu/bin/../lib/gcc/arc-elf32/7.1.1/../../../../arc-elf32/lib/arcem\libc.a(lib_a-memchr.o)
 .ARC.attributes
                0x000003d2       0x22 c:/arc_gnu/bin/../lib/gcc/arc-elf32/7.1.1/../../../../arc-elf32/lib/arcem\libc.a(lib_a-memcpy-bs.o)
 .ARC.attributes
                0x000003f4       0x25 c:/arc_gnu/bin/../lib/gcc/arc-elf32/7.1.1/../../../../arc-elf32/lib/arcem\libc.a(lib_a-mlock.o)
 .ARC.attributes
                0x00000419       0x2a c:/arc_gnu/bin/../lib/gcc/arc-elf32/7.1.1/../../../../arc-elf32/lib/arcem\libc.a(lib_a-mprec.o)
 .ARC.attributes
                0x00000443       0x25 c:/arc_gnu/bin/../lib/gcc/arc-elf32/7.1.1/../../../../arc-elf32/lib/arcem\libc.a(lib_a-sbrkr.o)
 .ARC.attributes
                0x00000468       0x22 c:/arc_gnu/bin/../lib/gcc/arc-elf32/7.1.1/../../../../arc-elf32/lib/arcem\libc.a(lib_a-strlen-bs.o)
 .ARC.attributes
                0x0000048a       0x2a c:/arc_gnu/bin/../lib/gcc/arc-elf32/7.1.1/../../../../arc-elf32/lib/arcem\libc.a(lib_a-svfiprintf.o)
 .ARC.attributes
                0x000004b4       0x27 c:/arc_gnu/bin/../lib/gcc/arc-elf32/7.1.1/../../../../arc-elf32/lib/arcem\libc.a(lib_a-callocr.o)
 .ARC.attributes
                0x000004db       0x28 c:/arc_gnu/bin/../lib/gcc/arc-elf32/7.1.1/../../../../arc-elf32/lib/arcem\libc.a(lib_a-freer.o)
 .ARC.attributes
                0x00000503       0x25 c:/arc_gnu/bin/../lib/gcc/arc-elf32/7.1.1/../../../../arc-elf32/lib/arcem\libc.a(lib_a-locale.o)
 .ARC.attributes
                0x00000528       0x25 c:/arc_gnu/bin/../lib/gcc/arc-elf32/7.1.1/../../../../arc-elf32/lib/arcem\libc.a(lib_a-mbtowc_r.o)
 .ARC.attributes
                0x0000054d       0x28 c:/arc_gnu/bin/../lib/gcc/arc-elf32/7.1.1/../../../../arc-elf32/lib/arcem\libc.a(lib_a-memmove.o)
 .ARC.attributes
                0x00000575       0x22 c:/arc_gnu/bin/../lib/gcc/arc-elf32/7.1.1/../../../../arc-elf32/lib/arcem\libc.a(lib_a-memset-bs.o)
 .ARC.attributes
                0x00000597       0x25 c:/arc_gnu/bin/../lib/gcc/arc-elf32/7.1.1/../../../../arc-elf32/lib/arcem\libc.a(lib_a-reallocr.o)
 .ARC.attributes
                0x000005bc       0x25 c:/arc_gnu/bin/../lib/gcc/arc-elf32/7.1.1/../../../../arc-elf32/lib/arcem\libc.a(lib_a-reent.o)
 .ARC.attributes
                0x000005e1       0x1f c:/arc_gnu/bin/../lib/gcc/arc-elf32/7.1.1/../../../../arc-elf32/lib/arcem\libc.a(lib_a-strcmp.o)
 .ARC.attributes
                0x00000600       0x25 c:/arc_gnu/bin/../lib/gcc/arc-elf32/7.1.1/../../../../arc-elf32/lib/arcem\libc.a(lib_a-wctomb_r.o)
 .ARC.attributes
                0x00000625       0x25 c:/arc_gnu/bin/../lib/gcc/arc-elf32/7.1.1/../../../../arc-elf32/lib/arcem\libc.a(lib_a-ctype_.o)
 .ARC.attributes
                0x0000064a       0x1f c:/arc_gnu/bin/../lib/gcc/arc-elf32/7.1.1/arcem\libgcc.a(_udivsi3.o)
 .ARC.attributes
                0x00000669       0x22 c:/arc_gnu/bin/../lib/gcc/arc-elf32/7.1.1/arcem\libgcc.a(_divmod_tools.o)
 .ARC.attributes
                0x0000068b       0x2a c:/arc_gnu/bin/../lib/gcc/arc-elf32/7.1.1/arcem\libgcc.a(_divdi3.o)
 .ARC.attributes
                0x000006b5       0x2a c:/arc_gnu/bin/../lib/gcc/arc-elf32/7.1.1/arcem\libgcc.a(_udivdi3.o)
 .ARC.attributes
                0x000006df       0x2a c:/arc_gnu/bin/../lib/gcc/arc-elf32/7.1.1/arcem\libgcc.a(_umoddi3.o)
 .ARC.attributes
                0x00000709       0x2a c:/arc_gnu/bin/../lib/gcc/arc-elf32/7.1.1/arcem\libgcc.a(dp-bit.o)
 .ARC.attributes
                0x00000733       0x1f c:/arc_gnu/bin/../lib/gcc/arc-elf32/7.1.1/arcem\libgcc.a(_divsi3.o)
 .ARC.attributes
                0x00000752       0x1f c:/arc_gnu/bin/../lib/gcc/arc-elf32/7.1.1/arcem\libgcc.a(_umodsi3.o)
 .ARC.attributes
                0x00000771       0x22 c:/arc_gnu/bin/../lib/gcc/arc-elf32/7.1.1/arcem\libgcc.a(_clzsi2.o)
 .ARC.attributes
                0x00000793       0x25 c:/arc_gnu/bin/../lib/gcc/arc-elf32/7.1.1/arcem\libgcc.a(_clz.o)
 .ARC.attributes
                0x000007b8       0x2a c:/arc_gnu/bin/../lib/gcc/arc-elf32/7.1.1/arcem\libgcc.a(fp-bit.o)
 .ARC.attributes
                0x000007e2       0x23 obj_emsk_22/gnu_arcem7d/library/clib/embarc_sbrk.o
 .ARC.attributes
                0x00000805       0x25 c:/arc_gnu/bin/../lib/gcc/arc-elf32/7.1.1/../../../../arc-elf32/lib/arcem\libc.a(lib_a-errno.o)

.debug_frame    0x00000000     0x1f18
 .debug_frame   0x00000000       0x54 obj_emsk_22/gnu_arcem7d/main.o
 .debug_frame   0x00000054       0x28 obj_emsk_22/gnu_arcem7d/board.o
 .debug_frame   0x0000007c       0x34 obj_emsk_22/gnu_arcem7d/emsk/emsk_init.o
 .debug_frame   0x000000b0       0xf8 obj_emsk_22/gnu_arcem7d/emsk/emsk_timer.o
 .debug_frame   0x000001a8       0xa0 obj_emsk_22/gnu_arcem7d/emsk/mux.o
 .debug_frame   0x00000248      0x10c obj_emsk_22/gnu_arcem7d/emsk/dw_uart_obj.o
 .debug_frame   0x00000354      0x130 obj_emsk_22/gnu_arcem7d/emsk/emsk_gpio.o
 .debug_frame   0x00000484      0x1c4 obj_emsk_22/gnu_arcem7d/emsk/dw_gpio_obj.o
 .debug_frame   0x00000648       0x20 obj_emsk_22/gnu_arcem7d/emsk/emsk_sdcard.o
 .debug_frame   0x00000668       0xa8 obj_emsk_22/gnu_arcem7d/middleware/common/console_io.o
 .debug_frame   0x00000710      0x204 obj_emsk_22/gnu_arcem7d/middleware/common/xprintf.o
 .debug_frame   0x00000914       0x7c obj_emsk_22/gnu_arcem7d/arc/arc_timer.o
 .debug_frame   0x00000990      0x100 obj_emsk_22/gnu_arcem7d/arc/arc_exception.o
 .debug_frame   0x00000a90       0x20 obj_emsk_22/gnu_arcem7d/library/clib/embarc_misc.o
 .debug_frame   0x00000ab0      0x1f0 obj_emsk_22/gnu_arcem7d/emsk/dw_uart.o
 .debug_frame   0x00000ca0       0xf8 obj_emsk_22/gnu_arcem7d/emsk/dw_gpio.o
 .debug_frame   0x00000d98       0xd0 obj_emsk_22/gnu_arcem7d/arc/arc_cache.o
 .debug_frame   0x00000e68       0x58 c:/arc_gnu/bin/../lib/gcc/arc-elf32/7.1.1/../../../../arc-elf32/lib/arcem\libc.a(lib_a-sprintf.o)
 .debug_frame   0x00000ec0       0x70 c:/arc_gnu/bin/../lib/gcc/arc-elf32/7.1.1/../../../../arc-elf32/lib/arcem\libc.a(lib_a-svfprintf.o)
 .debug_frame   0x00000f30       0xb0 c:/arc_gnu/bin/../lib/gcc/arc-elf32/7.1.1/../../../../arc-elf32/lib/arcem\libc.a(lib_a-dtoa.o)
 .debug_frame   0x00000fe0       0x40 c:/arc_gnu/bin/../lib/gcc/arc-elf32/7.1.1/../../../../arc-elf32/lib/arcem\libc.a(lib_a-localeconv.o)
 .debug_frame   0x00001020       0x50 c:/arc_gnu/bin/../lib/gcc/arc-elf32/7.1.1/../../../../arc-elf32/lib/arcem\libc.a(lib_a-mallocr.o)
 .debug_frame   0x00001070       0x20 c:/arc_gnu/bin/../lib/gcc/arc-elf32/7.1.1/../../../../arc-elf32/lib/arcem\libc.a(lib_a-memchr.o)
 .debug_frame   0x00001090       0x30 c:/arc_gnu/bin/../lib/gcc/arc-elf32/7.1.1/../../../../arc-elf32/lib/arcem\libc.a(lib_a-mlock.o)
 .debug_frame   0x000010c0      0x310 c:/arc_gnu/bin/../lib/gcc/arc-elf32/7.1.1/../../../../arc-elf32/lib/arcem\libc.a(lib_a-mprec.o)
 .debug_frame   0x000013d0       0x3c c:/arc_gnu/bin/../lib/gcc/arc-elf32/7.1.1/../../../../arc-elf32/lib/arcem\libc.a(lib_a-sbrkr.o)
 .debug_frame   0x0000140c       0xb4 c:/arc_gnu/bin/../lib/gcc/arc-elf32/7.1.1/../../../../arc-elf32/lib/arcem\libc.a(lib_a-svfiprintf.o)
 .debug_frame   0x000014c0       0x3c c:/arc_gnu/bin/../lib/gcc/arc-elf32/7.1.1/../../../../arc-elf32/lib/arcem\libc.a(lib_a-callocr.o)
 .debug_frame   0x000014fc       0xa0 c:/arc_gnu/bin/../lib/gcc/arc-elf32/7.1.1/../../../../arc-elf32/lib/arcem\libc.a(lib_a-freer.o)
 .debug_frame   0x0000159c       0x74 c:/arc_gnu/bin/../lib/gcc/arc-elf32/7.1.1/../../../../arc-elf32/lib/arcem\libc.a(lib_a-locale.o)
 .debug_frame   0x00001610       0x40 c:/arc_gnu/bin/../lib/gcc/arc-elf32/7.1.1/../../../../arc-elf32/lib/arcem\libc.a(lib_a-mbtowc_r.o)
 .debug_frame   0x00001650       0x20 c:/arc_gnu/bin/../lib/gcc/arc-elf32/7.1.1/../../../../arc-elf32/lib/arcem\libc.a(lib_a-memmove.o)
 .debug_frame   0x00001670       0x74 c:/arc_gnu/bin/../lib/gcc/arc-elf32/7.1.1/../../../../arc-elf32/lib/arcem\libc.a(lib_a-reallocr.o)
 .debug_frame   0x000016e4       0x74 c:/arc_gnu/bin/../lib/gcc/arc-elf32/7.1.1/../../../../arc-elf32/lib/arcem\libc.a(lib_a-reent.o)
 .debug_frame   0x00001758       0x30 c:/arc_gnu/bin/../lib/gcc/arc-elf32/7.1.1/../../../../arc-elf32/lib/arcem\libc.a(lib_a-wctomb_r.o)
 .debug_frame   0x00001788       0x60 c:/arc_gnu/bin/../lib/gcc/arc-elf32/7.1.1/arcem\libgcc.a(_divdi3.o)
 .debug_frame   0x000017e8       0x5c c:/arc_gnu/bin/../lib/gcc/arc-elf32/7.1.1/arcem\libgcc.a(_udivdi3.o)
 .debug_frame   0x00001844       0x60 c:/arc_gnu/bin/../lib/gcc/arc-elf32/7.1.1/arcem\libgcc.a(_umoddi3.o)
 .debug_frame   0x000018a4      0x340 c:/arc_gnu/bin/../lib/gcc/arc-elf32/7.1.1/arcem\libgcc.a(dp-bit.o)
 .debug_frame   0x00001be4      0x2e8 c:/arc_gnu/bin/../lib/gcc/arc-elf32/7.1.1/arcem\libgcc.a(fp-bit.o)
 .debug_frame   0x00001ecc       0x2c obj_emsk_22/gnu_arcem7d/library/clib/embarc_sbrk.o
 .debug_frame   0x00001ef8       0x20 c:/arc_gnu/bin/../lib/gcc/arc-elf32/7.1.1/../../../../arc-elf32/lib/arcem\libc.a(lib_a-errno.o)
