Archive member included to satisfy reference by file (symbol)

obj_emsk_22/gnu_arcem7d/emsk/emsk_init.o
                              obj_emsk_22/gnu_arcem7d/board.o (board_init)
obj_emsk_22/gnu_arcem7d/emsk/emsk_timer.o
                              obj_emsk_22/gnu_arcem7d/emsk/emsk_init.o (emsk_timer_init)
obj_emsk_22/gnu_arcem7d/emsk/mux.o
                              obj_emsk_22/gnu_arcem7d/emsk/emsk_init.o (mux_init)
obj_emsk_22/gnu_arcem7d/emsk/dw_uart_obj.o
                              obj_emsk_22/gnu_arcem7d/main.o (uart_get_dev)
obj_emsk_22/gnu_arcem7d/emsk/dw_iic_obj.o
                              obj_emsk_22/gnu_arcem7d/main.o (iic_get_dev)
obj_emsk_22/gnu_arcem7d/emsk/emsk_gpio.o
                              obj_emsk_22/gnu_arcem7d/emsk/emsk_init.o (emsk_gpio_init)
obj_emsk_22/gnu_arcem7d/emsk/dw_gpio_obj.o
                              obj_emsk_22/gnu_arcem7d/main.o (gpio_get_dev)
obj_emsk_22/gnu_arcem7d/emsk/emsk_sdcard.o
                              obj_emsk_22/gnu_arcem7d/emsk/emsk_timer.o (emsk_sdcard_1ms_update)
obj_emsk_22/gnu_arcem7d/middleware/common/console_io.o
                              obj_emsk_22/gnu_arcem7d/board.o (xprintf_setup)
obj_emsk_22/gnu_arcem7d/middleware/common/xprintf.o
                              obj_emsk_22/gnu_arcem7d/middleware/common/console_io.o (xfunc_out)
obj_emsk_22/gnu_arcem7d/freertos/arc_freertos_exceptions.o
                              obj_emsk_22/gnu_arcem7d/board.o (freertos_exc_init)
obj_emsk_22/gnu_arcem7d/freertos/tasks.o
                              obj_emsk_22/gnu_arcem7d/main.o (xTaskGenericCreate)
obj_emsk_22/gnu_arcem7d/freertos/list.o
                              obj_emsk_22/gnu_arcem7d/freertos/tasks.o (vListInitialise)
obj_emsk_22/gnu_arcem7d/arc/arc_timer.o
                              obj_emsk_22/gnu_arcem7d/emsk/emsk_timer.o (timer_present)
obj_emsk_22/gnu_arcem7d/arc/arc_exception.o
                              obj_emsk_22/gnu_arcem7d/emsk/emsk_timer.o (int_handler_install)
obj_emsk_22/gnu_arcem7d/arc/arc_startup.o
                              obj_emsk_22/gnu_arcem7d/arc/arc_exception.o (_arc_reset)
obj_emsk_22/gnu_arcem7d/arc/arc_exc_asm.o
                              obj_emsk_22/gnu_arcem7d/arc/arc_exception.o (exc_entry_cpu)
obj_emsk_22/gnu_arcem7d/library/clib/embarc_misc.o
                              obj_emsk_22/gnu_arcem7d/middleware/common/console_io.o (gnu_printf_setup)
obj_emsk_22/gnu_arcem7d/emsk/dw_iic.o
                              obj_emsk_22/gnu_arcem7d/emsk/dw_iic_obj.o (dw_iic_open)
obj_emsk_22/gnu_arcem7d/emsk/dw_uart.o
                              obj_emsk_22/gnu_arcem7d/emsk/dw_uart_obj.o (dw_uart_open)
obj_emsk_22/gnu_arcem7d/emsk/dw_gpio.o
                              obj_emsk_22/gnu_arcem7d/emsk/dw_gpio_obj.o (dw_gpio_open)
obj_emsk_22/gnu_arcem7d/freertos/port.o
                              obj_emsk_22/gnu_arcem7d/freertos/tasks.o (pxPortInitialiseStack)
obj_emsk_22/gnu_arcem7d/freertos/heap_sel.o
                              obj_emsk_22/gnu_arcem7d/freertos/tasks.o (pvPortMalloc)
obj_emsk_22/gnu_arcem7d/freertos/arc_support.o
                              obj_emsk_22/gnu_arcem7d/freertos/port.o (dispatch)
obj_emsk_22/gnu_arcem7d/arc/arc_cache.o
                              obj_emsk_22/gnu_arcem7d/arc/arc_startup.o (arc_cache_init)
c:/arc_gnu/bin/../lib/gcc/arc-elf32/7.1.1/../../../../arc-elf32/lib/arcem\libc.a(lib_a-memset-bs.o)
                              obj_emsk_22/gnu_arcem7d/freertos/tasks.o (memset)
c:/arc_gnu/bin/../lib/gcc/arc-elf32/7.1.1/../../../../arc-elf32/lib/arcem\libc.a(lib_a-sprintf.o)
                              obj_emsk_22/gnu_arcem7d/main.o (sprintf)
c:/arc_gnu/bin/../lib/gcc/arc-elf32/7.1.1/../../../../arc-elf32/lib/arcem\libc.a(lib_a-strchr-bs.o)
                              obj_emsk_22/gnu_arcem7d/main.o (strchr)
c:/arc_gnu/bin/../lib/gcc/arc-elf32/7.1.1/../../../../arc-elf32/lib/arcem\libc.a(lib_a-strstr.o)
                              obj_emsk_22/gnu_arcem7d/main.o (strstr)
c:/arc_gnu/bin/../lib/gcc/arc-elf32/7.1.1/../../../../arc-elf32/lib/arcem\libc.a(lib_a-svfprintf.o)
                              c:/arc_gnu/bin/../lib/gcc/arc-elf32/7.1.1/../../../../arc-elf32/lib/arcem\libc.a(lib_a-sprintf.o) (_svfprintf_r)
c:/arc_gnu/bin/../lib/gcc/arc-elf32/7.1.1/../../../../arc-elf32/lib/arcem\libc.a(lib_a-dtoa.o)
                              c:/arc_gnu/bin/../lib/gcc/arc-elf32/7.1.1/../../../../arc-elf32/lib/arcem\libc.a(lib_a-svfprintf.o) (_dtoa_r)
c:/arc_gnu/bin/../lib/gcc/arc-elf32/7.1.1/../../../../arc-elf32/lib/arcem\libc.a(lib_a-impure.o)
                              c:/arc_gnu/bin/../lib/gcc/arc-elf32/7.1.1/../../../../arc-elf32/lib/arcem\libc.a(lib_a-sprintf.o) (_impure_ptr)
c:/arc_gnu/bin/../lib/gcc/arc-elf32/7.1.1/../../../../arc-elf32/lib/arcem\libc.a(lib_a-localeconv.o)
                              c:/arc_gnu/bin/../lib/gcc/arc-elf32/7.1.1/../../../../arc-elf32/lib/arcem\libc.a(lib_a-svfprintf.o) (_localeconv_r)
[...]
Memory Configuration

Name             Origin             Length             Attributes
iccm             0x00000000         0x00040000
dccm             0x80000000         0x00020000
ddr              0x10000000         0x08000000
*default*        0x00000000         0xffffffff

Linker script and memory map

                0x00002000                _HEAPSIZE = 0x2000
                0x00002000                _STACKSIZE = 0x2000
LOAD c:/arc_gnu/bin/../lib/gcc/arc-elf32/7.1.1/../../../../arc-elf32/lib/arcem\libm.a

.init           0x10000000      0x198
                0x10000000                _f_init = .
 *(.init_vector)
 .init_vector   0x10000000        0x4 obj_emsk_22/gnu_arcem7d/arc/arc_startup.o
 *(.init_bootstrap)
 .init_bootstrap
                0x10000004      0x194 obj_emsk_22/gnu_arcem7d/arc/arc_startup.o
                0x10000004                _arc_reset
                0x10000004                _start
                0x10000184                _exit_loop
                0x10000184                _exit_halt
                0x10000198                _e_init = .

.text           0x10000198     0xf33c
                0x10000198                _f_text = .
 *(.text .text.* .gnu.linkonce.t.*)
 .text          0x10000198      0x9ac obj_emsk_22/gnu_arcem7d/main.o
                0x100005c0                cal
                0x10000a04                brightness
                0x10000a10                my_emsk_gpio_init
                0x10000a68                my_emsk_iic_init
                0x10000b28                my_emsk_ble_init
 .text.startup  0x10000b44       0xbc obj_emsk_22/gnu_arcem7d/main.o
                0x10000b44                main
 .text          0x10000c00       0xa0 obj_emsk_22/gnu_arcem7d/board.o
                0x10000c5c                board_main
 .text          0x10000ca0       0x38 obj_emsk_22/gnu_arcem7d/emsk/emsk_init.o
                0x10000ca0                board_init
 .text          0x10000cd8      0x27c obj_emsk_22/gnu_arcem7d/emsk/emsk_timer.o
                0x10000cd8                board_timer_update
                0x10000d64                emsk_timer_init
                0x10000dc4                board_get_hwticks
                0x10000dfc                board_get_cur_us
                0x10000e54                board_delay_ms
 .text          0x10000f54       0x44 obj_emsk_22/gnu_arcem7d/emsk/mux.o
                0x10000f54                mux_init
                0x10000f68                get_mux_regs
                0x10000f74                set_pmod_mux
                0x10000f78                get_pmod_mux
                0x10000f7c                change_pmod_mux
                0x10000f88                set_spi_map
                0x10000f8c                get_spi_map
                0x10000f90                set_uart_map
                0x10000f94                get_uart_map
 .text          0x10000f98      0x1b4 obj_emsk_22/gnu_arcem7d/emsk/dw_uart_obj.o
                0x10001040                dw_uart_all_install
                0x100010ec                uart_get_dev
 .text          0x1000114c      0x2f0 obj_emsk_22/gnu_arcem7d/emsk/dw_iic_obj.o
                0x100013cc                iic_get_dev
                0x10001430                dw_iic_all_install
 .text          0x1000143c      0x1c8 obj_emsk_22/gnu_arcem7d/emsk/emsk_gpio.o
                0x1000143c                emsk_led_init
                0x100014a0                emsk_button_init
                0x100014f0                emsk_switch_init
                0x10001540                emsk_gpio_init
                0x10001550                led_write
                0x1000156c                led_read
                0x1000159c                switch_read
                0x100015d0                button_read
 .text          0x10001604      0x49c obj_emsk_22/gnu_arcem7d/emsk/dw_gpio_obj.o
                0x10001754                dw_gpio_all_install
                0x10001a50                gpio_get_dev
 .text          0x10001aa0        0x4 obj_emsk_22/gnu_arcem7d/emsk/emsk_sdcard.o
                0x10001aa0                emsk_sdcard_1ms_update
 .text          0x10001aa4      0x128 obj_emsk_22/gnu_arcem7d/middleware/common/console_io.o
                0x10001aa4                console_putchar
                0x10001ad0                console_getchar
                0x10001b0c                console_putstr
                0x10001b20                console_getstr
                0x10001b34                xprintf_setup
 .text          0x10001bcc      0x708 obj_emsk_22/gnu_arcem7d/middleware/common/xprintf.o
                0x10001bcc                xputc
                0x10001c98                xputs
                0x10001cb8                xfputs
                0x10001cec                xvprintf
                0x10002030                xprintf
                0x10002058                xsprintf
                0x10002098                xfprintf
                0x100020d8                put_dump
                0x100021ac                xgets
                0x100021c0                xfgets
                0x100021f4                xatoi
 .text          0x100022d4        0x4 obj_emsk_22/gnu_arcem7d/freertos/arc_freertos_exceptions.o
                0x100022d4                freertos_exc_init
 .text          0x100022d8     0x15d8 obj_emsk_22/gnu_arcem7d/freertos/tasks.o
                0x100023e8                xTaskGenericCreate
                0x10002648                vTaskDelete
                0x1000273c                uxTaskPriorityGet
                0x10002780                uxTaskPriorityGetFromISR
                0x10002790                vTaskPrioritySet
                0x1000288c                vTaskSuspend
                0x100029c0                vTaskResume
                0x10002a64                xTaskResumeFromISR
                0x10002af8                vTaskStartScheduler
                0x10002b48                vTaskEndScheduler
                0x10002b5c                vTaskSuspendAll
                0x10002b6c                xTaskGetTickCount
                0x10002b9c                xTaskGetTickCountFromISR
                0x10002ba8                uxTaskGetNumberOfTasks
                0x10002bb4                xTaskIncrementTick
                0x10002d44                xTaskResumeAll
                0x10002e74                vTaskDelayUntil
                0x10002ee0                vTaskDelay
                0x10002ff4                vTaskSwitchContext
                0x10003010                vTaskPlaceOnEventList
                0x10003068                vTaskPlaceOnUnorderedEventList
                0x100030d0                xTaskRemoveFromEventList
                0x10003160                xTaskRemoveFromUnorderedEventList
                0x100031d0                vTaskSetTimeOutState
                0x100031e8                xTaskCheckForTimeOut
                0x1000327c                vTaskMissedYield
                0x10003288                vTaskSetThreadLocalStoragePointer
                0x100032a8                pvTaskGetThreadLocalStoragePointer
                0x100032d4                uxTaskGetStackHighWaterMark
                0x10003310                xTaskGetCurrentTaskHandle
                0x1000331c                vTaskPriorityInherit
                0x100033ac                xTaskPriorityDisinherit
                0x1000341c                uxTaskResetEventItemValue
                0x10003438                pvTaskIncrementMutexHeldCount
                0x10003454                ulTaskNotifyTake
                0x10003524                xTaskNotifyWait
                0x10003624                xTaskGenericNotify
                0x10003700                xTaskGenericNotifyFromISR
                0x100037d8                vTaskNotifyGiveFromISR
                0x10003860                xTaskNotifyStateClear
 .text          0x100038b0       0xa8 obj_emsk_22/gnu_arcem7d/freertos/list.o
                0x100038b0                vListInitialise
                0x100038c4                vListInitialiseItem
                0x100038cc                vListInsertEnd
                0x100038e8                vListInsert
                0x10003928                uxListRemove
 .text          0x10003958      0x1ec obj_emsk_22/gnu_arcem7d/arc/arc_timer.o
                0x10003958                timer_present
                0x10003984                timer_start
                0x100039fc                timer_stop
                0x10003a78                timer_current
                0x10003ac0                timer_int_clear
                0x10003afc                timer_init
 .text          0x10003b44      0x220 obj_emsk_22/gnu_arcem7d/arc/arc_exception.o
                0x10003be4                exc_entry_install
                0x10003c54                exc_entry_get
                0x10003c68                exc_handler_install
                0x10003c80                exc_handler_get
                0x10003c94                exc_int_init
                0x10003d00                int_handler_install
                0x10003d1c                int_handler_get
                0x10003d34                int_pri_set
                0x10003d50                exc_no2string
 .text          0x10003d64        0x0 obj_emsk_22/gnu_arcem7d/arc/arc_startup.o
 .text          0x10003d64      0x358 obj_emsk_22/gnu_arcem7d/arc/arc_exc_asm.o
                0x10003f80                exc_entry_firq
 .text          0x100040bc        0x4 obj_emsk_22/gnu_arcem7d/library/clib/embarc_misc.o
                0x100040bc                gnu_printf_setup
 .text          0x100040c0     0x1300 obj_emsk_22/gnu_arcem7d/emsk/dw_iic.o
                0x100043a0                dw_iic_open
                0x10004690                dw_iic_close
                0x100047a8                dw_iic_control
                0x10004d54                dw_iic_write
                0x10004ec4                dw_iic_read
                0x1000503c                dw_iic_isr
 .text          0x100053c0      0xa3c obj_emsk_22/gnu_arcem7d/emsk/dw_uart.o
                0x10005580                dw_uart_open
                0x1000572c                dw_uart_close
                0x10005854                dw_uart_control
                0x10005bb8                dw_uart_write
                0x10005c18                dw_uart_read
                0x10005c78                dw_uart_isr
 .text          0x10005dfc      0x528 obj_emsk_22/gnu_arcem7d/emsk/dw_gpio.o
                0x10005e48                dw_gpio_open
                0x10005f40                dw_gpio_close
                0x10005fec                dw_gpio_read
                0x10006058                dw_gpio_write
                0x1000609c                dw_gpio_control
                0x10006280                dw_gpio_isr_handler
 .text          0x10006324       0xf8 obj_emsk_22/gnu_arcem7d/freertos/port.o
                0x10006350                pxPortInitialiseStack
                0x10006368                xPortStartScheduler
                0x100063cc                vPortEndScheduler
                0x100063d0                vPortYieldFromIsr
                0x100063e4                vPortYield
                0x10006400                vPortEndTask
 .text          0x1000641c      0x190 obj_emsk_22/gnu_arcem7d/freertos/heap_sel.o
                0x1000641c                pvPortMalloc
                0x10006538                vPortFree
                0x1000659c                xPortGetFreeHeapSize
                0x100065a8                vPortInitialiseBlocks
 .text          0x100065ac      0x5ec obj_emsk_22/gnu_arcem7d/freertos/arc_support.o
                0x100065ac                dispatch
                0x10006648                start_dispatch
                0x100066e4                start_r
                0x100066fc                exc_entry_cpu
                0x100069e4                exc_entry_int
 .text          0x10006b98      0x408 obj_emsk_22/gnu_arcem7d/arc/arc_cache.o
                0x10006b98                icache_invalidate_mlines
                0x10006be8                icache_lock_mlines
                0x10006c48                icache_direct_write
                0x10006c74                icache_direct_read
                0x10006ca0                icache_indirect_read
                0x10006cd4                dcache_invalidate_mlines
                0x10006d2c                dcache_flush_mlines
                0x10006d84                dcache_lock_mlines
                0x10006de4                dcache_direct_write
                0x10006e10                dcache_direct_read
                0x10006e3c                dcache_indirect_read
                0x10006e70                arc_cache_init
 .text          0x10006fa0       0x6c c:/arc_gnu/bin/../lib/gcc/arc-elf32/7.1.1/../../../../arc-elf32/lib/arcem\libc.a(lib_a-memset-bs.o)
                0x10006fa0                memset
                0x10006ff4                __strncpy_bzero
 .text          0x1000700c       0x98 c:/arc_gnu/bin/../lib/gcc/arc-elf32/7.1.1/../../../../arc-elf32/lib/arcem\libc.a(lib_a-sprintf.o)
                0x1000700c                _sprintf_r
                0x10007054                sprintf
 .text          0x100070a4       0xf8 c:/arc_gnu/bin/../lib/gcc/arc-elf32/7.1.1/../../../../arc-elf32/lib/arcem\libc.a(lib_a-strchr-bs.o)
                0x100070a4                strchr
 .text          0x1000719c      0x5f4 c:/arc_gnu/bin/../lib/gcc/arc-elf32/7.1.1/../../../../arc-elf32/lib/arcem\libc.a(lib_a-strstr.o)
                0x10007510                strstr
 .text          0x10007790     0x16e4 c:/arc_gnu/bin/../lib/gcc/arc-elf32/7.1.1/../../../../arc-elf32/lib/arcem\libc.a(lib_a-svfprintf.o)
                0x10007790                _svfprintf_r
 .text          0x10008e74     0x115c c:/arc_gnu/bin/../lib/gcc/arc-elf32/7.1.1/../../../../arc-elf32/lib/arcem\libc.a(lib_a-dtoa.o)
                0x10009008                _dtoa_r
 .text          0x10009fd0        0x0 c:/arc_gnu/bin/../lib/gcc/arc-elf32/7.1.1/../../../../arc-elf32/lib/arcem\libc.a(lib_a-impure.o)
 .text          0x10009fd0       0x38 c:/arc_gnu/bin/../lib/gcc/arc-elf32/7.1.1/../../../../arc-elf32/lib/arcem\libc.a(lib_a-localeconv.o)
                0x10009fd0                __localeconv_l
                0x10009fd8                _localeconv_r
                0x10009ff0                localeconv
 .text          0x1000a008      0x6ac c:/arc_gnu/bin/../lib/gcc/arc-elf32/7.1.1/../../../../arc-elf32/lib/arcem\libc.a(lib_a-mallocr.o)
                0x1000a008                _malloc_r
 .text          0x1000a6b4       0xc8 c:/arc_gnu/bin/../lib/gcc/arc-elf32/7.1.1/../../../../arc-elf32/lib/arcem\libc.a(lib_a-memchr.o)
                0x1000a6b4                memchr
 .text          0x1000a77c       0xd4 c:/arc_gnu/bin/../lib/gcc/arc-elf32/7.1.1/../../../../arc-elf32/lib/arcem\libc.a(lib_a-memcmp.o)
                0x1000a77c                memcmp
 .text          0x1000a850       0x80 c:/arc_gnu/bin/../lib/gcc/arc-elf32/7.1.1/../../../../arc-elf32/lib/arcem\libc.a(lib_a-memcpy-bs.o)
                0x1000a850                memcpy
 .text          0x1000a8d0        0x8 c:/arc_gnu/bin/../lib/gcc/arc-elf32/7.1.1/../../../../arc-elf32/lib/arcem\libc.a(lib_a-mlock.o)
                0x1000a8d0                __malloc_lock
                0x1000a8d4                __malloc_unlock
 .text          0x1000a8d8      0xbdc c:/arc_gnu/bin/../lib/gcc/arc-elf32/7.1.1/../../../../arc-elf32/lib/arcem\libc.a(lib_a-mprec.o)
                0x1000a8d8                _Balloc
                0x1000a948                _Bfree
                0x1000a95c                __multadd
                0x1000aa1c                __s2b
                0x1000aaf4                __hi0bits
                0x1000ab3c                __lo0bits
                0x1000abb4                __i2b
                0x1000abd4                __multiply
                0x1000ad78                __pow5mult
                0x1000ae54                __lshift
                0x1000af54                __mcmp
                0x1000af98                __mdiff
                0x1000b0ec                __ulp
                0x1000b144                __b2d
                0x1000b22c                __d2b
                0x1000b318                __ratio
                0x1000b394                _mprec_log10
                0x1000b3ec                __copybits
                0x1000b458                __any_on
 .text          0x1000b4b4       0x3c c:/arc_gnu/bin/../lib/gcc/arc-elf32/7.1.1/../../../../arc-elf32/lib/arcem\libc.a(lib_a-sbrkr.o)
                0x1000b4b4                _sbrk_r
 .text          0x1000b4f0       0x90 c:/arc_gnu/bin/../lib/gcc/arc-elf32/7.1.1/../../../../arc-elf32/lib/arcem\libc.a(lib_a-strlen-bs.o)
                0x1000b4f0                strlen
 .text          0x1000b580      0xcf8 c:/arc_gnu/bin/../lib/gcc/arc-elf32/7.1.1/../../../../arc-elf32/lib/arcem\libc.a(lib_a-svfiprintf.o)
                0x1000b580                __ssprint_r
                0x1000b6c8                _svfiprintf_r
 .text          0x1000c278       0x84 c:/arc_gnu/bin/../lib/gcc/arc-elf32/7.1.1/../../../../arc-elf32/lib/arcem\libc.a(lib_a-callocr.o)
                0x1000c278                _calloc_r
 .text          0x1000c2fc      0x3d0 c:/arc_gnu/bin/../lib/gcc/arc-elf32/7.1.1/../../../../arc-elf32/lib/arcem\libc.a(lib_a-freer.o)
                0x1000c2fc                _malloc_trim_r
                0x1000c3d0                _free_r
 .text          0x1000c6cc       0x98 c:/arc_gnu/bin/../lib/gcc/arc-elf32/7.1.1/../../../../arc-elf32/lib/arcem\libc.a(lib_a-locale.o)
                0x1000c6cc                _setlocale_r
                0x1000c71c                __locale_mb_cur_max
                0x1000c738                __locale_ctype_ptr_l
                0x1000c740                __locale_ctype_ptr
                0x1000c758                setlocale
 .text          0x1000c764       0x64 c:/arc_gnu/bin/../lib/gcc/arc-elf32/7.1.1/../../../../arc-elf32/lib/arcem\libc.a(lib_a-mbtowc_r.o)
                0x1000c764                _mbtowc_r
                0x1000c780                __ascii_mbtowc
 .text          0x1000c7c8       0xf0 c:/arc_gnu/bin/../lib/gcc/arc-elf32/7.1.1/../../../../arc-elf32/lib/arcem\libc.a(lib_a-memmove.o)
                0x1000c7c8                memmove
 .text          0x1000c8b8      0x488 c:/arc_gnu/bin/../lib/gcc/arc-elf32/7.1.1/../../../../arc-elf32/lib/arcem\libc.a(lib_a-reallocr.o)
                0x1000c8b8                _realloc_r
 .text          0x1000cd40       0xd0 c:/arc_gnu/bin/../lib/gcc/arc-elf32/7.1.1/../../../../arc-elf32/lib/arcem\libc.a(lib_a-reent.o)
                0x1000cd40                cleanup_glue
                0x1000cd68                _reclaim_reent
 .text          0x1000ce10       0x90 c:/arc_gnu/bin/../lib/gcc/arc-elf32/7.1.1/../../../../arc-elf32/lib/arcem\libc.a(lib_a-strcmp.o)
                0x1000ce10                strcmp
 .text          0x1000cea0       0x44 c:/arc_gnu/bin/../lib/gcc/arc-elf32/7.1.1/../../../../arc-elf32/lib/arcem\libc.a(lib_a-wctomb_r.o)
                0x1000cea0                _wctomb_r
                0x1000cebc                __ascii_wctomb
 .text          0x1000cee4        0x0 c:/arc_gnu/bin/../lib/gcc/arc-elf32/7.1.1/../../../../arc-elf32/lib/arcem\libc.a(lib_a-ctype_.o)
 .text          0x1000cee4        0x4 c:/arc_gnu/bin/../lib/gcc/arc-elf32/7.1.1/arcem\libgcc.a(_udivsi3.o)
                0x1000cee4                __udivsi3
 .text          0x1000cee8       0x70 c:/arc_gnu/bin/../lib/gcc/arc-elf32/7.1.1/arcem\libgcc.a(_divmod_tools.o)
                0x1000cee8                __udivmodsi4
 .text          0x1000cf58        0x0 c:/arc_gnu/bin/../lib/gcc/arc-elf32/7.1.1/arcem\libgcc.a(_divdi3.o)
 .text.__divdi3
                0x1000cf58      0x4fc c:/arc_gnu/bin/../lib/gcc/arc-elf32/7.1.1/arcem\libgcc.a(_divdi3.o)
                0x1000cf58                __divdi3
 .text          0x1000d454        0x0 c:/arc_gnu/bin/../lib/gcc/arc-elf32/7.1.1/arcem\libgcc.a(_udivdi3.o)
 .text.__udivdi3
                0x1000d454      0x4c8 c:/arc_gnu/bin/../lib/gcc/arc-elf32/7.1.1/arcem\libgcc.a(_udivdi3.o)
                0x1000d454                __udivdi3
 .text          0x1000d91c        0x0 c:/arc_gnu/bin/../lib/gcc/arc-elf32/7.1.1/arcem\libgcc.a(_umoddi3.o)
 .text.__umoddi3
                0x1000d91c      0x448 c:/arc_gnu/bin/../lib/gcc/arc-elf32/7.1.1/arcem\libgcc.a(_umoddi3.o)
                0x1000d91c                __umoddi3
 .text          0x1000dd64        0x0 c:/arc_gnu/bin/../lib/gcc/arc-elf32/7.1.1/arcem\libgcc.a(fp-bit.o)
 .text._fpadd_parts
                0x1000dd64      0x174 c:/arc_gnu/bin/../lib/gcc/arc-elf32/7.1.1/arcem\libgcc.a(fp-bit.o)
 .text.__pack_f
                0x1000ded8      0x100 c:/arc_gnu/bin/../lib/gcc/arc-elf32/7.1.1/arcem\libgcc.a(fp-bit.o)
                0x1000ded8                __pack_f
 .text.__unpack_f
                0x1000dfd8       0x90 c:/arc_gnu/bin/../lib/gcc/arc-elf32/7.1.1/arcem\libgcc.a(fp-bit.o)
                0x1000dfd8                __unpack_f
 .text.__addsf3
                0x1000e068       0x34 c:/arc_gnu/bin/../lib/gcc/arc-elf32/7.1.1/arcem\libgcc.a(fp-bit.o)
                0x1000e068                __addsf3
 .text.__subsf3
                0x1000e09c       0x3c c:/arc_gnu/bin/../lib/gcc/arc-elf32/7.1.1/arcem\libgcc.a(fp-bit.o)
                0x1000e09c                __subsf3
 .text.__mulsf3
                0x1000e0d8      0x14c c:/arc_gnu/bin/../lib/gcc/arc-elf32/7.1.1/arcem\libgcc.a(fp-bit.o)
                0x1000e0d8                __mulsf3
 .text.__divsf3
                0x1000e224      0x104 c:/arc_gnu/bin/../lib/gcc/arc-elf32/7.1.1/arcem\libgcc.a(fp-bit.o)
                0x1000e224                __divsf3
 .text.__fpcmp_parts_f
                0x1000e328       0x90 c:/arc_gnu/bin/../lib/gcc/arc-elf32/7.1.1/arcem\libgcc.a(fp-bit.o)
                0x1000e328                __fpcmp_parts_f
 .text.__cmpsf2
                0x1000e3b8       0x2c c:/arc_gnu/bin/../lib/gcc/arc-elf32/7.1.1/arcem\libgcc.a(fp-bit.o)
                0x1000e3b8                __cmpsf2
 .text.__eqsf2  0x1000e3e4       0x44 c:/arc_gnu/bin/../lib/gcc/arc-elf32/7.1.1/arcem\libgcc.a(fp-bit.o)
                0x1000e3e4                __eqsf2
 .text.__nesf2  0x1000e428        0x4 c:/arc_gnu/bin/../lib/gcc/arc-elf32/7.1.1/arcem\libgcc.a(fp-bit.o)
                0x1000e428                __nesf2
 .text.__gtsf2  0x1000e42c       0x44 c:/arc_gnu/bin/../lib/gcc/arc-elf32/7.1.1/arcem\libgcc.a(fp-bit.o)
                0x1000e42c                __gtsf2
 .text.__gesf2  0x1000e470        0x4 c:/arc_gnu/bin/../lib/gcc/arc-elf32/7.1.1/arcem\libgcc.a(fp-bit.o)
                0x1000e470                __gesf2
 .text.__ltsf2  0x1000e474        0x4 c:/arc_gnu/bin/../lib/gcc/arc-elf32/7.1.1/arcem\libgcc.a(fp-bit.o)
                0x1000e474                __ltsf2
 .text.__lesf2  0x1000e478        0x4 c:/arc_gnu/bin/../lib/gcc/arc-elf32/7.1.1/arcem\libgcc.a(fp-bit.o)
                0x1000e478                __lesf2
 .text.__unordsf2
                0x1000e47c       0x3c c:/arc_gnu/bin/../lib/gcc/arc-elf32/7.1.1/arcem\libgcc.a(fp-bit.o)
                0x1000e47c                __unordsf2
 .text.__floatsisf
                0x1000e4b8       0x84 c:/arc_gnu/bin/../lib/gcc/arc-elf32/7.1.1/arcem\libgcc.a(fp-bit.o)
                0x1000e4b8                __floatsisf
 .text.__floatunsisf
                0x1000e53c       0x68 c:/arc_gnu/bin/../lib/gcc/arc-elf32/7.1.1/arcem\libgcc.a(fp-bit.o)
                0x1000e53c                __floatunsisf
 .text.__fixsfsi
                0x1000e5a4       0x74 c:/arc_gnu/bin/../lib/gcc/arc-elf32/7.1.1/arcem\libgcc.a(fp-bit.o)
                0x1000e5a4                __fixsfsi
 .text.__negsf2
                0x1000e618       0x28 c:/arc_gnu/bin/../lib/gcc/arc-elf32/7.1.1/arcem\libgcc.a(fp-bit.o)
                0x1000e618                __negsf2
 .text.__make_fp
                0x1000e640       0x1c c:/arc_gnu/bin/../lib/gcc/arc-elf32/7.1.1/arcem\libgcc.a(fp-bit.o)
                0x1000e640                __make_fp
 .text.__extendsfdf2
                0x1000e65c       0x30 c:/arc_gnu/bin/../lib/gcc/arc-elf32/7.1.1/arcem\libgcc.a(fp-bit.o)
                0x1000e65c                __extendsfdf2
 .text          0x1000e68c        0x0 c:/arc_gnu/bin/../lib/gcc/arc-elf32/7.1.1/arcem\libgcc.a(dp-bit.o)
 .text._fpadd_parts
                0x1000e68c      0x2f0 c:/arc_gnu/bin/../lib/gcc/arc-elf32/7.1.1/arcem\libgcc.a(dp-bit.o)
 .text.__pack_d
                0x1000e97c      0x1bc c:/arc_gnu/bin/../lib/gcc/arc-elf32/7.1.1/arcem\libgcc.a(dp-bit.o)
                0x1000e97c                __pack_d
 .text.__unpack_d
                0x1000eb38       0xd0 c:/arc_gnu/bin/../lib/gcc/arc-elf32/7.1.1/arcem\libgcc.a(dp-bit.o)
                0x1000eb38                __unpack_d
 .text.__adddf3
                0x1000ec08       0x34 c:/arc_gnu/bin/../lib/gcc/arc-elf32/7.1.1/arcem\libgcc.a(dp-bit.o)
                0x1000ec08                __adddf3
 .text.__subdf3
                0x1000ec3c       0x3c c:/arc_gnu/bin/../lib/gcc/arc-elf32/7.1.1/arcem\libgcc.a(dp-bit.o)
                0x1000ec3c                __subdf3
 .text.__muldf3
                0x1000ec78      0x23c c:/arc_gnu/bin/../lib/gcc/arc-elf32/7.1.1/arcem\libgcc.a(dp-bit.o)
                0x1000ec78                __muldf3
 .text.__divdf3
                0x1000eeb4      0x170 c:/arc_gnu/bin/../lib/gcc/arc-elf32/7.1.1/arcem\libgcc.a(dp-bit.o)
                0x1000eeb4                __divdf3
 .text.__fpcmp_parts_d
                0x1000f024       0xa8 c:/arc_gnu/bin/../lib/gcc/arc-elf32/7.1.1/arcem\libgcc.a(dp-bit.o)
                0x1000f024                __fpcmp_parts_d
 .text.__cmpdf2
                0x1000f0cc       0x2c c:/arc_gnu/bin/../lib/gcc/arc-elf32/7.1.1/arcem\libgcc.a(dp-bit.o)
                0x1000f0cc                __cmpdf2
 .text.__eqdf2  0x1000f0f8       0x44 c:/arc_gnu/bin/../lib/gcc/arc-elf32/7.1.1/arcem\libgcc.a(dp-bit.o)
                0x1000f0f8                __eqdf2
 .text.__nedf2  0x1000f13c        0x4 c:/arc_gnu/bin/../lib/gcc/arc-elf32/7.1.1/arcem\libgcc.a(dp-bit.o)
                0x1000f13c                __nedf2
 .text.__gtdf2  0x1000f140       0x44 c:/arc_gnu/bin/../lib/gcc/arc-elf32/7.1.1/arcem\libgcc.a(dp-bit.o)
                0x1000f140                __gtdf2
 .text.__gedf2  0x1000f184        0x4 c:/arc_gnu/bin/../lib/gcc/arc-elf32/7.1.1/arcem\libgcc.a(dp-bit.o)
                0x1000f184                __gedf2
 .text.__ltdf2  0x1000f188        0x4 c:/arc_gnu/bin/../lib/gcc/arc-elf32/7.1.1/arcem\libgcc.a(dp-bit.o)
                0x1000f188                __ltdf2
 .text.__ledf2  0x1000f18c        0x4 c:/arc_gnu/bin/../lib/gcc/arc-elf32/7.1.1/arcem\libgcc.a(dp-bit.o)
                0x1000f18c                __ledf2
 .text.__unorddf2
                0x1000f190       0x3c c:/arc_gnu/bin/../lib/gcc/arc-elf32/7.1.1/arcem\libgcc.a(dp-bit.o)
                0x1000f190                __unorddf2
 .text.__floatsidf
                0x1000f1cc       0x88 c:/arc_gnu/bin/../lib/gcc/arc-elf32/7.1.1/arcem\libgcc.a(dp-bit.o)
                0x1000f1cc                __floatsidf
 .text.__floatunsidf
                0x1000f254       0x64 c:/arc_gnu/bin/../lib/gcc/arc-elf32/7.1.1/arcem\libgcc.a(dp-bit.o)
                0x1000f254                __floatunsidf
 .text.__fixdfsi
                0x1000f2b8       0x94 c:/arc_gnu/bin/../lib/gcc/arc-elf32/7.1.1/arcem\libgcc.a(dp-bit.o)
                0x1000f2b8                __fixdfsi
 .text.__fixunsdfsi
                0x1000f34c       0x68 c:/arc_gnu/bin/../lib/gcc/arc-elf32/7.1.1/arcem\libgcc.a(dp-bit.o)
                0x1000f34c                __fixunsdfsi
 .text.__negdf2
                0x1000f3b4       0x28 c:/arc_gnu/bin/../lib/gcc/arc-elf32/7.1.1/arcem\libgcc.a(dp-bit.o)
                0x1000f3b4                __negdf2
 .text.__make_dp
                0x1000f3dc       0x20 c:/arc_gnu/bin/../lib/gcc/arc-elf32/7.1.1/arcem\libgcc.a(dp-bit.o)
                0x1000f3dc                __make_dp
 .text.__truncdfsf2
                0x1000f3fc       0x38 c:/arc_gnu/bin/../lib/gcc/arc-elf32/7.1.1/arcem\libgcc.a(dp-bit.o)
                0x1000f3fc                __truncdfsf2
 .text          0x1000f434       0x1c c:/arc_gnu/bin/../lib/gcc/arc-elf32/7.1.1/arcem\libgcc.a(_divsi3.o)
                0x1000f434                __divsi3
 .text          0x1000f450       0x10 c:/arc_gnu/bin/../lib/gcc/arc-elf32/7.1.1/arcem\libgcc.a(_umodsi3.o)
                0x1000f450                __umodsi3
 .text          0x1000f460       0x30 c:/arc_gnu/bin/../lib/gcc/arc-elf32/7.1.1/arcem\libgcc.a(_clzsi2.o)
                0x1000f460                __clzsi2
 .text          0x1000f490        0x0 c:/arc_gnu/bin/../lib/gcc/arc-elf32/7.1.1/arcem\libgcc.a(_clz.o)
 .text          0x1000f490       0x40 obj_emsk_22/gnu_arcem7d/library/clib/embarc_sbrk.o
                0x1000f490                _sbrk
 .text          0x1000f4d0        0x4 c:/arc_gnu/bin/../lib/gcc/arc-elf32/7.1.1/../../../../arc-elf32/lib/arcem\libc.a(lib_a-errno.o)
                0x1000f4d0                __errno
                0x1000f4d4                _e_text = .

.rodata         0x1000f4d4      0xf18
                0x1000f4d4                _f_rodata = .
 *(.rodata .rodata.* .gnu.linkonce.r.*)
 .rodata.str1.4
                0x1000f4d4      0x17a obj_emsk_22/gnu_arcem7d/main.o
                                0x180 (size before relaxing)
 *fill*         0x1000f64e        0x2 
 .rodata        0x1000f650       0x20 obj_emsk_22/gnu_arcem7d/main.o
 .rodata.str1.4
                0x1000f670       0x35 obj_emsk_22/gnu_arcem7d/board.o
                                 0x38 (size before relaxing)
 *fill*         0x1000f6a5        0x3 
 .rodata        0x1000f6a8       0x20 obj_emsk_22/gnu_arcem7d/emsk/dw_iic_obj.o
 .rodata        0x1000f6c8       0x10 obj_emsk_22/gnu_arcem7d/emsk/dw_gpio_obj.o
 .rodata.str1.4
                0x1000f6d8      0x320 obj_emsk_22/gnu_arcem7d/middleware/common/console_io.o
 .rodata        0x1000f9f8       0x5c obj_emsk_22/gnu_arcem7d/middleware/common/xprintf.o
 .rodata.str1.4
                0x1000fa54       0x1f obj_emsk_22/gnu_arcem7d/middleware/common/xprintf.o
                                 0x20 (size before relaxing)
 *fill*         0x1000fa73        0x1 
 .rodata.str1.4
                0x1000fa74        0x5 obj_emsk_22/gnu_arcem7d/freertos/tasks.o
                                  0x8 (size before relaxing)
 *fill*         0x1000fa79        0x3 
 .rodata        0x1000fa7c       0x20 obj_emsk_22/gnu_arcem7d/freertos/tasks.o
 .rodata.str1.4
                0x1000fa9c      0x185 obj_emsk_22/gnu_arcem7d/arc/arc_exception.o
                                0x188 (size before relaxing)
 *fill*         0x1000fc21        0x3 
 .rodata        0x1000fc24       0x40 obj_emsk_22/gnu_arcem7d/arc/arc_exception.o
 .rodata        0x1000fc64       0x94 obj_emsk_22/gnu_arcem7d/emsk/dw_uart.o
                0x1000fce8                dw_uart_stopbits
                0x1000fcec                dw_uart_parity
                0x1000fcf4                dw_uart_databits
 .rodata        0x1000fcf8       0x2c obj_emsk_22/gnu_arcem7d/emsk/dw_gpio.o
 .rodata.str1.4
                0x1000fd24       0x3f c:/arc_gnu/bin/../lib/gcc/arc-elf32/7.1.1/../../../../arc-elf32/lib/arcem\libc.a(lib_a-svfprintf.o)
                                 0x44 (size before relaxing)
 *fill*         0x1000fd63        0x1 
 .rodata        0x1000fd64      0x184 c:/arc_gnu/bin/../lib/gcc/arc-elf32/7.1.1/../../../../arc-elf32/lib/arcem\libc.a(lib_a-svfprintf.o)
 .rodata.str1.4
                0x1000fee8       0x10 c:/arc_gnu/bin/../lib/gcc/arc-elf32/7.1.1/../../../../arc-elf32/lib/arcem\libc.a(lib_a-dtoa.o)
                                 0x14 (size before relaxing)
 .rodata        0x1000fef8       0x10 c:/arc_gnu/bin/../lib/gcc/arc-elf32/7.1.1/../../../../arc-elf32/lib/arcem\libc.a(lib_a-dtoa.o)
 .rodata        0x1000ff08        0x4 c:/arc_gnu/bin/../lib/gcc/arc-elf32/7.1.1/../../../../arc-elf32/lib/arcem\libc.a(lib_a-impure.o)
                0x1000ff08                _global_impure_ptr
 .rodata        0x1000ff0c      0x124 c:/arc_gnu/bin/../lib/gcc/arc-elf32/7.1.1/../../../../arc-elf32/lib/arcem\libc.a(lib_a-mprec.o)
                0x1000ff18                __mprec_tinytens
                0x1000ff40                __mprec_bigtens
                0x1000ff68                __mprec_tens
 .rodata.str1.4
                0x10010030       0x30 c:/arc_gnu/bin/../lib/gcc/arc-elf32/7.1.1/../../../../arc-elf32/lib/arcem\libc.a(lib_a-svfiprintf.o)
 .rodata        0x10010030      0x184 c:/arc_gnu/bin/../lib/gcc/arc-elf32/7.1.1/../../../../arc-elf32/lib/arcem\libc.a(lib_a-svfiprintf.o)
 .rodata.str1.4
                0x100101b4       0x10 c:/arc_gnu/bin/../lib/gcc/arc-elf32/7.1.1/../../../../arc-elf32/lib/arcem\libc.a(lib_a-locale.o)
                                 0x14 (size before relaxing)
 .rodata        0x100101c4      0x104 c:/arc_gnu/bin/../lib/gcc/arc-elf32/7.1.1/../../../../arc-elf32/lib/arcem\libc.a(lib_a-ctype_.o)
                0x100101c4                _ctype_
 .rodata.__thenan_sf
                0x100102c8       0x10 c:/arc_gnu/bin/../lib/gcc/arc-elf32/7.1.1/arcem\libgcc.a(fp-bit.o)
                0x100102c8                __thenan_sf
 .rodata.__thenan_df
                0x100102d8       0x14 c:/arc_gnu/bin/../lib/gcc/arc-elf32/7.1.1/arcem\libgcc.a(dp-bit.o)
                0x100102d8                __thenan_df
 .rodata.__clz_tab
                0x100102ec      0x100 c:/arc_gnu/bin/../lib/gcc/arc-elf32/7.1.1/arcem\libgcc.a(_clz.o)
                0x100102ec                __clz_tab
                0x100103ec                _e_rodata = .

.vector         0x10010400      0x400
                0x10010400                _f_vector = .
 *(.vector)
 .vector        0x10010400      0x400 obj_emsk_22/gnu_arcem7d/arc/arc_exception.o
                0x10010400                exc_entry_table
                0x10010800                _e_vector = .
                0x10010800                . = ALIGN (0x4)

.data           0x10010800      0xa80
                0x10010800                _f_data = .
 *(.data .data.* .gnu.linkonce.d.*)
 .data          0x10010800        0x8 obj_emsk_22/gnu_arcem7d/main.o
 .data          0x10010808        0x8 obj_emsk_22/gnu_arcem7d/board.o
                0x10010808                s_main_args
 .data          0x10010810        0x0 obj_emsk_22/gnu_arcem7d/emsk/emsk_init.o
 .data          0x10010810        0x0 obj_emsk_22/gnu_arcem7d/emsk/emsk_timer.o
 .data          0x10010810        0x0 obj_emsk_22/gnu_arcem7d/emsk/mux.o
 .data          0x10010810       0x38 obj_emsk_22/gnu_arcem7d/emsk/dw_uart_obj.o
                0x10010810                dw_uart_1_ctrl
                0x1001082c                dw_uart_0_ctrl
 .data          0x10010848        0x0 obj_emsk_22/gnu_arcem7d/emsk/dw_iic_obj.o
 .data          0x10010848        0x0 obj_emsk_22/gnu_arcem7d/emsk/emsk_gpio.o
 .data          0x10010848        0x8 obj_emsk_22/gnu_arcem7d/emsk/dw_gpio_obj.o
 .data          0x10010850        0x0 obj_emsk_22/gnu_arcem7d/emsk/emsk_sdcard.o
 .data          0x10010850        0x0 obj_emsk_22/gnu_arcem7d/middleware/common/console_io.o
 .data          0x10010850        0x0 obj_emsk_22/gnu_arcem7d/middleware/common/xprintf.o
 .data          0x10010850        0x0 obj_emsk_22/gnu_arcem7d/freertos/arc_freertos_exceptions.o
 .data          0x10010850        0x0 obj_emsk_22/gnu_arcem7d/freertos/tasks.o
 .data          0x10010850        0x0 obj_emsk_22/gnu_arcem7d/freertos/list.o
 .data          0x10010850        0x0 obj_emsk_22/gnu_arcem7d/arc/arc_timer.o
 .data          0x10010850       0x90 obj_emsk_22/gnu_arcem7d/arc/arc_exception.o
                0x10010850                exc_int_handler_table
 .data          0x100108e0        0x0 obj_emsk_22/gnu_arcem7d/arc/arc_startup.o
 .data          0x100108e0        0x0 obj_emsk_22/gnu_arcem7d/arc/arc_exc_asm.o
 .data          0x100108e0        0x0 obj_emsk_22/gnu_arcem7d/library/clib/embarc_misc.o
 .data          0x100108e0        0x0 obj_emsk_22/gnu_arcem7d/emsk/dw_iic.o
 .data          0x100108e0        0x0 obj_emsk_22/gnu_arcem7d/emsk/dw_uart.o
 .data          0x100108e0        0x0 obj_emsk_22/gnu_arcem7d/emsk/dw_gpio.o
 .data          0x100108e0        0x4 obj_emsk_22/gnu_arcem7d/freertos/port.o
                0x100108e0                ulCriticalNesting
 .data          0x100108e4        0x4 obj_emsk_22/gnu_arcem7d/freertos/heap_sel.o
 .data          0x100108e8        0x0 obj_emsk_22/gnu_arcem7d/freertos/arc_support.o
 .data          0x100108e8        0x0 obj_emsk_22/gnu_arcem7d/arc/arc_cache.o
 .data          0x100108e8        0x0 c:/arc_gnu/bin/../lib/gcc/arc-elf32/7.1.1/../../../../arc-elf32/lib/arcem\libc.a(lib_a-memset-bs.o)
 .data          0x100108e8        0x0 c:/arc_gnu/bin/../lib/gcc/arc-elf32/7.1.1/../../../../arc-elf32/lib/arcem\libc.a(lib_a-sprintf.o)
 .data          0x100108e8        0x0 c:/arc_gnu/bin/../lib/gcc/arc-elf32/7.1.1/../../../../arc-elf32/lib/arcem\libc.a(lib_a-strchr-bs.o)
 .data          0x100108e8        0x0 c:/arc_gnu/bin/../lib/gcc/arc-elf32/7.1.1/../../../../arc-elf32/lib/arcem\libc.a(lib_a-strstr.o)
 .data          0x100108e8        0x0 c:/arc_gnu/bin/../lib/gcc/arc-elf32/7.1.1/../../../../arc-elf32/lib/arcem\libc.a(lib_a-svfprintf.o)
 .data          0x100108e8        0x0 c:/arc_gnu/bin/../lib/gcc/arc-elf32/7.1.1/../../../../arc-elf32/lib/arcem\libc.a(lib_a-dtoa.o)
 .data          0x100108e8      0x424 c:/arc_gnu/bin/../lib/gcc/arc-elf32/7.1.1/../../../../arc-elf32/lib/arcem\libc.a(lib_a-impure.o)
 .data          0x10010d0c        0x0 c:/arc_gnu/bin/../lib/gcc/arc-elf32/7.1.1/../../../../arc-elf32/lib/arcem\libc.a(lib_a-localeconv.o)
 .data          0x10010d0c      0x408 c:/arc_gnu/bin/../lib/gcc/arc-elf32/7.1.1/../../../../arc-elf32/lib/arcem\libc.a(lib_a-mallocr.o)
                0x10010d0c                __malloc_av_
 .data          0x10011114        0x0 c:/arc_gnu/bin/../lib/gcc/arc-elf32/7.1.1/../../../../arc-elf32/lib/arcem\libc.a(lib_a-memchr.o)
 .data          0x10011114        0x0 c:/arc_gnu/bin/../lib/gcc/arc-elf32/7.1.1/../../../../arc-elf32/lib/arcem\libc.a(lib_a-memcmp.o)
 .data          0x10011114        0x0 c:/arc_gnu/bin/../lib/gcc/arc-elf32/7.1.1/../../../../arc-elf32/lib/arcem\libc.a(lib_a-memcpy-bs.o)
 .data          0x10011114        0x0 c:/arc_gnu/bin/../lib/gcc/arc-elf32/7.1.1/../../../../arc-elf32/lib/arcem\libc.a(lib_a-mlock.o)
 .data          0x10011114        0x0 c:/arc_gnu/bin/../lib/gcc/arc-elf32/7.1.1/../../../../arc-elf32/lib/arcem\libc.a(lib_a-mprec.o)
 .data          0x10011114        0x0 c:/arc_gnu/bin/../lib/gcc/arc-elf32/7.1.1/../../../../arc-elf32/lib/arcem\libc.a(lib_a-sbrkr.o)
 .data          0x10011114        0x0 c:/arc_gnu/bin/../lib/gcc/arc-elf32/7.1.1/../../../../arc-elf32/lib/arcem\libc.a(lib_a-strlen-bs.o)
 .data          0x10011114        0x0 c:/arc_gnu/bin/../lib/gcc/arc-elf32/7.1.1/../../../../arc-elf32/lib/arcem\libc.a(lib_a-svfiprintf.o)
 .data          0x10011114        0x0 c:/arc_gnu/bin/../lib/gcc/arc-elf32/7.1.1/../../../../arc-elf32/lib/arcem\libc.a(lib_a-callocr.o)
 .data          0x10011114        0x0 c:/arc_gnu/bin/../lib/gcc/arc-elf32/7.1.1/../../../../arc-elf32/lib/arcem\libc.a(lib_a-freer.o)
 .data          0x10011114      0x16c c:/arc_gnu/bin/../lib/gcc/arc-elf32/7.1.1/../../../../arc-elf32/lib/arcem\libc.a(lib_a-locale.o)
                0x10011114                __global_locale
 .data          0x10011280        0x0 c:/arc_gnu/bin/../lib/gcc/arc-elf32/7.1.1/../../../../arc-elf32/lib/arcem\libc.a(lib_a-mbtowc_r.o)
 .data          0x10011280        0x0 c:/arc_gnu/bin/../lib/gcc/arc-elf32/7.1.1/../../../../arc-elf32/lib/arcem\libc.a(lib_a-memmove.o)
 .data          0x10011280        0x0 c:/arc_gnu/bin/../lib/gcc/arc-elf32/7.1.1/../../../../arc-elf32/lib/arcem\libc.a(lib_a-reallocr.o)
 .data          0x10011280        0x0 c:/arc_gnu/bin/../lib/gcc/arc-elf32/7.1.1/../../../../arc-elf32/lib/arcem\libc.a(lib_a-reent.o)
 .data          0x10011280        0x0 c:/arc_gnu/bin/../lib/gcc/arc-elf32/7.1.1/../../../../arc-elf32/lib/arcem\libc.a(lib_a-strcmp.o)
 .data          0x10011280        0x0 c:/arc_gnu/bin/../lib/gcc/arc-elf32/7.1.1/../../../../arc-elf32/lib/arcem\libc.a(lib_a-wctomb_r.o)
 .data          0x10011280        0x0 c:/arc_gnu/bin/../lib/gcc/arc-elf32/7.1.1/../../../../arc-elf32/lib/arcem\libc.a(lib_a-ctype_.o)
 .data          0x10011280        0x0 c:/arc_gnu/bin/../lib/gcc/arc-elf32/7.1.1/arcem\libgcc.a(_udivsi3.o)
 .data          0x10011280        0x0 c:/arc_gnu/bin/../lib/gcc/arc-elf32/7.1.1/arcem\libgcc.a(_divmod_tools.o)
 .data          0x10011280        0x0 c:/arc_gnu/bin/../lib/gcc/arc-elf32/7.1.1/arcem\libgcc.a(_divdi3.o)
 .data          0x10011280        0x0 c:/arc_gnu/bin/../lib/gcc/arc-elf32/7.1.1/arcem\libgcc.a(_udivdi3.o)
 .data          0x10011280        0x0 c:/arc_gnu/bin/../lib/gcc/arc-elf32/7.1.1/arcem\libgcc.a(_umoddi3.o)
 .data          0x10011280        0x0 c:/arc_gnu/bin/../lib/gcc/arc-elf32/7.1.1/arcem\libgcc.a(fp-bit.o)
 .data          0x10011280        0x0 c:/arc_gnu/bin/../lib/gcc/arc-elf32/7.1.1/arcem\libgcc.a(dp-bit.o)
 .data          0x10011280        0x0 c:/arc_gnu/bin/../lib/gcc/arc-elf32/7.1.1/arcem\libgcc.a(_divsi3.o)
 .data          0x10011280        0x0 c:/arc_gnu/bin/../lib/gcc/arc-elf32/7.1.1/arcem\libgcc.a(_umodsi3.o)
 .data          0x10011280        0x0 c:/arc_gnu/bin/../lib/gcc/arc-elf32/7.1.1/arcem\libgcc.a(_clzsi2.o)
 .data          0x10011280        0x0 c:/arc_gnu/bin/../lib/gcc/arc-elf32/7.1.1/arcem\libgcc.a(_clz.o)
 .data          0x10011280        0x0 obj_emsk_22/gnu_arcem7d/library/clib/embarc_sbrk.o
 .data          0x10011280        0x0 c:/arc_gnu/bin/../lib/gcc/arc-elf32/7.1.1/../../../../arc-elf32/lib/arcem\libc.a(lib_a-errno.o)
                0x10011280                . = ALIGN (0x4)

.sdata          0x10011280        0xc
                0x10011280                _f_sdata = .
                0x10011280                __SDATA_BEGIN__ = .
 *(.sdata .sdata.* .gnu.linkonce.s.*)
 .sdata         0x10011280        0x4 c:/arc_gnu/bin/../lib/gcc/arc-elf32/7.1.1/../../../../arc-elf32/lib/arcem\libc.a(lib_a-impure.o)
                0x10011280                _impure_ptr
 .sdata         0x10011284        0x8 c:/arc_gnu/bin/../lib/gcc/arc-elf32/7.1.1/../../../../arc-elf32/lib/arcem\libc.a(lib_a-mallocr.o)
                0x10011284                __malloc_sbrk_base
                0x10011288                __malloc_trim_threshold
                0x1001128c                _e_sdata = .
                0x1001128c                _e_data = .

.sbss           0x10011290       0x14
                [!provide]                PROVIDE (__sbss_start, .)
                [!provide]                PROVIDE (___sbss_start, .)
                0x10011290                _f_bss = .
                0x10011290                _f_sbss = .
 *(.dynsbss)
 *(.sbss .sbss.* .gnu.linkonce.sb.*)
 .sbss          0x10011290        0xc c:/arc_gnu/bin/../lib/gcc/arc-elf32/7.1.1/../../../../arc-elf32/lib/arcem\libc.a(lib_a-mallocr.o)
                0x10011290                __malloc_max_total_mem
                0x10011294                __malloc_max_sbrked_mem
                0x10011298                __malloc_top_pad
 .sbss          0x1001129c        0x4 c:/arc_gnu/bin/../lib/gcc/arc-elf32/7.1.1/../../../../arc-elf32/lib/arcem\libc.a(lib_a-locale.o)
                0x1001129c                _PathLocale
 .sbss          0x100112a0        0x4 c:/arc_gnu/bin/../lib/gcc/arc-elf32/7.1.1/../../../../arc-elf32/lib/arcem\libc.a(lib_a-reent.o)
                0x100112a0                errno
 *(.scommon)
                0x100112a4                _e_sbss = .
                [!provide]                PROVIDE (__sbss_end, .)
                [!provide]                PROVIDE (___sbss_end, .)

.bss            0x100112a8    0x66810
 *(.dynbss)
 *(.bss .bss.* .gnu.linkonce.b.*)
 .bss           0x100112a8    0x61ac8 obj_emsk_22/gnu_arcem7d/main.o
 .bss           0x10072d70        0x4 obj_emsk_22/gnu_arcem7d/board.o
 .bss           0x10072d74        0x0 obj_emsk_22/gnu_arcem7d/emsk/emsk_init.o
 .bss           0x10072d74       0x14 obj_emsk_22/gnu_arcem7d/emsk/emsk_timer.o
                0x10072d7c                gl_emsk_ms_cnt
                0x10072d80                gl_emsk_sys_hz_cnt
 .bss           0x10072d88        0x4 obj_emsk_22/gnu_arcem7d/emsk/mux.o
 .bss           0x10072d8c        0x4 obj_emsk_22/gnu_arcem7d/emsk/dw_uart_obj.o
 .bss           0x10072d90        0x4 obj_emsk_22/gnu_arcem7d/emsk/dw_iic_obj.o
 .bss           0x10072d94        0xc obj_emsk_22/gnu_arcem7d/emsk/emsk_gpio.o
 .bss           0x10072da0      0x184 obj_emsk_22/gnu_arcem7d/emsk/dw_gpio_obj.o
 .bss           0x10072f24        0x0 obj_emsk_22/gnu_arcem7d/emsk/emsk_sdcard.o
 .bss           0x10072f24        0x8 obj_emsk_22/gnu_arcem7d/middleware/common/console_io.o
 .bss           0x10072f2c        0x4 obj_emsk_22/gnu_arcem7d/middleware/common/xprintf.o
 .bss           0x10072f30        0x0 obj_emsk_22/gnu_arcem7d/freertos/arc_freertos_exceptions.o
 .bss           0x10072f30       0xf0 obj_emsk_22/gnu_arcem7d/freertos/tasks.o
                0x1007301c                pxCurrentTCB
 .bss           0x10073020        0x0 obj_emsk_22/gnu_arcem7d/freertos/list.o
 .bss           0x10073020        0x0 obj_emsk_22/gnu_arcem7d/arc/arc_timer.o
 .bss           0x10073020        0x0 obj_emsk_22/gnu_arcem7d/arc/arc_exception.o
 .bss           0x10073020        0x0 obj_emsk_22/gnu_arcem7d/arc/arc_startup.o
 .bss           0x10073020        0x0 obj_emsk_22/gnu_arcem7d/arc/arc_exc_asm.o
 .bss           0x10073020        0x0 obj_emsk_22/gnu_arcem7d/library/clib/embarc_misc.o
 .bss           0x10073020        0x0 obj_emsk_22/gnu_arcem7d/emsk/dw_iic.o
 .bss           0x10073020        0x0 obj_emsk_22/gnu_arcem7d/emsk/dw_uart.o
 .bss           0x10073020        0x0 obj_emsk_22/gnu_arcem7d/emsk/dw_gpio.o
 .bss           0x10073020        0x0 obj_emsk_22/gnu_arcem7d/freertos/port.o
 .bss           0x10073020     0x4814 obj_emsk_22/gnu_arcem7d/freertos/heap_sel.o
 .bss           0x10077834        0x0 obj_emsk_22/gnu_arcem7d/freertos/arc_support.o
 .bss           0x10077834       0x10 obj_emsk_22/gnu_arcem7d/arc/arc_cache.o
 .bss           0x10077844        0x0 c:/arc_gnu/bin/../lib/gcc/arc-elf32/7.1.1/../../../../arc-elf32/lib/arcem\libc.a(lib_a-memset-bs.o)
 .bss           0x10077844        0x0 c:/arc_gnu/bin/../lib/gcc/arc-elf32/7.1.1/../../../../arc-elf32/lib/arcem\libc.a(lib_a-sprintf.o)
 .bss           0x10077844        0x0 c:/arc_gnu/bin/../lib/gcc/arc-elf32/7.1.1/../../../../arc-elf32/lib/arcem\libc.a(lib_a-strchr-bs.o)
 .bss           0x10077844        0x0 c:/arc_gnu/bin/../lib/gcc/arc-elf32/7.1.1/../../../../arc-elf32/lib/arcem\libc.a(lib_a-strstr.o)
 .bss           0x10077844        0x0 c:/arc_gnu/bin/../lib/gcc/arc-elf32/7.1.1/../../../../arc-elf32/lib/arcem\libc.a(lib_a-svfprintf.o)
 .bss           0x10077844        0x0 c:/arc_gnu/bin/../lib/gcc/arc-elf32/7.1.1/../../../../arc-elf32/lib/arcem\libc.a(lib_a-dtoa.o)
 .bss           0x10077844        0x0 c:/arc_gnu/bin/../lib/gcc/arc-elf32/7.1.1/../../../../arc-elf32/lib/arcem\libc.a(lib_a-impure.o)
 .bss           0x10077844        0x0 c:/arc_gnu/bin/../lib/gcc/arc-elf32/7.1.1/../../../../arc-elf32/lib/arcem\libc.a(lib_a-localeconv.o)
 .bss           0x10077844       0x28 c:/arc_gnu/bin/../lib/gcc/arc-elf32/7.1.1/../../../../arc-elf32/lib/arcem\libc.a(lib_a-mallocr.o)
                0x10077844                __malloc_current_mallinfo
 .bss           0x1007786c        0x0 c:/arc_gnu/bin/../lib/gcc/arc-elf32/7.1.1/../../../../arc-elf32/lib/arcem\libc.a(lib_a-memchr.o)
 .bss           0x1007786c        0x0 c:/arc_gnu/bin/../lib/gcc/arc-elf32/7.1.1/../../../../arc-elf32/lib/arcem\libc.a(lib_a-memcmp.o)
 .bss           0x1007786c        0x0 c:/arc_gnu/bin/../lib/gcc/arc-elf32/7.1.1/../../../../arc-elf32/lib/arcem\libc.a(lib_a-memcpy-bs.o)
 .bss           0x1007786c        0x0 c:/arc_gnu/bin/../lib/gcc/arc-elf32/7.1.1/../../../../arc-elf32/lib/arcem\libc.a(lib_a-mlock.o)
 .bss           0x1007786c        0x0 c:/arc_gnu/bin/../lib/gcc/arc-elf32/7.1.1/../../../../arc-elf32/lib/arcem\libc.a(lib_a-mprec.o)
 .bss           0x1007786c        0x0 c:/arc_gnu/bin/../lib/gcc/arc-elf32/7.1.1/../../../../arc-elf32/lib/arcem\libc.a(lib_a-sbrkr.o)
 .bss           0x1007786c        0x0 c:/arc_gnu/bin/../lib/gcc/arc-elf32/7.1.1/../../../../arc-elf32/lib/arcem\libc.a(lib_a-strlen-bs.o)
 .bss           0x1007786c        0x0 c:/arc_gnu/bin/../lib/gcc/arc-elf32/7.1.1/../../../../arc-elf32/lib/arcem\libc.a(lib_a-svfiprintf.o)
 .bss           0x1007786c        0x0 c:/arc_gnu/bin/../lib/gcc/arc-elf32/7.1.1/../../../../arc-elf32/lib/arcem\libc.a(lib_a-callocr.o)
 .bss           0x1007786c        0x0 c:/arc_gnu/bin/../lib/gcc/arc-elf32/7.1.1/../../../../arc-elf32/lib/arcem\libc.a(lib_a-freer.o)
 .bss           0x1007786c        0x0 c:/arc_gnu/bin/../lib/gcc/arc-elf32/7.1.1/../../../../arc-elf32/lib/arcem\libc.a(lib_a-locale.o)
 .bss           0x1007786c        0x0 c:/arc_gnu/bin/../lib/gcc/arc-elf32/7.1.1/../../../../arc-elf32/lib/arcem\libc.a(lib_a-mbtowc_r.o)
 .bss           0x1007786c        0x0 c:/arc_gnu/bin/../lib/gcc/arc-elf32/7.1.1/../../../../arc-elf32/lib/arcem\libc.a(lib_a-memmove.o)
 .bss           0x1007786c        0x0 c:/arc_gnu/bin/../lib/gcc/arc-elf32/7.1.1/../../../../arc-elf32/lib/arcem\libc.a(lib_a-reallocr.o)
 .bss           0x1007786c        0x0 c:/arc_gnu/bin/../lib/gcc/arc-elf32/7.1.1/../../../../arc-elf32/lib/arcem\libc.a(lib_a-reent.o)
 .bss           0x1007786c        0x0 c:/arc_gnu/bin/../lib/gcc/arc-elf32/7.1.1/../../../../arc-elf32/lib/arcem\libc.a(lib_a-strcmp.o)
 .bss           0x1007786c        0x0 c:/arc_gnu/bin/../lib/gcc/arc-elf32/7.1.1/../../../../arc-elf32/lib/arcem\libc.a(lib_a-wctomb_r.o)
 .bss           0x1007786c        0x0 c:/arc_gnu/bin/../lib/gcc/arc-elf32/7.1.1/../../../../arc-elf32/lib/arcem\libc.a(lib_a-ctype_.o)
 .bss           0x1007786c        0x0 c:/arc_gnu/bin/../lib/gcc/arc-elf32/7.1.1/arcem\libgcc.a(_udivsi3.o)
 .bss           0x1007786c        0x0 c:/arc_gnu/bin/../lib/gcc/arc-elf32/7.1.1/arcem\libgcc.a(_divmod_tools.o)
 .bss           0x1007786c        0x0 c:/arc_gnu/bin/../lib/gcc/arc-elf32/7.1.1/arcem\libgcc.a(_divdi3.o)
 .bss           0x1007786c        0x0 c:/arc_gnu/bin/../lib/gcc/arc-elf32/7.1.1/arcem\libgcc.a(_udivdi3.o)
 .bss           0x1007786c        0x0 c:/arc_gnu/bin/../lib/gcc/arc-elf32/7.1.1/arcem\libgcc.a(_umoddi3.o)
 .bss           0x1007786c        0x0 c:/arc_gnu/bin/../lib/gcc/arc-elf32/7.1.1/arcem\libgcc.a(fp-bit.o)
 .bss           0x1007786c        0x0 c:/arc_gnu/bin/../lib/gcc/arc-elf32/7.1.1/arcem\libgcc.a(dp-bit.o)
 .bss           0x1007786c        0x0 c:/arc_gnu/bin/../lib/gcc/arc-elf32/7.1.1/arcem\libgcc.a(_divsi3.o)
 .bss           0x1007786c        0x0 c:/arc_gnu/bin/../lib/gcc/arc-elf32/7.1.1/arcem\libgcc.a(_umodsi3.o)
 .bss           0x1007786c        0x0 c:/arc_gnu/bin/../lib/gcc/arc-elf32/7.1.1/arcem\libgcc.a(_clzsi2.o)
 .bss           0x1007786c        0x0 c:/arc_gnu/bin/../lib/gcc/arc-elf32/7.1.1/arcem\libgcc.a(_clz.o)
 .bss           0x1007786c        0x4 obj_emsk_22/gnu_arcem7d/library/clib/embarc_sbrk.o
 .bss           0x10077870        0x0 c:/arc_gnu/bin/../lib/gcc/arc-elf32/7.1.1/../../../../arc-elf32/lib/arcem\libc.a(lib_a-errno.o)
 *(COMMON)
 COMMON         0x10077870       0xb8 obj_emsk_22/gnu_arcem7d/emsk/dw_uart_obj.o
                0x10077870                dw_uart_0
                0x100778cc                dw_uart_1
 COMMON         0x10077928      0x180 obj_emsk_22/gnu_arcem7d/emsk/dw_iic_obj.o
                0x10077928                dw_iic_0_ctrl
                0x10077980                dw_iic_1
                0x100779e8                dw_iic_0
                0x10077a50                dw_iic_1_ctrl
 COMMON         0x10077aa8        0x8 obj_emsk_22/gnu_arcem7d/middleware/common/xprintf.o
                0x10077aa8                xfunc_in
                0x10077aac                xfunc_out
 COMMON         0x10077ab0        0x4 obj_emsk_22/gnu_arcem7d/arc/arc_exception.o
                0x10077ab0                exc_nest_count
 COMMON         0x10077ab4        0x4 obj_emsk_22/gnu_arcem7d/freertos/port.o
                0x10077ab4                context_switch_reqflg
                0x10077ab8                _e_bss = .

.stack          0x10077ab8     0x2000
                0x10077ab8                . = ALIGN (0x4)
                0x10077ab8                _f_stack = .
                0x10078ab8                . = (. + DEFINED (_STACKSIZE)?_STACKSIZE:0x1000)
 *fill*         0x10077ab8     0x2000 
                0x10079ab8                _e_stack = .

.heap           0x10079ab8     0x2000
                0x10079ab8                . = ALIGN (0x4)
                0x10079ab8                __start_heap = .
                0x10079ab8                _f_heap = .
                0x1007aab8                . = (. + DEFINED (_HEAPSIZE)?_HEAPSIZE:0x1000)
 *fill*         0x10079ab8     0x2000 
                0x1007bab8                _e_heap = .
                0x1007bab8                __end_heap = .
                0x10000198                _load_addr_text = LOADADDR (.text)
                0x1000f4d4                _load_addr_rodata = LOADADDR (.rodata)
                0x10010800                _load_addr_data = LOADADDR (.data)
LOAD obj_emsk_22/gnu_arcem7d/main.o
LOAD obj_emsk_22/gnu_arcem7d/board.o
START GROUP
LOAD obj_emsk_22/gnu_arcem7d/libembarc.a
LOAD c:/arc_gnu/bin/../lib/gcc/arc-elf32/7.1.1/../../../../arc-elf32/lib/arcem\libm.a
LOAD c:/arc_gnu/bin/../lib/gcc/arc-elf32/7.1.1/../../../../arc-elf32/lib/arcem\libc.a
LOAD c:/arc_gnu/bin/../lib/gcc/arc-elf32/7.1.1/arcem\libgcc.a
END GROUP
START GROUP
LOAD c:/arc_gnu/bin/../lib/gcc/arc-elf32/7.1.1/arcem\libgcc.a
LOAD c:/arc_gnu/bin/../lib/gcc/arc-elf32/7.1.1/../../../../arc-elf32/lib/arcem\libc.a
LOAD c:/arc_gnu/bin/../lib/gcc/arc-elf32/7.1.1/../../../../arc-elf32/lib/arcem\libnosys.a
END GROUP
OUTPUT(obj_emsk_22/gnu_arcem7d/freertos_kernel_gnu_arcem7d.elf elf32-littlearc)

.debug_info     0x00000000    0x16bb7
 .debug_info    0x00000000     0x1d0e obj_emsk_22/gnu_arcem7d/main.o
 .debug_info    0x00001d0e      0xdbb obj_emsk_22/gnu_arcem7d/board.o
 .debug_info    0x00002ac9      0x3d6 obj_emsk_22/gnu_arcem7d/emsk/emsk_init.o
 .debug_info    0x00002e9f      0xe7f obj_emsk_22/gnu_arcem7d/emsk/emsk_timer.o
 .debug_info    0x00003d1e      0x227 obj_emsk_22/gnu_arcem7d/emsk/mux.o
 .debug_info    0x00003f45      0xaa5 obj_emsk_22/gnu_arcem7d/emsk/dw_uart_obj.o
 .debug_info    0x000049ea      0xee8 obj_emsk_22/gnu_arcem7d/emsk/dw_iic_obj.o
 .debug_info    0x000058d2      0x75e obj_emsk_22/gnu_arcem7d/emsk/emsk_gpio.o
 .debug_info    0x00006030     0x102f obj_emsk_22/gnu_arcem7d/emsk/dw_gpio_obj.o
 .debug_info    0x0000705f       0x7d obj_emsk_22/gnu_arcem7d/emsk/emsk_sdcard.o
 .debug_info    0x000070dc      0xf76 obj_emsk_22/gnu_arcem7d/middleware/common/console_io.o
 .debug_info    0x00008052      0x796 obj_emsk_22/gnu_arcem7d/middleware/common/xprintf.o
 .debug_info    0x000087e8      0xb45 obj_emsk_22/gnu_arcem7d/freertos/arc_freertos_exceptions.o
 .debug_info    0x0000932d     0x25f6 obj_emsk_22/gnu_arcem7d/freertos/tasks.o
 .debug_info    0x0000b923      0xaa2 obj_emsk_22/gnu_arcem7d/freertos/list.o
 .debug_info    0x0000c3c5      0x367 obj_emsk_22/gnu_arcem7d/arc/arc_timer.o
 .debug_info    0x0000c72c      0x811 obj_emsk_22/gnu_arcem7d/arc/arc_exception.o
 .debug_info    0x0000cf3d       0x26 obj_emsk_22/gnu_arcem7d/arc/arc_startup.o
 .debug_info    0x0000cf63       0x26 obj_emsk_22/gnu_arcem7d/arc/arc_exc_asm.o
 .debug_info    0x0000cf89      0x947 obj_emsk_22/gnu_arcem7d/library/clib/embarc_misc.o
 .debug_info    0x0000d8d0     0x323f obj_emsk_22/gnu_arcem7d/emsk/dw_iic.o
 .debug_info    0x00010b0f     0x1fde obj_emsk_22/gnu_arcem7d/emsk/dw_uart.o
 .debug_info    0x00012aed     0x129b obj_emsk_22/gnu_arcem7d/emsk/dw_gpio.o
 .debug_info    0x00013d88      0xfd2 obj_emsk_22/gnu_arcem7d/freertos/port.o
 .debug_info    0x00014d5a      0xb67 obj_emsk_22/gnu_arcem7d/freertos/heap_sel.o
 .debug_info    0x000158c1       0x26 obj_emsk_22/gnu_arcem7d/freertos/arc_support.o
 .debug_info    0x000158e7      0x947 obj_emsk_22/gnu_arcem7d/arc/arc_cache.o
 .debug_info    0x0001622e      0x989 obj_emsk_22/gnu_arcem7d/library/clib/embarc_sbrk.o

.debug_abbrev   0x00000000     0x4799
 .debug_abbrev  0x00000000      0x4e9 obj_emsk_22/gnu_arcem7d/main.o
 .debug_abbrev  0x000004e9      0x321 obj_emsk_22/gnu_arcem7d/board.o
 .debug_abbrev  0x0000080a      0x1e2 obj_emsk_22/gnu_arcem7d/emsk/emsk_init.o
 .debug_abbrev  0x000009ec      0x3da obj_emsk_22/gnu_arcem7d/emsk/emsk_timer.o
 .debug_abbrev  0x00000dc6       0xeb obj_emsk_22/gnu_arcem7d/emsk/mux.o
 .debug_abbrev  0x00000eb1      0x28d obj_emsk_22/gnu_arcem7d/emsk/dw_uart_obj.o
 .debug_abbrev  0x0000113e      0x2a9 obj_emsk_22/gnu_arcem7d/emsk/dw_iic_obj.o
 .debug_abbrev  0x000013e7      0x271 obj_emsk_22/gnu_arcem7d/emsk/emsk_gpio.o
 .debug_abbrev  0x00001658      0x2ff obj_emsk_22/gnu_arcem7d/emsk/dw_gpio_obj.o
 .debug_abbrev  0x00001957       0x42 obj_emsk_22/gnu_arcem7d/emsk/emsk_sdcard.o
 .debug_abbrev  0x00001999      0x320 obj_emsk_22/gnu_arcem7d/middleware/common/console_io.o
 .debug_abbrev  0x00001cb9      0x2a0 obj_emsk_22/gnu_arcem7d/middleware/common/xprintf.o
 .debug_abbrev  0x00001f59      0x21f obj_emsk_22/gnu_arcem7d/freertos/arc_freertos_exceptions.o
 .debug_abbrev  0x00002178      0x4cd obj_emsk_22/gnu_arcem7d/freertos/tasks.o
 .debug_abbrev  0x00002645      0x220 obj_emsk_22/gnu_arcem7d/freertos/list.o
 .debug_abbrev  0x00002865      0x186 obj_emsk_22/gnu_arcem7d/arc/arc_timer.o
 .debug_abbrev  0x000029eb      0x346 obj_emsk_22/gnu_arcem7d/arc/arc_exception.o
 .debug_abbrev  0x00002d31       0x14 obj_emsk_22/gnu_arcem7d/arc/arc_startup.o
 .debug_abbrev  0x00002d45       0x14 obj_emsk_22/gnu_arcem7d/arc/arc_exc_asm.o
 .debug_abbrev  0x00002d59      0x1a7 obj_emsk_22/gnu_arcem7d/library/clib/embarc_misc.o
 .debug_abbrev  0x00002f00      0x448 obj_emsk_22/gnu_arcem7d/emsk/dw_iic.o
 .debug_abbrev  0x00003348      0x4bd obj_emsk_22/gnu_arcem7d/emsk/dw_uart.o
 .debug_abbrev  0x00003805      0x38b obj_emsk_22/gnu_arcem7d/emsk/dw_gpio.o
 .debug_abbrev  0x00003b90      0x3f2 obj_emsk_22/gnu_arcem7d/freertos/port.o
 .debug_abbrev  0x00003f82      0x2f4 obj_emsk_22/gnu_arcem7d/freertos/heap_sel.o
 .debug_abbrev  0x00004276       0x14 obj_emsk_22/gnu_arcem7d/freertos/arc_support.o
 .debug_abbrev  0x0000428a      0x316 obj_emsk_22/gnu_arcem7d/arc/arc_cache.o
 .debug_abbrev  0x000045a0      0x1f9 obj_emsk_22/gnu_arcem7d/library/clib/embarc_sbrk.o

.debug_loc      0x00000000     0xa799
 .debug_loc     0x00000000      0x492 obj_emsk_22/gnu_arcem7d/main.o
 .debug_loc     0x00000492       0x9a obj_emsk_22/gnu_arcem7d/board.o
 .debug_loc     0x0000052c       0x13 obj_emsk_22/gnu_arcem7d/emsk/emsk_init.o
 .debug_loc     0x0000053f      0x165 obj_emsk_22/gnu_arcem7d/emsk/emsk_timer.o
 .debug_loc     0x000006a4       0x84 obj_emsk_22/gnu_arcem7d/emsk/mux.o
 .debug_loc     0x00000728      0x3b4 obj_emsk_22/gnu_arcem7d/emsk/dw_uart_obj.o
 .debug_loc     0x00000adc      0x480 obj_emsk_22/gnu_arcem7d/emsk/dw_iic_obj.o
 .debug_loc     0x00000f5c      0x182 obj_emsk_22/gnu_arcem7d/emsk/emsk_gpio.o
 .debug_loc     0x000010de      0x5d9 obj_emsk_22/gnu_arcem7d/emsk/dw_gpio_obj.o
 .debug_loc     0x000016b7       0xc5 obj_emsk_22/gnu_arcem7d/middleware/common/console_io.o
 .debug_loc     0x0000177c      0xd33 obj_emsk_22/gnu_arcem7d/middleware/common/xprintf.o
 .debug_loc     0x000024af     0x1a20 obj_emsk_22/gnu_arcem7d/freertos/tasks.o
 .debug_loc     0x00003ecf       0x40 obj_emsk_22/gnu_arcem7d/freertos/list.o
 .debug_loc     0x00003f0f      0x336 obj_emsk_22/gnu_arcem7d/arc/arc_timer.o
 .debug_loc     0x00004245      0x2e2 obj_emsk_22/gnu_arcem7d/arc/arc_exception.o
 .debug_loc     0x00004527     0x3063 obj_emsk_22/gnu_arcem7d/emsk/dw_iic.o
 .debug_loc     0x0000758a     0x16ad obj_emsk_22/gnu_arcem7d/emsk/dw_uart.o
 .debug_loc     0x00008c37     0x131b obj_emsk_22/gnu_arcem7d/emsk/dw_gpio.o
 .debug_loc     0x00009f52       0xf0 obj_emsk_22/gnu_arcem7d/freertos/port.o
 .debug_loc     0x0000a042      0x267 obj_emsk_22/gnu_arcem7d/freertos/heap_sel.o
 .debug_loc     0x0000a2a9      0x4bc obj_emsk_22/gnu_arcem7d/arc/arc_cache.o
 .debug_loc     0x0000a765       0x34 obj_emsk_22/gnu_arcem7d/library/clib/embarc_sbrk.o

.debug_aranges  0x00000000      0x388
 .debug_aranges
                0x00000000       0x28 obj_emsk_22/gnu_arcem7d/main.o
 .debug_aranges
                0x00000028       0x20 obj_emsk_22/gnu_arcem7d/board.o
 .debug_aranges
                0x00000048       0x20 obj_emsk_22/gnu_arcem7d/emsk/emsk_init.o
 .debug_aranges
                0x00000068       0x20 obj_emsk_22/gnu_arcem7d/emsk/emsk_timer.o
 .debug_aranges
                0x00000088       0x20 obj_emsk_22/gnu_arcem7d/emsk/mux.o
 .debug_aranges
                0x000000a8       0x20 obj_emsk_22/gnu_arcem7d/emsk/dw_uart_obj.o
 .debug_aranges
                0x000000c8       0x20 obj_emsk_22/gnu_arcem7d/emsk/dw_iic_obj.o
 .debug_aranges
                0x000000e8       0x20 obj_emsk_22/gnu_arcem7d/emsk/emsk_gpio.o
 .debug_aranges
                0x00000108       0x20 obj_emsk_22/gnu_arcem7d/emsk/dw_gpio_obj.o
 .debug_aranges
                0x00000128       0x20 obj_emsk_22/gnu_arcem7d/emsk/emsk_sdcard.o
 .debug_aranges
                0x00000148       0x20 obj_emsk_22/gnu_arcem7d/middleware/common/console_io.o
 .debug_aranges
                0x00000168       0x20 obj_emsk_22/gnu_arcem7d/middleware/common/xprintf.o
 .debug_aranges
                0x00000188       0x20 obj_emsk_22/gnu_arcem7d/freertos/arc_freertos_exceptions.o
 .debug_aranges
                0x000001a8       0x20 obj_emsk_22/gnu_arcem7d/freertos/tasks.o
 .debug_aranges
                0x000001c8       0x20 obj_emsk_22/gnu_arcem7d/freertos/list.o
 .debug_aranges
                0x000001e8       0x20 obj_emsk_22/gnu_arcem7d/arc/arc_timer.o
 .debug_aranges
                0x00000208       0x20 obj_emsk_22/gnu_arcem7d/arc/arc_exception.o
 .debug_aranges
                0x00000228       0x20 obj_emsk_22/gnu_arcem7d/arc/arc_startup.o
 .debug_aranges
                0x00000248       0x20 obj_emsk_22/gnu_arcem7d/arc/arc_exc_asm.o
 .debug_aranges
                0x00000268       0x20 obj_emsk_22/gnu_arcem7d/library/clib/embarc_misc.o
 .debug_aranges
                0x00000288       0x20 obj_emsk_22/gnu_arcem7d/emsk/dw_iic.o
 .debug_aranges
                0x000002a8       0x20 obj_emsk_22/gnu_arcem7d/emsk/dw_uart.o
 .debug_aranges
                0x000002c8       0x20 obj_emsk_22/gnu_arcem7d/emsk/dw_gpio.o
 .debug_aranges
                0x000002e8       0x20 obj_emsk_22/gnu_arcem7d/freertos/port.o
 .debug_aranges
                0x00000308       0x20 obj_emsk_22/gnu_arcem7d/freertos/heap_sel.o
 .debug_aranges
                0x00000328       0x20 obj_emsk_22/gnu_arcem7d/freertos/arc_support.o
 .debug_aranges
                0x00000348       0x20 obj_emsk_22/gnu_arcem7d/arc/arc_cache.o
 .debug_aranges
                0x00000368       0x20 obj_emsk_22/gnu_arcem7d/library/clib/embarc_sbrk.o

.debug_ranges   0x00000000      0xb38
 .debug_ranges  0x00000000       0xe8 obj_emsk_22/gnu_arcem7d/main.o
 .debug_ranges  0x000000e8       0x40 obj_emsk_22/gnu_arcem7d/emsk/emsk_timer.o
 .debug_ranges  0x00000128       0x20 obj_emsk_22/gnu_arcem7d/emsk/emsk_gpio.o
 .debug_ranges  0x00000148       0x70 obj_emsk_22/gnu_arcem7d/emsk/dw_gpio_obj.o
 .debug_ranges  0x000001b8       0x18 obj_emsk_22/gnu_arcem7d/middleware/common/console_io.o
 .debug_ranges  0x000001d0       0x18 obj_emsk_22/gnu_arcem7d/middleware/common/xprintf.o
 .debug_ranges  0x000001e8      0x1e8 obj_emsk_22/gnu_arcem7d/freertos/tasks.o
 .debug_ranges  0x000003d0       0x18 obj_emsk_22/gnu_arcem7d/arc/arc_timer.o
 .debug_ranges  0x000003e8      0x390 obj_emsk_22/gnu_arcem7d/emsk/dw_iic.o
 .debug_ranges  0x00000778      0x198 obj_emsk_22/gnu_arcem7d/emsk/dw_uart.o
 .debug_ranges  0x00000910      0x138 obj_emsk_22/gnu_arcem7d/emsk/dw_gpio.o
 .debug_ranges  0x00000a48       0x30 obj_emsk_22/gnu_arcem7d/freertos/heap_sel.o
 .debug_ranges  0x00000a78       0xc0 obj_emsk_22/gnu_arcem7d/arc/arc_cache.o

.debug_line     0x00000000     0x4b82
 .debug_line    0x00000000      0x481 obj_emsk_22/gnu_arcem7d/main.o
 .debug_line    0x00000481      0x368 obj_emsk_22/gnu_arcem7d/board.o
 .debug_line    0x000007e9      0x1ed obj_emsk_22/gnu_arcem7d/emsk/emsk_init.o
 .debug_line    0x000009d6      0x2de obj_emsk_22/gnu_arcem7d/emsk/emsk_timer.o
 .debug_line    0x00000cb4       0xe7 obj_emsk_22/gnu_arcem7d/emsk/mux.o
 .debug_line    0x00000d9b      0x232 obj_emsk_22/gnu_arcem7d/emsk/dw_uart_obj.o
 .debug_line    0x00000fcd      0x265 obj_emsk_22/gnu_arcem7d/emsk/dw_iic_obj.o
 .debug_line    0x00001232      0x1bc obj_emsk_22/gnu_arcem7d/emsk/emsk_gpio.o
 .debug_line    0x000013ee      0x299 obj_emsk_22/gnu_arcem7d/emsk/dw_gpio_obj.o
 .debug_line    0x00001687       0x63 obj_emsk_22/gnu_arcem7d/emsk/emsk_sdcard.o
 .debug_line    0x000016ea      0x294 obj_emsk_22/gnu_arcem7d/middleware/common/console_io.o
 .debug_line    0x0000197e      0x27b obj_emsk_22/gnu_arcem7d/middleware/common/xprintf.o
 .debug_line    0x00001bf9      0x239 obj_emsk_22/gnu_arcem7d/freertos/arc_freertos_exceptions.o
 .debug_line    0x00001e32      0x986 obj_emsk_22/gnu_arcem7d/freertos/tasks.o
 .debug_line    0x000027b8      0x19d obj_emsk_22/gnu_arcem7d/freertos/list.o
 .debug_line    0x00002955      0x16f obj_emsk_22/gnu_arcem7d/arc/arc_timer.o
 .debug_line    0x00002ac4      0x22d obj_emsk_22/gnu_arcem7d/arc/arc_exception.o
 .debug_line    0x00002cf1       0xad obj_emsk_22/gnu_arcem7d/arc/arc_startup.o
 .debug_line    0x00002d9e       0x88 obj_emsk_22/gnu_arcem7d/arc/arc_exc_asm.o
 .debug_line    0x00002e26      0x16c obj_emsk_22/gnu_arcem7d/library/clib/embarc_misc.o
 .debug_line    0x00002f92      0x84f obj_emsk_22/gnu_arcem7d/emsk/dw_iic.o
 .debug_line    0x000037e1      0x565 obj_emsk_22/gnu_arcem7d/emsk/dw_uart.o
 .debug_line    0x00003d46      0x363 obj_emsk_22/gnu_arcem7d/emsk/dw_gpio.o
 .debug_line    0x000040a9      0x2ee obj_emsk_22/gnu_arcem7d/freertos/port.o
 .debug_line    0x00004397      0x24d obj_emsk_22/gnu_arcem7d/freertos/heap_sel.o
 .debug_line    0x000045e4      0x11e obj_emsk_22/gnu_arcem7d/freertos/arc_support.o
 .debug_line    0x00004702      0x352 obj_emsk_22/gnu_arcem7d/arc/arc_cache.o
 .debug_line    0x00004a54      0x12e obj_emsk_22/gnu_arcem7d/library/clib/embarc_sbrk.o

.debug_str      0x00000000     0x3d80
 .debug_str     0x00000000      0xb6b obj_emsk_22/gnu_arcem7d/main.o
                                0xd6c (size before relaxing)
 .debug_str     0x00000b6b       0xca obj_emsk_22/gnu_arcem7d/board.o
                                0x91e (size before relaxing)
 .debug_str     0x00000c35       0x68 obj_emsk_22/gnu_arcem7d/emsk/emsk_init.o
                                0x484 (size before relaxing)
 .debug_str     0x00000c9d      0x165 obj_emsk_22/gnu_arcem7d/emsk/emsk_timer.o
                                0x971 (size before relaxing)
 .debug_str     0x00000e02       0x90 obj_emsk_22/gnu_arcem7d/emsk/mux.o
                                0x25c (size before relaxing)
 .debug_str     0x00000e92      0x287 obj_emsk_22/gnu_arcem7d/emsk/dw_uart_obj.o
                                0x7a1 (size before relaxing)
 .debug_str     0x00001119      0x5f8 obj_emsk_22/gnu_arcem7d/emsk/dw_iic_obj.o
                                0xb86 (size before relaxing)
 .debug_str     0x00001711       0xb4 obj_emsk_22/gnu_arcem7d/emsk/emsk_gpio.o
                                0x56a (size before relaxing)
 .debug_str     0x000017c5      0x3eb obj_emsk_22/gnu_arcem7d/emsk/dw_gpio_obj.o
                                0x90a (size before relaxing)
 .debug_str     0x00001bb0       0x32 obj_emsk_22/gnu_arcem7d/emsk/emsk_sdcard.o
                                0x1cd (size before relaxing)
 .debug_str     0x00001be2       0xba obj_emsk_22/gnu_arcem7d/middleware/common/console_io.o
                                0x9f9 (size before relaxing)
 .debug_str     0x00001c9c       0xab obj_emsk_22/gnu_arcem7d/middleware/common/xprintf.o
                                0x226 (size before relaxing)
 .debug_str     0x00001d47       0x49 obj_emsk_22/gnu_arcem7d/freertos/arc_freertos_exceptions.o
                                0x863 (size before relaxing)
 .debug_str     0x00001d90      0xbfa obj_emsk_22/gnu_arcem7d/freertos/tasks.o
                               0x125d (size before relaxing)
 .debug_str     0x0000298a       0x65 obj_emsk_22/gnu_arcem7d/freertos/list.o
                                0x6e0 (size before relaxing)
 .debug_str     0x000029ef       0x25 obj_emsk_22/gnu_arcem7d/arc/arc_timer.o
                                0x22b (size before relaxing)
 .debug_str     0x00002a14      0x211 obj_emsk_22/gnu_arcem7d/arc/arc_exception.o
                                0x473 (size before relaxing)
 .debug_str     0x00002c25       0x1d obj_emsk_22/gnu_arcem7d/arc/arc_startup.o
                                 0x49 (size before relaxing)
 .debug_str     0x00002c42        0xe obj_emsk_22/gnu_arcem7d/arc/arc_exc_asm.o
                                 0x49 (size before relaxing)
 .debug_str     0x00002c50       0x25 obj_emsk_22/gnu_arcem7d/library/clib/embarc_misc.o
                                0x619 (size before relaxing)
 .debug_str     0x00002c75      0x647 obj_emsk_22/gnu_arcem7d/emsk/dw_iic.o
                               0x1328 (size before relaxing)
 .debug_str     0x000032bc      0x301 obj_emsk_22/gnu_arcem7d/emsk/dw_uart.o
                                0xcd5 (size before relaxing)
 .debug_str     0x000035bd      0x334 obj_emsk_22/gnu_arcem7d/emsk/dw_gpio.o
                                0x8c2 (size before relaxing)
 .debug_str     0x000038f1       0xbb obj_emsk_22/gnu_arcem7d/freertos/port.o
                                0x9e6 (size before relaxing)
 .debug_str     0x000039ac      0x13e obj_emsk_22/gnu_arcem7d/freertos/heap_sel.o
                                0x758 (size before relaxing)
 .debug_str     0x00003aea       0x3d obj_emsk_22/gnu_arcem7d/freertos/arc_support.o
                                 0x78 (size before relaxing)
 .debug_str     0x00003b27      0x1d2 obj_emsk_22/gnu_arcem7d/arc/arc_cache.o
                                0x462 (size before relaxing)
 .debug_str     0x00003cf9       0x87 obj_emsk_22/gnu_arcem7d/library/clib/embarc_sbrk.o
                                0x61b (size before relaxing)

.comment        0x00000000       0x42
 .comment       0x00000000       0x42 obj_emsk_22/gnu_arcem7d/main.o
                                 0x43 (size before relaxing)
 .comment       0x00000042       0x43 obj_emsk_22/gnu_arcem7d/board.o
 .comment       0x00000042       0x43 obj_emsk_22/gnu_arcem7d/emsk/emsk_init.o
 .comment       0x00000042       0x43 obj_emsk_22/gnu_arcem7d/emsk/emsk_timer.o
 .comment       0x00000042       0x43 obj_emsk_22/gnu_arcem7d/emsk/mux.o
 .comment       0x00000042       0x43 obj_emsk_22/gnu_arcem7d/emsk/dw_uart_obj.o
 .comment       0x00000042       0x43 obj_emsk_22/gnu_arcem7d/emsk/dw_iic_obj.o
 .comment       0x00000042       0x43 obj_emsk_22/gnu_arcem7d/emsk/emsk_gpio.o
 .comment       0x00000042       0x43 obj_emsk_22/gnu_arcem7d/emsk/dw_gpio_obj.o
 .comment       0x00000042       0x43 obj_emsk_22/gnu_arcem7d/emsk/emsk_sdcard.o
 .comment       0x00000042       0x43 obj_emsk_22/gnu_arcem7d/middleware/common/console_io.o
 .comment       0x00000042       0x43 obj_emsk_22/gnu_arcem7d/middleware/common/xprintf.o
 .comment       0x00000042       0x43 obj_emsk_22/gnu_arcem7d/freertos/arc_freertos_exceptions.o
 .comment       0x00000042       0x43 obj_emsk_22/gnu_arcem7d/freertos/tasks.o
 .comment       0x00000042       0x43 obj_emsk_22/gnu_arcem7d/freertos/list.o
 .comment       0x00000042       0x43 obj_emsk_22/gnu_arcem7d/arc/arc_timer.o
 .comment       0x00000042       0x43 obj_emsk_22/gnu_arcem7d/arc/arc_exception.o
 .comment       0x00000042       0x43 obj_emsk_22/gnu_arcem7d/library/clib/embarc_misc.o
 .comment       0x00000042       0x43 obj_emsk_22/gnu_arcem7d/emsk/dw_iic.o
 .comment       0x00000042       0x43 obj_emsk_22/gnu_arcem7d/emsk/dw_uart.o
 .comment       0x00000042       0x43 obj_emsk_22/gnu_arcem7d/emsk/dw_gpio.o
 .comment       0x00000042       0x43 obj_emsk_22/gnu_arcem7d/freertos/port.o
 .comment       0x00000042       0x43 obj_emsk_22/gnu_arcem7d/freertos/heap_sel.o
 .comment       0x00000042       0x43 obj_emsk_22/gnu_arcem7d/arc/arc_cache.o
 .comment       0x00000042       0x43 obj_emsk_22/gnu_arcem7d/library/clib/embarc_sbrk.o

.note.GNU-stack
                0x00000000        0x0
 .note.GNU-stack
                0x00000000        0x0 obj_emsk_22/gnu_arcem7d/main.o
 .note.GNU-stack
                0x00000000        0x0 obj_emsk_22/gnu_arcem7d/board.o
 .note.GNU-stack
                0x00000000        0x0 obj_emsk_22/gnu_arcem7d/emsk/emsk_init.o
 .note.GNU-stack
                0x00000000        0x0 obj_emsk_22/gnu_arcem7d/emsk/emsk_timer.o
 .note.GNU-stack
                0x00000000        0x0 obj_emsk_22/gnu_arcem7d/emsk/mux.o
 .note.GNU-stack
                0x00000000        0x0 obj_emsk_22/gnu_arcem7d/emsk/dw_uart_obj.o
 .note.GNU-stack
                0x00000000        0x0 obj_emsk_22/gnu_arcem7d/emsk/dw_iic_obj.o
 .note.GNU-stack
                0x00000000        0x0 obj_emsk_22/gnu_arcem7d/emsk/emsk_gpio.o
 .note.GNU-stack
                0x00000000        0x0 obj_emsk_22/gnu_arcem7d/emsk/dw_gpio_obj.o
 .note.GNU-stack
                0x00000000        0x0 obj_emsk_22/gnu_arcem7d/emsk/emsk_sdcard.o
 .note.GNU-stack
                0x00000000        0x0 obj_emsk_22/gnu_arcem7d/middleware/common/console_io.o
 .note.GNU-stack
                0x00000000        0x0 obj_emsk_22/gnu_arcem7d/middleware/common/xprintf.o
 .note.GNU-stack
                0x00000000        0x0 obj_emsk_22/gnu_arcem7d/freertos/arc_freertos_exceptions.o
 .note.GNU-stack
                0x00000000        0x0 obj_emsk_22/gnu_arcem7d/freertos/tasks.o
 .note.GNU-stack
                0x00000000        0x0 obj_emsk_22/gnu_arcem7d/freertos/list.o
 .note.GNU-stack
                0x00000000        0x0 obj_emsk_22/gnu_arcem7d/arc/arc_timer.o
 .note.GNU-stack
                0x00000000        0x0 obj_emsk_22/gnu_arcem7d/arc/arc_exception.o
 .note.GNU-stack
                0x00000000        0x0 obj_emsk_22/gnu_arcem7d/library/clib/embarc_misc.o
 .note.GNU-stack
                0x00000000        0x0 obj_emsk_22/gnu_arcem7d/emsk/dw_iic.o
 .note.GNU-stack
                0x00000000        0x0 obj_emsk_22/gnu_arcem7d/emsk/dw_uart.o
 .note.GNU-stack
                0x00000000        0x0 obj_emsk_22/gnu_arcem7d/emsk/dw_gpio.o
 .note.GNU-stack
                0x00000000        0x0 obj_emsk_22/gnu_arcem7d/freertos/port.o
 .note.GNU-stack
                0x00000000        0x0 obj_emsk_22/gnu_arcem7d/freertos/heap_sel.o
 .note.GNU-stack
                0x00000000        0x0 obj_emsk_22/gnu_arcem7d/arc/arc_cache.o
 .note.GNU-stack
                0x00000000        0x0 c:/arc_gnu/bin/../lib/gcc/arc-elf32/7.1.1/../../../../arc-elf32/lib/arcem\libc.a(lib_a-sprintf.o)
 .note.GNU-stack
                0x00000000        0x0 c:/arc_gnu/bin/../lib/gcc/arc-elf32/7.1.1/../../../../arc-elf32/lib/arcem\libc.a(lib_a-strstr.o)
 .note.GNU-stack
                0x00000000        0x0 c:/arc_gnu/bin/../lib/gcc/arc-elf32/7.1.1/../../../../arc-elf32/lib/arcem\libc.a(lib_a-svfprintf.o)
 .note.GNU-stack
                0x00000000        0x0 c:/arc_gnu/bin/../lib/gcc/arc-elf32/7.1.1/../../../../arc-elf32/lib/arcem\libc.a(lib_a-dtoa.o)
 .note.GNU-stack
                0x00000000        0x0 c:/arc_gnu/bin/../lib/gcc/arc-elf32/7.1.1/../../../../arc-elf32/lib/arcem\libc.a(lib_a-impure.o)
 .note.GNU-stack
                0x00000000        0x0 c:/arc_gnu/bin/../lib/gcc/arc-elf32/7.1.1/../../../../arc-elf32/lib/arcem\libc.a(lib_a-localeconv.o)
 .note.GNU-stack
                0x00000000        0x0 c:/arc_gnu/bin/../lib/gcc/arc-elf32/7.1.1/../../../../arc-elf32/lib/arcem\libc.a(lib_a-mallocr.o)
 .note.GNU-stack
                0x00000000        0x0 c:/arc_gnu/bin/../lib/gcc/arc-elf32/7.1.1/../../../../arc-elf32/lib/arcem\libc.a(lib_a-memchr.o)
 .note.GNU-stack
                0x00000000        0x0 c:/arc_gnu/bin/../lib/gcc/arc-elf32/7.1.1/../../../../arc-elf32/lib/arcem\libc.a(lib_a-mlock.o)
 .note.GNU-stack
                0x00000000        0x0 c:/arc_gnu/bin/../lib/gcc/arc-elf32/7.1.1/../../../../arc-elf32/lib/arcem\libc.a(lib_a-mprec.o)
 .note.GNU-stack
                0x00000000        0x0 c:/arc_gnu/bin/../lib/gcc/arc-elf32/7.1.1/../../../../arc-elf32/lib/arcem\libc.a(lib_a-sbrkr.o)
 .note.GNU-stack
                0x00000000        0x0 c:/arc_gnu/bin/../lib/gcc/arc-elf32/7.1.1/../../../../arc-elf32/lib/arcem\libc.a(lib_a-svfiprintf.o)
 .note.GNU-stack
                0x00000000        0x0 c:/arc_gnu/bin/../lib/gcc/arc-elf32/7.1.1/../../../../arc-elf32/lib/arcem\libc.a(lib_a-callocr.o)
 .note.GNU-stack
                0x00000000        0x0 c:/arc_gnu/bin/../lib/gcc/arc-elf32/7.1.1/../../../../arc-elf32/lib/arcem\libc.a(lib_a-freer.o)
 .note.GNU-stack
                0x00000000        0x0 c:/arc_gnu/bin/../lib/gcc/arc-elf32/7.1.1/../../../../arc-elf32/lib/arcem\libc.a(lib_a-locale.o)
 .note.GNU-stack
                0x00000000        0x0 c:/arc_gnu/bin/../lib/gcc/arc-elf32/7.1.1/../../../../arc-elf32/lib/arcem\libc.a(lib_a-mbtowc_r.o)
 .note.GNU-stack
                0x00000000        0x0 c:/arc_gnu/bin/../lib/gcc/arc-elf32/7.1.1/../../../../arc-elf32/lib/arcem\libc.a(lib_a-memmove.o)
 .note.GNU-stack
                0x00000000        0x0 c:/arc_gnu/bin/../lib/gcc/arc-elf32/7.1.1/../../../../arc-elf32/lib/arcem\libc.a(lib_a-reallocr.o)
 .note.GNU-stack
                0x00000000        0x0 c:/arc_gnu/bin/../lib/gcc/arc-elf32/7.1.1/../../../../arc-elf32/lib/arcem\libc.a(lib_a-reent.o)
 .note.GNU-stack
                0x00000000        0x0 c:/arc_gnu/bin/../lib/gcc/arc-elf32/7.1.1/../../../../arc-elf32/lib/arcem\libc.a(lib_a-wctomb_r.o)
 .note.GNU-stack
                0x00000000        0x0 c:/arc_gnu/bin/../lib/gcc/arc-elf32/7.1.1/../../../../arc-elf32/lib/arcem\libc.a(lib_a-ctype_.o)
 .note.GNU-stack
                0x00000000        0x0 c:/arc_gnu/bin/../lib/gcc/arc-elf32/7.1.1/arcem\libgcc.a(_divdi3.o)
 .note.GNU-stack
                0x00000000        0x0 c:/arc_gnu/bin/../lib/gcc/arc-elf32/7.1.1/arcem\libgcc.a(_udivdi3.o)
 .note.GNU-stack
                0x00000000        0x0 c:/arc_gnu/bin/../lib/gcc/arc-elf32/7.1.1/arcem\libgcc.a(_umoddi3.o)
 .note.GNU-stack
                0x00000000        0x0 c:/arc_gnu/bin/../lib/gcc/arc-elf32/7.1.1/arcem\libgcc.a(fp-bit.o)
 .note.GNU-stack
                0x00000000        0x0 c:/arc_gnu/bin/../lib/gcc/arc-elf32/7.1.1/arcem\libgcc.a(dp-bit.o)
 .note.GNU-stack
                0x00000000        0x0 c:/arc_gnu/bin/../lib/gcc/arc-elf32/7.1.1/arcem\libgcc.a(_clz.o)
 .note.GNU-stack
                0x00000000        0x0 obj_emsk_22/gnu_arcem7d/library/clib/embarc_sbrk.o
 .note.GNU-stack
                0x00000000        0x0 c:/arc_gnu/bin/../lib/gcc/arc-elf32/7.1.1/../../../../arc-elf32/lib/arcem\libc.a(lib_a-errno.o)

.ARC.attributes
                0x00000000       0x32
 .ARC.attributes
                0x00000000       0x28 obj_emsk_22/gnu_arcem7d/main.o
 .ARC.attributes
                0x00000028       0x23 obj_emsk_22/gnu_arcem7d/board.o
 .ARC.attributes
                0x0000004b       0x23 obj_emsk_22/gnu_arcem7d/emsk/emsk_init.o
 .ARC.attributes
                0x0000006e       0x28 obj_emsk_22/gnu_arcem7d/emsk/emsk_timer.o
 .ARC.attributes
                0x00000096       0x23 obj_emsk_22/gnu_arcem7d/emsk/mux.o
 .ARC.attributes
                0x000000b9       0x23 obj_emsk_22/gnu_arcem7d/emsk/dw_uart_obj.o
 .ARC.attributes
                0x000000dc       0x23 obj_emsk_22/gnu_arcem7d/emsk/dw_iic_obj.o
 .ARC.attributes
                0x000000ff       0x23 obj_emsk_22/gnu_arcem7d/emsk/emsk_gpio.o
 .ARC.attributes
                0x00000122       0x26 obj_emsk_22/gnu_arcem7d/emsk/dw_gpio_obj.o
 .ARC.attributes
                0x00000148       0x23 obj_emsk_22/gnu_arcem7d/emsk/emsk_sdcard.o
 .ARC.attributes
                0x0000016b       0x23 obj_emsk_22/gnu_arcem7d/middleware/common/console_io.o
 .ARC.attributes
                0x0000018e       0x2d obj_emsk_22/gnu_arcem7d/middleware/common/xprintf.o
 .ARC.attributes
                0x000001bb       0x23 obj_emsk_22/gnu_arcem7d/freertos/arc_freertos_exceptions.o
 .ARC.attributes
                0x000001de       0x28 obj_emsk_22/gnu_arcem7d/freertos/tasks.o
 .ARC.attributes
                0x00000206       0x23 obj_emsk_22/gnu_arcem7d/freertos/list.o
 .ARC.attributes
                0x00000229       0x26 obj_emsk_22/gnu_arcem7d/arc/arc_timer.o
 .ARC.attributes
                0x0000024f       0x26 obj_emsk_22/gnu_arcem7d/arc/arc_exception.o
 .ARC.attributes
                0x00000275       0x1f obj_emsk_22/gnu_arcem7d/arc/arc_startup.o
 .ARC.attributes
                0x00000294       0x22 obj_emsk_22/gnu_arcem7d/arc/arc_exc_asm.o
 .ARC.attributes
                0x000002b6       0x23 obj_emsk_22/gnu_arcem7d/library/clib/embarc_misc.o
 .ARC.attributes
                0x000002d9       0x26 obj_emsk_22/gnu_arcem7d/emsk/dw_iic.o
 .ARC.attributes
                0x000002ff       0x2e obj_emsk_22/gnu_arcem7d/emsk/dw_uart.o
 .ARC.attributes
                0x0000032d       0x28 obj_emsk_22/gnu_arcem7d/emsk/dw_gpio.o
 .ARC.attributes
                0x00000355       0x23 obj_emsk_22/gnu_arcem7d/freertos/port.o
 .ARC.attributes
                0x00000378       0x23 obj_emsk_22/gnu_arcem7d/freertos/heap_sel.o
 .ARC.attributes
                0x0000039b       0x22 obj_emsk_22/gnu_arcem7d/freertos/arc_support.o
 .ARC.attributes
                0x000003bd       0x26 obj_emsk_22/gnu_arcem7d/arc/arc_cache.o
 .ARC.attributes
                0x000003e3       0x22 c:/arc_gnu/bin/../lib/gcc/arc-elf32/7.1.1/../../../../arc-elf32/lib/arcem\libc.a(lib_a-memset-bs.o)
 .ARC.attributes
                0x00000405       0x25 c:/arc_gnu/bin/../lib/gcc/arc-elf32/7.1.1/../../../../arc-elf32/lib/arcem\libc.a(lib_a-sprintf.o)
 .ARC.attributes
                0x0000042a       0x22 c:/arc_gnu/bin/../lib/gcc/arc-elf32/7.1.1/../../../../arc-elf32/lib/arcem\libc.a(lib_a-strchr-bs.o)
 .ARC.attributes
                0x0000044c       0x25 c:/arc_gnu/bin/../lib/gcc/arc-elf32/7.1.1/../../../../arc-elf32/lib/arcem\libc.a(lib_a-strstr.o)
 .ARC.attributes
                0x00000471       0x2a c:/arc_gnu/bin/../lib/gcc/arc-elf32/7.1.1/../../../../arc-elf32/lib/arcem\libc.a(lib_a-svfprintf.o)
 .ARC.attributes
                0x0000049b       0x2a c:/arc_gnu/bin/../lib/gcc/arc-elf32/7.1.1/../../../../arc-elf32/lib/arcem\libc.a(lib_a-dtoa.o)
 .ARC.attributes
                0x000004c5       0x25 c:/arc_gnu/bin/../lib/gcc/arc-elf32/7.1.1/../../../../arc-elf32/lib/arcem\libc.a(lib_a-impure.o)
 .ARC.attributes
                0x000004ea       0x25 c:/arc_gnu/bin/../lib/gcc/arc-elf32/7.1.1/../../../../arc-elf32/lib/arcem\libc.a(lib_a-localeconv.o)
 .ARC.attributes
                0x0000050f       0x28 c:/arc_gnu/bin/../lib/gcc/arc-elf32/7.1.1/../../../../arc-elf32/lib/arcem\libc.a(lib_a-mallocr.o)
 .ARC.attributes
                0x00000537       0x28 c:/arc_gnu/bin/../lib/gcc/arc-elf32/7.1.1/../../../../arc-elf32/lib/arcem\libc.a(lib_a-memchr.o)
 .ARC.attributes
                0x0000055f       0x1f c:/arc_gnu/bin/../lib/gcc/arc-elf32/7.1.1/../../../../arc-elf32/lib/arcem\libc.a(lib_a-memcmp.o)
 .ARC.attributes
                0x0000057e       0x22 c:/arc_gnu/bin/../lib/gcc/arc-elf32/7.1.1/../../../../arc-elf32/lib/arcem\libc.a(lib_a-memcpy-bs.o)
 .ARC.attributes
                0x000005a0       0x25 c:/arc_gnu/bin/../lib/gcc/arc-elf32/7.1.1/../../../../arc-elf32/lib/arcem\libc.a(lib_a-mlock.o)
 .ARC.attributes
                0x000005c5       0x2a c:/arc_gnu/bin/../lib/gcc/arc-elf32/7.1.1/../../../../arc-elf32/lib/arcem\libc.a(lib_a-mprec.o)
 .ARC.attributes
                0x000005ef       0x25 c:/arc_gnu/bin/../lib/gcc/arc-elf32/7.1.1/../../../../arc-elf32/lib/arcem\libc.a(lib_a-sbrkr.o)
 .ARC.attributes
                0x00000614       0x22 c:/arc_gnu/bin/../lib/gcc/arc-elf32/7.1.1/../../../../arc-elf32/lib/arcem\libc.a(lib_a-strlen-bs.o)
 .ARC.attributes
                0x00000636       0x2a c:/arc_gnu/bin/../lib/gcc/arc-elf32/7.1.1/../../../../arc-elf32/lib/arcem\libc.a(lib_a-svfiprintf.o)
 .ARC.attributes
                0x00000660       0x27 c:/arc_gnu/bin/../lib/gcc/arc-elf32/7.1.1/../../../../arc-elf32/lib/arcem\libc.a(lib_a-callocr.o)
 .ARC.attributes
                0x00000687       0x28 c:/arc_gnu/bin/../lib/gcc/arc-elf32/7.1.1/../../../../arc-elf32/lib/arcem\libc.a(lib_a-freer.o)
 .ARC.attributes
                0x000006af       0x25 c:/arc_gnu/bin/../lib/gcc/arc-elf32/7.1.1/../../../../arc-elf32/lib/arcem\libc.a(lib_a-locale.o)
 .ARC.attributes
                0x000006d4       0x25 c:/arc_gnu/bin/../lib/gcc/arc-elf32/7.1.1/../../../../arc-elf32/lib/arcem\libc.a(lib_a-mbtowc_r.o)
 .ARC.attributes
                0x000006f9       0x28 c:/arc_gnu/bin/../lib/gcc/arc-elf32/7.1.1/../../../../arc-elf32/lib/arcem\libc.a(lib_a-memmove.o)
 .ARC.attributes
                0x00000721       0x25 c:/arc_gnu/bin/../lib/gcc/arc-elf32/7.1.1/../../../../arc-elf32/lib/arcem\libc.a(lib_a-reallocr.o)
 .ARC.attributes
                0x00000746       0x25 c:/arc_gnu/bin/../lib/gcc/arc-elf32/7.1.1/../../../../arc-elf32/lib/arcem\libc.a(lib_a-reent.o)
 .ARC.attributes
                0x0000076b       0x1f c:/arc_gnu/bin/../lib/gcc/arc-elf32/7.1.1/../../../../arc-elf32/lib/arcem\libc.a(lib_a-strcmp.o)
 .ARC.attributes
                0x0000078a       0x25 c:/arc_gnu/bin/../lib/gcc/arc-elf32/7.1.1/../../../../arc-elf32/lib/arcem\libc.a(lib_a-wctomb_r.o)
 .ARC.attributes
                0x000007af       0x25 c:/arc_gnu/bin/../lib/gcc/arc-elf32/7.1.1/../../../../arc-elf32/lib/arcem\libc.a(lib_a-ctype_.o)
 .ARC.attributes
                0x000007d4       0x1f c:/arc_gnu/bin/../lib/gcc/arc-elf32/7.1.1/arcem\libgcc.a(_udivsi3.o)
 .ARC.attributes
                0x000007f3       0x22 c:/arc_gnu/bin/../lib/gcc/arc-elf32/7.1.1/arcem\libgcc.a(_divmod_tools.o)
 .ARC.attributes
                0x00000815       0x2a c:/arc_gnu/bin/../lib/gcc/arc-elf32/7.1.1/arcem\libgcc.a(_divdi3.o)
 .ARC.attributes
                0x0000083f       0x2a c:/arc_gnu/bin/../lib/gcc/arc-elf32/7.1.1/arcem\libgcc.a(_udivdi3.o)
 .ARC.attributes
                0x00000869       0x2a c:/arc_gnu/bin/../lib/gcc/arc-elf32/7.1.1/arcem\libgcc.a(_umoddi3.o)
 .ARC.attributes
                0x00000893       0x2a c:/arc_gnu/bin/../lib/gcc/arc-elf32/7.1.1/arcem\libgcc.a(fp-bit.o)
 .ARC.attributes
                0x000008bd       0x2a c:/arc_gnu/bin/../lib/gcc/arc-elf32/7.1.1/arcem\libgcc.a(dp-bit.o)
 .ARC.attributes
                0x000008e7       0x1f c:/arc_gnu/bin/../lib/gcc/arc-elf32/7.1.1/arcem\libgcc.a(_divsi3.o)
 .ARC.attributes
                0x00000906       0x1f c:/arc_gnu/bin/../lib/gcc/arc-elf32/7.1.1/arcem\libgcc.a(_umodsi3.o)
 .ARC.attributes
                0x00000925       0x22 c:/arc_gnu/bin/../lib/gcc/arc-elf32/7.1.1/arcem\libgcc.a(_clzsi2.o)
 .ARC.attributes
                0x00000947       0x25 c:/arc_gnu/bin/../lib/gcc/arc-elf32/7.1.1/arcem\libgcc.a(_clz.o)
 .ARC.attributes
                0x0000096c       0x23 obj_emsk_22/gnu_arcem7d/library/clib/embarc_sbrk.o
 .ARC.attributes
                0x0000098f       0x25 c:/arc_gnu/bin/../lib/gcc/arc-elf32/7.1.1/../../../../arc-elf32/lib/arcem\libc.a(lib_a-errno.o)

.debug_frame    0x00000000     0x2de4
 .debug_frame   0x00000000      0x254 obj_emsk_22/gnu_arcem7d/main.o
 .debug_frame   0x00000254       0x40 obj_emsk_22/gnu_arcem7d/board.o
 .debug_frame   0x00000294       0x34 obj_emsk_22/gnu_arcem7d/emsk/emsk_init.o
 .debug_frame   0x000002c8       0xfc obj_emsk_22/gnu_arcem7d/emsk/emsk_timer.o
 .debug_frame   0x000003c4       0xa0 obj_emsk_22/gnu_arcem7d/emsk/mux.o
 .debug_frame   0x00000464      0x10c obj_emsk_22/gnu_arcem7d/emsk/dw_uart_obj.o
 .debug_frame   0x00000570      0x138 obj_emsk_22/gnu_arcem7d/emsk/dw_iic_obj.o
 .debug_frame   0x000006a8      0x130 obj_emsk_22/gnu_arcem7d/emsk/emsk_gpio.o
 .debug_frame   0x000007d8      0x1c4 obj_emsk_22/gnu_arcem7d/emsk/dw_gpio_obj.o
 .debug_frame   0x0000099c       0x20 obj_emsk_22/gnu_arcem7d/emsk/emsk_sdcard.o
 .debug_frame   0x000009bc       0xa8 obj_emsk_22/gnu_arcem7d/middleware/common/console_io.o
 .debug_frame   0x00000a64      0x204 obj_emsk_22/gnu_arcem7d/middleware/common/xprintf.o
 .debug_frame   0x00000c68       0x20 obj_emsk_22/gnu_arcem7d/freertos/arc_freertos_exceptions.o
 .debug_frame   0x00000c88      0x624 obj_emsk_22/gnu_arcem7d/freertos/tasks.o
 .debug_frame   0x000012ac       0x60 obj_emsk_22/gnu_arcem7d/freertos/list.o
 .debug_frame   0x0000130c       0x7c obj_emsk_22/gnu_arcem7d/arc/arc_timer.o
 .debug_frame   0x00001388      0x100 obj_emsk_22/gnu_arcem7d/arc/arc_exception.o
 .debug_frame   0x00001488       0x20 obj_emsk_22/gnu_arcem7d/library/clib/embarc_misc.o
 .debug_frame   0x000014a8      0x2bc obj_emsk_22/gnu_arcem7d/emsk/dw_iic.o
 .debug_frame   0x00001764      0x1f0 obj_emsk_22/gnu_arcem7d/emsk/dw_uart.o
 .debug_frame   0x00001954       0xf8 obj_emsk_22/gnu_arcem7d/emsk/dw_gpio.o
 .debug_frame   0x00001a4c       0xc4 obj_emsk_22/gnu_arcem7d/freertos/port.o
 .debug_frame   0x00001b10       0x88 obj_emsk_22/gnu_arcem7d/freertos/heap_sel.o
 .debug_frame   0x00001b98       0xd0 obj_emsk_22/gnu_arcem7d/arc/arc_cache.o
 .debug_frame   0x00001c68       0x58 c:/arc_gnu/bin/../lib/gcc/arc-elf32/7.1.1/../../../../arc-elf32/lib/arcem\libc.a(lib_a-sprintf.o)
 .debug_frame   0x00001cc0       0xcc c:/arc_gnu/bin/../lib/gcc/arc-elf32/7.1.1/../../../../arc-elf32/lib/arcem\libc.a(lib_a-strstr.o)
 .debug_frame   0x00001d8c       0x70 c:/arc_gnu/bin/../lib/gcc/arc-elf32/7.1.1/../../../../arc-elf32/lib/arcem\libc.a(lib_a-svfprintf.o)
 .debug_frame   0x00001dfc       0xb0 c:/arc_gnu/bin/../lib/gcc/arc-elf32/7.1.1/../../../../arc-elf32/lib/arcem\libc.a(lib_a-dtoa.o)
 .debug_frame   0x00001eac       0x40 c:/arc_gnu/bin/../lib/gcc/arc-elf32/7.1.1/../../../../arc-elf32/lib/arcem\libc.a(lib_a-localeconv.o)
 .debug_frame   0x00001eec       0x50 c:/arc_gnu/bin/../lib/gcc/arc-elf32/7.1.1/../../../../arc-elf32/lib/arcem\libc.a(lib_a-mallocr.o)
 .debug_frame   0x00001f3c       0x20 c:/arc_gnu/bin/../lib/gcc/arc-elf32/7.1.1/../../../../arc-elf32/lib/arcem\libc.a(lib_a-memchr.o)
 .debug_frame   0x00001f5c       0x30 c:/arc_gnu/bin/../lib/gcc/arc-elf32/7.1.1/../../../../arc-elf32/lib/arcem\libc.a(lib_a-mlock.o)
 .debug_frame   0x00001f8c      0x310 c:/arc_gnu/bin/../lib/gcc/arc-elf32/7.1.1/../../../../arc-elf32/lib/arcem\libc.a(lib_a-mprec.o)
 .debug_frame   0x0000229c       0x3c c:/arc_gnu/bin/../lib/gcc/arc-elf32/7.1.1/../../../../arc-elf32/lib/arcem\libc.a(lib_a-sbrkr.o)
 .debug_frame   0x000022d8       0xb4 c:/arc_gnu/bin/../lib/gcc/arc-elf32/7.1.1/../../../../arc-elf32/lib/arcem\libc.a(lib_a-svfiprintf.o)
 .debug_frame   0x0000238c       0x3c c:/arc_gnu/bin/../lib/gcc/arc-elf32/7.1.1/../../../../arc-elf32/lib/arcem\libc.a(lib_a-callocr.o)
 .debug_frame   0x000023c8       0xa0 c:/arc_gnu/bin/../lib/gcc/arc-elf32/7.1.1/../../../../arc-elf32/lib/arcem\libc.a(lib_a-freer.o)
 .debug_frame   0x00002468       0x74 c:/arc_gnu/bin/../lib/gcc/arc-elf32/7.1.1/../../../../arc-elf32/lib/arcem\libc.a(lib_a-locale.o)
 .debug_frame   0x000024dc       0x40 c:/arc_gnu/bin/../lib/gcc/arc-elf32/7.1.1/../../../../arc-elf32/lib/arcem\libc.a(lib_a-mbtowc_r.o)
 .debug_frame   0x0000251c       0x20 c:/arc_gnu/bin/../lib/gcc/arc-elf32/7.1.1/../../../../arc-elf32/lib/arcem\libc.a(lib_a-memmove.o)
 .debug_frame   0x0000253c       0x74 c:/arc_gnu/bin/../lib/gcc/arc-elf32/7.1.1/../../../../arc-elf32/lib/arcem\libc.a(lib_a-reallocr.o)
 .debug_frame   0x000025b0       0x74 c:/arc_gnu/bin/../lib/gcc/arc-elf32/7.1.1/../../../../arc-elf32/lib/arcem\libc.a(lib_a-reent.o)
 .debug_frame   0x00002624       0x30 c:/arc_gnu/bin/../lib/gcc/arc-elf32/7.1.1/../../../../arc-elf32/lib/arcem\libc.a(lib_a-wctomb_r.o)
 .debug_frame   0x00002654       0x60 c:/arc_gnu/bin/../lib/gcc/arc-elf32/7.1.1/arcem\libgcc.a(_divdi3.o)
 .debug_frame   0x000026b4       0x5c c:/arc_gnu/bin/../lib/gcc/arc-elf32/7.1.1/arcem\libgcc.a(_udivdi3.o)
 .debug_frame   0x00002710       0x60 c:/arc_gnu/bin/../lib/gcc/arc-elf32/7.1.1/arcem\libgcc.a(_umoddi3.o)
 .debug_frame   0x00002770      0x2e8 c:/arc_gnu/bin/../lib/gcc/arc-elf32/7.1.1/arcem\libgcc.a(fp-bit.o)
 .debug_frame   0x00002a58      0x340 c:/arc_gnu/bin/../lib/gcc/arc-elf32/7.1.1/arcem\libgcc.a(dp-bit.o)
 .debug_frame   0x00002d98       0x2c obj_emsk_22/gnu_arcem7d/library/clib/embarc_sbrk.o
 .debug_frame   0x00002dc4       0x20 c:/arc_gnu/bin/../lib/gcc/arc-elf32/7.1.1/../../../../arc-elf32/lib/arcem\libc.a(lib_a-errno.o)