Archive member included to satisfy reference by file (symbol)

obj_emsk_22/gnu_arcem7d/emsk/emsk_init.o
                              obj_emsk_22/gnu_arcem7d/board.o (board_init)
obj_emsk_22/gnu_arcem7d/emsk/emsk_timer.o
                              obj_emsk_22/gnu_arcem7d/emsk/emsk_init.o (emsk_timer_init)
obj_emsk_22/gnu_arcem7d/emsk/mux.o
                              obj_emsk_22/gnu_arcem7d/emsk/emsk_init.o (mux_init)
obj_emsk_22/gnu_arcem7d/emsk/emsk_gpio.o
                              obj_emsk_22/gnu_arcem7d/emsk/emsk_init.o (emsk_gpio_init)
obj_emsk_22/gnu_arcem7d/emsk/dw_gpio_obj.o
                              obj_emsk_22/gnu_arcem7d/emsk/emsk_gpio.o (gpio_get_dev)
obj_emsk_22/gnu_arcem7d/emsk/emsk_sdcard.o
                              obj_emsk_22/gnu_arcem7d/emsk/emsk_timer.o (emsk_sdcard_1ms_update)
obj_emsk_22/gnu_arcem7d/middleware/common/console_io.o
                              obj_emsk_22/gnu_arcem7d/board.o (xprintf_setup)
obj_emsk_22/gnu_arcem7d/middleware/common/xprintf.o
                              obj_emsk_22/gnu_arcem7d/middleware/common/console_io.o (xfunc_out)
obj_emsk_22/gnu_arcem7d/arc/arc_timer.o
                              obj_emsk_22/gnu_arcem7d/emsk/emsk_timer.o (timer_present)
obj_emsk_22/gnu_arcem7d/arc/arc_exception.o
                              obj_emsk_22/gnu_arcem7d/emsk/emsk_timer.o (int_handler_install)
obj_emsk_22/gnu_arcem7d/arc/arc_startup.o
                              obj_emsk_22/gnu_arcem7d/arc/arc_exception.o (_arc_reset)
obj_emsk_22/gnu_arcem7d/arc/arc_exc_asm.o
                              obj_emsk_22/gnu_arcem7d/arc/arc_exception.o (exc_entry_cpu)
obj_emsk_22/gnu_arcem7d/library/clib/embarc_misc.o
                              obj_emsk_22/gnu_arcem7d/middleware/common/console_io.o (gnu_printf_setup)
obj_emsk_22/gnu_arcem7d/emsk/dw_gpio.o
                              obj_emsk_22/gnu_arcem7d/emsk/dw_gpio_obj.o (dw_gpio_open)
obj_emsk_22/gnu_arcem7d/emsk/dw_uart_obj.o
                              obj_emsk_22/gnu_arcem7d/middleware/common/console_io.o (uart_get_dev)
obj_emsk_22/gnu_arcem7d/arc/arc_cache.o
                              obj_emsk_22/gnu_arcem7d/arc/arc_startup.o (arc_cache_init)
obj_emsk_22/gnu_arcem7d/emsk/dw_uart.o
                              obj_emsk_22/gnu_arcem7d/emsk/dw_uart_obj.o (dw_uart_open)
c:/arc_gnu/bin/../lib/gcc/arc-elf32/7.1.1/arcem\libgcc.a(_divdi3.o)
                              obj_emsk_22/gnu_arcem7d/emsk/emsk_timer.o (__divdi3)
c:/arc_gnu/bin/../lib/gcc/arc-elf32/7.1.1/arcem\libgcc.a(_udivdi3.o)
                              obj_emsk_22/gnu_arcem7d/emsk/emsk_timer.o (__udivdi3)
c:/arc_gnu/bin/../lib/gcc/arc-elf32/7.1.1/arcem\libgcc.a(_udivsi3.o)
                              c:/arc_gnu/bin/../lib/gcc/arc-elf32/7.1.1/arcem\libgcc.a(_divdi3.o) (__udivsi3)
c:/arc_gnu/bin/../lib/gcc/arc-elf32/7.1.1/arcem\libgcc.a(_divsi3.o)
                              c:/arc_gnu/bin/../lib/gcc/arc-elf32/7.1.1/arcem\libgcc.a(_divdi3.o) (__divsi3)
c:/arc_gnu/bin/../lib/gcc/arc-elf32/7.1.1/arcem\libgcc.a(_umodsi3.o)
                              c:/arc_gnu/bin/../lib/gcc/arc-elf32/7.1.1/arcem\libgcc.a(_divdi3.o) (__umodsi3)
c:/arc_gnu/bin/../lib/gcc/arc-elf32/7.1.1/arcem\libgcc.a(_divmod_tools.o)
                              c:/arc_gnu/bin/../lib/gcc/arc-elf32/7.1.1/arcem\libgcc.a(_udivsi3.o) (__udivmodsi4)
c:/arc_gnu/bin/../lib/gcc/arc-elf32/7.1.1/arcem\libgcc.a(_clz.o)
                              c:/arc_gnu/bin/../lib/gcc/arc-elf32/7.1.1/arcem\libgcc.a(_divdi3.o) (__clz_tab)

Allocating common symbols
Common symbol       size              file

xfunc_in            0x4               obj_emsk_22/gnu_arcem7d/middleware/common/xprintf.o
dw_uart_0           0x5c              obj_emsk_22/gnu_arcem7d/emsk/dw_uart_obj.o
xfunc_out           0x4               obj_emsk_22/gnu_arcem7d/middleware/common/xprintf.o
exc_nest_count      0x4               obj_emsk_22/gnu_arcem7d/arc/arc_exception.o
dw_uart_1           0x5c              obj_emsk_22/gnu_arcem7d/emsk/dw_uart_obj.o

Memory Configuration

Name             Origin             Length             Attributes
iccm             0x00000000         0x00040000
dccm             0x80000000         0x00020000
ddr              0x10000000         0x08000000
*default*        0x00000000         0xffffffff

Linker script and memory map

                0x00002000                _HEAPSIZE = 0x2000
                0x00002000                _STACKSIZE = 0x2000
LOAD c:/arc_gnu/bin/../lib/gcc/arc-elf32/7.1.1/../../../../arc-elf32/lib/arcem\libm.a

.init           0x10000000      0x198
                0x10000000                _f_init = .
 *(.init_vector)
 .init_vector   0x10000000        0x4 obj_emsk_22/gnu_arcem7d/arc/arc_startup.o
 *(.init_bootstrap)
 .init_bootstrap
                0x10000004      0x194 obj_emsk_22/gnu_arcem7d/arc/arc_startup.o
                0x10000004                _arc_reset
                0x10000004                _start
                0x10000184                _exit_loop
                0x10000184                _exit_halt
                0x10000198                _e_init = .

.text           0x10000198     0x38b8
                0x10000198                _f_text = .
 *(.text .text.* .gnu.linkonce.t.*)
 .text          0x10000198        0x0 obj_emsk_22/gnu_arcem7d/main.o
 .text.startup  0x10000198       0x14 obj_emsk_22/gnu_arcem7d/main.o
                0x10000198                main
 .text          0x100001ac       0x38 obj_emsk_22/gnu_arcem7d/board.o
                0x100001ac                board_main
 .text          0x100001e4       0x38 obj_emsk_22/gnu_arcem7d/emsk/emsk_init.o
                0x100001e4                board_init
 .text          0x1000021c      0x26c obj_emsk_22/gnu_arcem7d/emsk/emsk_timer.o
                0x1000021c                board_timer_update
                0x100002a8                emsk_timer_init
                0x10000308                board_get_hwticks
                0x10000340                board_get_cur_us
                0x10000398                board_delay_ms
 .text          0x10000488       0x44 obj_emsk_22/gnu_arcem7d/emsk/mux.o
                0x10000488                mux_init
                0x1000049c                get_mux_regs
                0x100004a8                set_pmod_mux
                0x100004ac                get_pmod_mux
                0x100004b0                change_pmod_mux
                0x100004bc                set_spi_map
                0x100004c0                get_spi_map
                0x100004c4                set_uart_map
                0x100004c8                get_uart_map
 .text          0x100004cc      0x1c8 obj_emsk_22/gnu_arcem7d/emsk/emsk_gpio.o
                0x100004cc                emsk_led_init
                0x10000530                emsk_button_init
                0x10000580                emsk_switch_init
                0x100005d0                emsk_gpio_init
                0x100005e0                led_write
                0x100005fc                led_read
                0x1000062c                switch_read
                0x10000660                button_read
 .text          0x10000694      0x49c obj_emsk_22/gnu_arcem7d/emsk/dw_gpio_obj.o
                0x100007e4                dw_gpio_all_install
                0x10000ae0                gpio_get_dev
 .text          0x10000b30        0x4 obj_emsk_22/gnu_arcem7d/emsk/emsk_sdcard.o
                0x10000b30                emsk_sdcard_1ms_update
 .text          0x10000b34      0x128 obj_emsk_22/gnu_arcem7d/middleware/common/console_io.o
                0x10000b34                console_putchar
                0x10000b60                console_getchar
                0x10000b9c                console_putstr
                0x10000bb0                console_getstr
                0x10000bc4                xprintf_setup
 .text          0x10000c5c      0x708 obj_emsk_22/gnu_arcem7d/middleware/common/xprintf.o
                0x10000c5c                xputc
                0x10000d28                xputs
                0x10000d48                xfputs
                0x10000d7c                xvprintf
                0x100010c0                xprintf
                0x100010e8                xsprintf
                0x10001128                xfprintf
                0x10001168                put_dump
                0x1000123c                xgets
                0x10001250                xfgets
                0x10001284                xatoi
 .text          0x10001364      0x1ec obj_emsk_22/gnu_arcem7d/arc/arc_timer.o
                0x10001364                timer_present
                0x10001390                timer_start
                0x10001408                timer_stop
                0x10001484                timer_current
                0x100014cc                timer_int_clear
                0x10001508                timer_init
 .text          0x10001550      0x220 obj_emsk_22/gnu_arcem7d/arc/arc_exception.o
                0x100015f0                exc_entry_install
                0x10001660                exc_entry_get
                0x10001674                exc_handler_install
                0x1000168c                exc_handler_get
                0x100016a0                exc_int_init
                0x1000170c                int_handler_install
                0x10001728                int_handler_get
                0x10001740                int_pri_set
                0x1000175c                exc_no2string
 .text          0x10001770        0x0 obj_emsk_22/gnu_arcem7d/arc/arc_startup.o
 .text          0x10001770      0x358 obj_emsk_22/gnu_arcem7d/arc/arc_exc_asm.o
                0x10001770                exc_entry_cpu
                0x100018e4                exc_entry_int
                0x1000198c                exc_entry_firq
 .text          0x10001ac8        0x4 obj_emsk_22/gnu_arcem7d/library/clib/embarc_misc.o
                0x10001ac8                gnu_printf_setup
 .text          0x10001acc      0x528 obj_emsk_22/gnu_arcem7d/emsk/dw_gpio.o
                0x10001b18                dw_gpio_open
                0x10001c10                dw_gpio_close
                0x10001cbc                dw_gpio_read
                0x10001d28                dw_gpio_write
                0x10001d6c                dw_gpio_control
                0x10001f50                dw_gpio_isr_handler
 .text          0x10001ff4      0x1b4 obj_emsk_22/gnu_arcem7d/emsk/dw_uart_obj.o
                0x1000209c                dw_uart_all_install
                0x10002148                uart_get_dev
 .text          0x100021a8      0x408 obj_emsk_22/gnu_arcem7d/arc/arc_cache.o
                0x100021a8                icache_invalidate_mlines
                0x100021f8                icache_lock_mlines
                0x10002258                icache_direct_write
                0x10002284                icache_direct_read
                0x100022b0                icache_indirect_read
                0x100022e4                dcache_invalidate_mlines
                0x1000233c                dcache_flush_mlines
                0x10002394                dcache_lock_mlines
                0x100023f4                dcache_direct_write
                0x10002420                dcache_direct_read
                0x1000244c                dcache_indirect_read
                0x10002480                arc_cache_init
 .text          0x100025b0      0xa3c obj_emsk_22/gnu_arcem7d/emsk/dw_uart.o
                0x10002770                dw_uart_open
                0x1000291c                dw_uart_close
                0x10002a44                dw_uart_control
                0x10002da8                dw_uart_write
                0x10002e08                dw_uart_read
                0x10002e68                dw_uart_isr
 .text          0x10002fec        0x0 c:/arc_gnu/bin/../lib/gcc/arc-elf32/7.1.1/arcem\libgcc.a(_divdi3.o)
 .text.__divdi3
                0x10002fec      0x4fc c:/arc_gnu/bin/../lib/gcc/arc-elf32/7.1.1/arcem\libgcc.a(_divdi3.o)
                0x10002fec                __divdi3
 .text          0x100034e8        0x0 c:/arc_gnu/bin/../lib/gcc/arc-elf32/7.1.1/arcem\libgcc.a(_udivdi3.o)
 .text.__udivdi3
                0x100034e8      0x4c8 c:/arc_gnu/bin/../lib/gcc/arc-elf32/7.1.1/arcem\libgcc.a(_udivdi3.o)
                0x100034e8                __udivdi3
 .text          0x100039b0        0x4 c:/arc_gnu/bin/../lib/gcc/arc-elf32/7.1.1/arcem\libgcc.a(_udivsi3.o)
                0x100039b0                __udivsi3
 .text          0x100039b4       0x1c c:/arc_gnu/bin/../lib/gcc/arc-elf32/7.1.1/arcem\libgcc.a(_divsi3.o)
                0x100039b4                __divsi3
 .text          0x100039d0       0x10 c:/arc_gnu/bin/../lib/gcc/arc-elf32/7.1.1/arcem\libgcc.a(_umodsi3.o)
                0x100039d0                __umodsi3
 .text          0x100039e0       0x70 c:/arc_gnu/bin/../lib/gcc/arc-elf32/7.1.1/arcem\libgcc.a(_divmod_tools.o)
                0x100039e0                __udivmodsi4
 .text          0x10003a50        0x0 c:/arc_gnu/bin/../lib/gcc/arc-elf32/7.1.1/arcem\libgcc.a(_clz.o)
                0x10003a50                _e_text = .

.rodata         0x10003a50      0x764
                0x10003a50                _f_rodata = .
 *(.rodata .rodata.* .gnu.linkonce.r.*)
 .rodata.str1.4
                0x10003a50       0x25 obj_emsk_22/gnu_arcem7d/main.o
                                 0x28 (size before relaxing)
 *fill*         0x10003a75        0x3 
 .rodata.str1.4
                0x10003a78        0x5 obj_emsk_22/gnu_arcem7d/board.o
                                  0x8 (size before relaxing)
 *fill*         0x10003a7d        0x3 
 .rodata        0x10003a80       0x10 obj_emsk_22/gnu_arcem7d/emsk/dw_gpio_obj.o
 .rodata.str1.4
                0x10003a90      0x320 obj_emsk_22/gnu_arcem7d/middleware/common/console_io.o
 .rodata        0x10003db0       0x5c obj_emsk_22/gnu_arcem7d/middleware/common/xprintf.o
 .rodata.str1.4
                0x10003e0c       0x1f obj_emsk_22/gnu_arcem7d/middleware/common/xprintf.o
                                 0x20 (size before relaxing)
 *fill*         0x10003e2b        0x1 
 .rodata.str1.4
                0x10003e2c      0x188 obj_emsk_22/gnu_arcem7d/arc/arc_exception.o
 .rodata        0x10003fb4       0x40 obj_emsk_22/gnu_arcem7d/arc/arc_exception.o
 .rodata        0x10003ff4       0x2c obj_emsk_22/gnu_arcem7d/emsk/dw_gpio.o
 .rodata        0x10004020       0x94 obj_emsk_22/gnu_arcem7d/emsk/dw_uart.o
                0x100040a4                dw_uart_stopbits
                0x100040a8                dw_uart_parity
                0x100040b0                dw_uart_databits
 .rodata.__clz_tab
                0x100040b4      0x100 c:/arc_gnu/bin/../lib/gcc/arc-elf32/7.1.1/arcem\libgcc.a(_clz.o)
                0x100040b4                __clz_tab
                0x100041b4                _e_rodata = .

.vector         0x10004400      0x400
                0x10004400                _f_vector = .
 *(.vector)
 .vector        0x10004400      0x400 obj_emsk_22/gnu_arcem7d/arc/arc_exception.o
                0x10004400                exc_entry_table
                0x10004800                _e_vector = .
                0x10004800                . = ALIGN (0x4)

.data           0x10004800       0xd8
                0x10004800                _f_data = .
 *(.data .data.* .gnu.linkonce.d.*)
 .data          0x10004800        0x0 obj_emsk_22/gnu_arcem7d/main.o
 .data          0x10004800        0x8 obj_emsk_22/gnu_arcem7d/board.o
                0x10004800                s_main_args
 .data          0x10004808        0x0 obj_emsk_22/gnu_arcem7d/emsk/emsk_init.o
 .data          0x10004808        0x0 obj_emsk_22/gnu_arcem7d/emsk/emsk_timer.o
 .data          0x10004808        0x0 obj_emsk_22/gnu_arcem7d/emsk/mux.o
 .data          0x10004808        0x0 obj_emsk_22/gnu_arcem7d/emsk/emsk_gpio.o
 .data          0x10004808        0x8 obj_emsk_22/gnu_arcem7d/emsk/dw_gpio_obj.o
 .data          0x10004810        0x0 obj_emsk_22/gnu_arcem7d/emsk/emsk_sdcard.o
 .data          0x10004810        0x0 obj_emsk_22/gnu_arcem7d/middleware/common/console_io.o
 .data          0x10004810        0x0 obj_emsk_22/gnu_arcem7d/middleware/common/xprintf.o
 .data          0x10004810        0x0 obj_emsk_22/gnu_arcem7d/arc/arc_timer.o
 .data          0x10004810       0x90 obj_emsk_22/gnu_arcem7d/arc/arc_exception.o
                0x10004810                exc_int_handler_table
 .data          0x100048a0        0x0 obj_emsk_22/gnu_arcem7d/arc/arc_startup.o
 .data          0x100048a0        0x0 obj_emsk_22/gnu_arcem7d/arc/arc_exc_asm.o
 .data          0x100048a0        0x0 obj_emsk_22/gnu_arcem7d/library/clib/embarc_misc.o
 .data          0x100048a0        0x0 obj_emsk_22/gnu_arcem7d/emsk/dw_gpio.o
 .data          0x100048a0       0x38 obj_emsk_22/gnu_arcem7d/emsk/dw_uart_obj.o
                0x100048a0                dw_uart_1_ctrl
                0x100048bc                dw_uart_0_ctrl
 .data          0x100048d8        0x0 obj_emsk_22/gnu_arcem7d/arc/arc_cache.o
 .data          0x100048d8        0x0 obj_emsk_22/gnu_arcem7d/emsk/dw_uart.o
 .data          0x100048d8        0x0 c:/arc_gnu/bin/../lib/gcc/arc-elf32/7.1.1/arcem\libgcc.a(_divdi3.o)
 .data          0x100048d8        0x0 c:/arc_gnu/bin/../lib/gcc/arc-elf32/7.1.1/arcem\libgcc.a(_udivdi3.o)
 .data          0x100048d8        0x0 c:/arc_gnu/bin/../lib/gcc/arc-elf32/7.1.1/arcem\libgcc.a(_udivsi3.o)
 .data          0x100048d8        0x0 c:/arc_gnu/bin/../lib/gcc/arc-elf32/7.1.1/arcem\libgcc.a(_divsi3.o)
 .data          0x100048d8        0x0 c:/arc_gnu/bin/../lib/gcc/arc-elf32/7.1.1/arcem\libgcc.a(_umodsi3.o)
 .data          0x100048d8        0x0 c:/arc_gnu/bin/../lib/gcc/arc-elf32/7.1.1/arcem\libgcc.a(_divmod_tools.o)
 .data          0x100048d8        0x0 c:/arc_gnu/bin/../lib/gcc/arc-elf32/7.1.1/arcem\libgcc.a(_clz.o)
                0x100048d8                . = ALIGN (0x4)

.sdata          0x100048d8        0x0
                0x100048d8                _f_sdata = .
                0x100048d8                __SDATA_BEGIN__ = .
 *(.sdata .sdata.* .gnu.linkonce.s.*)
                0x100048d8                _e_sdata = .
                0x100048d8                _e_data = .

.sbss           0x100048d8        0x0
                [!provide]                PROVIDE (__sbss_start, .)
                [!provide]                PROVIDE (___sbss_start, .)
                0x100048d8                _f_bss = .
                0x100048d8                _f_sbss = .
 *(.dynsbss)
 *(.sbss .sbss.* .gnu.linkonce.sb.*)
 *(.scommon)
                0x100048d8                _e_sbss = .
                [!provide]                PROVIDE (__sbss_end, .)
                [!provide]                PROVIDE (___sbss_end, .)

.bss            0x100048d8      0x28c
 *(.dynbss)
 *(.bss .bss.* .gnu.linkonce.b.*)
 .bss           0x100048d8        0x0 obj_emsk_22/gnu_arcem7d/main.o
 .bss           0x100048d8        0x0 obj_emsk_22/gnu_arcem7d/board.o
 .bss           0x100048d8        0x0 obj_emsk_22/gnu_arcem7d/emsk/emsk_init.o
 .bss           0x100048d8       0x14 obj_emsk_22/gnu_arcem7d/emsk/emsk_timer.o
                0x100048e0                gl_emsk_ms_cnt
                0x100048e4                gl_emsk_sys_hz_cnt
 .bss           0x100048ec        0x4 obj_emsk_22/gnu_arcem7d/emsk/mux.o
 .bss           0x100048f0        0xc obj_emsk_22/gnu_arcem7d/emsk/emsk_gpio.o
 .bss           0x100048fc      0x184 obj_emsk_22/gnu_arcem7d/emsk/dw_gpio_obj.o
 .bss           0x10004a80        0x0 obj_emsk_22/gnu_arcem7d/emsk/emsk_sdcard.o
 .bss           0x10004a80        0x8 obj_emsk_22/gnu_arcem7d/middleware/common/console_io.o
 .bss           0x10004a88        0x4 obj_emsk_22/gnu_arcem7d/middleware/common/xprintf.o
 .bss           0x10004a8c        0x0 obj_emsk_22/gnu_arcem7d/arc/arc_timer.o
 .bss           0x10004a8c        0x0 obj_emsk_22/gnu_arcem7d/arc/arc_exception.o
 .bss           0x10004a8c        0x0 obj_emsk_22/gnu_arcem7d/arc/arc_startup.o
 .bss           0x10004a8c        0x0 obj_emsk_22/gnu_arcem7d/arc/arc_exc_asm.o
 .bss           0x10004a8c        0x0 obj_emsk_22/gnu_arcem7d/library/clib/embarc_misc.o
 .bss           0x10004a8c        0x0 obj_emsk_22/gnu_arcem7d/emsk/dw_gpio.o
 .bss           0x10004a8c        0x4 obj_emsk_22/gnu_arcem7d/emsk/dw_uart_obj.o
 .bss           0x10004a90       0x10 obj_emsk_22/gnu_arcem7d/arc/arc_cache.o
 .bss           0x10004aa0        0x0 obj_emsk_22/gnu_arcem7d/emsk/dw_uart.o
 .bss           0x10004aa0        0x0 c:/arc_gnu/bin/../lib/gcc/arc-elf32/7.1.1/arcem\libgcc.a(_divdi3.o)
 .bss           0x10004aa0        0x0 c:/arc_gnu/bin/../lib/gcc/arc-elf32/7.1.1/arcem\libgcc.a(_udivdi3.o)
 .bss           0x10004aa0        0x0 c:/arc_gnu/bin/../lib/gcc/arc-elf32/7.1.1/arcem\libgcc.a(_udivsi3.o)
 .bss           0x10004aa0        0x0 c:/arc_gnu/bin/../lib/gcc/arc-elf32/7.1.1/arcem\libgcc.a(_divsi3.o)
 .bss           0x10004aa0        0x0 c:/arc_gnu/bin/../lib/gcc/arc-elf32/7.1.1/arcem\libgcc.a(_umodsi3.o)
 .bss           0x10004aa0        0x0 c:/arc_gnu/bin/../lib/gcc/arc-elf32/7.1.1/arcem\libgcc.a(_divmod_tools.o)
 .bss           0x10004aa0        0x0 c:/arc_gnu/bin/../lib/gcc/arc-elf32/7.1.1/arcem\libgcc.a(_clz.o)
 *(COMMON)
 COMMON         0x10004aa0        0x8 obj_emsk_22/gnu_arcem7d/middleware/common/xprintf.o
                0x10004aa0                xfunc_in
                0x10004aa4                xfunc_out
 COMMON         0x10004aa8        0x4 obj_emsk_22/gnu_arcem7d/arc/arc_exception.o
                0x10004aa8                exc_nest_count
 COMMON         0x10004aac       0xb8 obj_emsk_22/gnu_arcem7d/emsk/dw_uart_obj.o
                0x10004aac                dw_uart_0
                0x10004b08                dw_uart_1
                0x10004b64                _e_bss = .

.stack          0x10004b64     0x2000
                0x10004b64                . = ALIGN (0x4)
                0x10004b64                _f_stack = .
                0x10005b64                . = (. + DEFINED (_STACKSIZE)?_STACKSIZE:0x1000)
 *fill*         0x10004b64     0x2000 
                0x10006b64                _e_stack = .

.heap           0x10006b64     0x2000
                0x10006b64                . = ALIGN (0x4)
                0x10006b64                __start_heap = .
                0x10006b64                _f_heap = .
                0x10007b64                . = (. + DEFINED (_HEAPSIZE)?_HEAPSIZE:0x1000)
 *fill*         0x10006b64     0x2000 
                0x10008b64                _e_heap = .
                0x10008b64                __end_heap = .
                0x10000198                _load_addr_text = LOADADDR (.text)
                0x10003a50                _load_addr_rodata = LOADADDR (.rodata)
                0x10004800                _load_addr_data = LOADADDR (.data)
LOAD obj_emsk_22/gnu_arcem7d/main.o
LOAD obj_emsk_22/gnu_arcem7d/board.o
START GROUP
LOAD obj_emsk_22/gnu_arcem7d/libembarc.a
LOAD c:/arc_gnu/bin/../lib/gcc/arc-elf32/7.1.1/../../../../arc-elf32/lib/arcem\libm.a
LOAD c:/arc_gnu/bin/../lib/gcc/arc-elf32/7.1.1/../../../../arc-elf32/lib/arcem\libc.a
LOAD c:/arc_gnu/bin/../lib/gcc/arc-elf32/7.1.1/arcem\libgcc.a
END GROUP
START GROUP
LOAD c:/arc_gnu/bin/../lib/gcc/arc-elf32/7.1.1/arcem\libgcc.a
LOAD c:/arc_gnu/bin/../lib/gcc/arc-elf32/7.1.1/../../../../arc-elf32/lib/arcem\libc.a
LOAD c:/arc_gnu/bin/../lib/gcc/arc-elf32/7.1.1/../../../../arc-elf32/lib/arcem\libnosys.a
END GROUP
OUTPUT(obj_emsk_22/gnu_arcem7d/helloworld_gnu_arcem7d.elf elf32-littlearc)

.debug_info     0x00000000     0xaeb1
 .debug_info    0x00000000      0xb43 obj_emsk_22/gnu_arcem7d/main.o
 .debug_info    0x00000b43      0xcb3 obj_emsk_22/gnu_arcem7d/board.o
 .debug_info    0x000017f6      0x3d6 obj_emsk_22/gnu_arcem7d/emsk/emsk_init.o
 .debug_info    0x00001bcc      0x648 obj_emsk_22/gnu_arcem7d/emsk/emsk_timer.o
 .debug_info    0x00002214      0x227 obj_emsk_22/gnu_arcem7d/emsk/mux.o
 .debug_info    0x0000243b      0x75e obj_emsk_22/gnu_arcem7d/emsk/emsk_gpio.o
 .debug_info    0x00002b99     0x102f obj_emsk_22/gnu_arcem7d/emsk/dw_gpio_obj.o
 .debug_info    0x00003bc8       0x7d obj_emsk_22/gnu_arcem7d/emsk/emsk_sdcard.o
 .debug_info    0x00003c45      0xf66 obj_emsk_22/gnu_arcem7d/middleware/common/console_io.o
 .debug_info    0x00004bab      0x796 obj_emsk_22/gnu_arcem7d/middleware/common/xprintf.o
 .debug_info    0x00005341      0x367 obj_emsk_22/gnu_arcem7d/arc/arc_timer.o
 .debug_info    0x000056a8      0x811 obj_emsk_22/gnu_arcem7d/arc/arc_exception.o
 .debug_info    0x00005eb9       0x26 obj_emsk_22/gnu_arcem7d/arc/arc_startup.o
 .debug_info    0x00005edf       0x26 obj_emsk_22/gnu_arcem7d/arc/arc_exc_asm.o
 .debug_info    0x00005f05      0x947 obj_emsk_22/gnu_arcem7d/library/clib/embarc_misc.o
 .debug_info    0x0000684c     0x129b obj_emsk_22/gnu_arcem7d/emsk/dw_gpio.o
 .debug_info    0x00007ae7      0xaa5 obj_emsk_22/gnu_arcem7d/emsk/dw_uart_obj.o
 .debug_info    0x0000858c      0x947 obj_emsk_22/gnu_arcem7d/arc/arc_cache.o
 .debug_info    0x00008ed3     0x1fde obj_emsk_22/gnu_arcem7d/emsk/dw_uart.o

.debug_abbrev   0x00000000     0x2b25
 .debug_abbrev  0x00000000      0x22a obj_emsk_22/gnu_arcem7d/main.o
 .debug_abbrev  0x0000022a      0x305 obj_emsk_22/gnu_arcem7d/board.o
 .debug_abbrev  0x0000052f      0x1e2 obj_emsk_22/gnu_arcem7d/emsk/emsk_init.o
 .debug_abbrev  0x00000711      0x331 obj_emsk_22/gnu_arcem7d/emsk/emsk_timer.o
 .debug_abbrev  0x00000a42       0xeb obj_emsk_22/gnu_arcem7d/emsk/mux.o
 .debug_abbrev  0x00000b2d      0x271 obj_emsk_22/gnu_arcem7d/emsk/emsk_gpio.o
 .debug_abbrev  0x00000d9e      0x2ff obj_emsk_22/gnu_arcem7d/emsk/dw_gpio_obj.o
 .debug_abbrev  0x0000109d       0x42 obj_emsk_22/gnu_arcem7d/emsk/emsk_sdcard.o
 .debug_abbrev  0x000010df      0x320 obj_emsk_22/gnu_arcem7d/middleware/common/console_io.o
 .debug_abbrev  0x000013ff      0x2a0 obj_emsk_22/gnu_arcem7d/middleware/common/xprintf.o
 .debug_abbrev  0x0000169f      0x186 obj_emsk_22/gnu_arcem7d/arc/arc_timer.o
 .debug_abbrev  0x00001825      0x346 obj_emsk_22/gnu_arcem7d/arc/arc_exception.o
 .debug_abbrev  0x00001b6b       0x14 obj_emsk_22/gnu_arcem7d/arc/arc_startup.o
 .debug_abbrev  0x00001b7f       0x14 obj_emsk_22/gnu_arcem7d/arc/arc_exc_asm.o
 .debug_abbrev  0x00001b93      0x1a7 obj_emsk_22/gnu_arcem7d/library/clib/embarc_misc.o
 .debug_abbrev  0x00001d3a      0x38b obj_emsk_22/gnu_arcem7d/emsk/dw_gpio.o
 .debug_abbrev  0x000020c5      0x28d obj_emsk_22/gnu_arcem7d/emsk/dw_uart_obj.o
 .debug_abbrev  0x00002352      0x316 obj_emsk_22/gnu_arcem7d/arc/arc_cache.o
 .debug_abbrev  0x00002668      0x4bd obj_emsk_22/gnu_arcem7d/emsk/dw_uart.o

.debug_aranges  0x00000000      0x260
 .debug_aranges
                0x00000000       0x20 obj_emsk_22/gnu_arcem7d/main.o
 .debug_aranges
                0x00000020       0x20 obj_emsk_22/gnu_arcem7d/board.o
 .debug_aranges
                0x00000040       0x20 obj_emsk_22/gnu_arcem7d/emsk/emsk_init.o
 .debug_aranges
                0x00000060       0x20 obj_emsk_22/gnu_arcem7d/emsk/emsk_timer.o
 .debug_aranges
                0x00000080       0x20 obj_emsk_22/gnu_arcem7d/emsk/mux.o
 .debug_aranges
                0x000000a0       0x20 obj_emsk_22/gnu_arcem7d/emsk/emsk_gpio.o
 .debug_aranges
                0x000000c0       0x20 obj_emsk_22/gnu_arcem7d/emsk/dw_gpio_obj.o
 .debug_aranges
                0x000000e0       0x20 obj_emsk_22/gnu_arcem7d/emsk/emsk_sdcard.o
 .debug_aranges
                0x00000100       0x20 obj_emsk_22/gnu_arcem7d/middleware/common/console_io.o
 .debug_aranges
                0x00000120       0x20 obj_emsk_22/gnu_arcem7d/middleware/common/xprintf.o
 .debug_aranges
                0x00000140       0x20 obj_emsk_22/gnu_arcem7d/arc/arc_timer.o
 .debug_aranges
                0x00000160       0x20 obj_emsk_22/gnu_arcem7d/arc/arc_exception.o
 .debug_aranges
                0x00000180       0x20 obj_emsk_22/gnu_arcem7d/arc/arc_startup.o
 .debug_aranges
                0x000001a0       0x20 obj_emsk_22/gnu_arcem7d/arc/arc_exc_asm.o
 .debug_aranges
                0x000001c0       0x20 obj_emsk_22/gnu_arcem7d/library/clib/embarc_misc.o
 .debug_aranges
                0x000001e0       0x20 obj_emsk_22/gnu_arcem7d/emsk/dw_gpio.o
 .debug_aranges
                0x00000200       0x20 obj_emsk_22/gnu_arcem7d/emsk/dw_uart_obj.o
 .debug_aranges
                0x00000220       0x20 obj_emsk_22/gnu_arcem7d/arc/arc_cache.o
 .debug_aranges
                0x00000240       0x20 obj_emsk_22/gnu_arcem7d/emsk/dw_uart.o

.debug_ranges   0x00000000      0x4b0
 .debug_ranges  0x00000000       0x10 obj_emsk_22/gnu_arcem7d/main.o
 .debug_ranges  0x00000010       0x38 obj_emsk_22/gnu_arcem7d/emsk/emsk_timer.o
 .debug_ranges  0x00000048       0x20 obj_emsk_22/gnu_arcem7d/emsk/emsk_gpio.o
 .debug_ranges  0x00000068       0x70 obj_emsk_22/gnu_arcem7d/emsk/dw_gpio_obj.o
 .debug_ranges  0x000000d8       0x18 obj_emsk_22/gnu_arcem7d/middleware/common/console_io.o
 .debug_ranges  0x000000f0       0x18 obj_emsk_22/gnu_arcem7d/middleware/common/xprintf.o
 .debug_ranges  0x00000108       0x18 obj_emsk_22/gnu_arcem7d/arc/arc_timer.o
 .debug_ranges  0x00000120      0x138 obj_emsk_22/gnu_arcem7d/emsk/dw_gpio.o
 .debug_ranges  0x00000258       0xc0 obj_emsk_22/gnu_arcem7d/arc/arc_cache.o
 .debug_ranges  0x00000318      0x198 obj_emsk_22/gnu_arcem7d/emsk/dw_uart.o

.debug_line     0x00000000     0x2659
 .debug_line    0x00000000      0x1d9 obj_emsk_22/gnu_arcem7d/main.o
 .debug_line    0x000001d9      0x246 obj_emsk_22/gnu_arcem7d/board.o
 .debug_line    0x0000041f      0x1d5 obj_emsk_22/gnu_arcem7d/emsk/emsk_init.o
 .debug_line    0x000005f4      0x200 obj_emsk_22/gnu_arcem7d/emsk/emsk_timer.o
 .debug_line    0x000007f4       0xe3 obj_emsk_22/gnu_arcem7d/emsk/mux.o
 .debug_line    0x000008d7      0x1ac obj_emsk_22/gnu_arcem7d/emsk/emsk_gpio.o
 .debug_line    0x00000a83      0x285 obj_emsk_22/gnu_arcem7d/emsk/dw_gpio_obj.o
 .debug_line    0x00000d08       0x5f obj_emsk_22/gnu_arcem7d/emsk/emsk_sdcard.o
 .debug_line    0x00000d67      0x242 obj_emsk_22/gnu_arcem7d/middleware/common/console_io.o
 .debug_line    0x00000fa9      0x277 obj_emsk_22/gnu_arcem7d/middleware/common/xprintf.o
 .debug_line    0x00001220      0x16b obj_emsk_22/gnu_arcem7d/arc/arc_timer.o
 .debug_line    0x0000138b      0x221 obj_emsk_22/gnu_arcem7d/arc/arc_exception.o
 .debug_line    0x000015ac       0xa9 obj_emsk_22/gnu_arcem7d/arc/arc_startup.o
 .debug_line    0x00001655       0x88 obj_emsk_22/gnu_arcem7d/arc/arc_exc_asm.o
 .debug_line    0x000016dd      0x164 obj_emsk_22/gnu_arcem7d/library/clib/embarc_misc.o
 .debug_line    0x00001841      0x357 obj_emsk_22/gnu_arcem7d/emsk/dw_gpio.o
 .debug_line    0x00001b98      0x21e obj_emsk_22/gnu_arcem7d/emsk/dw_uart_obj.o
 .debug_line    0x00001db6      0x34a obj_emsk_22/gnu_arcem7d/arc/arc_cache.o
 .debug_line    0x00002100      0x559 obj_emsk_22/gnu_arcem7d/emsk/dw_uart.o

.debug_str      0x00000000     0x1ef0
 .debug_str     0x00000000      0x761 obj_emsk_22/gnu_arcem7d/main.o
                                0x803 (size before relaxing)
 .debug_str     0x00000761       0x9a obj_emsk_22/gnu_arcem7d/board.o
                                0x89b (size before relaxing)
 .debug_str     0x000007fb       0x73 obj_emsk_22/gnu_arcem7d/emsk/emsk_init.o
                                0x48a (size before relaxing)
 .debug_str     0x0000086e      0x16b obj_emsk_22/gnu_arcem7d/emsk/emsk_timer.o
                                0x576 (size before relaxing)
 .debug_str     0x000009d9       0x8c obj_emsk_22/gnu_arcem7d/emsk/mux.o
                                0x262 (size before relaxing)
 .debug_str     0x00000a65      0x11f obj_emsk_22/gnu_arcem7d/emsk/emsk_gpio.o
                                0x570 (size before relaxing)
 .debug_str     0x00000b84      0x40f obj_emsk_22/gnu_arcem7d/emsk/dw_gpio_obj.o
                                0x910 (size before relaxing)
 .debug_str     0x00000f93       0x2e obj_emsk_22/gnu_arcem7d/emsk/emsk_sdcard.o
                                0x1d3 (size before relaxing)
 .debug_str     0x00000fc1      0x158 obj_emsk_22/gnu_arcem7d/middleware/common/console_io.o
                                0x9ed (size before relaxing)
 .debug_str     0x00001119       0xa7 obj_emsk_22/gnu_arcem7d/middleware/common/xprintf.o
                                0x22c (size before relaxing)
 .debug_str     0x000011c0       0x26 obj_emsk_22/gnu_arcem7d/arc/arc_timer.o
                                0x231 (size before relaxing)
 .debug_str     0x000011e6      0x20d obj_emsk_22/gnu_arcem7d/arc/arc_exception.o
                                0x479 (size before relaxing)
 .debug_str     0x000013f3       0x1d obj_emsk_22/gnu_arcem7d/arc/arc_startup.o
                                 0x53 (size before relaxing)
 .debug_str     0x00001410        0xe obj_emsk_22/gnu_arcem7d/arc/arc_exc_asm.o
                                 0x53 (size before relaxing)
 .debug_str     0x0000141e       0x21 obj_emsk_22/gnu_arcem7d/library/clib/embarc_misc.o
                                0x61f (size before relaxing)
 .debug_str     0x0000143f      0x336 obj_emsk_22/gnu_arcem7d/emsk/dw_gpio.o
                                0x8c8 (size before relaxing)
 .debug_str     0x00001775      0x25b obj_emsk_22/gnu_arcem7d/emsk/dw_uart_obj.o
                                0x7a7 (size before relaxing)
 .debug_str     0x000019d0      0x1d9 obj_emsk_22/gnu_arcem7d/arc/arc_cache.o
                                0x468 (size before relaxing)
 .debug_str     0x00001ba9      0x347 obj_emsk_22/gnu_arcem7d/emsk/dw_uart.o
                                0xcdb (size before relaxing)

.comment        0x00000000       0x42
 .comment       0x00000000       0x42 obj_emsk_22/gnu_arcem7d/main.o
                                 0x43 (size before relaxing)
 .comment       0x00000042       0x43 obj_emsk_22/gnu_arcem7d/board.o
 .comment       0x00000042       0x43 obj_emsk_22/gnu_arcem7d/emsk/emsk_init.o
 .comment       0x00000042       0x43 obj_emsk_22/gnu_arcem7d/emsk/emsk_timer.o
 .comment       0x00000042       0x43 obj_emsk_22/gnu_arcem7d/emsk/mux.o
 .comment       0x00000042       0x43 obj_emsk_22/gnu_arcem7d/emsk/emsk_gpio.o
 .comment       0x00000042       0x43 obj_emsk_22/gnu_arcem7d/emsk/dw_gpio_obj.o
 .comment       0x00000042       0x43 obj_emsk_22/gnu_arcem7d/emsk/emsk_sdcard.o
 .comment       0x00000042       0x43 obj_emsk_22/gnu_arcem7d/middleware/common/console_io.o
 .comment       0x00000042       0x43 obj_emsk_22/gnu_arcem7d/middleware/common/xprintf.o
 .comment       0x00000042       0x43 obj_emsk_22/gnu_arcem7d/arc/arc_timer.o
 .comment       0x00000042       0x43 obj_emsk_22/gnu_arcem7d/arc/arc_exception.o
 .comment       0x00000042       0x43 obj_emsk_22/gnu_arcem7d/library/clib/embarc_misc.o
 .comment       0x00000042       0x43 obj_emsk_22/gnu_arcem7d/emsk/dw_gpio.o
 .comment       0x00000042       0x43 obj_emsk_22/gnu_arcem7d/emsk/dw_uart_obj.o
 .comment       0x00000042       0x43 obj_emsk_22/gnu_arcem7d/arc/arc_cache.o
 .comment       0x00000042       0x43 obj_emsk_22/gnu_arcem7d/emsk/dw_uart.o

.note.GNU-stack
                0x00000000        0x0
 .note.GNU-stack
                0x00000000        0x0 obj_emsk_22/gnu_arcem7d/main.o
 .note.GNU-stack
                0x00000000        0x0 obj_emsk_22/gnu_arcem7d/board.o
 .note.GNU-stack
                0x00000000        0x0 obj_emsk_22/gnu_arcem7d/emsk/emsk_init.o
 .note.GNU-stack
                0x00000000        0x0 obj_emsk_22/gnu_arcem7d/emsk/emsk_timer.o
 .note.GNU-stack
                0x00000000        0x0 obj_emsk_22/gnu_arcem7d/emsk/mux.o
 .note.GNU-stack
                0x00000000        0x0 obj_emsk_22/gnu_arcem7d/emsk/emsk_gpio.o
 .note.GNU-stack
                0x00000000        0x0 obj_emsk_22/gnu_arcem7d/emsk/dw_gpio_obj.o
 .note.GNU-stack
                0x00000000        0x0 obj_emsk_22/gnu_arcem7d/emsk/emsk_sdcard.o
 .note.GNU-stack
                0x00000000        0x0 obj_emsk_22/gnu_arcem7d/middleware/common/console_io.o
 .note.GNU-stack
                0x00000000        0x0 obj_emsk_22/gnu_arcem7d/middleware/common/xprintf.o
 .note.GNU-stack
                0x00000000        0x0 obj_emsk_22/gnu_arcem7d/arc/arc_timer.o
 .note.GNU-stack
                0x00000000        0x0 obj_emsk_22/gnu_arcem7d/arc/arc_exception.o
 .note.GNU-stack
                0x00000000        0x0 obj_emsk_22/gnu_arcem7d/library/clib/embarc_misc.o
 .note.GNU-stack
                0x00000000        0x0 obj_emsk_22/gnu_arcem7d/emsk/dw_gpio.o
 .note.GNU-stack
                0x00000000        0x0 obj_emsk_22/gnu_arcem7d/emsk/dw_uart_obj.o
 .note.GNU-stack
                0x00000000        0x0 obj_emsk_22/gnu_arcem7d/arc/arc_cache.o
 .note.GNU-stack
                0x00000000        0x0 obj_emsk_22/gnu_arcem7d/emsk/dw_uart.o
 .note.GNU-stack
                0x00000000        0x0 c:/arc_gnu/bin/../lib/gcc/arc-elf32/7.1.1/arcem\libgcc.a(_divdi3.o)
 .note.GNU-stack
                0x00000000        0x0 c:/arc_gnu/bin/../lib/gcc/arc-elf32/7.1.1/arcem\libgcc.a(_udivdi3.o)
 .note.GNU-stack
                0x00000000        0x0 c:/arc_gnu/bin/../lib/gcc/arc-elf32/7.1.1/arcem\libgcc.a(_clz.o)

.ARC.attributes
                0x00000000       0x32
 .ARC.attributes
                0x00000000       0x23 obj_emsk_22/gnu_arcem7d/main.o
 .ARC.attributes
                0x00000023       0x23 obj_emsk_22/gnu_arcem7d/board.o
 .ARC.attributes
                0x00000046       0x23 obj_emsk_22/gnu_arcem7d/emsk/emsk_init.o
 .ARC.attributes
                0x00000069       0x28 obj_emsk_22/gnu_arcem7d/emsk/emsk_timer.o
 .ARC.attributes
                0x00000091       0x23 obj_emsk_22/gnu_arcem7d/emsk/mux.o
 .ARC.attributes
                0x000000b4       0x23 obj_emsk_22/gnu_arcem7d/emsk/emsk_gpio.o
 .ARC.attributes
                0x000000d7       0x26 obj_emsk_22/gnu_arcem7d/emsk/dw_gpio_obj.o
 .ARC.attributes
                0x000000fd       0x23 obj_emsk_22/gnu_arcem7d/emsk/emsk_sdcard.o
 .ARC.attributes
                0x00000120       0x23 obj_emsk_22/gnu_arcem7d/middleware/common/console_io.o
 .ARC.attributes
                0x00000143       0x2d obj_emsk_22/gnu_arcem7d/middleware/common/xprintf.o
 .ARC.attributes
                0x00000170       0x26 obj_emsk_22/gnu_arcem7d/arc/arc_timer.o
 .ARC.attributes
                0x00000196       0x26 obj_emsk_22/gnu_arcem7d/arc/arc_exception.o
 .ARC.attributes
                0x000001bc       0x1f obj_emsk_22/gnu_arcem7d/arc/arc_startup.o
 .ARC.attributes
                0x000001db       0x22 obj_emsk_22/gnu_arcem7d/arc/arc_exc_asm.o
 .ARC.attributes
                0x000001fd       0x23 obj_emsk_22/gnu_arcem7d/library/clib/embarc_misc.o
 .ARC.attributes
                0x00000220       0x28 obj_emsk_22/gnu_arcem7d/emsk/dw_gpio.o
 .ARC.attributes
                0x00000248       0x23 obj_emsk_22/gnu_arcem7d/emsk/dw_uart_obj.o
 .ARC.attributes
                0x0000026b       0x26 obj_emsk_22/gnu_arcem7d/arc/arc_cache.o
 .ARC.attributes
                0x00000291       0x2e obj_emsk_22/gnu_arcem7d/emsk/dw_uart.o
 .ARC.attributes
                0x000002bf       0x2a c:/arc_gnu/bin/../lib/gcc/arc-elf32/7.1.1/arcem\libgcc.a(_divdi3.o)
 .ARC.attributes
                0x000002e9       0x2a c:/arc_gnu/bin/../lib/gcc/arc-elf32/7.1.1/arcem\libgcc.a(_udivdi3.o)
 .ARC.attributes
                0x00000313       0x1f c:/arc_gnu/bin/../lib/gcc/arc-elf32/7.1.1/arcem\libgcc.a(_udivsi3.o)
 .ARC.attributes
                0x00000332       0x1f c:/arc_gnu/bin/../lib/gcc/arc-elf32/7.1.1/arcem\libgcc.a(_divsi3.o)
 .ARC.attributes
                0x00000351       0x1f c:/arc_gnu/bin/../lib/gcc/arc-elf32/7.1.1/arcem\libgcc.a(_umodsi3.o)
 .ARC.attributes
                0x00000370       0x22 c:/arc_gnu/bin/../lib/gcc/arc-elf32/7.1.1/arcem\libgcc.a(_divmod_tools.o)
 .ARC.attributes
                0x00000392       0x25 c:/arc_gnu/bin/../lib/gcc/arc-elf32/7.1.1/arcem\libgcc.a(_clz.o)

.debug_frame    0x00000000      0xefc
 .debug_frame   0x00000000       0x2c obj_emsk_22/gnu_arcem7d/main.o
 .debug_frame   0x0000002c       0x28 obj_emsk_22/gnu_arcem7d/board.o
 .debug_frame   0x00000054       0x34 obj_emsk_22/gnu_arcem7d/emsk/emsk_init.o
 .debug_frame   0x00000088       0xf8 obj_emsk_22/gnu_arcem7d/emsk/emsk_timer.o
 .debug_frame   0x00000180       0xa0 obj_emsk_22/gnu_arcem7d/emsk/mux.o
 .debug_frame   0x00000220      0x130 obj_emsk_22/gnu_arcem7d/emsk/emsk_gpio.o
 .debug_frame   0x00000350      0x1c4 obj_emsk_22/gnu_arcem7d/emsk/dw_gpio_obj.o
 .debug_frame   0x00000514       0x20 obj_emsk_22/gnu_arcem7d/emsk/emsk_sdcard.o
 .debug_frame   0x00000534       0xa8 obj_emsk_22/gnu_arcem7d/middleware/common/console_io.o
 .debug_frame   0x000005dc      0x204 obj_emsk_22/gnu_arcem7d/middleware/common/xprintf.o
 .debug_frame   0x000007e0       0x7c obj_emsk_22/gnu_arcem7d/arc/arc_timer.o
 .debug_frame   0x0000085c      0x100 obj_emsk_22/gnu_arcem7d/arc/arc_exception.o
 .debug_frame   0x0000095c       0x20 obj_emsk_22/gnu_arcem7d/library/clib/embarc_misc.o
 .debug_frame   0x0000097c       0xf8 obj_emsk_22/gnu_arcem7d/emsk/dw_gpio.o
 .debug_frame   0x00000a74      0x10c obj_emsk_22/gnu_arcem7d/emsk/dw_uart_obj.o
 .debug_frame   0x00000b80       0xd0 obj_emsk_22/gnu_arcem7d/arc/arc_cache.o
 .debug_frame   0x00000c50      0x1f0 obj_emsk_22/gnu_arcem7d/emsk/dw_uart.o
 .debug_frame   0x00000e40       0x60 c:/arc_gnu/bin/../lib/gcc/arc-elf32/7.1.1/arcem\libgcc.a(_divdi3.o)
 .debug_frame   0x00000ea0       0x5c c:/arc_gnu/bin/../lib/gcc/arc-elf32/7.1.1/arcem\libgcc.a(_udivdi3.o)

.debug_loc      0x00000000     0x4fc0
 .debug_loc     0x00000000       0x3a obj_emsk_22/gnu_arcem7d/board.o
 .debug_loc     0x0000003a       0x13 obj_emsk_22/gnu_arcem7d/emsk/emsk_init.o
 .debug_loc     0x0000004d      0x14c obj_emsk_22/gnu_arcem7d/emsk/emsk_timer.o
 .debug_loc     0x00000199       0x84 obj_emsk_22/gnu_arcem7d/emsk/mux.o
 .debug_loc     0x0000021d      0x182 obj_emsk_22/gnu_arcem7d/emsk/emsk_gpio.o
 .debug_loc     0x0000039f      0x5d9 obj_emsk_22/gnu_arcem7d/emsk/dw_gpio_obj.o
 .debug_loc     0x00000978       0xc5 obj_emsk_22/gnu_arcem7d/middleware/common/console_io.o
 .debug_loc     0x00000a3d      0xd33 obj_emsk_22/gnu_arcem7d/middleware/common/xprintf.o
 .debug_loc     0x00001770      0x336 obj_emsk_22/gnu_arcem7d/arc/arc_timer.o
 .debug_loc     0x00001aa6      0x2e2 obj_emsk_22/gnu_arcem7d/arc/arc_exception.o
 .debug_loc     0x00001d88     0x131b obj_emsk_22/gnu_arcem7d/emsk/dw_gpio.o
 .debug_loc     0x000030a3      0x3b4 obj_emsk_22/gnu_arcem7d/emsk/dw_uart_obj.o
 .debug_loc     0x00003457      0x4bc obj_emsk_22/gnu_arcem7d/arc/arc_cache.o
 .debug_loc     0x00003913     0x16ad obj_emsk_22/gnu_arcem7d/emsk/dw_uart.o
