Archive member included to satisfy reference by file (symbol)

obj_emsk_22/gnu_arcem7d/emsk/emsk_init.o
                              obj_emsk_22/gnu_arcem7d/main.o (board_init)
obj_emsk_22/gnu_arcem7d/emsk/emsk_timer.o
                              obj_emsk_22/gnu_arcem7d/emsk/emsk_init.o (emsk_timer_init)
obj_emsk_22/gnu_arcem7d/emsk/mux.o
                              obj_emsk_22/gnu_arcem7d/emsk/emsk_init.o (mux_init)
obj_emsk_22/gnu_arcem7d/emsk/dw_uart_obj.o
                              obj_emsk_22/gnu_arcem7d/main.o (uart_get_dev)
obj_emsk_22/gnu_arcem7d/emsk/emsk_gpio.o
                              obj_emsk_22/gnu_arcem7d/emsk/emsk_init.o (emsk_gpio_init)
obj_emsk_22/gnu_arcem7d/emsk/dw_gpio_obj.o
                              obj_emsk_22/gnu_arcem7d/emsk/emsk_gpio.o (gpio_get_dev)
obj_emsk_22/gnu_arcem7d/emsk/emsk_sdcard.o
                              obj_emsk_22/gnu_arcem7d/emsk/emsk_timer.o (emsk_sdcard_1ms_update)
obj_emsk_22/gnu_arcem7d/middleware/common/console_io.o
                              obj_emsk_22/gnu_arcem7d/board.o (xprintf_setup)
obj_emsk_22/gnu_arcem7d/middleware/common/xprintf.o
                              obj_emsk_22/gnu_arcem7d/middleware/common/console_io.o (xfunc_out)
obj_emsk_22/gnu_arcem7d/arc/arc_timer.o
                              obj_emsk_22/gnu_arcem7d/emsk/emsk_timer.o (timer_present)
obj_emsk_22/gnu_arcem7d/arc/arc_exception.o
                              obj_emsk_22/gnu_arcem7d/emsk/emsk_timer.o (int_handler_install)
obj_emsk_22/gnu_arcem7d/arc/arc_startup.o
                              obj_emsk_22/gnu_arcem7d/arc/arc_exception.o (_arc_reset)
obj_emsk_22/gnu_arcem7d/arc/arc_exc_asm.o
                              obj_emsk_22/gnu_arcem7d/arc/arc_exception.o (exc_entry_cpu)
obj_emsk_22/gnu_arcem7d/library/clib/embarc_misc.o
                              obj_emsk_22/gnu_arcem7d/middleware/common/console_io.o (gnu_printf_setup)
obj_emsk_22/gnu_arcem7d/emsk/dw_uart.o
                              obj_emsk_22/gnu_arcem7d/emsk/dw_uart_obj.o (dw_uart_open)
obj_emsk_22/gnu_arcem7d/emsk/dw_gpio.o
                              obj_emsk_22/gnu_arcem7d/emsk/dw_gpio_obj.o (dw_gpio_open)
obj_emsk_22/gnu_arcem7d/arc/arc_cache.o
                              obj_emsk_22/gnu_arcem7d/arc/arc_startup.o (arc_cache_init)
c:/arc_gnu/bin/../lib/gcc/arc-elf32/7.1.1/arcem\libgcc.a(_divdi3.o)
                              obj_emsk_22/gnu_arcem7d/emsk/emsk_timer.o (__divdi3)
c:/arc_gnu/bin/../lib/gcc/arc-elf32/7.1.1/arcem\libgcc.a(_udivdi3.o)
                              obj_emsk_22/gnu_arcem7d/emsk/emsk_timer.o (__udivdi3)
c:/arc_gnu/bin/../lib/gcc/arc-elf32/7.1.1/arcem\libgcc.a(_udivsi3.o)
                              c:/arc_gnu/bin/../lib/gcc/arc-elf32/7.1.1/arcem\libgcc.a(_divdi3.o) (__udivsi3)
c:/arc_gnu/bin/../lib/gcc/arc-elf32/7.1.1/arcem\libgcc.a(_divsi3.o)
                              c:/arc_gnu/bin/../lib/gcc/arc-elf32/7.1.1/arcem\libgcc.a(_divdi3.o) (__divsi3)
c:/arc_gnu/bin/../lib/gcc/arc-elf32/7.1.1/arcem\libgcc.a(_umodsi3.o)
                              c:/arc_gnu/bin/../lib/gcc/arc-elf32/7.1.1/arcem\libgcc.a(_divdi3.o) (__umodsi3)
c:/arc_gnu/bin/../lib/gcc/arc-elf32/7.1.1/arcem\libgcc.a(_divmod_tools.o)
                              c:/arc_gnu/bin/../lib/gcc/arc-elf32/7.1.1/arcem\libgcc.a(_udivsi3.o) (__udivmodsi4)
c:/arc_gnu/bin/../lib/gcc/arc-elf32/7.1.1/arcem\libgcc.a(_clz.o)
                              c:/arc_gnu/bin/../lib/gcc/arc-elf32/7.1.1/arcem\libgcc.a(_divdi3.o) (__clz_tab)

Allocating common symbols
Common symbol       size              file

xfunc_in            0x4               obj_emsk_22/gnu_arcem7d/middleware/common/xprintf.o
dw_uart_0           0x5c              obj_emsk_22/gnu_arcem7d/emsk/dw_uart_obj.o
xfunc_out           0x4               obj_emsk_22/gnu_arcem7d/middleware/common/xprintf.o
exc_nest_count      0x4               obj_emsk_22/gnu_arcem7d/arc/arc_exception.o
dw_uart_2           0x5c              obj_emsk_22/gnu_arcem7d/emsk/dw_uart_obj.o
dw_uart_1           0x5c              obj_emsk_22/gnu_arcem7d/emsk/dw_uart_obj.o

Memory Configuration

Name             Origin             Length             Attributes
iccm             0x00000000         0x00040000
dccm             0x80000000         0x00020000
ddr              0x10000000         0x08000000
*default*        0x00000000         0xffffffff

Linker script and memory map

                0x00002000                _HEAPSIZE = 0x2000
                0x00002000                _STACKSIZE = 0x2000
LOAD c:/arc_gnu/bin/../lib/gcc/arc-elf32/7.1.1/../../../../arc-elf32/lib/arcem\libm.a

.init           0x10000000      0x198
                0x10000000                _f_init = .
 *(.init_vector)
 .init_vector   0x10000000        0x4 obj_emsk_22/gnu_arcem7d/arc/arc_startup.o
 *(.init_bootstrap)
 .init_bootstrap
                0x10000004      0x194 obj_emsk_22/gnu_arcem7d/arc/arc_startup.o
                0x10000004                _arc_reset
                0x10000004                _start
                0x10000184                _exit_loop
                0x10000184                _exit_halt
                0x10000198                _e_init = .

.text           0x10000198     0x3b58
                0x10000198                _f_text = .
 *(.text .text.* .gnu.linkonce.t.*)
 .text          0x10000198      0x1c4 obj_emsk_22/gnu_arcem7d/main.o
                0x10000198                init
                0x100001d8                volume
                0x1000022c                play
                0x10000280                next
                0x100002c0                pause
                0x10000300                start
                0x10000340                my_emsk_uart_init
 .text.startup  0x1000035c       0x5c obj_emsk_22/gnu_arcem7d/main.o
                0x1000035c                main
 .text          0x100003b8       0x38 obj_emsk_22/gnu_arcem7d/board.o
                0x100003b8                board_main
 .text          0x100003f0       0x38 obj_emsk_22/gnu_arcem7d/emsk/emsk_init.o
                0x100003f0                board_init
 .text          0x10000428      0x26c obj_emsk_22/gnu_arcem7d/emsk/emsk_timer.o
                0x10000428                board_timer_update
                0x100004b4                emsk_timer_init
                0x10000514                board_get_hwticks
                0x1000054c                board_get_cur_us
                0x100005a4                board_delay_ms
 .text          0x10000694       0x44 obj_emsk_22/gnu_arcem7d/emsk/mux.o
                0x10000694                mux_init
                0x100006a8                get_mux_regs
                0x100006b4                set_pmod_mux
                0x100006b8                get_pmod_mux
                0x100006bc                change_pmod_mux
                0x100006c8                set_spi_map
                0x100006cc                get_spi_map
                0x100006d0                set_uart_map
                0x100006d4                get_uart_map
 .text          0x100006d8      0x248 obj_emsk_22/gnu_arcem7d/emsk/dw_uart_obj.o
                0x100007d4                dw_uart_all_install
                0x100008d0                uart_get_dev
 .text          0x10000920      0x1c8 obj_emsk_22/gnu_arcem7d/emsk/emsk_gpio.o
                0x10000920                emsk_led_init
                0x10000984                emsk_button_init
                0x100009d4                emsk_switch_init
                0x10000a24                emsk_gpio_init
                0x10000a34                led_write
                0x10000a50                led_read
                0x10000a80                switch_read
                0x10000ab4                button_read
 .text          0x10000ae8      0x49c obj_emsk_22/gnu_arcem7d/emsk/dw_gpio_obj.o
                0x10000c38                dw_gpio_all_install
                0x10000f34                gpio_get_dev
 .text          0x10000f84        0x4 obj_emsk_22/gnu_arcem7d/emsk/emsk_sdcard.o
                0x10000f84                emsk_sdcard_1ms_update
 .text          0x10000f88      0x128 obj_emsk_22/gnu_arcem7d/middleware/common/console_io.o
                0x10000f88                console_putchar
                0x10000fb4                console_getchar
                0x10000ff0                console_putstr
                0x10001004                console_getstr
                0x10001018                xprintf_setup
 .text          0x100010b0      0x708 obj_emsk_22/gnu_arcem7d/middleware/common/xprintf.o
                0x100010b0                xputc
                0x1000117c                xputs
                0x1000119c                xfputs
                0x100011d0                xvprintf
                0x10001514                xprintf
                0x1000153c                xsprintf
                0x1000157c                xfprintf
                0x100015bc                put_dump
                0x10001690                xgets
                0x100016a4                xfgets
                0x100016d8                xatoi
 .text          0x100017b8      0x1ec obj_emsk_22/gnu_arcem7d/arc/arc_timer.o
                0x100017b8                timer_present
                0x100017e4                timer_start
                0x1000185c                timer_stop
                0x100018d8                timer_current
                0x10001920                timer_int_clear
                0x1000195c                timer_init
 .text          0x100019a4      0x220 obj_emsk_22/gnu_arcem7d/arc/arc_exception.o
                0x10001a44                exc_entry_install
                0x10001ab4                exc_entry_get
                0x10001ac8                exc_handler_install
                0x10001ae0                exc_handler_get
                0x10001af4                exc_int_init
                0x10001b60                int_handler_install
                0x10001b7c                int_handler_get
                0x10001b94                int_pri_set
                0x10001bb0                exc_no2string
 .text          0x10001bc4        0x0 obj_emsk_22/gnu_arcem7d/arc/arc_startup.o
 .text          0x10001bc4      0x358 obj_emsk_22/gnu_arcem7d/arc/arc_exc_asm.o
                0x10001bc4                exc_entry_cpu
                0x10001d38                exc_entry_int
                0x10001de0                exc_entry_firq
 .text          0x10001f1c        0x4 obj_emsk_22/gnu_arcem7d/library/clib/embarc_misc.o
                0x10001f1c                gnu_printf_setup
 .text          0x10001f20      0xa3c obj_emsk_22/gnu_arcem7d/emsk/dw_uart.o
                0x100020e0                dw_uart_open
                0x1000228c                dw_uart_close
                0x100023b4                dw_uart_control
                0x10002718                dw_uart_write
                0x10002778                dw_uart_read
                0x100027d8                dw_uart_isr
 .text          0x1000295c      0x528 obj_emsk_22/gnu_arcem7d/emsk/dw_gpio.o
                0x100029a8                dw_gpio_open
                0x10002aa0                dw_gpio_close
                0x10002b4c                dw_gpio_read
                0x10002bb8                dw_gpio_write
                0x10002bfc                dw_gpio_control
                0x10002de0                dw_gpio_isr_handler
 .text          0x10002e84      0x408 obj_emsk_22/gnu_arcem7d/arc/arc_cache.o
                0x10002e84                icache_invalidate_mlines
                0x10002ed4                icache_lock_mlines
                0x10002f34                icache_direct_write
                0x10002f60                icache_direct_read
                0x10002f8c                icache_indirect_read
                0x10002fc0                dcache_invalidate_mlines
                0x10003018                dcache_flush_mlines
                0x10003070                dcache_lock_mlines
                0x100030d0                dcache_direct_write
                0x100030fc                dcache_direct_read
                0x10003128                dcache_indirect_read
                0x1000315c                arc_cache_init
 .text          0x1000328c        0x0 c:/arc_gnu/bin/../lib/gcc/arc-elf32/7.1.1/arcem\libgcc.a(_divdi3.o)
 .text.__divdi3
                0x1000328c      0x4fc c:/arc_gnu/bin/../lib/gcc/arc-elf32/7.1.1/arcem\libgcc.a(_divdi3.o)
                0x1000328c                __divdi3
 .text          0x10003788        0x0 c:/arc_gnu/bin/../lib/gcc/arc-elf32/7.1.1/arcem\libgcc.a(_udivdi3.o)
 .text.__udivdi3
                0x10003788      0x4c8 c:/arc_gnu/bin/../lib/gcc/arc-elf32/7.1.1/arcem\libgcc.a(_udivdi3.o)
                0x10003788                __udivdi3
 .text          0x10003c50        0x4 c:/arc_gnu/bin/../lib/gcc/arc-elf32/7.1.1/arcem\libgcc.a(_udivsi3.o)
                0x10003c50                __udivsi3
 .text          0x10003c54       0x1c c:/arc_gnu/bin/../lib/gcc/arc-elf32/7.1.1/arcem\libgcc.a(_divsi3.o)
                0x10003c54                __divsi3
 .text          0x10003c70       0x10 c:/arc_gnu/bin/../lib/gcc/arc-elf32/7.1.1/arcem\libgcc.a(_umodsi3.o)
                0x10003c70                __umodsi3
 .text          0x10003c80       0x70 c:/arc_gnu/bin/../lib/gcc/arc-elf32/7.1.1/arcem\libgcc.a(_divmod_tools.o)
                0x10003c80                __udivmodsi4
 .text          0x10003cf0        0x0 c:/arc_gnu/bin/../lib/gcc/arc-elf32/7.1.1/arcem\libgcc.a(_clz.o)
                0x10003cf0                _e_text = .

.rodata         0x10003cf0      0x748
                0x10003cf0                _f_rodata = .
 *(.rodata .rodata.* .gnu.linkonce.r.*)
 .rodata.str1.4
                0x10003cf0        0x5 obj_emsk_22/gnu_arcem7d/board.o
                                  0x8 (size before relaxing)
 *fill*         0x10003cf5        0x3 
 .rodata        0x10003cf8        0xc obj_emsk_22/gnu_arcem7d/emsk/dw_uart_obj.o
 .rodata        0x10003d04       0x10 obj_emsk_22/gnu_arcem7d/emsk/dw_gpio_obj.o
 .rodata.str1.4
                0x10003d14      0x320 obj_emsk_22/gnu_arcem7d/middleware/common/console_io.o
 .rodata        0x10004034       0x5c obj_emsk_22/gnu_arcem7d/middleware/common/xprintf.o
 .rodata.str1.4
                0x10004090       0x1f obj_emsk_22/gnu_arcem7d/middleware/common/xprintf.o
                                 0x20 (size before relaxing)
 *fill*         0x100040af        0x1 
 .rodata.str1.4
                0x100040b0      0x188 obj_emsk_22/gnu_arcem7d/arc/arc_exception.o
 .rodata        0x10004238       0x40 obj_emsk_22/gnu_arcem7d/arc/arc_exception.o
 .rodata        0x10004278       0x94 obj_emsk_22/gnu_arcem7d/emsk/dw_uart.o
                0x100042fc                dw_uart_stopbits
                0x10004300                dw_uart_parity
                0x10004308                dw_uart_databits
 .rodata        0x1000430c       0x2c obj_emsk_22/gnu_arcem7d/emsk/dw_gpio.o
 .rodata.__clz_tab
                0x10004338      0x100 c:/arc_gnu/bin/../lib/gcc/arc-elf32/7.1.1/arcem\libgcc.a(_clz.o)
                0x10004338                __clz_tab
                0x10004438                _e_rodata = .

.vector         0x10004800      0x400
                0x10004800                _f_vector = .
 *(.vector)
 .vector        0x10004800      0x400 obj_emsk_22/gnu_arcem7d/arc/arc_exception.o
                0x10004800                exc_entry_table
                0x10004c00                _e_vector = .
                0x10004c00                . = ALIGN (0x4)

.data           0x10004c00       0xf4
                0x10004c00                _f_data = .
 *(.data .data.* .gnu.linkonce.d.*)
 .data          0x10004c00        0x0 obj_emsk_22/gnu_arcem7d/main.o
 .data          0x10004c00        0x8 obj_emsk_22/gnu_arcem7d/board.o
                0x10004c00                s_main_args
 .data          0x10004c08        0x0 obj_emsk_22/gnu_arcem7d/emsk/emsk_init.o
 .data          0x10004c08        0x0 obj_emsk_22/gnu_arcem7d/emsk/emsk_timer.o
 .data          0x10004c08        0x0 obj_emsk_22/gnu_arcem7d/emsk/mux.o
 .data          0x10004c08       0x54 obj_emsk_22/gnu_arcem7d/emsk/dw_uart_obj.o
                0x10004c08                dw_uart_2_ctrl
                0x10004c24                dw_uart_1_ctrl
                0x10004c40                dw_uart_0_ctrl
 .data          0x10004c5c        0x0 obj_emsk_22/gnu_arcem7d/emsk/emsk_gpio.o
 .data          0x10004c5c        0x8 obj_emsk_22/gnu_arcem7d/emsk/dw_gpio_obj.o
 .data          0x10004c64        0x0 obj_emsk_22/gnu_arcem7d/emsk/emsk_sdcard.o
 .data          0x10004c64        0x0 obj_emsk_22/gnu_arcem7d/middleware/common/console_io.o
 .data          0x10004c64        0x0 obj_emsk_22/gnu_arcem7d/middleware/common/xprintf.o
 .data          0x10004c64        0x0 obj_emsk_22/gnu_arcem7d/arc/arc_timer.o
 .data          0x10004c64       0x90 obj_emsk_22/gnu_arcem7d/arc/arc_exception.o
                0x10004c64                exc_int_handler_table
 .data          0x10004cf4        0x0 obj_emsk_22/gnu_arcem7d/arc/arc_startup.o
 .data          0x10004cf4        0x0 obj_emsk_22/gnu_arcem7d/arc/arc_exc_asm.o
 .data          0x10004cf4        0x0 obj_emsk_22/gnu_arcem7d/library/clib/embarc_misc.o
 .data          0x10004cf4        0x0 obj_emsk_22/gnu_arcem7d/emsk/dw_uart.o
 .data          0x10004cf4        0x0 obj_emsk_22/gnu_arcem7d/emsk/dw_gpio.o
 .data          0x10004cf4        0x0 obj_emsk_22/gnu_arcem7d/arc/arc_cache.o
 .data          0x10004cf4        0x0 c:/arc_gnu/bin/../lib/gcc/arc-elf32/7.1.1/arcem\libgcc.a(_divdi3.o)
 .data          0x10004cf4        0x0 c:/arc_gnu/bin/../lib/gcc/arc-elf32/7.1.1/arcem\libgcc.a(_udivdi3.o)
 .data          0x10004cf4        0x0 c:/arc_gnu/bin/../lib/gcc/arc-elf32/7.1.1/arcem\libgcc.a(_udivsi3.o)
 .data          0x10004cf4        0x0 c:/arc_gnu/bin/../lib/gcc/arc-elf32/7.1.1/arcem\libgcc.a(_divsi3.o)
 .data          0x10004cf4        0x0 c:/arc_gnu/bin/../lib/gcc/arc-elf32/7.1.1/arcem\libgcc.a(_umodsi3.o)
 .data          0x10004cf4        0x0 c:/arc_gnu/bin/../lib/gcc/arc-elf32/7.1.1/arcem\libgcc.a(_divmod_tools.o)
 .data          0x10004cf4        0x0 c:/arc_gnu/bin/../lib/gcc/arc-elf32/7.1.1/arcem\libgcc.a(_clz.o)
                0x10004cf4                . = ALIGN (0x4)

.sdata          0x10004cf4        0x0
                0x10004cf4                _f_sdata = .
                0x10004cf4                __SDATA_BEGIN__ = .
 *(.sdata .sdata.* .gnu.linkonce.s.*)
                0x10004cf4                _e_sdata = .
                0x10004cf4                _e_data = .

.sbss           0x10004cf8        0x0
                [!provide]                PROVIDE (__sbss_start, .)
                [!provide]                PROVIDE (___sbss_start, .)
                0x10004cf8                _f_bss = .
                0x10004cf8                _f_sbss = .
 *(.dynsbss)
 *(.sbss .sbss.* .gnu.linkonce.sb.*)
 *(.scommon)
                0x10004cf8                _e_sbss = .
                [!provide]                PROVIDE (__sbss_end, .)
                [!provide]                PROVIDE (___sbss_end, .)

.bss            0x10004cf8      0x2ec
 *(.dynbss)
 *(.bss .bss.* .gnu.linkonce.b.*)
 .bss           0x10004cf8        0x4 obj_emsk_22/gnu_arcem7d/main.o
 .bss           0x10004cfc        0x0 obj_emsk_22/gnu_arcem7d/board.o
 .bss           0x10004cfc        0x0 obj_emsk_22/gnu_arcem7d/emsk/emsk_init.o
 .bss           0x10004cfc       0x14 obj_emsk_22/gnu_arcem7d/emsk/emsk_timer.o
                0x10004d04                gl_emsk_ms_cnt
                0x10004d08                gl_emsk_sys_hz_cnt
 .bss           0x10004d10        0x4 obj_emsk_22/gnu_arcem7d/emsk/mux.o
 .bss           0x10004d14        0x4 obj_emsk_22/gnu_arcem7d/emsk/dw_uart_obj.o
 .bss           0x10004d18        0xc obj_emsk_22/gnu_arcem7d/emsk/emsk_gpio.o
 .bss           0x10004d24      0x184 obj_emsk_22/gnu_arcem7d/emsk/dw_gpio_obj.o
 .bss           0x10004ea8        0x0 obj_emsk_22/gnu_arcem7d/emsk/emsk_sdcard.o
 .bss           0x10004ea8        0x8 obj_emsk_22/gnu_arcem7d/middleware/common/console_io.o
 .bss           0x10004eb0        0x4 obj_emsk_22/gnu_arcem7d/middleware/common/xprintf.o
 .bss           0x10004eb4        0x0 obj_emsk_22/gnu_arcem7d/arc/arc_timer.o
 .bss           0x10004eb4        0x0 obj_emsk_22/gnu_arcem7d/arc/arc_exception.o
 .bss           0x10004eb4        0x0 obj_emsk_22/gnu_arcem7d/arc/arc_startup.o
 .bss           0x10004eb4        0x0 obj_emsk_22/gnu_arcem7d/arc/arc_exc_asm.o
 .bss           0x10004eb4        0x0 obj_emsk_22/gnu_arcem7d/library/clib/embarc_misc.o
 .bss           0x10004eb4        0x0 obj_emsk_22/gnu_arcem7d/emsk/dw_uart.o
 .bss           0x10004eb4        0x0 obj_emsk_22/gnu_arcem7d/emsk/dw_gpio.o
 .bss           0x10004eb4       0x10 obj_emsk_22/gnu_arcem7d/arc/arc_cache.o
 .bss           0x10004ec4        0x0 c:/arc_gnu/bin/../lib/gcc/arc-elf32/7.1.1/arcem\libgcc.a(_divdi3.o)
 .bss           0x10004ec4        0x0 c:/arc_gnu/bin/../lib/gcc/arc-elf32/7.1.1/arcem\libgcc.a(_udivdi3.o)
 .bss           0x10004ec4        0x0 c:/arc_gnu/bin/../lib/gcc/arc-elf32/7.1.1/arcem\libgcc.a(_udivsi3.o)
 .bss           0x10004ec4        0x0 c:/arc_gnu/bin/../lib/gcc/arc-elf32/7.1.1/arcem\libgcc.a(_divsi3.o)
 .bss           0x10004ec4        0x0 c:/arc_gnu/bin/../lib/gcc/arc-elf32/7.1.1/arcem\libgcc.a(_umodsi3.o)
 .bss           0x10004ec4        0x0 c:/arc_gnu/bin/../lib/gcc/arc-elf32/7.1.1/arcem\libgcc.a(_divmod_tools.o)
 .bss           0x10004ec4        0x0 c:/arc_gnu/bin/../lib/gcc/arc-elf32/7.1.1/arcem\libgcc.a(_clz.o)
 *(COMMON)
 COMMON         0x10004ec4      0x114 obj_emsk_22/gnu_arcem7d/emsk/dw_uart_obj.o
                0x10004ec4                dw_uart_0
                0x10004f20                dw_uart_2
                0x10004f7c                dw_uart_1
 COMMON         0x10004fd8        0x8 obj_emsk_22/gnu_arcem7d/middleware/common/xprintf.o
                0x10004fd8                xfunc_in
                0x10004fdc                xfunc_out
 COMMON         0x10004fe0        0x4 obj_emsk_22/gnu_arcem7d/arc/arc_exception.o
                0x10004fe0                exc_nest_count
                0x10004fe4                _e_bss = .

.stack          0x10004fe4     0x2000
                0x10004fe4                . = ALIGN (0x4)
                0x10004fe4                _f_stack = .
                0x10005fe4                . = (. + DEFINED (_STACKSIZE)?_STACKSIZE:0x1000)
 *fill*         0x10004fe4     0x2000 
                0x10006fe4                _e_stack = .

.heap           0x10006fe4     0x2000
                0x10006fe4                . = ALIGN (0x4)
                0x10006fe4                __start_heap = .
                0x10006fe4                _f_heap = .
                0x10007fe4                . = (. + DEFINED (_HEAPSIZE)?_HEAPSIZE:0x1000)
 *fill*         0x10006fe4     0x2000 
                0x10008fe4                _e_heap = .
                0x10008fe4                __end_heap = .
                0x10000198                _load_addr_text = LOADADDR (.text)
                0x10003cf0                _load_addr_rodata = LOADADDR (.rodata)
                0x10004c00                _load_addr_data = LOADADDR (.data)
LOAD obj_emsk_22/gnu_arcem7d/main.o
LOAD obj_emsk_22/gnu_arcem7d/board.o
START GROUP
LOAD obj_emsk_22/gnu_arcem7d/libembarc.a
LOAD c:/arc_gnu/bin/../lib/gcc/arc-elf32/7.1.1/../../../../arc-elf32/lib/arcem\libm.a
LOAD c:/arc_gnu/bin/../lib/gcc/arc-elf32/7.1.1/../../../../arc-elf32/lib/arcem\libc.a
LOAD c:/arc_gnu/bin/../lib/gcc/arc-elf32/7.1.1/arcem\libgcc.a
END GROUP
START GROUP
LOAD c:/arc_gnu/bin/../lib/gcc/arc-elf32/7.1.1/arcem\libgcc.a
LOAD c:/arc_gnu/bin/../lib/gcc/arc-elf32/7.1.1/../../../../arc-elf32/lib/arcem\libc.a
LOAD c:/arc_gnu/bin/../lib/gcc/arc-elf32/7.1.1/../../../../arc-elf32/lib/arcem\libnosys.a
END GROUP
OUTPUT(obj_emsk_22/gnu_arcem7d/mp3_gnu_arcem7d.elf elf32-littlearc)

.debug_info     0x00000000     0xb679
 .debug_info    0x00000000     0x109b obj_emsk_22/gnu_arcem7d/main.o
 .debug_info    0x0000109b      0xcb3 obj_emsk_22/gnu_arcem7d/board.o
 .debug_info    0x00001d4e      0x3d6 obj_emsk_22/gnu_arcem7d/emsk/emsk_init.o
 .debug_info    0x00002124      0x648 obj_emsk_22/gnu_arcem7d/emsk/emsk_timer.o
 .debug_info    0x0000276c      0x227 obj_emsk_22/gnu_arcem7d/emsk/mux.o
 .debug_info    0x00002993      0xd15 obj_emsk_22/gnu_arcem7d/emsk/dw_uart_obj.o
 .debug_info    0x000036a8      0x75e obj_emsk_22/gnu_arcem7d/emsk/emsk_gpio.o
 .debug_info    0x00003e06     0x102f obj_emsk_22/gnu_arcem7d/emsk/dw_gpio_obj.o
 .debug_info    0x00004e35       0x7d obj_emsk_22/gnu_arcem7d/emsk/emsk_sdcard.o
 .debug_info    0x00004eb2      0xf66 obj_emsk_22/gnu_arcem7d/middleware/common/console_io.o
 .debug_info    0x00005e18      0x796 obj_emsk_22/gnu_arcem7d/middleware/common/xprintf.o
 .debug_info    0x000065ae      0x367 obj_emsk_22/gnu_arcem7d/arc/arc_timer.o
 .debug_info    0x00006915      0x811 obj_emsk_22/gnu_arcem7d/arc/arc_exception.o
 .debug_info    0x00007126       0x26 obj_emsk_22/gnu_arcem7d/arc/arc_startup.o
 .debug_info    0x0000714c       0x26 obj_emsk_22/gnu_arcem7d/arc/arc_exc_asm.o
 .debug_info    0x00007172      0x947 obj_emsk_22/gnu_arcem7d/library/clib/embarc_misc.o
 .debug_info    0x00007ab9     0x1fde obj_emsk_22/gnu_arcem7d/emsk/dw_uart.o
 .debug_info    0x00009a97     0x129b obj_emsk_22/gnu_arcem7d/emsk/dw_gpio.o
 .debug_info    0x0000ad32      0x947 obj_emsk_22/gnu_arcem7d/arc/arc_cache.o

.debug_abbrev   0x00000000     0x2c51
 .debug_abbrev  0x00000000      0x2e8 obj_emsk_22/gnu_arcem7d/main.o
 .debug_abbrev  0x000002e8      0x305 obj_emsk_22/gnu_arcem7d/board.o
 .debug_abbrev  0x000005ed      0x1e2 obj_emsk_22/gnu_arcem7d/emsk/emsk_init.o
 .debug_abbrev  0x000007cf      0x331 obj_emsk_22/gnu_arcem7d/emsk/emsk_timer.o
 .debug_abbrev  0x00000b00       0xeb obj_emsk_22/gnu_arcem7d/emsk/mux.o
 .debug_abbrev  0x00000beb      0x2fb obj_emsk_22/gnu_arcem7d/emsk/dw_uart_obj.o
 .debug_abbrev  0x00000ee6      0x271 obj_emsk_22/gnu_arcem7d/emsk/emsk_gpio.o
 .debug_abbrev  0x00001157      0x2ff obj_emsk_22/gnu_arcem7d/emsk/dw_gpio_obj.o
 .debug_abbrev  0x00001456       0x42 obj_emsk_22/gnu_arcem7d/emsk/emsk_sdcard.o
 .debug_abbrev  0x00001498      0x320 obj_emsk_22/gnu_arcem7d/middleware/common/console_io.o
 .debug_abbrev  0x000017b8      0x2a0 obj_emsk_22/gnu_arcem7d/middleware/common/xprintf.o
 .debug_abbrev  0x00001a58      0x186 obj_emsk_22/gnu_arcem7d/arc/arc_timer.o
 .debug_abbrev  0x00001bde      0x346 obj_emsk_22/gnu_arcem7d/arc/arc_exception.o
 .debug_abbrev  0x00001f24       0x14 obj_emsk_22/gnu_arcem7d/arc/arc_startup.o
 .debug_abbrev  0x00001f38       0x14 obj_emsk_22/gnu_arcem7d/arc/arc_exc_asm.o
 .debug_abbrev  0x00001f4c      0x1a7 obj_emsk_22/gnu_arcem7d/library/clib/embarc_misc.o
 .debug_abbrev  0x000020f3      0x4bd obj_emsk_22/gnu_arcem7d/emsk/dw_uart.o
 .debug_abbrev  0x000025b0      0x38b obj_emsk_22/gnu_arcem7d/emsk/dw_gpio.o
 .debug_abbrev  0x0000293b      0x316 obj_emsk_22/gnu_arcem7d/arc/arc_cache.o

.debug_loc      0x00000000     0x513d
 .debug_loc     0x00000000       0x42 obj_emsk_22/gnu_arcem7d/main.o
 .debug_loc     0x00000042       0x3a obj_emsk_22/gnu_arcem7d/board.o
 .debug_loc     0x0000007c       0x13 obj_emsk_22/gnu_arcem7d/emsk/emsk_init.o
 .debug_loc     0x0000008f      0x14c obj_emsk_22/gnu_arcem7d/emsk/emsk_timer.o
 .debug_loc     0x000001db       0x84 obj_emsk_22/gnu_arcem7d/emsk/mux.o
 .debug_loc     0x0000025f      0x4ef obj_emsk_22/gnu_arcem7d/emsk/dw_uart_obj.o
 .debug_loc     0x0000074e      0x182 obj_emsk_22/gnu_arcem7d/emsk/emsk_gpio.o
 .debug_loc     0x000008d0      0x5d9 obj_emsk_22/gnu_arcem7d/emsk/dw_gpio_obj.o
 .debug_loc     0x00000ea9       0xc5 obj_emsk_22/gnu_arcem7d/middleware/common/console_io.o
 .debug_loc     0x00000f6e      0xd33 obj_emsk_22/gnu_arcem7d/middleware/common/xprintf.o
 .debug_loc     0x00001ca1      0x336 obj_emsk_22/gnu_arcem7d/arc/arc_timer.o
 .debug_loc     0x00001fd7      0x2e2 obj_emsk_22/gnu_arcem7d/arc/arc_exception.o
 .debug_loc     0x000022b9     0x16ad obj_emsk_22/gnu_arcem7d/emsk/dw_uart.o
 .debug_loc     0x00003966     0x131b obj_emsk_22/gnu_arcem7d/emsk/dw_gpio.o
 .debug_loc     0x00004c81      0x4bc obj_emsk_22/gnu_arcem7d/arc/arc_cache.o

.debug_aranges  0x00000000      0x268
 .debug_aranges
                0x00000000       0x28 obj_emsk_22/gnu_arcem7d/main.o
 .debug_aranges
                0x00000028       0x20 obj_emsk_22/gnu_arcem7d/board.o
 .debug_aranges
                0x00000048       0x20 obj_emsk_22/gnu_arcem7d/emsk/emsk_init.o
 .debug_aranges
                0x00000068       0x20 obj_emsk_22/gnu_arcem7d/emsk/emsk_timer.o
 .debug_aranges
                0x00000088       0x20 obj_emsk_22/gnu_arcem7d/emsk/mux.o
 .debug_aranges
                0x000000a8       0x20 obj_emsk_22/gnu_arcem7d/emsk/dw_uart_obj.o
 .debug_aranges
                0x000000c8       0x20 obj_emsk_22/gnu_arcem7d/emsk/emsk_gpio.o
 .debug_aranges
                0x000000e8       0x20 obj_emsk_22/gnu_arcem7d/emsk/dw_gpio_obj.o
 .debug_aranges
                0x00000108       0x20 obj_emsk_22/gnu_arcem7d/emsk/emsk_sdcard.o
 .debug_aranges
                0x00000128       0x20 obj_emsk_22/gnu_arcem7d/middleware/common/console_io.o
 .debug_aranges
                0x00000148       0x20 obj_emsk_22/gnu_arcem7d/middleware/common/xprintf.o
 .debug_aranges
                0x00000168       0x20 obj_emsk_22/gnu_arcem7d/arc/arc_timer.o
 .debug_aranges
                0x00000188       0x20 obj_emsk_22/gnu_arcem7d/arc/arc_exception.o
 .debug_aranges
                0x000001a8       0x20 obj_emsk_22/gnu_arcem7d/arc/arc_startup.o
 .debug_aranges
                0x000001c8       0x20 obj_emsk_22/gnu_arcem7d/arc/arc_exc_asm.o
 .debug_aranges
                0x000001e8       0x20 obj_emsk_22/gnu_arcem7d/library/clib/embarc_misc.o
 .debug_aranges
                0x00000208       0x20 obj_emsk_22/gnu_arcem7d/emsk/dw_uart.o
 .debug_aranges
                0x00000228       0x20 obj_emsk_22/gnu_arcem7d/emsk/dw_gpio.o
 .debug_aranges
                0x00000248       0x20 obj_emsk_22/gnu_arcem7d/arc/arc_cache.o

.debug_ranges   0x00000000      0x4b8
 .debug_ranges  0x00000000       0x18 obj_emsk_22/gnu_arcem7d/main.o
 .debug_ranges  0x00000018       0x38 obj_emsk_22/gnu_arcem7d/emsk/emsk_timer.o
 .debug_ranges  0x00000050       0x20 obj_emsk_22/gnu_arcem7d/emsk/emsk_gpio.o
 .debug_ranges  0x00000070       0x70 obj_emsk_22/gnu_arcem7d/emsk/dw_gpio_obj.o
 .debug_ranges  0x000000e0       0x18 obj_emsk_22/gnu_arcem7d/middleware/common/console_io.o
 .debug_ranges  0x000000f8       0x18 obj_emsk_22/gnu_arcem7d/middleware/common/xprintf.o
 .debug_ranges  0x00000110       0x18 obj_emsk_22/gnu_arcem7d/arc/arc_timer.o
 .debug_ranges  0x00000128      0x198 obj_emsk_22/gnu_arcem7d/emsk/dw_uart.o
 .debug_ranges  0x000002c0      0x138 obj_emsk_22/gnu_arcem7d/emsk/dw_gpio.o
 .debug_ranges  0x000003f8       0xc0 obj_emsk_22/gnu_arcem7d/arc/arc_cache.o

.debug_line     0x00000000     0x2764
 .debug_line    0x00000000      0x2c5 obj_emsk_22/gnu_arcem7d/main.o
 .debug_line    0x000002c5      0x246 obj_emsk_22/gnu_arcem7d/board.o
 .debug_line    0x0000050b      0x1d5 obj_emsk_22/gnu_arcem7d/emsk/emsk_init.o
 .debug_line    0x000006e0      0x200 obj_emsk_22/gnu_arcem7d/emsk/emsk_timer.o
 .debug_line    0x000008e0       0xe3 obj_emsk_22/gnu_arcem7d/emsk/mux.o
 .debug_line    0x000009c3      0x23d obj_emsk_22/gnu_arcem7d/emsk/dw_uart_obj.o
 .debug_line    0x00000c00      0x1ac obj_emsk_22/gnu_arcem7d/emsk/emsk_gpio.o
 .debug_line    0x00000dac      0x285 obj_emsk_22/gnu_arcem7d/emsk/dw_gpio_obj.o
 .debug_line    0x00001031       0x5f obj_emsk_22/gnu_arcem7d/emsk/emsk_sdcard.o
 .debug_line    0x00001090      0x242 obj_emsk_22/gnu_arcem7d/middleware/common/console_io.o
 .debug_line    0x000012d2      0x277 obj_emsk_22/gnu_arcem7d/middleware/common/xprintf.o
 .debug_line    0x00001549      0x16b obj_emsk_22/gnu_arcem7d/arc/arc_timer.o
 .debug_line    0x000016b4      0x221 obj_emsk_22/gnu_arcem7d/arc/arc_exception.o
 .debug_line    0x000018d5       0xa9 obj_emsk_22/gnu_arcem7d/arc/arc_startup.o
 .debug_line    0x0000197e       0x88 obj_emsk_22/gnu_arcem7d/arc/arc_exc_asm.o
 .debug_line    0x00001a06      0x164 obj_emsk_22/gnu_arcem7d/library/clib/embarc_misc.o
 .debug_line    0x00001b6a      0x559 obj_emsk_22/gnu_arcem7d/emsk/dw_uart.o
 .debug_line    0x000020c3      0x357 obj_emsk_22/gnu_arcem7d/emsk/dw_gpio.o
 .debug_line    0x0000241a      0x34a obj_emsk_22/gnu_arcem7d/arc/arc_cache.o

.debug_str      0x00000000     0x1fab
 .debug_str     0x00000000      0x87f obj_emsk_22/gnu_arcem7d/main.o
                                0x9b7 (size before relaxing)
 .debug_str     0x0000087f       0x7a obj_emsk_22/gnu_arcem7d/board.o
                                0x89d (size before relaxing)
 .debug_str     0x000008f9       0x73 obj_emsk_22/gnu_arcem7d/emsk/emsk_init.o
                                0x48c (size before relaxing)
 .debug_str     0x0000096c      0x152 obj_emsk_22/gnu_arcem7d/emsk/emsk_timer.o
                                0x578 (size before relaxing)
 .debug_str     0x00000abe       0x8c obj_emsk_22/gnu_arcem7d/emsk/mux.o
                                0x264 (size before relaxing)
 .debug_str     0x00000b4a      0x30c obj_emsk_22/gnu_arcem7d/emsk/dw_uart_obj.o
                                0x832 (size before relaxing)
 .debug_str     0x00000e56      0x106 obj_emsk_22/gnu_arcem7d/emsk/emsk_gpio.o
                                0x572 (size before relaxing)
 .debug_str     0x00000f5c      0x3e7 obj_emsk_22/gnu_arcem7d/emsk/dw_gpio_obj.o
                                0x912 (size before relaxing)
 .debug_str     0x00001343       0x2e obj_emsk_22/gnu_arcem7d/emsk/emsk_sdcard.o
                                0x1d5 (size before relaxing)
 .debug_str     0x00001371       0xbe obj_emsk_22/gnu_arcem7d/middleware/common/console_io.o
                                0x9ef (size before relaxing)
 .debug_str     0x0000142f       0xa7 obj_emsk_22/gnu_arcem7d/middleware/common/xprintf.o
                                0x22e (size before relaxing)
 .debug_str     0x000014d6       0x26 obj_emsk_22/gnu_arcem7d/arc/arc_timer.o
                                0x233 (size before relaxing)
 .debug_str     0x000014fc      0x20d obj_emsk_22/gnu_arcem7d/arc/arc_exception.o
                                0x47b (size before relaxing)
 .debug_str     0x00001709       0x1d obj_emsk_22/gnu_arcem7d/arc/arc_startup.o
                                 0x55 (size before relaxing)
 .debug_str     0x00001726        0xe obj_emsk_22/gnu_arcem7d/arc/arc_exc_asm.o
                                 0x55 (size before relaxing)
 .debug_str     0x00001734       0x21 obj_emsk_22/gnu_arcem7d/library/clib/embarc_misc.o
                                0x621 (size before relaxing)
 .debug_str     0x00001755      0x34d obj_emsk_22/gnu_arcem7d/emsk/dw_uart.o
                                0xcdd (size before relaxing)
 .debug_str     0x00001aa2      0x330 obj_emsk_22/gnu_arcem7d/emsk/dw_gpio.o
                                0x8ca (size before relaxing)
 .debug_str     0x00001dd2      0x1d9 obj_emsk_22/gnu_arcem7d/arc/arc_cache.o
                                0x46a (size before relaxing)

.comment        0x00000000       0x42
 .comment       0x00000000       0x42 obj_emsk_22/gnu_arcem7d/main.o
                                 0x43 (size before relaxing)
 .comment       0x00000042       0x43 obj_emsk_22/gnu_arcem7d/board.o
 .comment       0x00000042       0x43 obj_emsk_22/gnu_arcem7d/emsk/emsk_init.o
 .comment       0x00000042       0x43 obj_emsk_22/gnu_arcem7d/emsk/emsk_timer.o
 .comment       0x00000042       0x43 obj_emsk_22/gnu_arcem7d/emsk/mux.o
 .comment       0x00000042       0x43 obj_emsk_22/gnu_arcem7d/emsk/dw_uart_obj.o
 .comment       0x00000042       0x43 obj_emsk_22/gnu_arcem7d/emsk/emsk_gpio.o
 .comment       0x00000042       0x43 obj_emsk_22/gnu_arcem7d/emsk/dw_gpio_obj.o
 .comment       0x00000042       0x43 obj_emsk_22/gnu_arcem7d/emsk/emsk_sdcard.o
 .comment       0x00000042       0x43 obj_emsk_22/gnu_arcem7d/middleware/common/console_io.o
 .comment       0x00000042       0x43 obj_emsk_22/gnu_arcem7d/middleware/common/xprintf.o
 .comment       0x00000042       0x43 obj_emsk_22/gnu_arcem7d/arc/arc_timer.o
 .comment       0x00000042       0x43 obj_emsk_22/gnu_arcem7d/arc/arc_exception.o
 .comment       0x00000042       0x43 obj_emsk_22/gnu_arcem7d/library/clib/embarc_misc.o
 .comment       0x00000042       0x43 obj_emsk_22/gnu_arcem7d/emsk/dw_uart.o
 .comment       0x00000042       0x43 obj_emsk_22/gnu_arcem7d/emsk/dw_gpio.o
 .comment       0x00000042       0x43 obj_emsk_22/gnu_arcem7d/arc/arc_cache.o

.note.GNU-stack
                0x00000000        0x0
 .note.GNU-stack
                0x00000000        0x0 obj_emsk_22/gnu_arcem7d/main.o
 .note.GNU-stack
                0x00000000        0x0 obj_emsk_22/gnu_arcem7d/board.o
 .note.GNU-stack
                0x00000000        0x0 obj_emsk_22/gnu_arcem7d/emsk/emsk_init.o
 .note.GNU-stack
                0x00000000        0x0 obj_emsk_22/gnu_arcem7d/emsk/emsk_timer.o
 .note.GNU-stack
                0x00000000        0x0 obj_emsk_22/gnu_arcem7d/emsk/mux.o
 .note.GNU-stack
                0x00000000        0x0 obj_emsk_22/gnu_arcem7d/emsk/dw_uart_obj.o
 .note.GNU-stack
                0x00000000        0x0 obj_emsk_22/gnu_arcem7d/emsk/emsk_gpio.o
 .note.GNU-stack
                0x00000000        0x0 obj_emsk_22/gnu_arcem7d/emsk/dw_gpio_obj.o
 .note.GNU-stack
                0x00000000        0x0 obj_emsk_22/gnu_arcem7d/emsk/emsk_sdcard.o
 .note.GNU-stack
                0x00000000        0x0 obj_emsk_22/gnu_arcem7d/middleware/common/console_io.o
 .note.GNU-stack
                0x00000000        0x0 obj_emsk_22/gnu_arcem7d/middleware/common/xprintf.o
 .note.GNU-stack
                0x00000000        0x0 obj_emsk_22/gnu_arcem7d/arc/arc_timer.o
 .note.GNU-stack
                0x00000000        0x0 obj_emsk_22/gnu_arcem7d/arc/arc_exception.o
 .note.GNU-stack
                0x00000000        0x0 obj_emsk_22/gnu_arcem7d/library/clib/embarc_misc.o
 .note.GNU-stack
                0x00000000        0x0 obj_emsk_22/gnu_arcem7d/emsk/dw_uart.o
 .note.GNU-stack
                0x00000000        0x0 obj_emsk_22/gnu_arcem7d/emsk/dw_gpio.o
 .note.GNU-stack
                0x00000000        0x0 obj_emsk_22/gnu_arcem7d/arc/arc_cache.o
 .note.GNU-stack
                0x00000000        0x0 c:/arc_gnu/bin/../lib/gcc/arc-elf32/7.1.1/arcem\libgcc.a(_divdi3.o)
 .note.GNU-stack
                0x00000000        0x0 c:/arc_gnu/bin/../lib/gcc/arc-elf32/7.1.1/arcem\libgcc.a(_udivdi3.o)
 .note.GNU-stack
                0x00000000        0x0 c:/arc_gnu/bin/../lib/gcc/arc-elf32/7.1.1/arcem\libgcc.a(_clz.o)

.ARC.attributes
                0x00000000       0x32
 .ARC.attributes
                0x00000000       0x23 obj_emsk_22/gnu_arcem7d/main.o
 .ARC.attributes
                0x00000023       0x23 obj_emsk_22/gnu_arcem7d/board.o
 .ARC.attributes
                0x00000046       0x23 obj_emsk_22/gnu_arcem7d/emsk/emsk_init.o
 .ARC.attributes
                0x00000069       0x28 obj_emsk_22/gnu_arcem7d/emsk/emsk_timer.o
 .ARC.attributes
                0x00000091       0x23 obj_emsk_22/gnu_arcem7d/emsk/mux.o
 .ARC.attributes
                0x000000b4       0x23 obj_emsk_22/gnu_arcem7d/emsk/dw_uart_obj.o
 .ARC.attributes
                0x000000d7       0x23 obj_emsk_22/gnu_arcem7d/emsk/emsk_gpio.o
 .ARC.attributes
                0x000000fa       0x26 obj_emsk_22/gnu_arcem7d/emsk/dw_gpio_obj.o
 .ARC.attributes
                0x00000120       0x23 obj_emsk_22/gnu_arcem7d/emsk/emsk_sdcard.o
 .ARC.attributes
                0x00000143       0x23 obj_emsk_22/gnu_arcem7d/middleware/common/console_io.o
 .ARC.attributes
                0x00000166       0x2d obj_emsk_22/gnu_arcem7d/middleware/common/xprintf.o
 .ARC.attributes
                0x00000193       0x26 obj_emsk_22/gnu_arcem7d/arc/arc_timer.o
 .ARC.attributes
                0x000001b9       0x26 obj_emsk_22/gnu_arcem7d/arc/arc_exception.o
 .ARC.attributes
                0x000001df       0x1f obj_emsk_22/gnu_arcem7d/arc/arc_startup.o
 .ARC.attributes
                0x000001fe       0x22 obj_emsk_22/gnu_arcem7d/arc/arc_exc_asm.o
 .ARC.attributes
                0x00000220       0x23 obj_emsk_22/gnu_arcem7d/library/clib/embarc_misc.o
 .ARC.attributes
                0x00000243       0x2e obj_emsk_22/gnu_arcem7d/emsk/dw_uart.o
 .ARC.attributes
                0x00000271       0x28 obj_emsk_22/gnu_arcem7d/emsk/dw_gpio.o
 .ARC.attributes
                0x00000299       0x26 obj_emsk_22/gnu_arcem7d/arc/arc_cache.o
 .ARC.attributes
                0x000002bf       0x2a c:/arc_gnu/bin/../lib/gcc/arc-elf32/7.1.1/arcem\libgcc.a(_divdi3.o)
 .ARC.attributes
                0x000002e9       0x2a c:/arc_gnu/bin/../lib/gcc/arc-elf32/7.1.1/arcem\libgcc.a(_udivdi3.o)
 .ARC.attributes
                0x00000313       0x1f c:/arc_gnu/bin/../lib/gcc/arc-elf32/7.1.1/arcem\libgcc.a(_udivsi3.o)
 .ARC.attributes
                0x00000332       0x1f c:/arc_gnu/bin/../lib/gcc/arc-elf32/7.1.1/arcem\libgcc.a(_divsi3.o)
 .ARC.attributes
                0x00000351       0x1f c:/arc_gnu/bin/../lib/gcc/arc-elf32/7.1.1/arcem\libgcc.a(_umodsi3.o)
 .ARC.attributes
                0x00000370       0x22 c:/arc_gnu/bin/../lib/gcc/arc-elf32/7.1.1/arcem\libgcc.a(_divmod_tools.o)
 .ARC.attributes
                0x00000392       0x25 c:/arc_gnu/bin/../lib/gcc/arc-elf32/7.1.1/arcem\libgcc.a(_clz.o)

.debug_frame    0x00000000     0x1030
 .debug_frame   0x00000000      0x108 obj_emsk_22/gnu_arcem7d/main.o
 .debug_frame   0x00000108       0x28 obj_emsk_22/gnu_arcem7d/board.o
 .debug_frame   0x00000130       0x34 obj_emsk_22/gnu_arcem7d/emsk/emsk_init.o
 .debug_frame   0x00000164       0xf8 obj_emsk_22/gnu_arcem7d/emsk/emsk_timer.o
 .debug_frame   0x0000025c       0xa0 obj_emsk_22/gnu_arcem7d/emsk/mux.o
 .debug_frame   0x000002fc      0x164 obj_emsk_22/gnu_arcem7d/emsk/dw_uart_obj.o
 .debug_frame   0x00000460      0x130 obj_emsk_22/gnu_arcem7d/emsk/emsk_gpio.o
 .debug_frame   0x00000590      0x1c4 obj_emsk_22/gnu_arcem7d/emsk/dw_gpio_obj.o
 .debug_frame   0x00000754       0x20 obj_emsk_22/gnu_arcem7d/emsk/emsk_sdcard.o
 .debug_frame   0x00000774       0xa8 obj_emsk_22/gnu_arcem7d/middleware/common/console_io.o
 .debug_frame   0x0000081c      0x204 obj_emsk_22/gnu_arcem7d/middleware/common/xprintf.o
 .debug_frame   0x00000a20       0x7c obj_emsk_22/gnu_arcem7d/arc/arc_timer.o
 .debug_frame   0x00000a9c      0x100 obj_emsk_22/gnu_arcem7d/arc/arc_exception.o
 .debug_frame   0x00000b9c       0x20 obj_emsk_22/gnu_arcem7d/library/clib/embarc_misc.o
 .debug_frame   0x00000bbc      0x1f0 obj_emsk_22/gnu_arcem7d/emsk/dw_uart.o
 .debug_frame   0x00000dac       0xf8 obj_emsk_22/gnu_arcem7d/emsk/dw_gpio.o
 .debug_frame   0x00000ea4       0xd0 obj_emsk_22/gnu_arcem7d/arc/arc_cache.o
 .debug_frame   0x00000f74       0x60 c:/arc_gnu/bin/../lib/gcc/arc-elf32/7.1.1/arcem\libgcc.a(_divdi3.o)
 .debug_frame   0x00000fd4       0x5c c:/arc_gnu/bin/../lib/gcc/arc-elf32/7.1.1/arcem\libgcc.a(_udivdi3.o)
