Archive member included to satisfy reference by file (symbol)

obj_emsk_22/gnu_arcem7d/emsk/emsk_init.o
                              obj_emsk_22/gnu_arcem7d/board.o (board_init)
obj_emsk_22/gnu_arcem7d/emsk/emsk_timer.o
                              obj_emsk_22/gnu_arcem7d/emsk/emsk_init.o (emsk_timer_init)
obj_emsk_22/gnu_arcem7d/emsk/mux.o
                              obj_emsk_22/gnu_arcem7d/emsk/emsk_init.o (mux_init)
obj_emsk_22/gnu_arcem7d/emsk/emsk_gpio.o
                              obj_emsk_22/gnu_arcem7d/emsk/emsk_init.o (emsk_gpio_init)
obj_emsk_22/gnu_arcem7d/emsk/dw_gpio_obj.o
                              obj_emsk_22/gnu_arcem7d/main.o (gpio_get_dev)
obj_emsk_22/gnu_arcem7d/emsk/emsk_sdcard.o
                              obj_emsk_22/gnu_arcem7d/emsk/emsk_timer.o (emsk_sdcard_1ms_update)
obj_emsk_22/gnu_arcem7d/middleware/common/console_io.o
                              obj_emsk_22/gnu_arcem7d/board.o (xprintf_setup)
obj_emsk_22/gnu_arcem7d/middleware/common/xprintf.o
                              obj_emsk_22/gnu_arcem7d/middleware/common/console_io.o (xfunc_out)
obj_emsk_22/gnu_arcem7d/arc/arc_timer.o
                              obj_emsk_22/gnu_arcem7d/emsk/emsk_timer.o (timer_present)
obj_emsk_22/gnu_arcem7d/arc/arc_exception.o
                              obj_emsk_22/gnu_arcem7d/emsk/emsk_timer.o (int_handler_install)
obj_emsk_22/gnu_arcem7d/arc/arc_startup.o
                              obj_emsk_22/gnu_arcem7d/arc/arc_exception.o (_arc_reset)
obj_emsk_22/gnu_arcem7d/arc/arc_exc_asm.o
                              obj_emsk_22/gnu_arcem7d/arc/arc_exception.o (exc_entry_cpu)
obj_emsk_22/gnu_arcem7d/library/clib/embarc_misc.o
                              obj_emsk_22/gnu_arcem7d/middleware/common/console_io.o (gnu_printf_setup)
obj_emsk_22/gnu_arcem7d/emsk/dw_gpio.o
                              obj_emsk_22/gnu_arcem7d/emsk/dw_gpio_obj.o (dw_gpio_open)
obj_emsk_22/gnu_arcem7d/emsk/dw_uart_obj.o
                              obj_emsk_22/gnu_arcem7d/middleware/common/console_io.o (uart_get_dev)
obj_emsk_22/gnu_arcem7d/arc/arc_cache.o
                              obj_emsk_22/gnu_arcem7d/arc/arc_startup.o (arc_cache_init)
obj_emsk_22/gnu_arcem7d/emsk/dw_uart.o
                              obj_emsk_22/gnu_arcem7d/emsk/dw_uart_obj.o (dw_uart_open)
c:/arc_gnu/bin/../lib/gcc/arc-elf32/7.1.1/arcem\libgcc.a(_divdi3.o)
                              obj_emsk_22/gnu_arcem7d/emsk/emsk_timer.o (__divdi3)
c:/arc_gnu/bin/../lib/gcc/arc-elf32/7.1.1/arcem\libgcc.a(_udivdi3.o)
                              obj_emsk_22/gnu_arcem7d/emsk/emsk_timer.o (__udivdi3)
c:/arc_gnu/bin/../lib/gcc/arc-elf32/7.1.1/arcem\libgcc.a(_udivsi3.o)
                              c:/arc_gnu/bin/../lib/gcc/arc-elf32/7.1.1/arcem\libgcc.a(_divdi3.o) (__udivsi3)
c:/arc_gnu/bin/../lib/gcc/arc-elf32/7.1.1/arcem\libgcc.a(_divsi3.o)
                              c:/arc_gnu/bin/../lib/gcc/arc-elf32/7.1.1/arcem\libgcc.a(_divdi3.o) (__divsi3)
c:/arc_gnu/bin/../lib/gcc/arc-elf32/7.1.1/arcem\libgcc.a(_umodsi3.o)
                              c:/arc_gnu/bin/../lib/gcc/arc-elf32/7.1.1/arcem\libgcc.a(_divdi3.o) (__umodsi3)
c:/arc_gnu/bin/../lib/gcc/arc-elf32/7.1.1/arcem\libgcc.a(_divmod_tools.o)
                              c:/arc_gnu/bin/../lib/gcc/arc-elf32/7.1.1/arcem\libgcc.a(_udivsi3.o) (__udivmodsi4)
c:/arc_gnu/bin/../lib/gcc/arc-elf32/7.1.1/arcem\libgcc.a(_clz.o)
                              c:/arc_gnu/bin/../lib/gcc/arc-elf32/7.1.1/arcem\libgcc.a(_divdi3.o) (__clz_tab)

Allocating common symbols
Common symbol       size              file

xfunc_in            0x4               obj_emsk_22/gnu_arcem7d/middleware/common/xprintf.o
dw_uart_0           0x5c              obj_emsk_22/gnu_arcem7d/emsk/dw_uart_obj.o
xfunc_out           0x4               obj_emsk_22/gnu_arcem7d/middleware/common/xprintf.o
exc_nest_count      0x4               obj_emsk_22/gnu_arcem7d/arc/arc_exception.o
dw_uart_1           0x5c              obj_emsk_22/gnu_arcem7d/emsk/dw_uart_obj.o

Memory Configuration

Name             Origin             Length             Attributes
iccm             0x00000000         0x00040000
dccm             0x80000000         0x00020000
ddr              0x10000000         0x08000000
*default*        0x00000000         0xffffffff

Linker script and memory map

                0x00002000                _HEAPSIZE = 0x2000
                0x00002000                _STACKSIZE = 0x2000
LOAD c:/arc_gnu/bin/../lib/gcc/arc-elf32/7.1.1/../../../../arc-elf32/lib/arcem\libm.a

.init           0x10000000      0x198
                0x10000000                _f_init = .
 *(.init_vector)
 .init_vector   0x10000000        0x4 obj_emsk_22/gnu_arcem7d/arc/arc_startup.o
 *(.init_bootstrap)
 .init_bootstrap
                0x10000004      0x194 obj_emsk_22/gnu_arcem7d/arc/arc_startup.o
                0x10000004                _arc_reset
                0x10000004                _start
                0x10000184                _exit_loop
                0x10000184                _exit_halt
                0x10000198                _e_init = .

.text           0x10000198     0x392c
                0x10000198                _f_text = .
 *(.text .text.* .gnu.linkonce.t.*)
 .text          0x10000198       0x58 obj_emsk_22/gnu_arcem7d/main.o
                0x10000198                my_emsk_gpio_init
 .text.startup  0x100001f0       0x30 obj_emsk_22/gnu_arcem7d/main.o
                0x100001f0                main
 .text          0x10000220       0x38 obj_emsk_22/gnu_arcem7d/board.o
                0x10000220                board_main
 .text          0x10000258       0x38 obj_emsk_22/gnu_arcem7d/emsk/emsk_init.o
                0x10000258                board_init
 .text          0x10000290      0x26c obj_emsk_22/gnu_arcem7d/emsk/emsk_timer.o
                0x10000290                board_timer_update
                0x1000031c                emsk_timer_init
                0x1000037c                board_get_hwticks
                0x100003b4                board_get_cur_us
                0x1000040c                board_delay_ms
 .text          0x100004fc       0x44 obj_emsk_22/gnu_arcem7d/emsk/mux.o
                0x100004fc                mux_init
                0x10000510                get_mux_regs
                0x1000051c                set_pmod_mux
                0x10000520                get_pmod_mux
                0x10000524                change_pmod_mux
                0x10000530                set_spi_map
                0x10000534                get_spi_map
                0x10000538                set_uart_map
                0x1000053c                get_uart_map
 .text          0x10000540      0x1c8 obj_emsk_22/gnu_arcem7d/emsk/emsk_gpio.o
                0x10000540                emsk_led_init
                0x100005a4                emsk_button_init
                0x100005f4                emsk_switch_init
                0x10000644                emsk_gpio_init
                0x10000654                led_write
                0x10000670                led_read
                0x100006a0                switch_read
                0x100006d4                button_read
 .text          0x10000708      0x49c obj_emsk_22/gnu_arcem7d/emsk/dw_gpio_obj.o
                0x10000858                dw_gpio_all_install
                0x10000b54                gpio_get_dev
 .text          0x10000ba4        0x4 obj_emsk_22/gnu_arcem7d/emsk/emsk_sdcard.o
                0x10000ba4                emsk_sdcard_1ms_update
 .text          0x10000ba8      0x128 obj_emsk_22/gnu_arcem7d/middleware/common/console_io.o
                0x10000ba8                console_putchar
                0x10000bd4                console_getchar
                0x10000c10                console_putstr
                0x10000c24                console_getstr
                0x10000c38                xprintf_setup
 .text          0x10000cd0      0x708 obj_emsk_22/gnu_arcem7d/middleware/common/xprintf.o
                0x10000cd0                xputc
                0x10000d9c                xputs
                0x10000dbc                xfputs
                0x10000df0                xvprintf
                0x10001134                xprintf
                0x1000115c                xsprintf
                0x1000119c                xfprintf
                0x100011dc                put_dump
                0x100012b0                xgets
                0x100012c4                xfgets
                0x100012f8                xatoi
 .text          0x100013d8      0x1ec obj_emsk_22/gnu_arcem7d/arc/arc_timer.o
                0x100013d8                timer_present
                0x10001404                timer_start
                0x1000147c                timer_stop
                0x100014f8                timer_current
                0x10001540                timer_int_clear
                0x1000157c                timer_init
 .text          0x100015c4      0x220 obj_emsk_22/gnu_arcem7d/arc/arc_exception.o
                0x10001664                exc_entry_install
                0x100016d4                exc_entry_get
                0x100016e8                exc_handler_install
                0x10001700                exc_handler_get
                0x10001714                exc_int_init
                0x10001780                int_handler_install
                0x1000179c                int_handler_get
                0x100017b4                int_pri_set
                0x100017d0                exc_no2string
 .text          0x100017e4        0x0 obj_emsk_22/gnu_arcem7d/arc/arc_startup.o
 .text          0x100017e4      0x358 obj_emsk_22/gnu_arcem7d/arc/arc_exc_asm.o
                0x100017e4                exc_entry_cpu
                0x10001958                exc_entry_int
                0x10001a00                exc_entry_firq
 .text          0x10001b3c        0x4 obj_emsk_22/gnu_arcem7d/library/clib/embarc_misc.o
                0x10001b3c                gnu_printf_setup
 .text          0x10001b40      0x528 obj_emsk_22/gnu_arcem7d/emsk/dw_gpio.o
                0x10001b8c                dw_gpio_open
                0x10001c84                dw_gpio_close
                0x10001d30                dw_gpio_read
                0x10001d9c                dw_gpio_write
                0x10001de0                dw_gpio_control
                0x10001fc4                dw_gpio_isr_handler
 .text          0x10002068      0x1b4 obj_emsk_22/gnu_arcem7d/emsk/dw_uart_obj.o
                0x10002110                dw_uart_all_install
                0x100021bc                uart_get_dev
 .text          0x1000221c      0x408 obj_emsk_22/gnu_arcem7d/arc/arc_cache.o
                0x1000221c                icache_invalidate_mlines
                0x1000226c                icache_lock_mlines
                0x100022cc                icache_direct_write
                0x100022f8                icache_direct_read
                0x10002324                icache_indirect_read
                0x10002358                dcache_invalidate_mlines
                0x100023b0                dcache_flush_mlines
                0x10002408                dcache_lock_mlines
                0x10002468                dcache_direct_write
                0x10002494                dcache_direct_read
                0x100024c0                dcache_indirect_read
                0x100024f4                arc_cache_init
 .text          0x10002624      0xa3c obj_emsk_22/gnu_arcem7d/emsk/dw_uart.o
                0x100027e4                dw_uart_open
                0x10002990                dw_uart_close
                0x10002ab8                dw_uart_control
                0x10002e1c                dw_uart_write
                0x10002e7c                dw_uart_read
                0x10002edc                dw_uart_isr
 .text          0x10003060        0x0 c:/arc_gnu/bin/../lib/gcc/arc-elf32/7.1.1/arcem\libgcc.a(_divdi3.o)
 .text.__divdi3
                0x10003060      0x4fc c:/arc_gnu/bin/../lib/gcc/arc-elf32/7.1.1/arcem\libgcc.a(_divdi3.o)
                0x10003060                __divdi3
 .text          0x1000355c        0x0 c:/arc_gnu/bin/../lib/gcc/arc-elf32/7.1.1/arcem\libgcc.a(_udivdi3.o)
 .text.__udivdi3
                0x1000355c      0x4c8 c:/arc_gnu/bin/../lib/gcc/arc-elf32/7.1.1/arcem\libgcc.a(_udivdi3.o)
                0x1000355c                __udivdi3
 .text          0x10003a24        0x4 c:/arc_gnu/bin/../lib/gcc/arc-elf32/7.1.1/arcem\libgcc.a(_udivsi3.o)
                0x10003a24                __udivsi3
 .text          0x10003a28       0x1c c:/arc_gnu/bin/../lib/gcc/arc-elf32/7.1.1/arcem\libgcc.a(_divsi3.o)
                0x10003a28                __divsi3
 .text          0x10003a44       0x10 c:/arc_gnu/bin/../lib/gcc/arc-elf32/7.1.1/arcem\libgcc.a(_umodsi3.o)
                0x10003a44                __umodsi3
 .text          0x10003a54       0x70 c:/arc_gnu/bin/../lib/gcc/arc-elf32/7.1.1/arcem\libgcc.a(_divmod_tools.o)
                0x10003a54                __udivmodsi4
 .text          0x10003ac4        0x0 c:/arc_gnu/bin/../lib/gcc/arc-elf32/7.1.1/arcem\libgcc.a(_clz.o)
                0x10003ac4                _e_text = .

.rodata         0x10003ac4      0x73c
                0x10003ac4                _f_rodata = .
 *(.rodata .rodata.* .gnu.linkonce.r.*)
 .rodata.str1.4
                0x10003ac4        0x5 obj_emsk_22/gnu_arcem7d/board.o
                                  0x8 (size before relaxing)
 *fill*         0x10003ac9        0x3 
 .rodata        0x10003acc       0x10 obj_emsk_22/gnu_arcem7d/emsk/dw_gpio_obj.o
 .rodata.str1.4
                0x10003adc      0x320 obj_emsk_22/gnu_arcem7d/middleware/common/console_io.o
 .rodata        0x10003dfc       0x5c obj_emsk_22/gnu_arcem7d/middleware/common/xprintf.o
 .rodata.str1.4
                0x10003e58       0x1f obj_emsk_22/gnu_arcem7d/middleware/common/xprintf.o
                                 0x20 (size before relaxing)
 *fill*         0x10003e77        0x1 
 .rodata.str1.4
                0x10003e78      0x188 obj_emsk_22/gnu_arcem7d/arc/arc_exception.o
 .rodata        0x10004000       0x40 obj_emsk_22/gnu_arcem7d/arc/arc_exception.o
 .rodata        0x10004040       0x2c obj_emsk_22/gnu_arcem7d/emsk/dw_gpio.o
 .rodata        0x1000406c       0x94 obj_emsk_22/gnu_arcem7d/emsk/dw_uart.o
                0x100040f0                dw_uart_stopbits
                0x100040f4                dw_uart_parity
                0x100040fc                dw_uart_databits
 .rodata.__clz_tab
                0x10004100      0x100 c:/arc_gnu/bin/../lib/gcc/arc-elf32/7.1.1/arcem\libgcc.a(_clz.o)
                0x10004100                __clz_tab
                0x10004200                _e_rodata = .

.vector         0x10004400      0x400
                0x10004400                _f_vector = .
 *(.vector)
 .vector        0x10004400      0x400 obj_emsk_22/gnu_arcem7d/arc/arc_exception.o
                0x10004400                exc_entry_table
                0x10004800                _e_vector = .
                0x10004800                . = ALIGN (0x4)

.data           0x10004800       0xd8
                0x10004800                _f_data = .
 *(.data .data.* .gnu.linkonce.d.*)
 .data          0x10004800        0x0 obj_emsk_22/gnu_arcem7d/main.o
 .data          0x10004800        0x8 obj_emsk_22/gnu_arcem7d/board.o
                0x10004800                s_main_args
 .data          0x10004808        0x0 obj_emsk_22/gnu_arcem7d/emsk/emsk_init.o
 .data          0x10004808        0x0 obj_emsk_22/gnu_arcem7d/emsk/emsk_timer.o
 .data          0x10004808        0x0 obj_emsk_22/gnu_arcem7d/emsk/mux.o
 .data          0x10004808        0x0 obj_emsk_22/gnu_arcem7d/emsk/emsk_gpio.o
 .data          0x10004808        0x8 obj_emsk_22/gnu_arcem7d/emsk/dw_gpio_obj.o
 .data          0x10004810        0x0 obj_emsk_22/gnu_arcem7d/emsk/emsk_sdcard.o
 .data          0x10004810        0x0 obj_emsk_22/gnu_arcem7d/middleware/common/console_io.o
 .data          0x10004810        0x0 obj_emsk_22/gnu_arcem7d/middleware/common/xprintf.o
 .data          0x10004810        0x0 obj_emsk_22/gnu_arcem7d/arc/arc_timer.o
 .data          0x10004810       0x90 obj_emsk_22/gnu_arcem7d/arc/arc_exception.o
                0x10004810                exc_int_handler_table
 .data          0x100048a0        0x0 obj_emsk_22/gnu_arcem7d/arc/arc_startup.o
 .data          0x100048a0        0x0 obj_emsk_22/gnu_arcem7d/arc/arc_exc_asm.o
 .data          0x100048a0        0x0 obj_emsk_22/gnu_arcem7d/library/clib/embarc_misc.o
 .data          0x100048a0        0x0 obj_emsk_22/gnu_arcem7d/emsk/dw_gpio.o
 .data          0x100048a0       0x38 obj_emsk_22/gnu_arcem7d/emsk/dw_uart_obj.o
                0x100048a0                dw_uart_1_ctrl
                0x100048bc                dw_uart_0_ctrl
 .data          0x100048d8        0x0 obj_emsk_22/gnu_arcem7d/arc/arc_cache.o
 .data          0x100048d8        0x0 obj_emsk_22/gnu_arcem7d/emsk/dw_uart.o
 .data          0x100048d8        0x0 c:/arc_gnu/bin/../lib/gcc/arc-elf32/7.1.1/arcem\libgcc.a(_divdi3.o)
 .data          0x100048d8        0x0 c:/arc_gnu/bin/../lib/gcc/arc-elf32/7.1.1/arcem\libgcc.a(_udivdi3.o)
 .data          0x100048d8        0x0 c:/arc_gnu/bin/../lib/gcc/arc-elf32/7.1.1/arcem\libgcc.a(_udivsi3.o)
 .data          0x100048d8        0x0 c:/arc_gnu/bin/../lib/gcc/arc-elf32/7.1.1/arcem\libgcc.a(_divsi3.o)
 .data          0x100048d8        0x0 c:/arc_gnu/bin/../lib/gcc/arc-elf32/7.1.1/arcem\libgcc.a(_umodsi3.o)
 .data          0x100048d8        0x0 c:/arc_gnu/bin/../lib/gcc/arc-elf32/7.1.1/arcem\libgcc.a(_divmod_tools.o)
 .data          0x100048d8        0x0 c:/arc_gnu/bin/../lib/gcc/arc-elf32/7.1.1/arcem\libgcc.a(_clz.o)
                0x100048d8                . = ALIGN (0x4)

.sdata          0x100048d8        0x0
                0x100048d8                _f_sdata = .
                0x100048d8                __SDATA_BEGIN__ = .
 *(.sdata .sdata.* .gnu.linkonce.s.*)
                0x100048d8                _e_sdata = .
                0x100048d8                _e_data = .

.sbss           0x100048d8        0x0
                [!provide]                PROVIDE (__sbss_start, .)
                [!provide]                PROVIDE (___sbss_start, .)
                0x100048d8                _f_bss = .
                0x100048d8                _f_sbss = .
 *(.dynsbss)
 *(.sbss .sbss.* .gnu.linkonce.sb.*)
 *(.scommon)
                0x100048d8                _e_sbss = .
                [!provide]                PROVIDE (__sbss_end, .)
                [!provide]                PROVIDE (___sbss_end, .)

.bss            0x100048d8      0x290
 *(.dynbss)
 *(.bss .bss.* .gnu.linkonce.b.*)
 .bss           0x100048d8        0x4 obj_emsk_22/gnu_arcem7d/main.o
 .bss           0x100048dc        0x0 obj_emsk_22/gnu_arcem7d/board.o
 .bss           0x100048dc        0x0 obj_emsk_22/gnu_arcem7d/emsk/emsk_init.o
 .bss           0x100048dc       0x14 obj_emsk_22/gnu_arcem7d/emsk/emsk_timer.o
                0x100048e4                gl_emsk_ms_cnt
                0x100048e8                gl_emsk_sys_hz_cnt
 .bss           0x100048f0        0x4 obj_emsk_22/gnu_arcem7d/emsk/mux.o
 .bss           0x100048f4        0xc obj_emsk_22/gnu_arcem7d/emsk/emsk_gpio.o
 .bss           0x10004900      0x184 obj_emsk_22/gnu_arcem7d/emsk/dw_gpio_obj.o
 .bss           0x10004a84        0x0 obj_emsk_22/gnu_arcem7d/emsk/emsk_sdcard.o
 .bss           0x10004a84        0x8 obj_emsk_22/gnu_arcem7d/middleware/common/console_io.o
 .bss           0x10004a8c        0x4 obj_emsk_22/gnu_arcem7d/middleware/common/xprintf.o
 .bss           0x10004a90        0x0 obj_emsk_22/gnu_arcem7d/arc/arc_timer.o
 .bss           0x10004a90        0x0 obj_emsk_22/gnu_arcem7d/arc/arc_exception.o
 .bss           0x10004a90        0x0 obj_emsk_22/gnu_arcem7d/arc/arc_startup.o
 .bss           0x10004a90        0x0 obj_emsk_22/gnu_arcem7d/arc/arc_exc_asm.o
 .bss           0x10004a90        0x0 obj_emsk_22/gnu_arcem7d/library/clib/embarc_misc.o
 .bss           0x10004a90        0x0 obj_emsk_22/gnu_arcem7d/emsk/dw_gpio.o
 .bss           0x10004a90        0x4 obj_emsk_22/gnu_arcem7d/emsk/dw_uart_obj.o
 .bss           0x10004a94       0x10 obj_emsk_22/gnu_arcem7d/arc/arc_cache.o
 .bss           0x10004aa4        0x0 obj_emsk_22/gnu_arcem7d/emsk/dw_uart.o
 .bss           0x10004aa4        0x0 c:/arc_gnu/bin/../lib/gcc/arc-elf32/7.1.1/arcem\libgcc.a(_divdi3.o)
 .bss           0x10004aa4        0x0 c:/arc_gnu/bin/../lib/gcc/arc-elf32/7.1.1/arcem\libgcc.a(_udivdi3.o)
 .bss           0x10004aa4        0x0 c:/arc_gnu/bin/../lib/gcc/arc-elf32/7.1.1/arcem\libgcc.a(_udivsi3.o)
 .bss           0x10004aa4        0x0 c:/arc_gnu/bin/../lib/gcc/arc-elf32/7.1.1/arcem\libgcc.a(_divsi3.o)
 .bss           0x10004aa4        0x0 c:/arc_gnu/bin/../lib/gcc/arc-elf32/7.1.1/arcem\libgcc.a(_umodsi3.o)
 .bss           0x10004aa4        0x0 c:/arc_gnu/bin/../lib/gcc/arc-elf32/7.1.1/arcem\libgcc.a(_divmod_tools.o)
 .bss           0x10004aa4        0x0 c:/arc_gnu/bin/../lib/gcc/arc-elf32/7.1.1/arcem\libgcc.a(_clz.o)
 *(COMMON)
 COMMON         0x10004aa4        0x8 obj_emsk_22/gnu_arcem7d/middleware/common/xprintf.o
                0x10004aa4                xfunc_in
                0x10004aa8                xfunc_out
 COMMON         0x10004aac        0x4 obj_emsk_22/gnu_arcem7d/arc/arc_exception.o
                0x10004aac                exc_nest_count
 COMMON         0x10004ab0       0xb8 obj_emsk_22/gnu_arcem7d/emsk/dw_uart_obj.o
                0x10004ab0                dw_uart_0
                0x10004b0c                dw_uart_1
                0x10004b68                _e_bss = .

.stack          0x10004b68     0x2000
                0x10004b68                . = ALIGN (0x4)
                0x10004b68                _f_stack = .
                0x10005b68                . = (. + DEFINED (_STACKSIZE)?_STACKSIZE:0x1000)
 *fill*         0x10004b68     0x2000 
                0x10006b68                _e_stack = .

.heap           0x10006b68     0x2000
                0x10006b68                . = ALIGN (0x4)
                0x10006b68                __start_heap = .
                0x10006b68                _f_heap = .
                0x10007b68                . = (. + DEFINED (_HEAPSIZE)?_HEAPSIZE:0x1000)
 *fill*         0x10006b68     0x2000 
                0x10008b68                _e_heap = .
                0x10008b68                __end_heap = .
                0x10000198                _load_addr_text = LOADADDR (.text)
                0x10003ac4                _load_addr_rodata = LOADADDR (.rodata)
                0x10004800                _load_addr_data = LOADADDR (.data)
LOAD obj_emsk_22/gnu_arcem7d/main.o
LOAD obj_emsk_22/gnu_arcem7d/board.o
START GROUP
LOAD obj_emsk_22/gnu_arcem7d/libembarc.a
LOAD c:/arc_gnu/bin/../lib/gcc/arc-elf32/7.1.1/../../../../arc-elf32/lib/arcem\libm.a
LOAD c:/arc_gnu/bin/../lib/gcc/arc-elf32/7.1.1/../../../../arc-elf32/lib/arcem\libc.a
LOAD c:/arc_gnu/bin/../lib/gcc/arc-elf32/7.1.1/arcem\libgcc.a
END GROUP
START GROUP
LOAD c:/arc_gnu/bin/../lib/gcc/arc-elf32/7.1.1/arcem\libgcc.a
LOAD c:/arc_gnu/bin/../lib/gcc/arc-elf32/7.1.1/../../../../arc-elf32/lib/arcem\libc.a
LOAD c:/arc_gnu/bin/../lib/gcc/arc-elf32/7.1.1/../../../../arc-elf32/lib/arcem\libnosys.a
END GROUP
OUTPUT(obj_emsk_22/gnu_arcem7d/gpio_gnu_arcem7d.elf elf32-littlearc)

.debug_info     0x00000000     0xb0d8
 .debug_info    0x00000000      0xd6a obj_emsk_22/gnu_arcem7d/main.o
 .debug_info    0x00000d6a      0xcb3 obj_emsk_22/gnu_arcem7d/board.o
 .debug_info    0x00001a1d      0x3d6 obj_emsk_22/gnu_arcem7d/emsk/emsk_init.o
 .debug_info    0x00001df3      0x648 obj_emsk_22/gnu_arcem7d/emsk/emsk_timer.o
 .debug_info    0x0000243b      0x227 obj_emsk_22/gnu_arcem7d/emsk/mux.o
 .debug_info    0x00002662      0x75e obj_emsk_22/gnu_arcem7d/emsk/emsk_gpio.o
 .debug_info    0x00002dc0     0x102f obj_emsk_22/gnu_arcem7d/emsk/dw_gpio_obj.o
 .debug_info    0x00003def       0x7d obj_emsk_22/gnu_arcem7d/emsk/emsk_sdcard.o
 .debug_info    0x00003e6c      0xf66 obj_emsk_22/gnu_arcem7d/middleware/common/console_io.o
 .debug_info    0x00004dd2      0x796 obj_emsk_22/gnu_arcem7d/middleware/common/xprintf.o
 .debug_info    0x00005568      0x367 obj_emsk_22/gnu_arcem7d/arc/arc_timer.o
 .debug_info    0x000058cf      0x811 obj_emsk_22/gnu_arcem7d/arc/arc_exception.o
 .debug_info    0x000060e0       0x26 obj_emsk_22/gnu_arcem7d/arc/arc_startup.o
 .debug_info    0x00006106       0x26 obj_emsk_22/gnu_arcem7d/arc/arc_exc_asm.o
 .debug_info    0x0000612c      0x947 obj_emsk_22/gnu_arcem7d/library/clib/embarc_misc.o
 .debug_info    0x00006a73     0x129b obj_emsk_22/gnu_arcem7d/emsk/dw_gpio.o
 .debug_info    0x00007d0e      0xaa5 obj_emsk_22/gnu_arcem7d/emsk/dw_uart_obj.o
 .debug_info    0x000087b3      0x947 obj_emsk_22/gnu_arcem7d/arc/arc_cache.o
 .debug_info    0x000090fa     0x1fde obj_emsk_22/gnu_arcem7d/emsk/dw_uart.o

.debug_abbrev   0x00000000     0x2b9b
 .debug_abbrev  0x00000000      0x2a0 obj_emsk_22/gnu_arcem7d/main.o
 .debug_abbrev  0x000002a0      0x305 obj_emsk_22/gnu_arcem7d/board.o
 .debug_abbrev  0x000005a5      0x1e2 obj_emsk_22/gnu_arcem7d/emsk/emsk_init.o
 .debug_abbrev  0x00000787      0x331 obj_emsk_22/gnu_arcem7d/emsk/emsk_timer.o
 .debug_abbrev  0x00000ab8       0xeb obj_emsk_22/gnu_arcem7d/emsk/mux.o
 .debug_abbrev  0x00000ba3      0x271 obj_emsk_22/gnu_arcem7d/emsk/emsk_gpio.o
 .debug_abbrev  0x00000e14      0x2ff obj_emsk_22/gnu_arcem7d/emsk/dw_gpio_obj.o
 .debug_abbrev  0x00001113       0x42 obj_emsk_22/gnu_arcem7d/emsk/emsk_sdcard.o
 .debug_abbrev  0x00001155      0x320 obj_emsk_22/gnu_arcem7d/middleware/common/console_io.o
 .debug_abbrev  0x00001475      0x2a0 obj_emsk_22/gnu_arcem7d/middleware/common/xprintf.o
 .debug_abbrev  0x00001715      0x186 obj_emsk_22/gnu_arcem7d/arc/arc_timer.o
 .debug_abbrev  0x0000189b      0x346 obj_emsk_22/gnu_arcem7d/arc/arc_exception.o
 .debug_abbrev  0x00001be1       0x14 obj_emsk_22/gnu_arcem7d/arc/arc_startup.o
 .debug_abbrev  0x00001bf5       0x14 obj_emsk_22/gnu_arcem7d/arc/arc_exc_asm.o
 .debug_abbrev  0x00001c09      0x1a7 obj_emsk_22/gnu_arcem7d/library/clib/embarc_misc.o
 .debug_abbrev  0x00001db0      0x38b obj_emsk_22/gnu_arcem7d/emsk/dw_gpio.o
 .debug_abbrev  0x0000213b      0x28d obj_emsk_22/gnu_arcem7d/emsk/dw_uart_obj.o
 .debug_abbrev  0x000023c8      0x316 obj_emsk_22/gnu_arcem7d/arc/arc_cache.o
 .debug_abbrev  0x000026de      0x4bd obj_emsk_22/gnu_arcem7d/emsk/dw_uart.o

.debug_aranges  0x00000000      0x268
 .debug_aranges
                0x00000000       0x28 obj_emsk_22/gnu_arcem7d/main.o
 .debug_aranges
                0x00000028       0x20 obj_emsk_22/gnu_arcem7d/board.o
 .debug_aranges
                0x00000048       0x20 obj_emsk_22/gnu_arcem7d/emsk/emsk_init.o
 .debug_aranges
                0x00000068       0x20 obj_emsk_22/gnu_arcem7d/emsk/emsk_timer.o
 .debug_aranges
                0x00000088       0x20 obj_emsk_22/gnu_arcem7d/emsk/mux.o
 .debug_aranges
                0x000000a8       0x20 obj_emsk_22/gnu_arcem7d/emsk/emsk_gpio.o
 .debug_aranges
                0x000000c8       0x20 obj_emsk_22/gnu_arcem7d/emsk/dw_gpio_obj.o
 .debug_aranges
                0x000000e8       0x20 obj_emsk_22/gnu_arcem7d/emsk/emsk_sdcard.o
 .debug_aranges
                0x00000108       0x20 obj_emsk_22/gnu_arcem7d/middleware/common/console_io.o
 .debug_aranges
                0x00000128       0x20 obj_emsk_22/gnu_arcem7d/middleware/common/xprintf.o
 .debug_aranges
                0x00000148       0x20 obj_emsk_22/gnu_arcem7d/arc/arc_timer.o
 .debug_aranges
                0x00000168       0x20 obj_emsk_22/gnu_arcem7d/arc/arc_exception.o
 .debug_aranges
                0x00000188       0x20 obj_emsk_22/gnu_arcem7d/arc/arc_startup.o
 .debug_aranges
                0x000001a8       0x20 obj_emsk_22/gnu_arcem7d/arc/arc_exc_asm.o
 .debug_aranges
                0x000001c8       0x20 obj_emsk_22/gnu_arcem7d/library/clib/embarc_misc.o
 .debug_aranges
                0x000001e8       0x20 obj_emsk_22/gnu_arcem7d/emsk/dw_gpio.o
 .debug_aranges
                0x00000208       0x20 obj_emsk_22/gnu_arcem7d/emsk/dw_uart_obj.o
 .debug_aranges
                0x00000228       0x20 obj_emsk_22/gnu_arcem7d/arc/arc_cache.o
 .debug_aranges
                0x00000248       0x20 obj_emsk_22/gnu_arcem7d/emsk/dw_uart.o

.debug_ranges   0x00000000      0x4b8
 .debug_ranges  0x00000000       0x18 obj_emsk_22/gnu_arcem7d/main.o
 .debug_ranges  0x00000018       0x38 obj_emsk_22/gnu_arcem7d/emsk/emsk_timer.o
 .debug_ranges  0x00000050       0x20 obj_emsk_22/gnu_arcem7d/emsk/emsk_gpio.o
 .debug_ranges  0x00000070       0x70 obj_emsk_22/gnu_arcem7d/emsk/dw_gpio_obj.o
 .debug_ranges  0x000000e0       0x18 obj_emsk_22/gnu_arcem7d/middleware/common/console_io.o
 .debug_ranges  0x000000f8       0x18 obj_emsk_22/gnu_arcem7d/middleware/common/xprintf.o
 .debug_ranges  0x00000110       0x18 obj_emsk_22/gnu_arcem7d/arc/arc_timer.o
 .debug_ranges  0x00000128      0x138 obj_emsk_22/gnu_arcem7d/emsk/dw_gpio.o
 .debug_ranges  0x00000260       0xc0 obj_emsk_22/gnu_arcem7d/arc/arc_cache.o
 .debug_ranges  0x00000320      0x198 obj_emsk_22/gnu_arcem7d/emsk/dw_uart.o

.debug_line     0x00000000     0x26a0
 .debug_line    0x00000000      0x220 obj_emsk_22/gnu_arcem7d/main.o
 .debug_line    0x00000220      0x246 obj_emsk_22/gnu_arcem7d/board.o
 .debug_line    0x00000466      0x1d5 obj_emsk_22/gnu_arcem7d/emsk/emsk_init.o
 .debug_line    0x0000063b      0x200 obj_emsk_22/gnu_arcem7d/emsk/emsk_timer.o
 .debug_line    0x0000083b       0xe3 obj_emsk_22/gnu_arcem7d/emsk/mux.o
 .debug_line    0x0000091e      0x1ac obj_emsk_22/gnu_arcem7d/emsk/emsk_gpio.o
 .debug_line    0x00000aca      0x285 obj_emsk_22/gnu_arcem7d/emsk/dw_gpio_obj.o
 .debug_line    0x00000d4f       0x5f obj_emsk_22/gnu_arcem7d/emsk/emsk_sdcard.o
 .debug_line    0x00000dae      0x242 obj_emsk_22/gnu_arcem7d/middleware/common/console_io.o
 .debug_line    0x00000ff0      0x277 obj_emsk_22/gnu_arcem7d/middleware/common/xprintf.o
 .debug_line    0x00001267      0x16b obj_emsk_22/gnu_arcem7d/arc/arc_timer.o
 .debug_line    0x000013d2      0x221 obj_emsk_22/gnu_arcem7d/arc/arc_exception.o
 .debug_line    0x000015f3       0xa9 obj_emsk_22/gnu_arcem7d/arc/arc_startup.o
 .debug_line    0x0000169c       0x88 obj_emsk_22/gnu_arcem7d/arc/arc_exc_asm.o
 .debug_line    0x00001724      0x164 obj_emsk_22/gnu_arcem7d/library/clib/embarc_misc.o
 .debug_line    0x00001888      0x357 obj_emsk_22/gnu_arcem7d/emsk/dw_gpio.o
 .debug_line    0x00001bdf      0x21e obj_emsk_22/gnu_arcem7d/emsk/dw_uart_obj.o
 .debug_line    0x00001dfd      0x34a obj_emsk_22/gnu_arcem7d/arc/arc_cache.o
 .debug_line    0x00002147      0x559 obj_emsk_22/gnu_arcem7d/emsk/dw_uart.o

.debug_str      0x00000000     0x1f2c
 .debug_str     0x00000000      0x7f6 obj_emsk_22/gnu_arcem7d/main.o
                                0x8e6 (size before relaxing)
 .debug_str     0x000007f6       0xc6 obj_emsk_22/gnu_arcem7d/board.o
                                0x89b (size before relaxing)
 .debug_str     0x000008bc       0x64 obj_emsk_22/gnu_arcem7d/emsk/emsk_init.o
                                0x48a (size before relaxing)
 .debug_str     0x00000920      0x15c obj_emsk_22/gnu_arcem7d/emsk/emsk_timer.o
                                0x576 (size before relaxing)
 .debug_str     0x00000a7c       0x8c obj_emsk_22/gnu_arcem7d/emsk/mux.o
                                0x262 (size before relaxing)
 .debug_str     0x00000b08       0xb0 obj_emsk_22/gnu_arcem7d/emsk/emsk_gpio.o
                                0x570 (size before relaxing)
 .debug_str     0x00000bb8      0x40f obj_emsk_22/gnu_arcem7d/emsk/dw_gpio_obj.o
                                0x910 (size before relaxing)
 .debug_str     0x00000fc7       0x2e obj_emsk_22/gnu_arcem7d/emsk/emsk_sdcard.o
                                0x1d3 (size before relaxing)
 .debug_str     0x00000ff5      0x160 obj_emsk_22/gnu_arcem7d/middleware/common/console_io.o
                                0x9ed (size before relaxing)
 .debug_str     0x00001155       0xa7 obj_emsk_22/gnu_arcem7d/middleware/common/xprintf.o
                                0x22c (size before relaxing)
 .debug_str     0x000011fc       0x26 obj_emsk_22/gnu_arcem7d/arc/arc_timer.o
                                0x231 (size before relaxing)
 .debug_str     0x00001222      0x20d obj_emsk_22/gnu_arcem7d/arc/arc_exception.o
                                0x479 (size before relaxing)
 .debug_str     0x0000142f       0x1d obj_emsk_22/gnu_arcem7d/arc/arc_startup.o
                                 0x53 (size before relaxing)
 .debug_str     0x0000144c        0xe obj_emsk_22/gnu_arcem7d/arc/arc_exc_asm.o
                                 0x53 (size before relaxing)
 .debug_str     0x0000145a       0x21 obj_emsk_22/gnu_arcem7d/library/clib/embarc_misc.o
                                0x61f (size before relaxing)
 .debug_str     0x0000147b      0x336 obj_emsk_22/gnu_arcem7d/emsk/dw_gpio.o
                                0x8c8 (size before relaxing)
 .debug_str     0x000017b1      0x25b obj_emsk_22/gnu_arcem7d/emsk/dw_uart_obj.o
                                0x7a7 (size before relaxing)
 .debug_str     0x00001a0c      0x1d9 obj_emsk_22/gnu_arcem7d/arc/arc_cache.o
                                0x468 (size before relaxing)
 .debug_str     0x00001be5      0x347 obj_emsk_22/gnu_arcem7d/emsk/dw_uart.o
                                0xcdb (size before relaxing)

.comment        0x00000000       0x42
 .comment       0x00000000       0x42 obj_emsk_22/gnu_arcem7d/main.o
                                 0x43 (size before relaxing)
 .comment       0x00000042       0x43 obj_emsk_22/gnu_arcem7d/board.o
 .comment       0x00000042       0x43 obj_emsk_22/gnu_arcem7d/emsk/emsk_init.o
 .comment       0x00000042       0x43 obj_emsk_22/gnu_arcem7d/emsk/emsk_timer.o
 .comment       0x00000042       0x43 obj_emsk_22/gnu_arcem7d/emsk/mux.o
 .comment       0x00000042       0x43 obj_emsk_22/gnu_arcem7d/emsk/emsk_gpio.o
 .comment       0x00000042       0x43 obj_emsk_22/gnu_arcem7d/emsk/dw_gpio_obj.o
 .comment       0x00000042       0x43 obj_emsk_22/gnu_arcem7d/emsk/emsk_sdcard.o
 .comment       0x00000042       0x43 obj_emsk_22/gnu_arcem7d/middleware/common/console_io.o
 .comment       0x00000042       0x43 obj_emsk_22/gnu_arcem7d/middleware/common/xprintf.o
 .comment       0x00000042       0x43 obj_emsk_22/gnu_arcem7d/arc/arc_timer.o
 .comment       0x00000042       0x43 obj_emsk_22/gnu_arcem7d/arc/arc_exception.o
 .comment       0x00000042       0x43 obj_emsk_22/gnu_arcem7d/library/clib/embarc_misc.o
 .comment       0x00000042       0x43 obj_emsk_22/gnu_arcem7d/emsk/dw_gpio.o
 .comment       0x00000042       0x43 obj_emsk_22/gnu_arcem7d/emsk/dw_uart_obj.o
 .comment       0x00000042       0x43 obj_emsk_22/gnu_arcem7d/arc/arc_cache.o
 .comment       0x00000042       0x43 obj_emsk_22/gnu_arcem7d/emsk/dw_uart.o

.note.GNU-stack
                0x00000000        0x0
 .note.GNU-stack
                0x00000000        0x0 obj_emsk_22/gnu_arcem7d/main.o
 .note.GNU-stack
                0x00000000        0x0 obj_emsk_22/gnu_arcem7d/board.o
 .note.GNU-stack
                0x00000000        0x0 obj_emsk_22/gnu_arcem7d/emsk/emsk_init.o
 .note.GNU-stack
                0x00000000        0x0 obj_emsk_22/gnu_arcem7d/emsk/emsk_timer.o
 .note.GNU-stack
                0x00000000        0x0 obj_emsk_22/gnu_arcem7d/emsk/mux.o
 .note.GNU-stack
                0x00000000        0x0 obj_emsk_22/gnu_arcem7d/emsk/emsk_gpio.o
 .note.GNU-stack
                0x00000000        0x0 obj_emsk_22/gnu_arcem7d/emsk/dw_gpio_obj.o
 .note.GNU-stack
                0x00000000        0x0 obj_emsk_22/gnu_arcem7d/emsk/emsk_sdcard.o
 .note.GNU-stack
                0x00000000        0x0 obj_emsk_22/gnu_arcem7d/middleware/common/console_io.o
 .note.GNU-stack
                0x00000000        0x0 obj_emsk_22/gnu_arcem7d/middleware/common/xprintf.o
 .note.GNU-stack
                0x00000000        0x0 obj_emsk_22/gnu_arcem7d/arc/arc_timer.o
 .note.GNU-stack
                0x00000000        0x0 obj_emsk_22/gnu_arcem7d/arc/arc_exception.o
 .note.GNU-stack
                0x00000000        0x0 obj_emsk_22/gnu_arcem7d/library/clib/embarc_misc.o
 .note.GNU-stack
                0x00000000        0x0 obj_emsk_22/gnu_arcem7d/emsk/dw_gpio.o
 .note.GNU-stack
                0x00000000        0x0 obj_emsk_22/gnu_arcem7d/emsk/dw_uart_obj.o
 .note.GNU-stack
                0x00000000        0x0 obj_emsk_22/gnu_arcem7d/arc/arc_cache.o
 .note.GNU-stack
                0x00000000        0x0 obj_emsk_22/gnu_arcem7d/emsk/dw_uart.o
 .note.GNU-stack
                0x00000000        0x0 c:/arc_gnu/bin/../lib/gcc/arc-elf32/7.1.1/arcem\libgcc.a(_divdi3.o)
 .note.GNU-stack
                0x00000000        0x0 c:/arc_gnu/bin/../lib/gcc/arc-elf32/7.1.1/arcem\libgcc.a(_udivdi3.o)
 .note.GNU-stack
                0x00000000        0x0 c:/arc_gnu/bin/../lib/gcc/arc-elf32/7.1.1/arcem\libgcc.a(_clz.o)

.ARC.attributes
                0x00000000       0x32
 .ARC.attributes
                0x00000000       0x23 obj_emsk_22/gnu_arcem7d/main.o
 .ARC.attributes
                0x00000023       0x23 obj_emsk_22/gnu_arcem7d/board.o
 .ARC.attributes
                0x00000046       0x23 obj_emsk_22/gnu_arcem7d/emsk/emsk_init.o
 .ARC.attributes
                0x00000069       0x28 obj_emsk_22/gnu_arcem7d/emsk/emsk_timer.o
 .ARC.attributes
                0x00000091       0x23 obj_emsk_22/gnu_arcem7d/emsk/mux.o
 .ARC.attributes
                0x000000b4       0x23 obj_emsk_22/gnu_arcem7d/emsk/emsk_gpio.o
 .ARC.attributes
                0x000000d7       0x26 obj_emsk_22/gnu_arcem7d/emsk/dw_gpio_obj.o
 .ARC.attributes
                0x000000fd       0x23 obj_emsk_22/gnu_arcem7d/emsk/emsk_sdcard.o
 .ARC.attributes
                0x00000120       0x23 obj_emsk_22/gnu_arcem7d/middleware/common/console_io.o
 .ARC.attributes
                0x00000143       0x2d obj_emsk_22/gnu_arcem7d/middleware/common/xprintf.o
 .ARC.attributes
                0x00000170       0x26 obj_emsk_22/gnu_arcem7d/arc/arc_timer.o
 .ARC.attributes
                0x00000196       0x26 obj_emsk_22/gnu_arcem7d/arc/arc_exception.o
 .ARC.attributes
                0x000001bc       0x1f obj_emsk_22/gnu_arcem7d/arc/arc_startup.o
 .ARC.attributes
                0x000001db       0x22 obj_emsk_22/gnu_arcem7d/arc/arc_exc_asm.o
 .ARC.attributes
                0x000001fd       0x23 obj_emsk_22/gnu_arcem7d/library/clib/embarc_misc.o
 .ARC.attributes
                0x00000220       0x28 obj_emsk_22/gnu_arcem7d/emsk/dw_gpio.o
 .ARC.attributes
                0x00000248       0x23 obj_emsk_22/gnu_arcem7d/emsk/dw_uart_obj.o
 .ARC.attributes
                0x0000026b       0x26 obj_emsk_22/gnu_arcem7d/arc/arc_cache.o
 .ARC.attributes
                0x00000291       0x2e obj_emsk_22/gnu_arcem7d/emsk/dw_uart.o
 .ARC.attributes
                0x000002bf       0x2a c:/arc_gnu/bin/../lib/gcc/arc-elf32/7.1.1/arcem\libgcc.a(_divdi3.o)
 .ARC.attributes
                0x000002e9       0x2a c:/arc_gnu/bin/../lib/gcc/arc-elf32/7.1.1/arcem\libgcc.a(_udivdi3.o)
 .ARC.attributes
                0x00000313       0x1f c:/arc_gnu/bin/../lib/gcc/arc-elf32/7.1.1/arcem\libgcc.a(_udivsi3.o)
 .ARC.attributes
                0x00000332       0x1f c:/arc_gnu/bin/../lib/gcc/arc-elf32/7.1.1/arcem\libgcc.a(_divsi3.o)
 .ARC.attributes
                0x00000351       0x1f c:/arc_gnu/bin/../lib/gcc/arc-elf32/7.1.1/arcem\libgcc.a(_umodsi3.o)
 .ARC.attributes
                0x00000370       0x22 c:/arc_gnu/bin/../lib/gcc/arc-elf32/7.1.1/arcem\libgcc.a(_divmod_tools.o)
 .ARC.attributes
                0x00000392       0x25 c:/arc_gnu/bin/../lib/gcc/arc-elf32/7.1.1/arcem\libgcc.a(_clz.o)

.debug_frame    0x00000000      0xf28
 .debug_frame   0x00000000       0x58 obj_emsk_22/gnu_arcem7d/main.o
 .debug_frame   0x00000058       0x28 obj_emsk_22/gnu_arcem7d/board.o
 .debug_frame   0x00000080       0x34 obj_emsk_22/gnu_arcem7d/emsk/emsk_init.o
 .debug_frame   0x000000b4       0xf8 obj_emsk_22/gnu_arcem7d/emsk/emsk_timer.o
 .debug_frame   0x000001ac       0xa0 obj_emsk_22/gnu_arcem7d/emsk/mux.o
 .debug_frame   0x0000024c      0x130 obj_emsk_22/gnu_arcem7d/emsk/emsk_gpio.o
 .debug_frame   0x0000037c      0x1c4 obj_emsk_22/gnu_arcem7d/emsk/dw_gpio_obj.o
 .debug_frame   0x00000540       0x20 obj_emsk_22/gnu_arcem7d/emsk/emsk_sdcard.o
 .debug_frame   0x00000560       0xa8 obj_emsk_22/gnu_arcem7d/middleware/common/console_io.o
 .debug_frame   0x00000608      0x204 obj_emsk_22/gnu_arcem7d/middleware/common/xprintf.o
 .debug_frame   0x0000080c       0x7c obj_emsk_22/gnu_arcem7d/arc/arc_timer.o
 .debug_frame   0x00000888      0x100 obj_emsk_22/gnu_arcem7d/arc/arc_exception.o
 .debug_frame   0x00000988       0x20 obj_emsk_22/gnu_arcem7d/library/clib/embarc_misc.o
 .debug_frame   0x000009a8       0xf8 obj_emsk_22/gnu_arcem7d/emsk/dw_gpio.o
 .debug_frame   0x00000aa0      0x10c obj_emsk_22/gnu_arcem7d/emsk/dw_uart_obj.o
 .debug_frame   0x00000bac       0xd0 obj_emsk_22/gnu_arcem7d/arc/arc_cache.o
 .debug_frame   0x00000c7c      0x1f0 obj_emsk_22/gnu_arcem7d/emsk/dw_uart.o
 .debug_frame   0x00000e6c       0x60 c:/arc_gnu/bin/../lib/gcc/arc-elf32/7.1.1/arcem\libgcc.a(_divdi3.o)
 .debug_frame   0x00000ecc       0x5c c:/arc_gnu/bin/../lib/gcc/arc-elf32/7.1.1/arcem\libgcc.a(_udivdi3.o)

.debug_loc      0x00000000     0x4fc0
 .debug_loc     0x00000000       0x3a obj_emsk_22/gnu_arcem7d/board.o
 .debug_loc     0x0000003a       0x13 obj_emsk_22/gnu_arcem7d/emsk/emsk_init.o
 .debug_loc     0x0000004d      0x14c obj_emsk_22/gnu_arcem7d/emsk/emsk_timer.o
 .debug_loc     0x00000199       0x84 obj_emsk_22/gnu_arcem7d/emsk/mux.o
 .debug_loc     0x0000021d      0x182 obj_emsk_22/gnu_arcem7d/emsk/emsk_gpio.o
 .debug_loc     0x0000039f      0x5d9 obj_emsk_22/gnu_arcem7d/emsk/dw_gpio_obj.o
 .debug_loc     0x00000978       0xc5 obj_emsk_22/gnu_arcem7d/middleware/common/console_io.o
 .debug_loc     0x00000a3d      0xd33 obj_emsk_22/gnu_arcem7d/middleware/common/xprintf.o
 .debug_loc     0x00001770      0x336 obj_emsk_22/gnu_arcem7d/arc/arc_timer.o
 .debug_loc     0x00001aa6      0x2e2 obj_emsk_22/gnu_arcem7d/arc/arc_exception.o
 .debug_loc     0x00001d88     0x131b obj_emsk_22/gnu_arcem7d/emsk/dw_gpio.o
 .debug_loc     0x000030a3      0x3b4 obj_emsk_22/gnu_arcem7d/emsk/dw_uart_obj.o
 .debug_loc     0x00003457      0x4bc obj_emsk_22/gnu_arcem7d/arc/arc_cache.o
 .debug_loc     0x00003913     0x16ad obj_emsk_22/gnu_arcem7d/emsk/dw_uart.o
