Archive member included to satisfy reference by file (symbol)

obj_emsk_22/gnu_arcem7d/emsk/emsk_init.o
                              obj_emsk_22/gnu_arcem7d/board.o (board_init)
obj_emsk_22/gnu_arcem7d/emsk/emsk_timer.o
                              obj_emsk_22/gnu_arcem7d/emsk/emsk_init.o (emsk_timer_init)
obj_emsk_22/gnu_arcem7d/emsk/mux.o
                              obj_emsk_22/gnu_arcem7d/emsk/emsk_init.o (mux_init)
obj_emsk_22/gnu_arcem7d/emsk/dw_iic_obj.o
                              obj_emsk_22/gnu_arcem7d/main.o (iic_get_dev)
obj_emsk_22/gnu_arcem7d/emsk/emsk_gpio.o
                              obj_emsk_22/gnu_arcem7d/emsk/emsk_init.o (emsk_gpio_init)
obj_emsk_22/gnu_arcem7d/emsk/dw_gpio_obj.o
                              obj_emsk_22/gnu_arcem7d/emsk/emsk_gpio.o (gpio_get_dev)
obj_emsk_22/gnu_arcem7d/emsk/emsk_sdcard.o
                              obj_emsk_22/gnu_arcem7d/emsk/emsk_timer.o (emsk_sdcard_1ms_update)
obj_emsk_22/gnu_arcem7d/middleware/common/console_io.o
                              obj_emsk_22/gnu_arcem7d/board.o (xprintf_setup)
obj_emsk_22/gnu_arcem7d/middleware/common/xprintf.o
                              obj_emsk_22/gnu_arcem7d/middleware/common/console_io.o (xfunc_out)
obj_emsk_22/gnu_arcem7d/arc/arc_timer.o
                              obj_emsk_22/gnu_arcem7d/emsk/emsk_timer.o (timer_present)
obj_emsk_22/gnu_arcem7d/arc/arc_exception.o
                              obj_emsk_22/gnu_arcem7d/emsk/emsk_timer.o (int_handler_install)
obj_emsk_22/gnu_arcem7d/arc/arc_startup.o
                              obj_emsk_22/gnu_arcem7d/arc/arc_exception.o (_arc_reset)
obj_emsk_22/gnu_arcem7d/arc/arc_exc_asm.o
                              obj_emsk_22/gnu_arcem7d/arc/arc_exception.o (exc_entry_cpu)
obj_emsk_22/gnu_arcem7d/library/clib/embarc_misc.o
                              obj_emsk_22/gnu_arcem7d/middleware/common/console_io.o (gnu_printf_setup)
obj_emsk_22/gnu_arcem7d/emsk/dw_iic.o
                              obj_emsk_22/gnu_arcem7d/emsk/dw_iic_obj.o (dw_iic_open)
obj_emsk_22/gnu_arcem7d/emsk/dw_gpio.o
                              obj_emsk_22/gnu_arcem7d/emsk/dw_gpio_obj.o (dw_gpio_open)
obj_emsk_22/gnu_arcem7d/emsk/dw_uart_obj.o
                              obj_emsk_22/gnu_arcem7d/middleware/common/console_io.o (uart_get_dev)
obj_emsk_22/gnu_arcem7d/arc/arc_cache.o
                              obj_emsk_22/gnu_arcem7d/arc/arc_startup.o (arc_cache_init)
obj_emsk_22/gnu_arcem7d/emsk/dw_uart.o
                              obj_emsk_22/gnu_arcem7d/emsk/dw_uart_obj.o (dw_uart_open)
c:/arc_gnu/bin/../lib/gcc/arc-elf32/7.1.1/arcem\libgcc.a(_divdi3.o)
                              obj_emsk_22/gnu_arcem7d/emsk/emsk_timer.o (__divdi3)
c:/arc_gnu/bin/../lib/gcc/arc-elf32/7.1.1/arcem\libgcc.a(_udivdi3.o)
                              obj_emsk_22/gnu_arcem7d/emsk/emsk_timer.o (__udivdi3)
c:/arc_gnu/bin/../lib/gcc/arc-elf32/7.1.1/arcem\libgcc.a(_udivsi3.o)
                              c:/arc_gnu/bin/../lib/gcc/arc-elf32/7.1.1/arcem\libgcc.a(_divdi3.o) (__udivsi3)
c:/arc_gnu/bin/../lib/gcc/arc-elf32/7.1.1/arcem\libgcc.a(_divsi3.o)
                              c:/arc_gnu/bin/../lib/gcc/arc-elf32/7.1.1/arcem\libgcc.a(_divdi3.o) (__divsi3)
c:/arc_gnu/bin/../lib/gcc/arc-elf32/7.1.1/arcem\libgcc.a(_umodsi3.o)
                              c:/arc_gnu/bin/../lib/gcc/arc-elf32/7.1.1/arcem\libgcc.a(_divdi3.o) (__umodsi3)
c:/arc_gnu/bin/../lib/gcc/arc-elf32/7.1.1/arcem\libgcc.a(_divmod_tools.o)
                              c:/arc_gnu/bin/../lib/gcc/arc-elf32/7.1.1/arcem\libgcc.a(_udivsi3.o) (__udivmodsi4)
c:/arc_gnu/bin/../lib/gcc/arc-elf32/7.1.1/arcem\libgcc.a(_clz.o)
                              c:/arc_gnu/bin/../lib/gcc/arc-elf32/7.1.1/arcem\libgcc.a(_divdi3.o) (__clz_tab)

Allocating common symbols
Common symbol       size              file

xfunc_in            0x4               obj_emsk_22/gnu_arcem7d/middleware/common/xprintf.o
dw_uart_0           0x5c              obj_emsk_22/gnu_arcem7d/emsk/dw_uart_obj.o
dw_iic_0_ctrl       0x58              obj_emsk_22/gnu_arcem7d/emsk/dw_iic_obj.o
xfunc_out           0x4               obj_emsk_22/gnu_arcem7d/middleware/common/xprintf.o
dw_iic_1            0x68              obj_emsk_22/gnu_arcem7d/emsk/dw_iic_obj.o
exc_nest_count      0x4               obj_emsk_22/gnu_arcem7d/arc/arc_exception.o
dw_uart_1           0x5c              obj_emsk_22/gnu_arcem7d/emsk/dw_uart_obj.o
dw_iic_0            0x68              obj_emsk_22/gnu_arcem7d/emsk/dw_iic_obj.o
dw_iic_1_ctrl       0x58              obj_emsk_22/gnu_arcem7d/emsk/dw_iic_obj.o

Memory Configuration

Name             Origin             Length             Attributes
iccm             0x00000000         0x00040000
dccm             0x80000000         0x00020000
ddr              0x10000000         0x08000000
*default*        0x00000000         0xffffffff

Linker script and memory map

                0x00002000                _HEAPSIZE = 0x2000
                0x00002000                _STACKSIZE = 0x2000
LOAD c:/arc_gnu/bin/../lib/gcc/arc-elf32/7.1.1/../../../../arc-elf32/lib/arcem\libm.a

.init           0x10000000      0x198
                0x10000000                _f_init = .
 *(.init_vector)
 .init_vector   0x10000000        0x4 obj_emsk_22/gnu_arcem7d/arc/arc_startup.o
 *(.init_bootstrap)
 .init_bootstrap
                0x10000004      0x194 obj_emsk_22/gnu_arcem7d/arc/arc_startup.o
                0x10000004                _arc_reset
                0x10000004                _start
                0x10000184                _exit_loop
                0x10000184                _exit_halt
                0x10000198                _e_init = .

.text           0x10000198     0x50b0
                0x10000198                _f_text = .
 *(.text .text.* .gnu.linkonce.t.*)
 .text          0x10000198       0x68 obj_emsk_22/gnu_arcem7d/main.o
                0x10000198                my_emsk_iic_init
 .text.startup  0x10000200      0x1b4 obj_emsk_22/gnu_arcem7d/main.o
                0x10000200                main
 .text          0x100003b4       0x38 obj_emsk_22/gnu_arcem7d/board.o
                0x100003b4                board_main
 .text          0x100003ec       0x38 obj_emsk_22/gnu_arcem7d/emsk/emsk_init.o
                0x100003ec                board_init
 .text          0x10000424      0x26c obj_emsk_22/gnu_arcem7d/emsk/emsk_timer.o
                0x10000424                board_timer_update
                0x100004b0                emsk_timer_init
                0x10000510                board_get_hwticks
                0x10000548                board_get_cur_us
                0x100005a0                board_delay_ms
 .text          0x10000690       0x44 obj_emsk_22/gnu_arcem7d/emsk/mux.o
                0x10000690                mux_init
                0x100006a4                get_mux_regs
                0x100006b0                set_pmod_mux
                0x100006b4                get_pmod_mux
                0x100006b8                change_pmod_mux
                0x100006c4                set_spi_map
                0x100006c8                get_spi_map
                0x100006cc                set_uart_map
                0x100006d0                get_uart_map
 .text          0x100006d4      0x2f0 obj_emsk_22/gnu_arcem7d/emsk/dw_iic_obj.o
                0x10000954                iic_get_dev
                0x100009b8                dw_iic_all_install
 .text          0x100009c4      0x1c8 obj_emsk_22/gnu_arcem7d/emsk/emsk_gpio.o
                0x100009c4                emsk_led_init
                0x10000a28                emsk_button_init
                0x10000a78                emsk_switch_init
                0x10000ac8                emsk_gpio_init
                0x10000ad8                led_write
                0x10000af4                led_read
                0x10000b24                switch_read
                0x10000b58                button_read
 .text          0x10000b8c      0x49c obj_emsk_22/gnu_arcem7d/emsk/dw_gpio_obj.o
                0x10000cdc                dw_gpio_all_install
                0x10000fd8                gpio_get_dev
 .text          0x10001028        0x4 obj_emsk_22/gnu_arcem7d/emsk/emsk_sdcard.o
                0x10001028                emsk_sdcard_1ms_update
 .text          0x1000102c      0x128 obj_emsk_22/gnu_arcem7d/middleware/common/console_io.o
                0x1000102c                console_putchar
                0x10001058                console_getchar
                0x10001094                console_putstr
                0x100010a8                console_getstr
                0x100010bc                xprintf_setup
 .text          0x10001154      0x708 obj_emsk_22/gnu_arcem7d/middleware/common/xprintf.o
                0x10001154                xputc
                0x10001220                xputs
                0x10001240                xfputs
                0x10001274                xvprintf
                0x100015b8                xprintf
                0x100015e0                xsprintf
                0x10001620                xfprintf
                0x10001660                put_dump
                0x10001734                xgets
                0x10001748                xfgets
                0x1000177c                xatoi
 .text          0x1000185c      0x1ec obj_emsk_22/gnu_arcem7d/arc/arc_timer.o
                0x1000185c                timer_present
                0x10001888                timer_start
                0x10001900                timer_stop
                0x1000197c                timer_current
                0x100019c4                timer_int_clear
                0x10001a00                timer_init
 .text          0x10001a48      0x220 obj_emsk_22/gnu_arcem7d/arc/arc_exception.o
                0x10001ae8                exc_entry_install
                0x10001b58                exc_entry_get
                0x10001b6c                exc_handler_install
                0x10001b84                exc_handler_get
                0x10001b98                exc_int_init
                0x10001c04                int_handler_install
                0x10001c20                int_handler_get
                0x10001c38                int_pri_set
                0x10001c54                exc_no2string
 .text          0x10001c68        0x0 obj_emsk_22/gnu_arcem7d/arc/arc_startup.o
 .text          0x10001c68      0x358 obj_emsk_22/gnu_arcem7d/arc/arc_exc_asm.o
                0x10001c68                exc_entry_cpu
                0x10001ddc                exc_entry_int
                0x10001e84                exc_entry_firq
 .text          0x10001fc0        0x4 obj_emsk_22/gnu_arcem7d/library/clib/embarc_misc.o
                0x10001fc0                gnu_printf_setup
 .text          0x10001fc4     0x1300 obj_emsk_22/gnu_arcem7d/emsk/dw_iic.o
                0x100022a4                dw_iic_open
                0x10002594                dw_iic_close
                0x100026ac                dw_iic_control
                0x10002c58                dw_iic_write
                0x10002dc8                dw_iic_read
                0x10002f40                dw_iic_isr
 .text          0x100032c4      0x528 obj_emsk_22/gnu_arcem7d/emsk/dw_gpio.o
                0x10003310                dw_gpio_open
                0x10003408                dw_gpio_close
                0x100034b4                dw_gpio_read
                0x10003520                dw_gpio_write
                0x10003564                dw_gpio_control
                0x10003748                dw_gpio_isr_handler
 .text          0x100037ec      0x1b4 obj_emsk_22/gnu_arcem7d/emsk/dw_uart_obj.o
                0x10003894                dw_uart_all_install
                0x10003940                uart_get_dev
 .text          0x100039a0      0x408 obj_emsk_22/gnu_arcem7d/arc/arc_cache.o
                0x100039a0                icache_invalidate_mlines
                0x100039f0                icache_lock_mlines
                0x10003a50                icache_direct_write
                0x10003a7c                icache_direct_read
                0x10003aa8                icache_indirect_read
                0x10003adc                dcache_invalidate_mlines
                0x10003b34                dcache_flush_mlines
                0x10003b8c                dcache_lock_mlines
                0x10003bec                dcache_direct_write
                0x10003c18                dcache_direct_read
                0x10003c44                dcache_indirect_read
                0x10003c78                arc_cache_init
 .text          0x10003da8      0xa3c obj_emsk_22/gnu_arcem7d/emsk/dw_uart.o
                0x10003f68                dw_uart_open
                0x10004114                dw_uart_close
                0x1000423c                dw_uart_control
                0x100045a0                dw_uart_write
                0x10004600                dw_uart_read
                0x10004660                dw_uart_isr
 .text          0x100047e4        0x0 c:/arc_gnu/bin/../lib/gcc/arc-elf32/7.1.1/arcem\libgcc.a(_divdi3.o)
 .text.__divdi3
                0x100047e4      0x4fc c:/arc_gnu/bin/../lib/gcc/arc-elf32/7.1.1/arcem\libgcc.a(_divdi3.o)
                0x100047e4                __divdi3
 .text          0x10004ce0        0x0 c:/arc_gnu/bin/../lib/gcc/arc-elf32/7.1.1/arcem\libgcc.a(_udivdi3.o)
 .text.__udivdi3
                0x10004ce0      0x4c8 c:/arc_gnu/bin/../lib/gcc/arc-elf32/7.1.1/arcem\libgcc.a(_udivdi3.o)
                0x10004ce0                __udivdi3
 .text          0x100051a8        0x4 c:/arc_gnu/bin/../lib/gcc/arc-elf32/7.1.1/arcem\libgcc.a(_udivsi3.o)
                0x100051a8                __udivsi3
 .text          0x100051ac       0x1c c:/arc_gnu/bin/../lib/gcc/arc-elf32/7.1.1/arcem\libgcc.a(_divsi3.o)
                0x100051ac                __divsi3
 .text          0x100051c8       0x10 c:/arc_gnu/bin/../lib/gcc/arc-elf32/7.1.1/arcem\libgcc.a(_umodsi3.o)
                0x100051c8                __umodsi3
 .text          0x100051d8       0x70 c:/arc_gnu/bin/../lib/gcc/arc-elf32/7.1.1/arcem\libgcc.a(_divmod_tools.o)
                0x100051d8                __udivmodsi4
 .text          0x10005248        0x0 c:/arc_gnu/bin/../lib/gcc/arc-elf32/7.1.1/arcem\libgcc.a(_clz.o)
                0x10005248                _e_text = .

.rodata         0x10005248      0x798
                0x10005248                _f_rodata = .
 *(.rodata .rodata.* .gnu.linkonce.r.*)
 .rodata.str1.4
                0x10005248       0x3b obj_emsk_22/gnu_arcem7d/main.o
                                 0x3c (size before relaxing)
 *fill*         0x10005283        0x1 
 .rodata.str1.4
                0x10005284        0x5 obj_emsk_22/gnu_arcem7d/board.o
                                  0x8 (size before relaxing)
 *fill*         0x10005289        0x3 
 .rodata        0x1000528c       0x20 obj_emsk_22/gnu_arcem7d/emsk/dw_iic_obj.o
 .rodata        0x100052ac       0x10 obj_emsk_22/gnu_arcem7d/emsk/dw_gpio_obj.o
 .rodata.str1.4
                0x100052bc      0x320 obj_emsk_22/gnu_arcem7d/middleware/common/console_io.o
 .rodata        0x100055dc       0x5c obj_emsk_22/gnu_arcem7d/middleware/common/xprintf.o
 .rodata.str1.4
                0x10005638       0x1f obj_emsk_22/gnu_arcem7d/middleware/common/xprintf.o
                                 0x20 (size before relaxing)
 *fill*         0x10005657        0x1 
 .rodata.str1.4
                0x10005658      0x188 obj_emsk_22/gnu_arcem7d/arc/arc_exception.o
 .rodata        0x100057e0       0x40 obj_emsk_22/gnu_arcem7d/arc/arc_exception.o
 .rodata        0x10005820       0x2c obj_emsk_22/gnu_arcem7d/emsk/dw_gpio.o
 .rodata        0x1000584c       0x94 obj_emsk_22/gnu_arcem7d/emsk/dw_uart.o
                0x100058d0                dw_uart_stopbits
                0x100058d4                dw_uart_parity
                0x100058dc                dw_uart_databits
 .rodata.__clz_tab
                0x100058e0      0x100 c:/arc_gnu/bin/../lib/gcc/arc-elf32/7.1.1/arcem\libgcc.a(_clz.o)
                0x100058e0                __clz_tab
                0x100059e0                _e_rodata = .

.vector         0x10005c00      0x400
                0x10005c00                _f_vector = .
 *(.vector)
 .vector        0x10005c00      0x400 obj_emsk_22/gnu_arcem7d/arc/arc_exception.o
                0x10005c00                exc_entry_table
                0x10006000                _e_vector = .
                0x10006000                . = ALIGN (0x4)

.data           0x10006000       0xdc
                0x10006000                _f_data = .
 *(.data .data.* .gnu.linkonce.d.*)
 .data          0x10006000        0x4 obj_emsk_22/gnu_arcem7d/main.o
 .data          0x10006004        0x8 obj_emsk_22/gnu_arcem7d/board.o
                0x10006004                s_main_args
 .data          0x1000600c        0x0 obj_emsk_22/gnu_arcem7d/emsk/emsk_init.o
 .data          0x1000600c        0x0 obj_emsk_22/gnu_arcem7d/emsk/emsk_timer.o
 .data          0x1000600c        0x0 obj_emsk_22/gnu_arcem7d/emsk/mux.o
 .data          0x1000600c        0x0 obj_emsk_22/gnu_arcem7d/emsk/dw_iic_obj.o
 .data          0x1000600c        0x0 obj_emsk_22/gnu_arcem7d/emsk/emsk_gpio.o
 .data          0x1000600c        0x8 obj_emsk_22/gnu_arcem7d/emsk/dw_gpio_obj.o
 .data          0x10006014        0x0 obj_emsk_22/gnu_arcem7d/emsk/emsk_sdcard.o
 .data          0x10006014        0x0 obj_emsk_22/gnu_arcem7d/middleware/common/console_io.o
 .data          0x10006014        0x0 obj_emsk_22/gnu_arcem7d/middleware/common/xprintf.o
 .data          0x10006014        0x0 obj_emsk_22/gnu_arcem7d/arc/arc_timer.o
 .data          0x10006014       0x90 obj_emsk_22/gnu_arcem7d/arc/arc_exception.o
                0x10006014                exc_int_handler_table
 .data          0x100060a4        0x0 obj_emsk_22/gnu_arcem7d/arc/arc_startup.o
 .data          0x100060a4        0x0 obj_emsk_22/gnu_arcem7d/arc/arc_exc_asm.o
 .data          0x100060a4        0x0 obj_emsk_22/gnu_arcem7d/library/clib/embarc_misc.o
 .data          0x100060a4        0x0 obj_emsk_22/gnu_arcem7d/emsk/dw_iic.o
 .data          0x100060a4        0x0 obj_emsk_22/gnu_arcem7d/emsk/dw_gpio.o
 .data          0x100060a4       0x38 obj_emsk_22/gnu_arcem7d/emsk/dw_uart_obj.o
                0x100060a4                dw_uart_1_ctrl
                0x100060c0                dw_uart_0_ctrl
 .data          0x100060dc        0x0 obj_emsk_22/gnu_arcem7d/arc/arc_cache.o
 .data          0x100060dc        0x0 obj_emsk_22/gnu_arcem7d/emsk/dw_uart.o
 .data          0x100060dc        0x0 c:/arc_gnu/bin/../lib/gcc/arc-elf32/7.1.1/arcem\libgcc.a(_divdi3.o)
 .data          0x100060dc        0x0 c:/arc_gnu/bin/../lib/gcc/arc-elf32/7.1.1/arcem\libgcc.a(_udivdi3.o)
 .data          0x100060dc        0x0 c:/arc_gnu/bin/../lib/gcc/arc-elf32/7.1.1/arcem\libgcc.a(_udivsi3.o)
 .data          0x100060dc        0x0 c:/arc_gnu/bin/../lib/gcc/arc-elf32/7.1.1/arcem\libgcc.a(_divsi3.o)
 .data          0x100060dc        0x0 c:/arc_gnu/bin/../lib/gcc/arc-elf32/7.1.1/arcem\libgcc.a(_umodsi3.o)
 .data          0x100060dc        0x0 c:/arc_gnu/bin/../lib/gcc/arc-elf32/7.1.1/arcem\libgcc.a(_divmod_tools.o)
 .data          0x100060dc        0x0 c:/arc_gnu/bin/../lib/gcc/arc-elf32/7.1.1/arcem\libgcc.a(_clz.o)
                0x100060dc                . = ALIGN (0x4)

.sdata          0x100060dc        0x0
                0x100060dc                _f_sdata = .
                0x100060dc                __SDATA_BEGIN__ = .
 *(.sdata .sdata.* .gnu.linkonce.s.*)
                0x100060dc                _e_sdata = .
                0x100060dc                _e_data = .

.sbss           0x100060e0        0x0
                [!provide]                PROVIDE (__sbss_start, .)
                [!provide]                PROVIDE (___sbss_start, .)
                0x100060e0                _f_bss = .
                0x100060e0                _f_sbss = .
 *(.dynsbss)
 *(.sbss .sbss.* .gnu.linkonce.sb.*)
 *(.scommon)
                0x100060e0                _e_sbss = .
                [!provide]                PROVIDE (__sbss_end, .)
                [!provide]                PROVIDE (___sbss_end, .)

.bss            0x100060e0      0x428
 *(.dynbss)
 *(.bss .bss.* .gnu.linkonce.b.*)
 .bss           0x100060e0       0x18 obj_emsk_22/gnu_arcem7d/main.o
 .bss           0x100060f8        0x0 obj_emsk_22/gnu_arcem7d/board.o
 .bss           0x100060f8        0x0 obj_emsk_22/gnu_arcem7d/emsk/emsk_init.o
 .bss           0x100060f8       0x14 obj_emsk_22/gnu_arcem7d/emsk/emsk_timer.o
                0x10006100                gl_emsk_ms_cnt
                0x10006104                gl_emsk_sys_hz_cnt
 .bss           0x1000610c        0x4 obj_emsk_22/gnu_arcem7d/emsk/mux.o
 .bss           0x10006110        0x4 obj_emsk_22/gnu_arcem7d/emsk/dw_iic_obj.o
 .bss           0x10006114        0xc obj_emsk_22/gnu_arcem7d/emsk/emsk_gpio.o
 .bss           0x10006120      0x184 obj_emsk_22/gnu_arcem7d/emsk/dw_gpio_obj.o
 .bss           0x100062a4        0x0 obj_emsk_22/gnu_arcem7d/emsk/emsk_sdcard.o
 .bss           0x100062a4        0x8 obj_emsk_22/gnu_arcem7d/middleware/common/console_io.o
 .bss           0x100062ac        0x4 obj_emsk_22/gnu_arcem7d/middleware/common/xprintf.o
 .bss           0x100062b0        0x0 obj_emsk_22/gnu_arcem7d/arc/arc_timer.o
 .bss           0x100062b0        0x0 obj_emsk_22/gnu_arcem7d/arc/arc_exception.o
 .bss           0x100062b0        0x0 obj_emsk_22/gnu_arcem7d/arc/arc_startup.o
 .bss           0x100062b0        0x0 obj_emsk_22/gnu_arcem7d/arc/arc_exc_asm.o
 .bss           0x100062b0        0x0 obj_emsk_22/gnu_arcem7d/library/clib/embarc_misc.o
 .bss           0x100062b0        0x0 obj_emsk_22/gnu_arcem7d/emsk/dw_iic.o
 .bss           0x100062b0        0x0 obj_emsk_22/gnu_arcem7d/emsk/dw_gpio.o
 .bss           0x100062b0        0x4 obj_emsk_22/gnu_arcem7d/emsk/dw_uart_obj.o
 .bss           0x100062b4       0x10 obj_emsk_22/gnu_arcem7d/arc/arc_cache.o
 .bss           0x100062c4        0x0 obj_emsk_22/gnu_arcem7d/emsk/dw_uart.o
 .bss           0x100062c4        0x0 c:/arc_gnu/bin/../lib/gcc/arc-elf32/7.1.1/arcem\libgcc.a(_divdi3.o)
 .bss           0x100062c4        0x0 c:/arc_gnu/bin/../lib/gcc/arc-elf32/7.1.1/arcem\libgcc.a(_udivdi3.o)
 .bss           0x100062c4        0x0 c:/arc_gnu/bin/../lib/gcc/arc-elf32/7.1.1/arcem\libgcc.a(_udivsi3.o)
 .bss           0x100062c4        0x0 c:/arc_gnu/bin/../lib/gcc/arc-elf32/7.1.1/arcem\libgcc.a(_divsi3.o)
 .bss           0x100062c4        0x0 c:/arc_gnu/bin/../lib/gcc/arc-elf32/7.1.1/arcem\libgcc.a(_umodsi3.o)
 .bss           0x100062c4        0x0 c:/arc_gnu/bin/../lib/gcc/arc-elf32/7.1.1/arcem\libgcc.a(_divmod_tools.o)
 .bss           0x100062c4        0x0 c:/arc_gnu/bin/../lib/gcc/arc-elf32/7.1.1/arcem\libgcc.a(_clz.o)
 *(COMMON)
 COMMON         0x100062c4      0x180 obj_emsk_22/gnu_arcem7d/emsk/dw_iic_obj.o
                0x100062c4                dw_iic_0_ctrl
                0x1000631c                dw_iic_1
                0x10006384                dw_iic_0
                0x100063ec                dw_iic_1_ctrl
 COMMON         0x10006444        0x8 obj_emsk_22/gnu_arcem7d/middleware/common/xprintf.o
                0x10006444                xfunc_in
                0x10006448                xfunc_out
 COMMON         0x1000644c        0x4 obj_emsk_22/gnu_arcem7d/arc/arc_exception.o
                0x1000644c                exc_nest_count
 COMMON         0x10006450       0xb8 obj_emsk_22/gnu_arcem7d/emsk/dw_uart_obj.o
                0x10006450                dw_uart_0
                0x100064ac                dw_uart_1
                0x10006508                _e_bss = .

.stack          0x10006508     0x2000
                0x10006508                . = ALIGN (0x4)
                0x10006508                _f_stack = .
                0x10007508                . = (. + DEFINED (_STACKSIZE)?_STACKSIZE:0x1000)
 *fill*         0x10006508     0x2000 
                0x10008508                _e_stack = .

.heap           0x10008508     0x2000
                0x10008508                . = ALIGN (0x4)
                0x10008508                __start_heap = .
                0x10008508                _f_heap = .
                0x10009508                . = (. + DEFINED (_HEAPSIZE)?_HEAPSIZE:0x1000)
 *fill*         0x10008508     0x2000 
                0x1000a508                _e_heap = .
                0x1000a508                __end_heap = .
                0x10000198                _load_addr_text = LOADADDR (.text)
                0x10005248                _load_addr_rodata = LOADADDR (.rodata)
                0x10006000                _load_addr_data = LOADADDR (.data)
LOAD obj_emsk_22/gnu_arcem7d/main.o
LOAD obj_emsk_22/gnu_arcem7d/board.o
START GROUP
LOAD obj_emsk_22/gnu_arcem7d/libembarc.a
LOAD c:/arc_gnu/bin/../lib/gcc/arc-elf32/7.1.1/../../../../arc-elf32/lib/arcem\libm.a
LOAD c:/arc_gnu/bin/../lib/gcc/arc-elf32/7.1.1/../../../../arc-elf32/lib/arcem\libc.a
LOAD c:/arc_gnu/bin/../lib/gcc/arc-elf32/7.1.1/arcem\libgcc.a
END GROUP
START GROUP
LOAD c:/arc_gnu/bin/../lib/gcc/arc-elf32/7.1.1/arcem\libgcc.a
LOAD c:/arc_gnu/bin/../lib/gcc/arc-elf32/7.1.1/../../../../arc-elf32/lib/arcem\libc.a
LOAD c:/arc_gnu/bin/../lib/gcc/arc-elf32/7.1.1/../../../../arc-elf32/lib/arcem\libnosys.a
END GROUP
OUTPUT(obj_emsk_22/gnu_arcem7d/pressure_sensor_gnu_arcem7d.elf elf32-littlearc)

.debug_info     0x00000000     0xf483
 .debug_info    0x00000000      0xfee obj_emsk_22/gnu_arcem7d/main.o
 .debug_info    0x00000fee      0xcb3 obj_emsk_22/gnu_arcem7d/board.o
 .debug_info    0x00001ca1      0x3d6 obj_emsk_22/gnu_arcem7d/emsk/emsk_init.o
 .debug_info    0x00002077      0x648 obj_emsk_22/gnu_arcem7d/emsk/emsk_timer.o
 .debug_info    0x000026bf      0x227 obj_emsk_22/gnu_arcem7d/emsk/mux.o
 .debug_info    0x000028e6      0xee8 obj_emsk_22/gnu_arcem7d/emsk/dw_iic_obj.o
 .debug_info    0x000037ce      0x75e obj_emsk_22/gnu_arcem7d/emsk/emsk_gpio.o
 .debug_info    0x00003f2c     0x102f obj_emsk_22/gnu_arcem7d/emsk/dw_gpio_obj.o
 .debug_info    0x00004f5b       0x7d obj_emsk_22/gnu_arcem7d/emsk/emsk_sdcard.o
 .debug_info    0x00004fd8      0xf66 obj_emsk_22/gnu_arcem7d/middleware/common/console_io.o
 .debug_info    0x00005f3e      0x796 obj_emsk_22/gnu_arcem7d/middleware/common/xprintf.o
 .debug_info    0x000066d4      0x367 obj_emsk_22/gnu_arcem7d/arc/arc_timer.o
 .debug_info    0x00006a3b      0x811 obj_emsk_22/gnu_arcem7d/arc/arc_exception.o
 .debug_info    0x0000724c       0x26 obj_emsk_22/gnu_arcem7d/arc/arc_startup.o
 .debug_info    0x00007272       0x26 obj_emsk_22/gnu_arcem7d/arc/arc_exc_asm.o
 .debug_info    0x00007298      0x947 obj_emsk_22/gnu_arcem7d/library/clib/embarc_misc.o
 .debug_info    0x00007bdf     0x323f obj_emsk_22/gnu_arcem7d/emsk/dw_iic.o
 .debug_info    0x0000ae1e     0x129b obj_emsk_22/gnu_arcem7d/emsk/dw_gpio.o
 .debug_info    0x0000c0b9      0xaa5 obj_emsk_22/gnu_arcem7d/emsk/dw_uart_obj.o
 .debug_info    0x0000cb5e      0x947 obj_emsk_22/gnu_arcem7d/arc/arc_cache.o
 .debug_info    0x0000d4a5     0x1fde obj_emsk_22/gnu_arcem7d/emsk/dw_uart.o

.debug_abbrev   0x00000000     0x32d0
 .debug_abbrev  0x00000000      0x2e4 obj_emsk_22/gnu_arcem7d/main.o
 .debug_abbrev  0x000002e4      0x305 obj_emsk_22/gnu_arcem7d/board.o
 .debug_abbrev  0x000005e9      0x1e2 obj_emsk_22/gnu_arcem7d/emsk/emsk_init.o
 .debug_abbrev  0x000007cb      0x331 obj_emsk_22/gnu_arcem7d/emsk/emsk_timer.o
 .debug_abbrev  0x00000afc       0xeb obj_emsk_22/gnu_arcem7d/emsk/mux.o
 .debug_abbrev  0x00000be7      0x2a9 obj_emsk_22/gnu_arcem7d/emsk/dw_iic_obj.o
 .debug_abbrev  0x00000e90      0x271 obj_emsk_22/gnu_arcem7d/emsk/emsk_gpio.o
 .debug_abbrev  0x00001101      0x2ff obj_emsk_22/gnu_arcem7d/emsk/dw_gpio_obj.o
 .debug_abbrev  0x00001400       0x42 obj_emsk_22/gnu_arcem7d/emsk/emsk_sdcard.o
 .debug_abbrev  0x00001442      0x320 obj_emsk_22/gnu_arcem7d/middleware/common/console_io.o
 .debug_abbrev  0x00001762      0x2a0 obj_emsk_22/gnu_arcem7d/middleware/common/xprintf.o
 .debug_abbrev  0x00001a02      0x186 obj_emsk_22/gnu_arcem7d/arc/arc_timer.o
 .debug_abbrev  0x00001b88      0x346 obj_emsk_22/gnu_arcem7d/arc/arc_exception.o
 .debug_abbrev  0x00001ece       0x14 obj_emsk_22/gnu_arcem7d/arc/arc_startup.o
 .debug_abbrev  0x00001ee2       0x14 obj_emsk_22/gnu_arcem7d/arc/arc_exc_asm.o
 .debug_abbrev  0x00001ef6      0x1a7 obj_emsk_22/gnu_arcem7d/library/clib/embarc_misc.o
 .debug_abbrev  0x0000209d      0x448 obj_emsk_22/gnu_arcem7d/emsk/dw_iic.o
 .debug_abbrev  0x000024e5      0x38b obj_emsk_22/gnu_arcem7d/emsk/dw_gpio.o
 .debug_abbrev  0x00002870      0x28d obj_emsk_22/gnu_arcem7d/emsk/dw_uart_obj.o
 .debug_abbrev  0x00002afd      0x316 obj_emsk_22/gnu_arcem7d/arc/arc_cache.o
 .debug_abbrev  0x00002e13      0x4bd obj_emsk_22/gnu_arcem7d/emsk/dw_uart.o

.debug_loc      0x00000000     0x85d2
 .debug_loc     0x00000000      0x12f obj_emsk_22/gnu_arcem7d/main.o
 .debug_loc     0x0000012f       0x3a obj_emsk_22/gnu_arcem7d/board.o
 .debug_loc     0x00000169       0x13 obj_emsk_22/gnu_arcem7d/emsk/emsk_init.o
 .debug_loc     0x0000017c      0x14c obj_emsk_22/gnu_arcem7d/emsk/emsk_timer.o
 .debug_loc     0x000002c8       0x84 obj_emsk_22/gnu_arcem7d/emsk/mux.o
 .debug_loc     0x0000034c      0x480 obj_emsk_22/gnu_arcem7d/emsk/dw_iic_obj.o
 .debug_loc     0x000007cc      0x182 obj_emsk_22/gnu_arcem7d/emsk/emsk_gpio.o
 .debug_loc     0x0000094e      0x5d9 obj_emsk_22/gnu_arcem7d/emsk/dw_gpio_obj.o
 .debug_loc     0x00000f27       0xc5 obj_emsk_22/gnu_arcem7d/middleware/common/console_io.o
 .debug_loc     0x00000fec      0xd33 obj_emsk_22/gnu_arcem7d/middleware/common/xprintf.o
 .debug_loc     0x00001d1f      0x336 obj_emsk_22/gnu_arcem7d/arc/arc_timer.o
 .debug_loc     0x00002055      0x2e2 obj_emsk_22/gnu_arcem7d/arc/arc_exception.o
 .debug_loc     0x00002337     0x3063 obj_emsk_22/gnu_arcem7d/emsk/dw_iic.o
 .debug_loc     0x0000539a     0x131b obj_emsk_22/gnu_arcem7d/emsk/dw_gpio.o
 .debug_loc     0x000066b5      0x3b4 obj_emsk_22/gnu_arcem7d/emsk/dw_uart_obj.o
 .debug_loc     0x00006a69      0x4bc obj_emsk_22/gnu_arcem7d/arc/arc_cache.o
 .debug_loc     0x00006f25     0x16ad obj_emsk_22/gnu_arcem7d/emsk/dw_uart.o

.debug_aranges  0x00000000      0x2a8
 .debug_aranges
                0x00000000       0x28 obj_emsk_22/gnu_arcem7d/main.o
 .debug_aranges
                0x00000028       0x20 obj_emsk_22/gnu_arcem7d/board.o
 .debug_aranges
                0x00000048       0x20 obj_emsk_22/gnu_arcem7d/emsk/emsk_init.o
 .debug_aranges
                0x00000068       0x20 obj_emsk_22/gnu_arcem7d/emsk/emsk_timer.o
 .debug_aranges
                0x00000088       0x20 obj_emsk_22/gnu_arcem7d/emsk/mux.o
 .debug_aranges
                0x000000a8       0x20 obj_emsk_22/gnu_arcem7d/emsk/dw_iic_obj.o
 .debug_aranges
                0x000000c8       0x20 obj_emsk_22/gnu_arcem7d/emsk/emsk_gpio.o
 .debug_aranges
                0x000000e8       0x20 obj_emsk_22/gnu_arcem7d/emsk/dw_gpio_obj.o
 .debug_aranges
                0x00000108       0x20 obj_emsk_22/gnu_arcem7d/emsk/emsk_sdcard.o
 .debug_aranges
                0x00000128       0x20 obj_emsk_22/gnu_arcem7d/middleware/common/console_io.o
 .debug_aranges
                0x00000148       0x20 obj_emsk_22/gnu_arcem7d/middleware/common/xprintf.o
 .debug_aranges
                0x00000168       0x20 obj_emsk_22/gnu_arcem7d/arc/arc_timer.o
 .debug_aranges
                0x00000188       0x20 obj_emsk_22/gnu_arcem7d/arc/arc_exception.o
 .debug_aranges
                0x000001a8       0x20 obj_emsk_22/gnu_arcem7d/arc/arc_startup.o
 .debug_aranges
                0x000001c8       0x20 obj_emsk_22/gnu_arcem7d/arc/arc_exc_asm.o
 .debug_aranges
                0x000001e8       0x20 obj_emsk_22/gnu_arcem7d/library/clib/embarc_misc.o
 .debug_aranges
                0x00000208       0x20 obj_emsk_22/gnu_arcem7d/emsk/dw_iic.o
 .debug_aranges
                0x00000228       0x20 obj_emsk_22/gnu_arcem7d/emsk/dw_gpio.o
 .debug_aranges
                0x00000248       0x20 obj_emsk_22/gnu_arcem7d/emsk/dw_uart_obj.o
 .debug_aranges
                0x00000268       0x20 obj_emsk_22/gnu_arcem7d/arc/arc_cache.o
 .debug_aranges
                0x00000288       0x20 obj_emsk_22/gnu_arcem7d/emsk/dw_uart.o

.debug_ranges   0x00000000      0x848
 .debug_ranges  0x00000000       0x18 obj_emsk_22/gnu_arcem7d/main.o
 .debug_ranges  0x00000018       0x38 obj_emsk_22/gnu_arcem7d/emsk/emsk_timer.o
 .debug_ranges  0x00000050       0x20 obj_emsk_22/gnu_arcem7d/emsk/emsk_gpio.o
 .debug_ranges  0x00000070       0x70 obj_emsk_22/gnu_arcem7d/emsk/dw_gpio_obj.o
 .debug_ranges  0x000000e0       0x18 obj_emsk_22/gnu_arcem7d/middleware/common/console_io.o
 .debug_ranges  0x000000f8       0x18 obj_emsk_22/gnu_arcem7d/middleware/common/xprintf.o
 .debug_ranges  0x00000110       0x18 obj_emsk_22/gnu_arcem7d/arc/arc_timer.o
 .debug_ranges  0x00000128      0x390 obj_emsk_22/gnu_arcem7d/emsk/dw_iic.o
 .debug_ranges  0x000004b8      0x138 obj_emsk_22/gnu_arcem7d/emsk/dw_gpio.o
 .debug_ranges  0x000005f0       0xc0 obj_emsk_22/gnu_arcem7d/arc/arc_cache.o
 .debug_ranges  0x000006b0      0x198 obj_emsk_22/gnu_arcem7d/emsk/dw_uart.o

.debug_line     0x00000000     0x3179
 .debug_line    0x00000000      0x265 obj_emsk_22/gnu_arcem7d/main.o
 .debug_line    0x00000265      0x246 obj_emsk_22/gnu_arcem7d/board.o
 .debug_line    0x000004ab      0x1d5 obj_emsk_22/gnu_arcem7d/emsk/emsk_init.o
 .debug_line    0x00000680      0x200 obj_emsk_22/gnu_arcem7d/emsk/emsk_timer.o
 .debug_line    0x00000880       0xe3 obj_emsk_22/gnu_arcem7d/emsk/mux.o
 .debug_line    0x00000963      0x251 obj_emsk_22/gnu_arcem7d/emsk/dw_iic_obj.o
 .debug_line    0x00000bb4      0x1ac obj_emsk_22/gnu_arcem7d/emsk/emsk_gpio.o
 .debug_line    0x00000d60      0x285 obj_emsk_22/gnu_arcem7d/emsk/dw_gpio_obj.o
 .debug_line    0x00000fe5       0x5f obj_emsk_22/gnu_arcem7d/emsk/emsk_sdcard.o
 .debug_line    0x00001044      0x242 obj_emsk_22/gnu_arcem7d/middleware/common/console_io.o
 .debug_line    0x00001286      0x277 obj_emsk_22/gnu_arcem7d/middleware/common/xprintf.o
 .debug_line    0x000014fd      0x16b obj_emsk_22/gnu_arcem7d/arc/arc_timer.o
 .debug_line    0x00001668      0x221 obj_emsk_22/gnu_arcem7d/arc/arc_exception.o
 .debug_line    0x00001889       0xa9 obj_emsk_22/gnu_arcem7d/arc/arc_startup.o
 .debug_line    0x00001932       0x88 obj_emsk_22/gnu_arcem7d/arc/arc_exc_asm.o
 .debug_line    0x000019ba      0x164 obj_emsk_22/gnu_arcem7d/library/clib/embarc_misc.o
 .debug_line    0x00001b1e      0x843 obj_emsk_22/gnu_arcem7d/emsk/dw_iic.o
 .debug_line    0x00002361      0x357 obj_emsk_22/gnu_arcem7d/emsk/dw_gpio.o
 .debug_line    0x000026b8      0x21e obj_emsk_22/gnu_arcem7d/emsk/dw_uart_obj.o
 .debug_line    0x000028d6      0x34a obj_emsk_22/gnu_arcem7d/arc/arc_cache.o
 .debug_line    0x00002c20      0x559 obj_emsk_22/gnu_arcem7d/emsk/dw_uart.o

.debug_str      0x00000000     0x2c1b
 .debug_str     0x00000000      0x920 obj_emsk_22/gnu_arcem7d/main.o
                                0xa51 (size before relaxing)
 .debug_str     0x00000920       0x8b obj_emsk_22/gnu_arcem7d/board.o
                                0x8a9 (size before relaxing)
 .debug_str     0x000009ab       0x73 obj_emsk_22/gnu_arcem7d/emsk/emsk_init.o
                                0x498 (size before relaxing)
 .debug_str     0x00000a1e      0x161 obj_emsk_22/gnu_arcem7d/emsk/emsk_timer.o
                                0x584 (size before relaxing)
 .debug_str     0x00000b7f       0x8c obj_emsk_22/gnu_arcem7d/emsk/mux.o
                                0x270 (size before relaxing)
 .debug_str     0x00000c0b      0x634 obj_emsk_22/gnu_arcem7d/emsk/dw_iic_obj.o
                                0xb9a (size before relaxing)
 .debug_str     0x0000123f      0x106 obj_emsk_22/gnu_arcem7d/emsk/emsk_gpio.o
                                0x57e (size before relaxing)
 .debug_str     0x00001345      0x3e7 obj_emsk_22/gnu_arcem7d/emsk/dw_gpio_obj.o
                                0x91e (size before relaxing)
 .debug_str     0x0000172c       0x2e obj_emsk_22/gnu_arcem7d/emsk/emsk_sdcard.o
                                0x1e1 (size before relaxing)
 .debug_str     0x0000175a      0x114 obj_emsk_22/gnu_arcem7d/middleware/common/console_io.o
                                0x9fb (size before relaxing)
 .debug_str     0x0000186e       0xa7 obj_emsk_22/gnu_arcem7d/middleware/common/xprintf.o
                                0x23a (size before relaxing)
 .debug_str     0x00001915       0x21 obj_emsk_22/gnu_arcem7d/arc/arc_timer.o
                                0x23f (size before relaxing)
 .debug_str     0x00001936      0x20d obj_emsk_22/gnu_arcem7d/arc/arc_exception.o
                                0x487 (size before relaxing)
 .debug_str     0x00001b43       0x1d obj_emsk_22/gnu_arcem7d/arc/arc_startup.o
                                 0x61 (size before relaxing)
 .debug_str     0x00001b60        0xe obj_emsk_22/gnu_arcem7d/arc/arc_exc_asm.o
                                 0x61 (size before relaxing)
 .debug_str     0x00001b6e       0x21 obj_emsk_22/gnu_arcem7d/library/clib/embarc_misc.o
                                0x62d (size before relaxing)
 .debug_str     0x00001b8f      0x643 obj_emsk_22/gnu_arcem7d/emsk/dw_iic.o
                               0x133c (size before relaxing)
 .debug_str     0x000021d2      0x330 obj_emsk_22/gnu_arcem7d/emsk/dw_gpio.o
                                0x8d6 (size before relaxing)
 .debug_str     0x00002502      0x243 obj_emsk_22/gnu_arcem7d/emsk/dw_uart_obj.o
                                0x7b5 (size before relaxing)
 .debug_str     0x00002745      0x1d9 obj_emsk_22/gnu_arcem7d/arc/arc_cache.o
                                0x476 (size before relaxing)
 .debug_str     0x0000291e      0x2fd obj_emsk_22/gnu_arcem7d/emsk/dw_uart.o
                                0xce9 (size before relaxing)

.comment        0x00000000       0x42
 .comment       0x00000000       0x42 obj_emsk_22/gnu_arcem7d/main.o
                                 0x43 (size before relaxing)
 .comment       0x00000042       0x43 obj_emsk_22/gnu_arcem7d/board.o
 .comment       0x00000042       0x43 obj_emsk_22/gnu_arcem7d/emsk/emsk_init.o
 .comment       0x00000042       0x43 obj_emsk_22/gnu_arcem7d/emsk/emsk_timer.o
 .comment       0x00000042       0x43 obj_emsk_22/gnu_arcem7d/emsk/mux.o
 .comment       0x00000042       0x43 obj_emsk_22/gnu_arcem7d/emsk/dw_iic_obj.o
 .comment       0x00000042       0x43 obj_emsk_22/gnu_arcem7d/emsk/emsk_gpio.o
 .comment       0x00000042       0x43 obj_emsk_22/gnu_arcem7d/emsk/dw_gpio_obj.o
 .comment       0x00000042       0x43 obj_emsk_22/gnu_arcem7d/emsk/emsk_sdcard.o
 .comment       0x00000042       0x43 obj_emsk_22/gnu_arcem7d/middleware/common/console_io.o
 .comment       0x00000042       0x43 obj_emsk_22/gnu_arcem7d/middleware/common/xprintf.o
 .comment       0x00000042       0x43 obj_emsk_22/gnu_arcem7d/arc/arc_timer.o
 .comment       0x00000042       0x43 obj_emsk_22/gnu_arcem7d/arc/arc_exception.o
 .comment       0x00000042       0x43 obj_emsk_22/gnu_arcem7d/library/clib/embarc_misc.o
 .comment       0x00000042       0x43 obj_emsk_22/gnu_arcem7d/emsk/dw_iic.o
 .comment       0x00000042       0x43 obj_emsk_22/gnu_arcem7d/emsk/dw_gpio.o
 .comment       0x00000042       0x43 obj_emsk_22/gnu_arcem7d/emsk/dw_uart_obj.o
 .comment       0x00000042       0x43 obj_emsk_22/gnu_arcem7d/arc/arc_cache.o
 .comment       0x00000042       0x43 obj_emsk_22/gnu_arcem7d/emsk/dw_uart.o

.note.GNU-stack
                0x00000000        0x0
 .note.GNU-stack
                0x00000000        0x0 obj_emsk_22/gnu_arcem7d/main.o
 .note.GNU-stack
                0x00000000        0x0 obj_emsk_22/gnu_arcem7d/board.o
 .note.GNU-stack
                0x00000000        0x0 obj_emsk_22/gnu_arcem7d/emsk/emsk_init.o
 .note.GNU-stack
                0x00000000        0x0 obj_emsk_22/gnu_arcem7d/emsk/emsk_timer.o
 .note.GNU-stack
                0x00000000        0x0 obj_emsk_22/gnu_arcem7d/emsk/mux.o
 .note.GNU-stack
                0x00000000        0x0 obj_emsk_22/gnu_arcem7d/emsk/dw_iic_obj.o
 .note.GNU-stack
                0x00000000        0x0 obj_emsk_22/gnu_arcem7d/emsk/emsk_gpio.o
 .note.GNU-stack
                0x00000000        0x0 obj_emsk_22/gnu_arcem7d/emsk/dw_gpio_obj.o
 .note.GNU-stack
                0x00000000        0x0 obj_emsk_22/gnu_arcem7d/emsk/emsk_sdcard.o
 .note.GNU-stack
                0x00000000        0x0 obj_emsk_22/gnu_arcem7d/middleware/common/console_io.o
 .note.GNU-stack
                0x00000000        0x0 obj_emsk_22/gnu_arcem7d/middleware/common/xprintf.o
 .note.GNU-stack
                0x00000000        0x0 obj_emsk_22/gnu_arcem7d/arc/arc_timer.o
 .note.GNU-stack
                0x00000000        0x0 obj_emsk_22/gnu_arcem7d/arc/arc_exception.o
 .note.GNU-stack
                0x00000000        0x0 obj_emsk_22/gnu_arcem7d/library/clib/embarc_misc.o
 .note.GNU-stack
                0x00000000        0x0 obj_emsk_22/gnu_arcem7d/emsk/dw_iic.o
 .note.GNU-stack
                0x00000000        0x0 obj_emsk_22/gnu_arcem7d/emsk/dw_gpio.o
 .note.GNU-stack
                0x00000000        0x0 obj_emsk_22/gnu_arcem7d/emsk/dw_uart_obj.o
 .note.GNU-stack
                0x00000000        0x0 obj_emsk_22/gnu_arcem7d/arc/arc_cache.o
 .note.GNU-stack
                0x00000000        0x0 obj_emsk_22/gnu_arcem7d/emsk/dw_uart.o
 .note.GNU-stack
                0x00000000        0x0 c:/arc_gnu/bin/../lib/gcc/arc-elf32/7.1.1/arcem\libgcc.a(_divdi3.o)
 .note.GNU-stack
                0x00000000        0x0 c:/arc_gnu/bin/../lib/gcc/arc-elf32/7.1.1/arcem\libgcc.a(_udivdi3.o)
 .note.GNU-stack
                0x00000000        0x0 c:/arc_gnu/bin/../lib/gcc/arc-elf32/7.1.1/arcem\libgcc.a(_clz.o)

.ARC.attributes
                0x00000000       0x32
 .ARC.attributes
                0x00000000       0x26 obj_emsk_22/gnu_arcem7d/main.o
 .ARC.attributes
                0x00000026       0x23 obj_emsk_22/gnu_arcem7d/board.o
 .ARC.attributes
                0x00000049       0x23 obj_emsk_22/gnu_arcem7d/emsk/emsk_init.o
 .ARC.attributes
                0x0000006c       0x28 obj_emsk_22/gnu_arcem7d/emsk/emsk_timer.o
 .ARC.attributes
                0x00000094       0x23 obj_emsk_22/gnu_arcem7d/emsk/mux.o
 .ARC.attributes
                0x000000b7       0x23 obj_emsk_22/gnu_arcem7d/emsk/dw_iic_obj.o
 .ARC.attributes
                0x000000da       0x23 obj_emsk_22/gnu_arcem7d/emsk/emsk_gpio.o
 .ARC.attributes
                0x000000fd       0x26 obj_emsk_22/gnu_arcem7d/emsk/dw_gpio_obj.o
 .ARC.attributes
                0x00000123       0x23 obj_emsk_22/gnu_arcem7d/emsk/emsk_sdcard.o
 .ARC.attributes
                0x00000146       0x23 obj_emsk_22/gnu_arcem7d/middleware/common/console_io.o
 .ARC.attributes
                0x00000169       0x2d obj_emsk_22/gnu_arcem7d/middleware/common/xprintf.o
 .ARC.attributes
                0x00000196       0x26 obj_emsk_22/gnu_arcem7d/arc/arc_timer.o
 .ARC.attributes
                0x000001bc       0x26 obj_emsk_22/gnu_arcem7d/arc/arc_exception.o
 .ARC.attributes
                0x000001e2       0x1f obj_emsk_22/gnu_arcem7d/arc/arc_startup.o
 .ARC.attributes
                0x00000201       0x22 obj_emsk_22/gnu_arcem7d/arc/arc_exc_asm.o
 .ARC.attributes
                0x00000223       0x23 obj_emsk_22/gnu_arcem7d/library/clib/embarc_misc.o
 .ARC.attributes
                0x00000246       0x26 obj_emsk_22/gnu_arcem7d/emsk/dw_iic.o
 .ARC.attributes
                0x0000026c       0x28 obj_emsk_22/gnu_arcem7d/emsk/dw_gpio.o
 .ARC.attributes
                0x00000294       0x23 obj_emsk_22/gnu_arcem7d/emsk/dw_uart_obj.o
 .ARC.attributes
                0x000002b7       0x26 obj_emsk_22/gnu_arcem7d/arc/arc_cache.o
 .ARC.attributes
                0x000002dd       0x2e obj_emsk_22/gnu_arcem7d/emsk/dw_uart.o
 .ARC.attributes
                0x0000030b       0x2a c:/arc_gnu/bin/../lib/gcc/arc-elf32/7.1.1/arcem\libgcc.a(_divdi3.o)
 .ARC.attributes
                0x00000335       0x2a c:/arc_gnu/bin/../lib/gcc/arc-elf32/7.1.1/arcem\libgcc.a(_udivdi3.o)
 .ARC.attributes
                0x0000035f       0x1f c:/arc_gnu/bin/../lib/gcc/arc-elf32/7.1.1/arcem\libgcc.a(_udivsi3.o)
 .ARC.attributes
                0x0000037e       0x1f c:/arc_gnu/bin/../lib/gcc/arc-elf32/7.1.1/arcem\libgcc.a(_divsi3.o)
 .ARC.attributes
                0x0000039d       0x1f c:/arc_gnu/bin/../lib/gcc/arc-elf32/7.1.1/arcem\libgcc.a(_umodsi3.o)
 .ARC.attributes
                0x000003bc       0x22 c:/arc_gnu/bin/../lib/gcc/arc-elf32/7.1.1/arcem\libgcc.a(_divmod_tools.o)
 .ARC.attributes
                0x000003de       0x25 c:/arc_gnu/bin/../lib/gcc/arc-elf32/7.1.1/arcem\libgcc.a(_clz.o)

.debug_frame    0x00000000     0x1340
 .debug_frame   0x00000000       0x7c obj_emsk_22/gnu_arcem7d/main.o
 .debug_frame   0x0000007c       0x28 obj_emsk_22/gnu_arcem7d/board.o
 .debug_frame   0x000000a4       0x34 obj_emsk_22/gnu_arcem7d/emsk/emsk_init.o
 .debug_frame   0x000000d8       0xf8 obj_emsk_22/gnu_arcem7d/emsk/emsk_timer.o
 .debug_frame   0x000001d0       0xa0 obj_emsk_22/gnu_arcem7d/emsk/mux.o
 .debug_frame   0x00000270      0x138 obj_emsk_22/gnu_arcem7d/emsk/dw_iic_obj.o
 .debug_frame   0x000003a8      0x130 obj_emsk_22/gnu_arcem7d/emsk/emsk_gpio.o
 .debug_frame   0x000004d8      0x1c4 obj_emsk_22/gnu_arcem7d/emsk/dw_gpio_obj.o
 .debug_frame   0x0000069c       0x20 obj_emsk_22/gnu_arcem7d/emsk/emsk_sdcard.o
 .debug_frame   0x000006bc       0xa8 obj_emsk_22/gnu_arcem7d/middleware/common/console_io.o
 .debug_frame   0x00000764      0x204 obj_emsk_22/gnu_arcem7d/middleware/common/xprintf.o
 .debug_frame   0x00000968       0x7c obj_emsk_22/gnu_arcem7d/arc/arc_timer.o
 .debug_frame   0x000009e4      0x100 obj_emsk_22/gnu_arcem7d/arc/arc_exception.o
 .debug_frame   0x00000ae4       0x20 obj_emsk_22/gnu_arcem7d/library/clib/embarc_misc.o
 .debug_frame   0x00000b04      0x2bc obj_emsk_22/gnu_arcem7d/emsk/dw_iic.o
 .debug_frame   0x00000dc0       0xf8 obj_emsk_22/gnu_arcem7d/emsk/dw_gpio.o
 .debug_frame   0x00000eb8      0x10c obj_emsk_22/gnu_arcem7d/emsk/dw_uart_obj.o
 .debug_frame   0x00000fc4       0xd0 obj_emsk_22/gnu_arcem7d/arc/arc_cache.o
 .debug_frame   0x00001094      0x1f0 obj_emsk_22/gnu_arcem7d/emsk/dw_uart.o
 .debug_frame   0x00001284       0x60 c:/arc_gnu/bin/../lib/gcc/arc-elf32/7.1.1/arcem\libgcc.a(_divdi3.o)
 .debug_frame   0x000012e4       0x5c c:/arc_gnu/bin/../lib/gcc/arc-elf32/7.1.1/arcem\libgcc.a(_udivdi3.o)
